 DemoGazeFollowWaveIdle_sfun

 Timestamp is 560af046 (Tue Sep 29 13:10:46 2015)

 Preferred load address is 10000000

 Start         Length     Name                   Class
 0001:00000000 0010ce24H .text                   CODE
 0002:00000000 000002c4H .idata$5                DATA
 0002:000002c4 00000004H .CRT$XCA                DATA
 0002:000002c8 00000004H .CRT$XCZ                DATA
 0002:000002cc 00000004H .CRT$XIA                DATA
 0002:000002d0 00000004H .CRT$XIAA               DATA
 0002:000002d4 00000004H .CRT$XIC                DATA
 0002:000002d8 00000004H .CRT$XIZ                DATA
 0002:000002e0 00000ab8H .rdata                  DATA
 0002:00000d98 00000004H .rtc$IAA                DATA
 0002:00000d9c 00000004H .rtc$IZZ                DATA
 0002:00000da0 00000004H .rtc$TAA                DATA
 0002:00000da4 00000004H .rtc$TZZ                DATA
 0002:00000da8 00000064H .xdata$x                DATA
 0002:00000e0c 0000008cH .idata$2                DATA
 0002:00000e98 00000014H .idata$3                DATA
 0002:00000eac 000002c4H .idata$4                DATA
 0002:00001170 00001020H .idata$6                DATA
 0002:00002190 00000061H .edata                  DATA
 0003:00000000 00050840H .data                   DATA
 0003:00050840 000005f0H .bss                    DATA

  Address         Publics by Value              Rva+Base       Lib:Object

 0000:00000000       __except_list              00000000     <absolute>
 0000:00000000       ___safe_se_handler_table   00000000     <absolute>
 0000:00000000       ___safe_se_handler_count   00000000     <absolute>
 0000:00009876       __fltused                  00009876     <absolute>
 0000:00009876       __ldused                   00009876     <absolute>
 0000:00000000       ___ImageBase               10000000     <linker-defined>
 0001:00000000       _DemoGazeFollowWaveIdle_initializer 10001000 f   DemoGazeFollowWaveIdle_sfun.obj
 0001:00000010       _DemoGazeFollowWaveIdle_terminator 10001010 f   DemoGazeFollowWaveIdle_sfun.obj
 0001:00000020       _sf_DemoGazeFollowWaveIdle_method_dispatcher 10001020 f   DemoGazeFollowWaveIdle_sfun.obj
 0001:00000190       _sf_DemoGazeFollowWaveIdle_process_check_sum_call 10001190 f   DemoGazeFollowWaveIdle_sfun.obj
 0001:00000620       _sf_DemoGazeFollowWaveIdle_autoinheritance_info 10001620 f   DemoGazeFollowWaveIdle_sfun.obj
 0001:000009b0       _sf_DemoGazeFollowWaveIdle_get_eml_resolved_functions_info 100019b0 f   DemoGazeFollowWaveIdle_sfun.obj
 0001:00000c90       _sf_DemoGazeFollowWaveIdle_third_party_uses_info 10001c90 f   DemoGazeFollowWaveIdle_sfun.obj
 0001:00000f80       _sf_DemoGazeFollowWaveIdle_updateBuildInfo_args_info 10001f80 f   DemoGazeFollowWaveIdle_sfun.obj
 0001:00001270       _DemoGazeFollowWaveIdle_debug_initialize 10002270 f   DemoGazeFollowWaveIdle_sfun.obj
 0001:000012d0       _DemoGazeFollowWaveIdle_register_exported_symbols 100022d0 f   DemoGazeFollowWaveIdle_sfun.obj
 0001:000012e0       _load_DemoGazeFollowWaveIdle_optimization_info 100022e0 f   DemoGazeFollowWaveIdle_sfun.obj
 0001:00001320       _unload_DemoGazeFollowWaveIdle_optimization_info 10002320 f   DemoGazeFollowWaveIdle_sfun.obj
 0001:00001350       _sf_c1_DemoGazeFollowWaveIdle_get_eml_resolved_functions_info 10002350 f   c1_DemoGazeFollowWaveIdle.obj
 0001:00001dd0       _sf_c1_DemoGazeFollowWaveIdle_get_check_sum 10002dd0 f   c1_DemoGazeFollowWaveIdle.obj
 0001:00001e30       _sf_c1_DemoGazeFollowWaveIdle_get_autoinheritance_info 10002e30 f   c1_DemoGazeFollowWaveIdle.obj
 0001:000074e0       _sf_c1_DemoGazeFollowWaveIdle_third_party_uses_info 100084e0 f   c1_DemoGazeFollowWaveIdle.obj
 0001:00007500       _sf_c1_DemoGazeFollowWaveIdle_updateBuildInfo_args_info 10008500 f   c1_DemoGazeFollowWaveIdle.obj
 0001:00007520       _sf_internal_get_sim_state_c1_DemoGazeFollowWaveIdle 10008520 f   c1_DemoGazeFollowWaveIdle.obj
 0001:0000bbc0       _sf_internal_set_sim_state_c1_DemoGazeFollowWaveIdle 1000cbc0 f   c1_DemoGazeFollowWaveIdle.obj
 0001:0000fe00       _c1_DemoGazeFollowWaveIdle_method_dispatcher 10010e00 f   c1_DemoGazeFollowWaveIdle.obj
 0001:00022d12       _sf_c2_DemoGazeFollowWaveIdle_get_eml_resolved_functions_info 10023d12 f   c2_DemoGazeFollowWaveIdle.obj
 0001:000231e4       _sf_c2_DemoGazeFollowWaveIdle_get_check_sum 100241e4 f   c2_DemoGazeFollowWaveIdle.obj
 0001:0002325b       _sf_c2_DemoGazeFollowWaveIdle_get_autoinheritance_info 1002425b f   c2_DemoGazeFollowWaveIdle.obj
 0001:000239fc       _sf_c2_DemoGazeFollowWaveIdle_third_party_uses_info 100249fc f   c2_DemoGazeFollowWaveIdle.obj
 0001:00023a16       _sf_c2_DemoGazeFollowWaveIdle_updateBuildInfo_args_info 10024a16 f   c2_DemoGazeFollowWaveIdle.obj
 0001:000242bf       _sf_internal_get_sim_state_c2_DemoGazeFollowWaveIdle 100252bf f   c2_DemoGazeFollowWaveIdle.obj
 0001:000243a6       _sf_internal_set_sim_state_c2_DemoGazeFollowWaveIdle 100253a6 f   c2_DemoGazeFollowWaveIdle.obj
 0001:00024bad       _c2_DemoGazeFollowWaveIdle_method_dispatcher 10025bad f   c2_DemoGazeFollowWaveIdle.obj
 0001:00024c10       _sf_c4_DemoGazeFollowWaveIdle_get_eml_resolved_functions_info 10025c10 f   c4_DemoGazeFollowWaveIdle.obj
 0001:000298a0       _sf_exported_auto_activate_c4_DemoGazeFollowWaveIdle_secs 1002a8a0 f   c4_DemoGazeFollowWaveIdle.obj
 0001:00029930       _sf_exported_auto_incrementTemporalCounter_c4_DemoGazeFollowWaveIdle_secs 1002a930 f   c4_DemoGazeFollowWaveIdle.obj
 0001:00029990       _sf_exported_auto_resetTemporalCounter_c4_DemoGazeFollowWaveIdle_secs 1002a990 f   c4_DemoGazeFollowWaveIdle.obj
 0001:000299d0       _sf_exported_auto_deactivate_c4_DemoGazeFollowWaveIdle_secs 1002a9d0 f   c4_DemoGazeFollowWaveIdle.obj
 0001:00029a60       _sf_exported_auto_isStablec4_DemoGazeFollowWaveIdle 1002aa60 f   c4_DemoGazeFollowWaveIdle.obj
 0001:00029a90       _sf_exported_auto_duringc4_DemoGazeFollowWaveIdle 1002aa90 f   c4_DemoGazeFollowWaveIdle.obj
 0001:0002d3b0       _sf_exported_auto_enterc4_DemoGazeFollowWaveIdle 1002e3b0 f   c4_DemoGazeFollowWaveIdle.obj
 0001:0002e540       _sf_exported_auto_exitc4_DemoGazeFollowWaveIdle 1002f540 f   c4_DemoGazeFollowWaveIdle.obj
 0001:0002e950       _sf_exported_auto_gatewayc4_DemoGazeFollowWaveIdle 1002f950 f   c4_DemoGazeFollowWaveIdle.obj
 0001:0002e980       _sf_exported_auto_enablec4_DemoGazeFollowWaveIdle 1002f980 f   c4_DemoGazeFollowWaveIdle.obj
 0001:0002e9b0       _sf_exported_auto_disablec4_DemoGazeFollowWaveIdle 1002f9b0 f   c4_DemoGazeFollowWaveIdle.obj
 0001:0002e9e0       _sf_exported_auto_stepBuffersc4_DemoGazeFollowWaveIdle 1002f9e0 f   c4_DemoGazeFollowWaveIdle.obj
 0001:0002ea00       _sf_exported_auto_initBuffersc4_DemoGazeFollowWaveIdle 1002fa00 f   c4_DemoGazeFollowWaveIdle.obj
 0001:0002ea20       _sf_exported_auto_activate_callc4_DemoGazeFollowWaveIdle 1002fa20 f   c4_DemoGazeFollowWaveIdle.obj
 0001:0002ea50       _sf_exported_auto_increment_call_counterc4_DemoGazeFollowWaveIdle 1002fa50 f   c4_DemoGazeFollowWaveIdle.obj
 0001:0002ea70       _sf_exported_auto_reset_call_counterc4_DemoGazeFollowWaveIdle 1002fa70 f   c4_DemoGazeFollowWaveIdle.obj
 0001:0002ea90       _sf_exported_auto_deactivate_callc4_DemoGazeFollowWaveIdle 1002fa90 f   c4_DemoGazeFollowWaveIdle.obj
 0001:0002eab0       _sf_exported_auto_initc4_DemoGazeFollowWaveIdle 1002fab0 f   c4_DemoGazeFollowWaveIdle.obj
 0001:0002eba0       _sf_exported_auto_getSimstatec4_DemoGazeFollowWaveIdle 1002fba0 f   c4_DemoGazeFollowWaveIdle.obj
 0001:0002ebf0       _sf_exported_auto_setSimstatec4_DemoGazeFollowWaveIdle 1002fbf0 f   c4_DemoGazeFollowWaveIdle.obj
 0001:0002ec30       _sf_exported_auto_check_state_inconsistency_c4_DemoGazeFollowWaveIdle 1002fc30 f   c4_DemoGazeFollowWaveIdle.obj
 0001:0003c850       _sf_exported_user_c4_DemoGazeFollowWaveIdle_idlePoseBradTable 1003d850 f   c4_DemoGazeFollowWaveIdle.obj
 0001:0003c8a0       _sf_exported_user_c4_DemoGazeFollowWaveIdle_insertQueueLow 1003d8a0 f   c4_DemoGazeFollowWaveIdle.obj
 0001:0003c960       _sf_exported_user_c4_DemoGazeFollowWaveIdle_walkInvadingTable 1003d960 f   c4_DemoGazeFollowWaveIdle.obj
 0001:000414c0       _sf_c4_DemoGazeFollowWaveIdle_get_check_sum 100424c0 f   c4_DemoGazeFollowWaveIdle.obj
 0001:00041520       _sf_c4_DemoGazeFollowWaveIdle_get_autoinheritance_info 10042520 f   c4_DemoGazeFollowWaveIdle.obj
 0001:00041cc0       _sf_c4_DemoGazeFollowWaveIdle_third_party_uses_info 10042cc0 f   c4_DemoGazeFollowWaveIdle.obj
 0001:00041ce0       _sf_c4_DemoGazeFollowWaveIdle_updateBuildInfo_args_info 10042ce0 f   c4_DemoGazeFollowWaveIdle.obj
 0001:00041d00       _sf_internal_get_sim_state_c4_DemoGazeFollowWaveIdle 10042d00 f   c4_DemoGazeFollowWaveIdle.obj
 0001:00042620       _sf_internal_set_sim_state_c4_DemoGazeFollowWaveIdle 10043620 f   c4_DemoGazeFollowWaveIdle.obj
 0001:000435d0       _c4_DemoGazeFollowWaveIdle_method_dispatcher 100445d0 f   c4_DemoGazeFollowWaveIdle.obj
 0001:00048440       _sf_c5_DemoGazeFollowWaveIdle_get_eml_resolved_functions_info 10049440 f   c5_DemoGazeFollowWaveIdle.obj
 0001:0004d2d0       _sf_exported_auto_activate_c5_DemoGazeFollowWaveIdle_secs 1004e2d0 f   c5_DemoGazeFollowWaveIdle.obj
 0001:0004d360       _sf_exported_auto_incrementTemporalCounter_c5_DemoGazeFollowWaveIdle_secs 1004e360 f   c5_DemoGazeFollowWaveIdle.obj
 0001:0004d400       _sf_exported_auto_resetTemporalCounter_c5_DemoGazeFollowWaveIdle_secs 1004e400 f   c5_DemoGazeFollowWaveIdle.obj
 0001:0004d440       _sf_exported_auto_deactivate_c5_DemoGazeFollowWaveIdle_secs 1004e440 f   c5_DemoGazeFollowWaveIdle.obj
 0001:0004d4d0       _sf_exported_auto_isStablec5_DemoGazeFollowWaveIdle 1004e4d0 f   c5_DemoGazeFollowWaveIdle.obj
 0001:0004d500       _sf_exported_auto_duringc5_DemoGazeFollowWaveIdle 1004e500 f   c5_DemoGazeFollowWaveIdle.obj
 0001:00058860       _sf_exported_auto_enterc5_DemoGazeFollowWaveIdle 10059860 f   c5_DemoGazeFollowWaveIdle.obj
 0001:000598d0       _sf_exported_auto_exitc5_DemoGazeFollowWaveIdle 1005a8d0 f   c5_DemoGazeFollowWaveIdle.obj
 0001:0005ac40       _sf_exported_auto_gatewayc5_DemoGazeFollowWaveIdle 1005bc40 f   c5_DemoGazeFollowWaveIdle.obj
 0001:0005ac70       _sf_exported_auto_enablec5_DemoGazeFollowWaveIdle 1005bc70 f   c5_DemoGazeFollowWaveIdle.obj
 0001:0005acb0       _sf_exported_auto_disablec5_DemoGazeFollowWaveIdle 1005bcb0 f   c5_DemoGazeFollowWaveIdle.obj
 0001:0005acf0       _sf_exported_auto_stepBuffersc5_DemoGazeFollowWaveIdle 1005bcf0 f   c5_DemoGazeFollowWaveIdle.obj
 0001:0005ad10       _sf_exported_auto_initBuffersc5_DemoGazeFollowWaveIdle 1005bd10 f   c5_DemoGazeFollowWaveIdle.obj
 0001:0005ad30       _sf_exported_auto_activate_callc5_DemoGazeFollowWaveIdle 1005bd30 f   c5_DemoGazeFollowWaveIdle.obj
 0001:0005ad60       _sf_exported_auto_increment_call_counterc5_DemoGazeFollowWaveIdle 1005bd60 f   c5_DemoGazeFollowWaveIdle.obj
 0001:0005ad80       _sf_exported_auto_reset_call_counterc5_DemoGazeFollowWaveIdle 1005bd80 f   c5_DemoGazeFollowWaveIdle.obj
 0001:0005ada0       _sf_exported_auto_deactivate_callc5_DemoGazeFollowWaveIdle 1005bda0 f   c5_DemoGazeFollowWaveIdle.obj
 0001:0005adc0       _sf_exported_auto_initc5_DemoGazeFollowWaveIdle 1005bdc0 f   c5_DemoGazeFollowWaveIdle.obj
 0001:0005b040       _sf_exported_auto_getSimstatec5_DemoGazeFollowWaveIdle 1005c040 f   c5_DemoGazeFollowWaveIdle.obj
 0001:0005b090       _sf_exported_auto_setSimstatec5_DemoGazeFollowWaveIdle 1005c090 f   c5_DemoGazeFollowWaveIdle.obj
 0001:0005b0d0       _sf_exported_auto_check_state_inconsistency_c5_DemoGazeFollowWaveIdle 1005c0d0 f   c5_DemoGazeFollowWaveIdle.obj
 0001:0006e750       _sf_exported_user_c5_DemoGazeFollowWaveIdle_handPoseSBTable 1006f750 f   c5_DemoGazeFollowWaveIdle.obj
 0001:00071030       _sf_exported_user_c5_DemoGazeFollowWaveIdle_idlePoseBradTable 10072030 f   c5_DemoGazeFollowWaveIdle.obj
 0001:00071080       _sf_exported_user_c5_DemoGazeFollowWaveIdle_initialPoseTable 10072080 f   c5_DemoGazeFollowWaveIdle.obj
 0001:000710d0       _sf_exported_user_c5_DemoGazeFollowWaveIdle_insertQueue 100720d0 f   c5_DemoGazeFollowWaveIdle.obj
 0001:000711b0       _sf_exported_user_c5_DemoGazeFollowWaveIdle_insertQueueLow 100721b0 f   c5_DemoGazeFollowWaveIdle.obj
 0001:00071280       _sf_exported_user_c5_DemoGazeFollowWaveIdle_paperPoseBradTable 10072280 f   c5_DemoGazeFollowWaveIdle.obj
 0001:000712d0       _sf_exported_user_c5_DemoGazeFollowWaveIdle_rockPoseTable 100722d0 f   c5_DemoGazeFollowWaveIdle.obj
 0001:00071320       _sf_exported_user_c5_DemoGazeFollowWaveIdle_scissorsPoseBradTable 10072320 f   c5_DemoGazeFollowWaveIdle.obj
 0001:00071370       _sf_exported_user_c5_DemoGazeFollowWaveIdle_sendSBM 10072370 f   c5_DemoGazeFollowWaveIdle.obj
 0001:00074860       _sf_c5_DemoGazeFollowWaveIdle_get_check_sum 10075860 f   c5_DemoGazeFollowWaveIdle.obj
 0001:000748c0       _sf_c5_DemoGazeFollowWaveIdle_get_autoinheritance_info 100758c0 f   c5_DemoGazeFollowWaveIdle.obj
 0001:000755b0       _sf_c5_DemoGazeFollowWaveIdle_third_party_uses_info 100765b0 f   c5_DemoGazeFollowWaveIdle.obj
 0001:000755d0       _sf_c5_DemoGazeFollowWaveIdle_updateBuildInfo_args_info 100765d0 f   c5_DemoGazeFollowWaveIdle.obj
 0001:000755f0       _sf_internal_get_sim_state_c5_DemoGazeFollowWaveIdle 100765f0 f   c5_DemoGazeFollowWaveIdle.obj
 0001:000764d0       _sf_internal_set_sim_state_c5_DemoGazeFollowWaveIdle 100774d0 f   c5_DemoGazeFollowWaveIdle.obj
 0001:00078720       _c5_DemoGazeFollowWaveIdle_method_dispatcher 10079720 f   c5_DemoGazeFollowWaveIdle.obj
 0001:00082e40       _sf_c8_DemoGazeFollowWaveIdle_get_eml_resolved_functions_info 10083e40 f   c8_DemoGazeFollowWaveIdle.obj
 0001:000838c0       _sf_exported_auto_activate_c8_DemoGazeFollowWaveIdle_secs 100848c0 f   c8_DemoGazeFollowWaveIdle.obj
 0001:00083950       _sf_exported_auto_incrementTemporalCounter_c8_DemoGazeFollowWaveIdle_secs 10084950 f   c8_DemoGazeFollowWaveIdle.obj
 0001:000839b0       _sf_exported_auto_resetTemporalCounter_c8_DemoGazeFollowWaveIdle_secs 100849b0 f   c8_DemoGazeFollowWaveIdle.obj
 0001:000839f0       _sf_exported_auto_deactivate_c8_DemoGazeFollowWaveIdle_secs 100849f0 f   c8_DemoGazeFollowWaveIdle.obj
 0001:00083a80       _sf_exported_auto_isStablec8_DemoGazeFollowWaveIdle 10084a80 f   c8_DemoGazeFollowWaveIdle.obj
 0001:00083ab0       _sf_exported_auto_duringc8_DemoGazeFollowWaveIdle 10084ab0 f   c8_DemoGazeFollowWaveIdle.obj
 0001:0008a700       _sf_exported_auto_enterc8_DemoGazeFollowWaveIdle 1008b700 f   c8_DemoGazeFollowWaveIdle.obj
 0001:0008bdc0       _sf_exported_auto_exitc8_DemoGazeFollowWaveIdle 1008cdc0 f   c8_DemoGazeFollowWaveIdle.obj
 0001:0008c610       _sf_exported_auto_gatewayc8_DemoGazeFollowWaveIdle 1008d610 f   c8_DemoGazeFollowWaveIdle.obj
 0001:0008c640       _sf_exported_auto_enablec8_DemoGazeFollowWaveIdle 1008d640 f   c8_DemoGazeFollowWaveIdle.obj
 0001:0008c670       _sf_exported_auto_disablec8_DemoGazeFollowWaveIdle 1008d670 f   c8_DemoGazeFollowWaveIdle.obj
 0001:0008c6a0       _sf_exported_auto_stepBuffersc8_DemoGazeFollowWaveIdle 1008d6a0 f   c8_DemoGazeFollowWaveIdle.obj
 0001:0008c6c0       _sf_exported_auto_initBuffersc8_DemoGazeFollowWaveIdle 1008d6c0 f   c8_DemoGazeFollowWaveIdle.obj
 0001:0008c6e0       _sf_exported_auto_activate_callc8_DemoGazeFollowWaveIdle 1008d6e0 f   c8_DemoGazeFollowWaveIdle.obj
 0001:0008c710       _sf_exported_auto_increment_call_counterc8_DemoGazeFollowWaveIdle 1008d710 f   c8_DemoGazeFollowWaveIdle.obj
 0001:0008c730       _sf_exported_auto_reset_call_counterc8_DemoGazeFollowWaveIdle 1008d730 f   c8_DemoGazeFollowWaveIdle.obj
 0001:0008c750       _sf_exported_auto_deactivate_callc8_DemoGazeFollowWaveIdle 1008d750 f   c8_DemoGazeFollowWaveIdle.obj
 0001:0008c770       _sf_exported_auto_initc8_DemoGazeFollowWaveIdle 1008d770 f   c8_DemoGazeFollowWaveIdle.obj
 0001:0008c890       _sf_exported_auto_getSimstatec8_DemoGazeFollowWaveIdle 1008d890 f   c8_DemoGazeFollowWaveIdle.obj
 0001:0008c8e0       _sf_exported_auto_setSimstatec8_DemoGazeFollowWaveIdle 1008d8e0 f   c8_DemoGazeFollowWaveIdle.obj
 0001:0008c920       _sf_exported_auto_check_state_inconsistency_c8_DemoGazeFollowWaveIdle 1008d920 f   c8_DemoGazeFollowWaveIdle.obj
 0001:000937e0       _sf_exported_user_c8_DemoGazeFollowWaveIdle_insertQueue 100947e0 f   c8_DemoGazeFollowWaveIdle.obj
 0001:000938b0       _sf_exported_user_c8_DemoGazeFollowWaveIdle_insertQueueLow 100948b0 f   c8_DemoGazeFollowWaveIdle.obj
 0001:000946b0       _sf_exported_user_c8_DemoGazeFollowWaveIdle_walkInvadingTable 100956b0 f   c8_DemoGazeFollowWaveIdle.obj
 0001:00094b30       _sf_c8_DemoGazeFollowWaveIdle_get_check_sum 10095b30 f   c8_DemoGazeFollowWaveIdle.obj
 0001:00094b90       _sf_c8_DemoGazeFollowWaveIdle_get_autoinheritance_info 10095b90 f   c8_DemoGazeFollowWaveIdle.obj
 0001:00095e40       _sf_c8_DemoGazeFollowWaveIdle_third_party_uses_info 10096e40 f   c8_DemoGazeFollowWaveIdle.obj
 0001:00095e60       _sf_c8_DemoGazeFollowWaveIdle_updateBuildInfo_args_info 10096e60 f   c8_DemoGazeFollowWaveIdle.obj
 0001:00095e80       _sf_internal_get_sim_state_c8_DemoGazeFollowWaveIdle 10096e80 f   c8_DemoGazeFollowWaveIdle.obj
 0001:00096830       _sf_internal_set_sim_state_c8_DemoGazeFollowWaveIdle 10097830 f   c8_DemoGazeFollowWaveIdle.obj
 0001:00097ab0       _c8_DemoGazeFollowWaveIdle_method_dispatcher 10098ab0 f   c8_DemoGazeFollowWaveIdle.obj
 0001:0009caa0       _sf_c9_DemoGazeFollowWaveIdle_get_eml_resolved_functions_info 1009daa0 f   c9_DemoGazeFollowWaveIdle.obj
 0001:000a3cb0       _sf_exported_auto_activate_c9_DemoGazeFollowWaveIdle_secs 100a4cb0 f   c9_DemoGazeFollowWaveIdle.obj
 0001:000a3d40       _sf_exported_auto_incrementTemporalCounter_c9_DemoGazeFollowWaveIdle_secs 100a4d40 f   c9_DemoGazeFollowWaveIdle.obj
 0001:000a3de0       _sf_exported_auto_resetTemporalCounter_c9_DemoGazeFollowWaveIdle_secs 100a4de0 f   c9_DemoGazeFollowWaveIdle.obj
 0001:000a3e20       _sf_exported_auto_deactivate_c9_DemoGazeFollowWaveIdle_secs 100a4e20 f   c9_DemoGazeFollowWaveIdle.obj
 0001:000a3eb0       _sf_exported_auto_isStablec9_DemoGazeFollowWaveIdle 100a4eb0 f   c9_DemoGazeFollowWaveIdle.obj
 0001:000a3ee0       _sf_exported_auto_duringc9_DemoGazeFollowWaveIdle 100a4ee0 f   c9_DemoGazeFollowWaveIdle.obj
 0001:000ae700       _sf_exported_auto_enterc9_DemoGazeFollowWaveIdle 100af700 f   c9_DemoGazeFollowWaveIdle.obj
 0001:000afd90       _sf_exported_auto_exitc9_DemoGazeFollowWaveIdle 100b0d90 f   c9_DemoGazeFollowWaveIdle.obj
 0001:000b0ac0       _sf_exported_auto_gatewayc9_DemoGazeFollowWaveIdle 100b1ac0 f   c9_DemoGazeFollowWaveIdle.obj
 0001:000b0af0       _sf_exported_auto_enablec9_DemoGazeFollowWaveIdle 100b1af0 f   c9_DemoGazeFollowWaveIdle.obj
 0001:000b0b20       _sf_exported_auto_disablec9_DemoGazeFollowWaveIdle 100b1b20 f   c9_DemoGazeFollowWaveIdle.obj
 0001:000b0b50       _sf_exported_auto_stepBuffersc9_DemoGazeFollowWaveIdle 100b1b50 f   c9_DemoGazeFollowWaveIdle.obj
 0001:000b0b70       _sf_exported_auto_initBuffersc9_DemoGazeFollowWaveIdle 100b1b70 f   c9_DemoGazeFollowWaveIdle.obj
 0001:000b0b90       _sf_exported_auto_activate_callc9_DemoGazeFollowWaveIdle 100b1b90 f   c9_DemoGazeFollowWaveIdle.obj
 0001:000b0bc0       _sf_exported_auto_increment_call_counterc9_DemoGazeFollowWaveIdle 100b1bc0 f   c9_DemoGazeFollowWaveIdle.obj
 0001:000b0be0       _sf_exported_auto_reset_call_counterc9_DemoGazeFollowWaveIdle 100b1be0 f   c9_DemoGazeFollowWaveIdle.obj
 0001:000b0c00       _sf_exported_auto_deactivate_callc9_DemoGazeFollowWaveIdle 100b1c00 f   c9_DemoGazeFollowWaveIdle.obj
 0001:000b0c20       _sf_exported_auto_initc9_DemoGazeFollowWaveIdle 100b1c20 f   c9_DemoGazeFollowWaveIdle.obj
 0001:000b0e20       _sf_exported_auto_getSimstatec9_DemoGazeFollowWaveIdle 100b1e20 f   c9_DemoGazeFollowWaveIdle.obj
 0001:000b0e70       _sf_exported_auto_setSimstatec9_DemoGazeFollowWaveIdle 100b1e70 f   c9_DemoGazeFollowWaveIdle.obj
 0001:000b0eb0       _sf_exported_auto_check_state_inconsistency_c9_DemoGazeFollowWaveIdle 100b1eb0 f   c9_DemoGazeFollowWaveIdle.obj
 0001:000c78f0       _sf_exported_user_c9_DemoGazeFollowWaveIdle_gazeFollowUserMove 100c88f0 f   c9_DemoGazeFollowWaveIdle.obj
 0001:000c9a90       _sf_exported_user_c9_DemoGazeFollowWaveIdle_idleGazeFunction 100caa90 f   c9_DemoGazeFollowWaveIdle.obj
 0001:000c9ad0       _sf_exported_user_c9_DemoGazeFollowWaveIdle_idleGazeInterestedTable 100caad0 f   c9_DemoGazeFollowWaveIdle.obj
 0001:000cec70       _sf_exported_user_c9_DemoGazeFollowWaveIdle_idleGazeTable 100cfc70 f   c9_DemoGazeFollowWaveIdle.obj
 0001:000cecc0       _sf_exported_user_c9_DemoGazeFollowWaveIdle_insertQueueLow 100cfcc0 f   c9_DemoGazeFollowWaveIdle.obj
 0001:000ceda0       _sf_exported_user_c9_DemoGazeFollowWaveIdle_successTable 100cfda0 f   c9_DemoGazeFollowWaveIdle.obj
 0001:000d0560       _sf_c9_DemoGazeFollowWaveIdle_get_check_sum 100d1560 f   c9_DemoGazeFollowWaveIdle.obj
 0001:000d05c0       _sf_c9_DemoGazeFollowWaveIdle_get_autoinheritance_info 100d15c0 f   c9_DemoGazeFollowWaveIdle.obj
 0001:000d1b20       _sf_c9_DemoGazeFollowWaveIdle_third_party_uses_info 100d2b20 f   c9_DemoGazeFollowWaveIdle.obj
 0001:000d1b40       _sf_c9_DemoGazeFollowWaveIdle_updateBuildInfo_args_info 100d2b40 f   c9_DemoGazeFollowWaveIdle.obj
 0001:000d1b60       _sf_internal_get_sim_state_c9_DemoGazeFollowWaveIdle 100d2b60 f   c9_DemoGazeFollowWaveIdle.obj
 0001:000d2e70       _sf_internal_set_sim_state_c9_DemoGazeFollowWaveIdle 100d3e70 f   c9_DemoGazeFollowWaveIdle.obj
 0001:000d4ec0       _c9_DemoGazeFollowWaveIdle_method_dispatcher 100d5ec0 f   c9_DemoGazeFollowWaveIdle.obj
 0001:000dff51       _sf_c10_DemoGazeFollowWaveIdle_get_eml_resolved_functions_info 100e0f51 f   c10_DemoGazeFollowWaveIdle.obj
 0001:000e0060       _sf_exported_auto_activate_c10_DemoGazeFollowWaveIdle_secs 100e1060 f   c10_DemoGazeFollowWaveIdle.obj
 0001:000e0085       _sf_exported_auto_incrementTemporalCounter_c10_DemoGazeFollowWaveIdle_secs 100e1085 f   c10_DemoGazeFollowWaveIdle.obj
 0001:000e00aa       _sf_exported_auto_resetTemporalCounter_c10_DemoGazeFollowWaveIdle_secs 100e10aa f   c10_DemoGazeFollowWaveIdle.obj
 0001:000e00cf       _sf_exported_auto_deactivate_c10_DemoGazeFollowWaveIdle_secs 100e10cf f   c10_DemoGazeFollowWaveIdle.obj
 0001:000e00f4       _sf_exported_auto_isStablec10_DemoGazeFollowWaveIdle 100e10f4 f   c10_DemoGazeFollowWaveIdle.obj
 0001:000e0118       _sf_exported_auto_duringc10_DemoGazeFollowWaveIdle 100e1118 f   c10_DemoGazeFollowWaveIdle.obj
 0001:000e013d       _sf_exported_auto_enterc10_DemoGazeFollowWaveIdle 100e113d f   c10_DemoGazeFollowWaveIdle.obj
 0001:000e018d       _sf_exported_auto_exitc10_DemoGazeFollowWaveIdle 100e118d f   c10_DemoGazeFollowWaveIdle.obj
 0001:000e01d2       _sf_exported_auto_gatewayc10_DemoGazeFollowWaveIdle 100e11d2 f   c10_DemoGazeFollowWaveIdle.obj
 0001:000e020c       _sf_exported_auto_enablec10_DemoGazeFollowWaveIdle 100e120c f   c10_DemoGazeFollowWaveIdle.obj
 0001:000e0246       _sf_exported_auto_disablec10_DemoGazeFollowWaveIdle 100e1246 f   c10_DemoGazeFollowWaveIdle.obj
 0001:000e0280       _sf_exported_auto_stepBuffersc10_DemoGazeFollowWaveIdle 100e1280 f   c10_DemoGazeFollowWaveIdle.obj
 0001:000e029a       _sf_exported_auto_initBuffersc10_DemoGazeFollowWaveIdle 100e129a f   c10_DemoGazeFollowWaveIdle.obj
 0001:000e02b4       _sf_exported_auto_activate_callc10_DemoGazeFollowWaveIdle 100e12b4 f   c10_DemoGazeFollowWaveIdle.obj
 0001:000e02db       _sf_exported_auto_increment_call_counterc10_DemoGazeFollowWaveIdle 100e12db f   c10_DemoGazeFollowWaveIdle.obj
 0001:000e02f5       _sf_exported_auto_reset_call_counterc10_DemoGazeFollowWaveIdle 100e12f5 f   c10_DemoGazeFollowWaveIdle.obj
 0001:000e030f       _sf_exported_auto_deactivate_callc10_DemoGazeFollowWaveIdle 100e130f f   c10_DemoGazeFollowWaveIdle.obj
 0001:000e0329       _sf_exported_auto_initc10_DemoGazeFollowWaveIdle 100e1329 f   c10_DemoGazeFollowWaveIdle.obj
 0001:000e034e       _sf_exported_auto_getSimstatec10_DemoGazeFollowWaveIdle 100e134e f   c10_DemoGazeFollowWaveIdle.obj
 0001:000e0394       _sf_exported_auto_setSimstatec10_DemoGazeFollowWaveIdle 100e1394 f   c10_DemoGazeFollowWaveIdle.obj
 0001:000e03d3       _sf_exported_auto_check_state_inconsistency_c10_DemoGazeFollowWaveIdle 100e13d3 f   c10_DemoGazeFollowWaveIdle.obj
 0001:000e0c39       _sf_c10_DemoGazeFollowWaveIdle_get_check_sum 100e1c39 f   c10_DemoGazeFollowWaveIdle.obj
 0001:000e0cb0       _sf_c10_DemoGazeFollowWaveIdle_get_autoinheritance_info 100e1cb0 f   c10_DemoGazeFollowWaveIdle.obj
 0001:000e0fa5       _sf_c10_DemoGazeFollowWaveIdle_third_party_uses_info 100e1fa5 f   c10_DemoGazeFollowWaveIdle.obj
 0001:000e0fbf       _sf_c10_DemoGazeFollowWaveIdle_updateBuildInfo_args_info 100e1fbf f   c10_DemoGazeFollowWaveIdle.obj
 0001:000e1afe       _sf_internal_get_sim_state_c10_DemoGazeFollowWaveIdle 100e2afe f   c10_DemoGazeFollowWaveIdle.obj
 0001:000e1be5       _sf_internal_set_sim_state_c10_DemoGazeFollowWaveIdle 100e2be5 f   c10_DemoGazeFollowWaveIdle.obj
 0001:000e2320       _c10_DemoGazeFollowWaveIdle_method_dispatcher 100e3320 f   c10_DemoGazeFollowWaveIdle.obj
 0001:000e2380       _sf_c11_DemoGazeFollowWaveIdle_get_eml_resolved_functions_info 100e3380 f   c11_DemoGazeFollowWaveIdle.obj
 0001:000e2e00       _sf_exported_auto_activate_c11_DemoGazeFollowWaveIdle_secs 100e3e00 f   c11_DemoGazeFollowWaveIdle.obj
 0001:000e2e90       _sf_exported_auto_incrementTemporalCounter_c11_DemoGazeFollowWaveIdle_secs 100e3e90 f   c11_DemoGazeFollowWaveIdle.obj
 0001:000e2ef0       _sf_exported_auto_resetTemporalCounter_c11_DemoGazeFollowWaveIdle_secs 100e3ef0 f   c11_DemoGazeFollowWaveIdle.obj
 0001:000e2f30       _sf_exported_auto_deactivate_c11_DemoGazeFollowWaveIdle_secs 100e3f30 f   c11_DemoGazeFollowWaveIdle.obj
 0001:000e2fc0       _sf_exported_auto_isStablec11_DemoGazeFollowWaveIdle 100e3fc0 f   c11_DemoGazeFollowWaveIdle.obj
 0001:000e2ff0       _sf_exported_auto_duringc11_DemoGazeFollowWaveIdle 100e3ff0 f   c11_DemoGazeFollowWaveIdle.obj
 0001:000e5240       _sf_exported_auto_enterc11_DemoGazeFollowWaveIdle 100e6240 f   c11_DemoGazeFollowWaveIdle.obj
 0001:000e6270       _sf_exported_auto_exitc11_DemoGazeFollowWaveIdle 100e7270 f   c11_DemoGazeFollowWaveIdle.obj
 0001:000e6680       _sf_exported_auto_gatewayc11_DemoGazeFollowWaveIdle 100e7680 f   c11_DemoGazeFollowWaveIdle.obj
 0001:000e66b0       _sf_exported_auto_enablec11_DemoGazeFollowWaveIdle 100e76b0 f   c11_DemoGazeFollowWaveIdle.obj
 0001:000e66e0       _sf_exported_auto_disablec11_DemoGazeFollowWaveIdle 100e76e0 f   c11_DemoGazeFollowWaveIdle.obj
 0001:000e6710       _sf_exported_auto_stepBuffersc11_DemoGazeFollowWaveIdle 100e7710 f   c11_DemoGazeFollowWaveIdle.obj
 0001:000e6730       _sf_exported_auto_initBuffersc11_DemoGazeFollowWaveIdle 100e7730 f   c11_DemoGazeFollowWaveIdle.obj
 0001:000e6750       _sf_exported_auto_activate_callc11_DemoGazeFollowWaveIdle 100e7750 f   c11_DemoGazeFollowWaveIdle.obj
 0001:000e6780       _sf_exported_auto_increment_call_counterc11_DemoGazeFollowWaveIdle 100e7780 f   c11_DemoGazeFollowWaveIdle.obj
 0001:000e67a0       _sf_exported_auto_reset_call_counterc11_DemoGazeFollowWaveIdle 100e77a0 f   c11_DemoGazeFollowWaveIdle.obj
 0001:000e67c0       _sf_exported_auto_deactivate_callc11_DemoGazeFollowWaveIdle 100e77c0 f   c11_DemoGazeFollowWaveIdle.obj
 0001:000e67e0       _sf_exported_auto_initc11_DemoGazeFollowWaveIdle 100e77e0 f   c11_DemoGazeFollowWaveIdle.obj
 0001:000e68a0       _sf_exported_auto_getSimstatec11_DemoGazeFollowWaveIdle 100e78a0 f   c11_DemoGazeFollowWaveIdle.obj
 0001:000e68f0       _sf_exported_auto_setSimstatec11_DemoGazeFollowWaveIdle 100e78f0 f   c11_DemoGazeFollowWaveIdle.obj
 0001:000e6930       _sf_exported_auto_check_state_inconsistency_c11_DemoGazeFollowWaveIdle 100e7930 f   c11_DemoGazeFollowWaveIdle.obj
 0001:000e9640       _sf_exported_user_c11_DemoGazeFollowWaveIdle_insertQueue 100ea640 f   c11_DemoGazeFollowWaveIdle.obj
 0001:000e9700       _sf_exported_user_c11_DemoGazeFollowWaveIdle_smileTable 100ea700 f   c11_DemoGazeFollowWaveIdle.obj
 0001:000e9b80       _sf_c11_DemoGazeFollowWaveIdle_get_check_sum 100eab80 f   c11_DemoGazeFollowWaveIdle.obj
 0001:000e9be0       _sf_c11_DemoGazeFollowWaveIdle_get_autoinheritance_info 100eabe0 f   c11_DemoGazeFollowWaveIdle.obj
 0001:000ea470       _sf_c11_DemoGazeFollowWaveIdle_third_party_uses_info 100eb470 f   c11_DemoGazeFollowWaveIdle.obj
 0001:000ea490       _sf_c11_DemoGazeFollowWaveIdle_updateBuildInfo_args_info 100eb490 f   c11_DemoGazeFollowWaveIdle.obj
 0001:000ea4b0       _sf_internal_get_sim_state_c11_DemoGazeFollowWaveIdle 100eb4b0 f   c11_DemoGazeFollowWaveIdle.obj
 0001:000eab90       _sf_internal_set_sim_state_c11_DemoGazeFollowWaveIdle 100ebb90 f   c11_DemoGazeFollowWaveIdle.obj
 0001:000eb730       _c11_DemoGazeFollowWaveIdle_method_dispatcher 100ec730 f   c11_DemoGazeFollowWaveIdle.obj
 0001:000ee590       _sf_c17_DemoGazeFollowWaveIdle_get_eml_resolved_functions_info 100ef590 f   c17_DemoGazeFollowWaveIdle.obj
 0001:000eec50       _sf_c17_DemoGazeFollowWaveIdle_get_check_sum 100efc50 f   c17_DemoGazeFollowWaveIdle.obj
 0001:000eecb0       _sf_c17_DemoGazeFollowWaveIdle_get_autoinheritance_info 100efcb0 f   c17_DemoGazeFollowWaveIdle.obj
 0001:000effd0       _sf_c17_DemoGazeFollowWaveIdle_third_party_uses_info 100f0fd0 f   c17_DemoGazeFollowWaveIdle.obj
 0001:000efff0       _sf_c17_DemoGazeFollowWaveIdle_updateBuildInfo_args_info 100f0ff0 f   c17_DemoGazeFollowWaveIdle.obj
 0001:000f0010       _sf_internal_get_sim_state_c17_DemoGazeFollowWaveIdle 100f1010 f   c17_DemoGazeFollowWaveIdle.obj
 0001:000f0310       _sf_internal_set_sim_state_c17_DemoGazeFollowWaveIdle 100f1310 f   c17_DemoGazeFollowWaveIdle.obj
 0001:000f06c0       _c17_DemoGazeFollowWaveIdle_method_dispatcher 100f16c0 f   c17_DemoGazeFollowWaveIdle.obj
 0001:000f3880       _sf_c20_DemoGazeFollowWaveIdle_get_eml_resolved_functions_info 100f4880 f   c20_DemoGazeFollowWaveIdle.obj
 0001:000f46c0       _sf_exported_auto_activate_c20_DemoGazeFollowWaveIdle_secs 100f56c0 f   c20_DemoGazeFollowWaveIdle.obj
 0001:000f4750       _sf_exported_auto_incrementTemporalCounter_c20_DemoGazeFollowWaveIdle_secs 100f5750 f   c20_DemoGazeFollowWaveIdle.obj
 0001:000f47b0       _sf_exported_auto_resetTemporalCounter_c20_DemoGazeFollowWaveIdle_secs 100f57b0 f   c20_DemoGazeFollowWaveIdle.obj
 0001:000f47f0       _sf_exported_auto_deactivate_c20_DemoGazeFollowWaveIdle_secs 100f57f0 f   c20_DemoGazeFollowWaveIdle.obj
 0001:000f4880       _sf_exported_auto_isStablec20_DemoGazeFollowWaveIdle 100f5880 f   c20_DemoGazeFollowWaveIdle.obj
 0001:000f48b0       _sf_exported_auto_duringc20_DemoGazeFollowWaveIdle 100f58b0 f   c20_DemoGazeFollowWaveIdle.obj
 0001:000fa9d0       _sf_exported_auto_enterc20_DemoGazeFollowWaveIdle 100fb9d0 f   c20_DemoGazeFollowWaveIdle.obj
 0001:000fbb00       _sf_exported_auto_exitc20_DemoGazeFollowWaveIdle 100fcb00 f   c20_DemoGazeFollowWaveIdle.obj
 0001:000fc0e0       _sf_exported_auto_gatewayc20_DemoGazeFollowWaveIdle 100fd0e0 f   c20_DemoGazeFollowWaveIdle.obj
 0001:000fc110       _sf_exported_auto_enablec20_DemoGazeFollowWaveIdle 100fd110 f   c20_DemoGazeFollowWaveIdle.obj
 0001:000fc140       _sf_exported_auto_disablec20_DemoGazeFollowWaveIdle 100fd140 f   c20_DemoGazeFollowWaveIdle.obj
 0001:000fc170       _sf_exported_auto_stepBuffersc20_DemoGazeFollowWaveIdle 100fd170 f   c20_DemoGazeFollowWaveIdle.obj
 0001:000fc190       _sf_exported_auto_initBuffersc20_DemoGazeFollowWaveIdle 100fd190 f   c20_DemoGazeFollowWaveIdle.obj
 0001:000fc1b0       _sf_exported_auto_activate_callc20_DemoGazeFollowWaveIdle 100fd1b0 f   c20_DemoGazeFollowWaveIdle.obj
 0001:000fc1e0       _sf_exported_auto_increment_call_counterc20_DemoGazeFollowWaveIdle 100fd1e0 f   c20_DemoGazeFollowWaveIdle.obj
 0001:000fc200       _sf_exported_auto_reset_call_counterc20_DemoGazeFollowWaveIdle 100fd200 f   c20_DemoGazeFollowWaveIdle.obj
 0001:000fc220       _sf_exported_auto_deactivate_callc20_DemoGazeFollowWaveIdle 100fd220 f   c20_DemoGazeFollowWaveIdle.obj
 0001:000fc240       _sf_exported_auto_initc20_DemoGazeFollowWaveIdle 100fd240 f   c20_DemoGazeFollowWaveIdle.obj
 0001:000fc350       _sf_exported_auto_getSimstatec20_DemoGazeFollowWaveIdle 100fd350 f   c20_DemoGazeFollowWaveIdle.obj
 0001:000fc3a0       _sf_exported_auto_setSimstatec20_DemoGazeFollowWaveIdle 100fd3a0 f   c20_DemoGazeFollowWaveIdle.obj
 0001:000fc3e0       _sf_exported_auto_check_state_inconsistency_c20_DemoGazeFollowWaveIdle 100fd3e0 f   c20_DemoGazeFollowWaveIdle.obj
 0001:001016e0       _sf_exported_user_c20_DemoGazeFollowWaveIdle_insertQueue 101026e0 f   c20_DemoGazeFollowWaveIdle.obj
 0001:001017c0       _sf_exported_user_c20_DemoGazeFollowWaveIdle_wavePoseBradTable 101027c0 f   c20_DemoGazeFollowWaveIdle.obj
 0001:00101d60       _sf_c20_DemoGazeFollowWaveIdle_get_check_sum 10102d60 f   c20_DemoGazeFollowWaveIdle.obj
 0001:00101dc0       _sf_c20_DemoGazeFollowWaveIdle_get_autoinheritance_info 10102dc0 f   c20_DemoGazeFollowWaveIdle.obj
 0001:00102760       _sf_c20_DemoGazeFollowWaveIdle_third_party_uses_info 10103760 f   c20_DemoGazeFollowWaveIdle.obj
 0001:00102780       _sf_c20_DemoGazeFollowWaveIdle_updateBuildInfo_args_info 10103780 f   c20_DemoGazeFollowWaveIdle.obj
 0001:001027a0       _sf_internal_get_sim_state_c20_DemoGazeFollowWaveIdle 101037a0 f   c20_DemoGazeFollowWaveIdle.obj
 0001:00102ec0       _sf_internal_set_sim_state_c20_DemoGazeFollowWaveIdle 10103ec0 f   c20_DemoGazeFollowWaveIdle.obj
 0001:00103bc0       _c20_DemoGazeFollowWaveIdle_method_dispatcher 10104bc0 f   c20_DemoGazeFollowWaveIdle.obj
 0001:00107500       _sf_process_check_sum_call 10108500 f   DemoGazeFollowWaveIdle_sfun_registry.obj
 0001:00107530       _sf_process_autoinheritance_call 10108530 f   DemoGazeFollowWaveIdle_sfun_registry.obj
 0001:00107670       _sf_process_get_third_party_uses_info_call 10108670 f   DemoGazeFollowWaveIdle_sfun_registry.obj
 0001:001077b0       _sf_process_get_updateBuildInfo_args_info_call 101087b0 f   DemoGazeFollowWaveIdle_sfun_registry.obj
 0001:001078f0       _sf_process_get_eml_resolved_functions_info_call 101088f0 f   DemoGazeFollowWaveIdle_sfun_registry.obj
 0001:00107a10       _sf_mex_unlock_call        10108a10 f   DemoGazeFollowWaveIdle_sfun_registry.obj
 0001:00107aa0       _sf_machine_global_initializer_called 10108aa0 f   DemoGazeFollowWaveIdle_sfun_registry.obj
 0001:00107ac0       _sf_machine_global_method_dispatcher 10108ac0 f   DemoGazeFollowWaveIdle_sfun_registry.obj
 0001:00107b00       _sf_machine_global_terminator 10108b00 f   DemoGazeFollowWaveIdle_sfun_registry.obj
 0001:00107b40       _sf_register_machine_exported_symbols 10108b40 f   DemoGazeFollowWaveIdle_sfun_registry.obj
 0001:00107b60       _callCustomFcn             10108b60 f   DemoGazeFollowWaveIdle_sfun_registry.obj
 0001:00107b70       _sf_machine_global_initializer 10108b70 f   DemoGazeFollowWaveIdle_sfun_registry.obj
 0001:00107be0       _mdlGetSimState            10108be0 f   DemoGazeFollowWaveIdle_sfun_registry.obj
 0001:00107c40       _mdlSetSimState            10108c40 f   DemoGazeFollowWaveIdle_sfun_registry.obj
 0001:00107c70       __ssSetStateAbsTol         10108c70 f   DemoGazeFollowWaveIdle_sfun_registry.obj
 0001:00107d10       __ssGetAbsTol              10108d10 f   DemoGazeFollowWaveIdle_sfun_registry.obj
 0001:00107d60       __ssSetInputPortMatrixDimensions 10108d60 f   DemoGazeFollowWaveIdle_sfun_registry.obj
 0001:00107e10       __ssSetOutputPortMatrixDimensions 10108e10 f   DemoGazeFollowWaveIdle_sfun_registry.obj
 0001:00107ec0       __ssSetInputPortVectorDimension 10108ec0 f   DemoGazeFollowWaveIdle_sfun_registry.obj
 0001:00107f40       __ssSetOutputPortVectorDimension 10108f40 f   DemoGazeFollowWaveIdle_sfun_registry.obj
 0001:00107fc0       _ssIsRunTimeParamTunable   10108fc0 f   DemoGazeFollowWaveIdle_sfun_registry.obj
 0001:00108020       _ssGetSFuncBlockHandle     10109020 f   DemoGazeFollowWaveIdle_sfun_registry.obj
 0001:00108070       __ssGetCurrentInputPortWidth 10109070 f   DemoGazeFollowWaveIdle_sfun_registry.obj
 0001:00108140       __ssGetCurrentOutputPortWidth 10109140 f   DemoGazeFollowWaveIdle_sfun_registry.obj
 0001:00108210       __ssGetCallSystemNumFcnCallDestinations 10109210 f   DemoGazeFollowWaveIdle_sfun_registry.obj
 0001:00108270       _ssWarning                 10109270 f   DemoGazeFollowWaveIdle_sfun_registry.obj
 0001:00108350       _ssGetIsZeroCrossControlDisabled 10109350 f   DemoGazeFollowWaveIdle_sfun_registry.obj
 0001:001083b0       _ssSetIsInputPortUsedForContZcSignal 101093b0 f   DemoGazeFollowWaveIdle_sfun_registry.obj
 0001:00108400       _ssSetZcSignalIsZcElementDisc 10109400 f   DemoGazeFollowWaveIdle_sfun_registry.obj
 0001:00108480       _ssSetZcSignalName         10109480 f   DemoGazeFollowWaveIdle_sfun_registry.obj
 0001:001084d0       _ssSetZcSignalWidth        101094d0 f   DemoGazeFollowWaveIdle_sfun_registry.obj
 0001:00108520       _ssSetZcSignalZcEventType  10109520 f   DemoGazeFollowWaveIdle_sfun_registry.obj
 0001:00108570       _ssSetZcSignalType         10109570 f   DemoGazeFollowWaveIdle_sfun_registry.obj
 0001:001085c0       _ssSetZcSignalZcTol        101095c0 f   DemoGazeFollowWaveIdle_sfun_registry.obj
 0001:00108610       _ssSetZcSignalNeedsEventNotification 10109610 f   DemoGazeFollowWaveIdle_sfun_registry.obj
 0001:00108660       _ssCreateAndAddZcSignalInfo 10109660 f   DemoGazeFollowWaveIdle_sfun_registry.obj
 0001:001086c0       _ssCloneAndAddZcSignalInfo 101096c0 f   DemoGazeFollowWaveIdle_sfun_registry.obj
 0001:00108720       _ssGetNumZcSignals         10109720 f   DemoGazeFollowWaveIdle_sfun_registry.obj
 0001:00108780       _ssGetZcSignalVector       10109780 f   DemoGazeFollowWaveIdle_sfun_registry.obj
 0001:001087e0       _ssGetZcSignalZcEvents     101097e0 f   DemoGazeFollowWaveIdle_sfun_registry.obj
 0001:00108840       _ssGetZcSignalName         10109840 f   DemoGazeFollowWaveIdle_sfun_registry.obj
 0001:001088a0       _ssGetZcSignalWidth        101098a0 f   DemoGazeFollowWaveIdle_sfun_registry.obj
 0001:00108900       _ssGetZcSignalZcEventType  10109900 f   DemoGazeFollowWaveIdle_sfun_registry.obj
 0001:00108960       _ssGetZcSignalType         10109960 f   DemoGazeFollowWaveIdle_sfun_registry.obj
 0001:001089c0       _ssGetZcSignalZcTol        101099c0 f   DemoGazeFollowWaveIdle_sfun_registry.obj
 0001:00108a20       _ssGetZcSignalNeedsEventNotification 10109a20 f   DemoGazeFollowWaveIdle_sfun_registry.obj
 0001:00108a80       _ssGetZcSignalIsZcElementDisc 10109a80 f   DemoGazeFollowWaveIdle_sfun_registry.obj
 0001:00108b00       _ssGetIsInputPortElementContinuous 10109b00 f   DemoGazeFollowWaveIdle_sfun_registry.obj
 0001:00108b80       __ssGetInputPortSignalPtrsFcn 10109b80 f   DemoGazeFollowWaveIdle_sfun_registry.obj
 0001:00108d80       __ssGetInputPortSignalFcn  10109d80 f   DemoGazeFollowWaveIdle_sfun_registry.obj
 0001:00108f10       __ssSetInputPortDirectFeedThroughFcn 10109f10 f   DemoGazeFollowWaveIdle_sfun_registry.obj
 0001:00109040       __ssSetInputPortReusableFcn 1010a040 f   DemoGazeFollowWaveIdle_sfun_registry.obj
 0001:001090d0       __ssSetOutputPortReusableFcn 1010a0d0 f   DemoGazeFollowWaveIdle_sfun_registry.obj
 0001:00109160       _ssGetDTypeIdFromMxArray   1010a160 f   DemoGazeFollowWaveIdle_sfun_registry.obj
 0001:00109250       _ssWriteRTWStr             1010a250 f   DemoGazeFollowWaveIdle_sfun_registry.obj
 0001:00109290       _ssWriteRTWMxVectParam     1010a290 f   DemoGazeFollowWaveIdle_sfun_registry.obj
 0001:001092d0       _ssWriteRTWMx2dMatParam    1010a2d0 f   DemoGazeFollowWaveIdle_sfun_registry.obj
 0001:00109310       _ssWriteRTWNameValuePair   1010a310 f   DemoGazeFollowWaveIdle_sfun_registry.obj
 0001:00109680       _ssWriteRTWParameters      1010a680 f   DemoGazeFollowWaveIdle_sfun_registry.obj
 0001:00109a20       _ssWriteRTWParamSettings   1010aa20 f   DemoGazeFollowWaveIdle_sfun_registry.obj
 0001:00109ed0       _ssWriteRTWWorkVect        1010aed0 f   DemoGazeFollowWaveIdle_sfun_registry.obj
 0001:0010a260       _mexFunction               1010b260 f   DemoGazeFollowWaveIdle_sfun_registry.obj
 0001:0010bfb0       _ProcessMexSfunctionEveryCall 1010cfb0 f   DemoGazeFollowWaveIdle_sfun_registry.obj
 0001:0010c0ce       _sf_debug_set_machine_data_thresholds 1010d0ce f   sf_runtime:sf_runtime.dll
 0001:0010c0d4       _sf_debug_set_machine_event_thresholds 1010d0d4 f   sf_runtime:sf_runtime.dll
 0001:0010c0da       _sf_debug_initialize_machine 1010d0da f   sf_runtime:sf_runtime.dll
 0001:0010c0e0       _sf_load_rtw_optimization_info 1010d0e0 f   sf_runtime:sf_runtime.dll
 0001:0010c0e6       _sf_mex_emlrtNameCapturePostProcessR2012a 1010d0e6 f   sf_runtime:sf_runtime.dll
 0001:0010c0ec       _sf_mex_assign             1010d0ec f   sf_runtime:sf_runtime.dll
 0001:0010c0f2       _sf_mex_createstruct       1010d0f2 f   sf_runtime:sf_runtime.dll
 0001:0010c0f8       _sf_mex_destroy            1010d0f8 f   sf_runtime:sf_runtime.dll
 0001:0010c0fe       _sf_mex_duplicatearraysafe 1010d0fe f   sf_runtime:sf_runtime.dll
 0001:0010c104       _sf_mex_createcellmatrix   1010d104 f   sf_runtime:sf_runtime.dll
 0001:0010c10a       _sf_mex_addfield           1010d10a f   sf_runtime:sf_runtime.dll
 0001:0010c110       _sf_mex_create             1010d110 f   sf_runtime:sf_runtime.dll
 0001:0010c116       _sf_mex_error_message      1010d116 f   sf_runtime:sf_runtime.dll
 0001:0010c11c       _sf_mex_call_matlab        1010d11c f   sf_runtime:sf_runtime.dll
 0001:0010c122       _sf_mex_dup                1010d122 f   sf_runtime:sf_runtime.dll
 0001:0010c128       _sf_mex_setcell            1010d128 f   sf_runtime:sf_runtime.dll
 0001:0010c12e       _sf_mex_decode_encoded_mx_struct_array 1010d12e f   sf_runtime:sf_runtime.dll
 0001:0010c134       _sf_mex_getcell            1010d134 f   sf_runtime:sf_runtime.dll
 0001:0010c13a       _sf_debug_animate          1010d13a f   sf_runtime:sf_runtime.dll
 0001:0010c140       _sf_debug_call             1010d140 f   sf_runtime:sf_runtime.dll
 0001:0010c146       _sf_debug_set_honor_breakpoints 1010d146 f   sf_runtime:sf_runtime.dll
 0001:0010c14c       _sf_debug_set_animation    1010d14c f   sf_runtime:sf_runtime.dll
 0001:0010c152       _sf_debug_get_animation    1010d152 f   sf_runtime:sf_runtime.dll
 0001:0010c158       _sf_mex_import             1010d158 f   sf_runtime:sf_runtime.dll
 0001:0010c15e       _sf_set_rtw_dwork_info     1010d15e f   sf_runtime:sf_runtime.dll
 0001:0010c164       _sf_mark_chart_reusable_outputs 1010d164 f   sf_runtime:sf_runtime.dll
 0001:0010c16a       _sf_mark_chart_expressionable_inputs 1010d16a f   sf_runtime:sf_runtime.dll
 0001:0010c170       _sf_mark_output_events_with_multiple_callers 1010d170 f   sf_runtime:sf_runtime.dll
 0001:0010c176       _sf_update_buildInfo       1010d176 f   sf_runtime:sf_runtime.dll
 0001:0010c17c       _sf_rtw_info_uint_prop     1010d17c f   sf_runtime:sf_runtime.dll
 0001:0010c182       _sf_is_chart_inlinable     1010d182 f   sf_runtime:sf_runtime.dll
 0001:0010c188       _sim_mode_is_external      1010d188 f   sf_runtime:sf_runtime.dll
 0001:0010c18e       _sim_mode_is_rtw_gen       1010d18e f   sf_runtime:sf_runtime.dll
 0001:0010c194       _sf_debug_reset_current_state_configuration 1010d194 f   sf_runtime:sf_runtime.dll
 0001:0010c19a       _sf_debug_set_instance_data_value_ptr 1010d19a f   sf_runtime:sf_runtime.dll
 0001:0010c1a0       _sf_debug_set_chart_data_compiled_props 1010d1a0 f   sf_runtime:sf_runtime.dll
 0001:0010c1a6       _cv_script_init_fcn        1010d1a6 f   sf_runtime:sf_runtime.dll
 0001:0010c1ac       _cv_script_init_script     1010d1ac f   sf_runtime:sf_runtime.dll
 0001:0010c1b2       _cv_eml_init_for           1010d1b2 f   sf_runtime:sf_runtime.dll
 0001:0010c1b8       _cv_eml_init_if            1010d1b8 f   sf_runtime:sf_runtime.dll
 0001:0010c1be       _cv_eml_init_fcn           1010d1be f   sf_runtime:sf_runtime.dll
 0001:0010c1c4       _cv_eml_init_script        1010d1c4 f   sf_runtime:sf_runtime.dll
 0001:0010c1ca       _sf_debug_cv_init_trans    1010d1ca f   sf_runtime:sf_runtime.dll
 0001:0010c1d0       _sf_debug_cv_init_state    1010d1d0 f   sf_runtime:sf_runtime.dll
 0001:0010c1d6       _sf_debug_cv_init_chart    1010d1d6 f   sf_runtime:sf_runtime.dll
 0001:0010c1dc       _sf_debug_set_chart_state_substate_index 1010d1dc f   sf_runtime:sf_runtime.dll
 0001:0010c1e2       _sf_debug_set_chart_state_substate_count 1010d1e2 f   sf_runtime:sf_runtime.dll
 0001:0010c1e8       _sf_debug_set_chart_substate_index 1010d1e8 f   sf_runtime:sf_runtime.dll
 0001:0010c1ee       _sf_debug_set_chart_decomposition 1010d1ee f   sf_runtime:sf_runtime.dll
 0001:0010c1f4       _sf_debug_set_chart_substate_count 1010d1f4 f   sf_runtime:sf_runtime.dll
 0001:0010c1fa       _sf_debug_set_chart_state_info 1010d1fa f   sf_runtime:sf_runtime.dll
 0001:0010c200       _sf_debug_set_chart_event_scope 1010d200 f   sf_runtime:sf_runtime.dll
 0001:0010c206       _sf_debug_set_chart_data_props 1010d206 f   sf_runtime:sf_runtime.dll
 0001:0010c20c       _sf_debug_set_chart_event_thresholds 1010d20c f   sf_runtime:sf_runtime.dll
 0001:0010c212       _sf_debug_set_chart_disable_implicit_casting 1010d212 f   sf_runtime:sf_runtime.dll
 0001:0010c218       _sf_debug_initialize_chart 1010d218 f   sf_runtime:sf_runtime.dll
 0001:0010c21e       _sf_debug_set_script_translation 1010d21e f   sf_runtime:sf_runtime.dll
 0001:0010c224       _sf_debug_get_script_id    1010d224 f   sf_runtime:sf_runtime.dll
 0001:0010c22a       _sf_get_output_port_reusable 1010d22a f   sf_runtime:sf_runtime.dll
 0001:0010c230       _sf_get_time               1010d230 f   sf_runtime:sf_runtime.dll
 0001:0010c236       _sf_call_output_fcn_enable 1010d236 f   sf_runtime:sf_runtime.dll
 0001:0010c23c       _sf_call_output_fcn_disable 1010d23c f   sf_runtime:sf_runtime.dll
 0001:0010c242       _sf_debug_check_for_state_inconsistency 1010d242 f   sf_runtime:sf_runtime.dll
 0001:0010c248       _sf_debug_symbol_scope_pop 1010d248 f   sf_runtime:sf_runtime.dll
 0001:0010c24e       _sf_debug_data_range_wrapper 1010d24e f   sf_runtime:sf_runtime.dll
 0001:0010c254       _sf_debug_symbol_scope_push 1010d254 f   sf_runtime:sf_runtime.dll
 0001:0010c25a       _sf_mex_sub                1010d25a f   sf_runtime:sf_runtime.dll
 0001:0010c260       _sf_debug_symbol_scope_add_eml_importable 1010d260 f   sf_runtime:sf_runtime.dll
 0001:0010c266       _sf_debug_symbol_scope_push_eml 1010d266 f   sf_runtime:sf_runtime.dll
 0001:0010c26c       _cv_eml_eval               1010d26c f   sf_runtime:sf_runtime.dll
 0001:0010c272       _cv_eval_point             1010d272 f   sf_runtime:sf_runtime.dll
 0001:0010c278       _sf_debug_unset_instance_data_value_ptr 1010d278 f   sf_runtime:sf_runtime.dll
 0001:0010c27e       _sf_call_output_fcn_call   1010d27e f   sf_runtime:sf_runtime.dll
 0001:0010c284       _sf_debug_symbol_scope_add_importable 1010d284 f   sf_runtime:sf_runtime.dll
 0001:0010c28a       _eml_debug_line_call       1010d28a f   sf_runtime:sf_runtime.dll
 0001:0010c290       _cv_script_eval            1010d290 f   sf_runtime:sf_runtime.dll
 0001:0010c296       _sf_debug_symbol_scope_add_eml 1010d296 f   sf_runtime:sf_runtime.dll
 0001:0010c29c       _sf_mex_listen_for_ctrl_c  1010d29c f   sf_runtime:sf_runtime.dll
 0001:0010c2a2       _sf_debug_eml_data_array_bounds_error_check 1010d2a2 f   sf_runtime:sf_runtime.dll
 0001:0010c2a8       _sf_debug_integer_check    1010d2a8 f   sf_runtime:sf_runtime.dll
 0001:0010c2ae       _sf_debug_read_before_write_check 1010d2ae f   sf_runtime:sf_runtime.dll
 0001:0010c2b4       _sf_clear_rtw_identifier   1010d2b4 f   sf_runtime:sf_runtime.dll
 0001:0010c2ba       _sf_get_subchart_simstruct 1010d2ba f   sf_runtime:sf_runtime.dll
 0001:0010c2c0       _sf_mex_call_debug         1010d2c0 f   sf_runtime:sf_runtime.dll
 0001:0010c2c6       _cv_eml_init_mcdc          1010d2c6 f   sf_runtime:sf_runtime.dll
 0001:0010c2cc       _sf_mex_printf             1010d2cc f   sf_runtime:sf_runtime.dll
 0001:0010c2d2       _sf_debug_temporal_threshold 1010d2d2 f   sf_runtime:sf_runtime.dll
 0001:0010c2d8       _sf_debug_symbol_scope_add_eml_dyn_importable 1010d2d8 f   sf_runtime:sf_runtime.dll
 0001:0010c2de       _sf_debug_sub_assign_size_check_nd 1010d2de f   sf_runtime:sf_runtime.dll
 0001:0010c2e4       _sf_mex_import_vs          1010d2e4 f   sf_runtime:sf_runtime.dll
 0001:0010c2ea       _cv_script_init_mcdc       1010d2ea f   sf_runtime:sf_runtime.dll
 0001:0010c2f0       _cv_script_init_if         1010d2f0 f   sf_runtime:sf_runtime.dll
 0001:0010c2f6       _sf_debug_terminate        1010d2f6 f   sf_runtime:sf_runtime.dll
 0001:0010c2fc       _sf_debug_create_debug_instance_struct 1010d2fc f   sf_runtime:sf_runtime.dll
 0001:0010c302       _sf_debug_api              1010d302 f   sf_runtime:sf_runtime.dll
 0001:0010c308       _callMdlMethodAndReportError 1010d308 f   sf_runtime:sf_runtime.dll
 0001:0010c30e       _call_sf_machine_global_method_dispatcher 1010d30e f   sf_runtime:sf_runtime.dll
 0001:0010c314       _sf_clear_error_manager_info 1010d314 f   sf_runtime:sf_runtime.dll
 0001:0010c31a       _sf_mex_error_direct_call  1010d31a f   sf_runtime:sf_runtime.dll
 0001:0010c320       _mxGetScalar               1010d320 f   libmx:libmx.dll
 0001:0010c326       _mxGetPr                   1010d326 f   libmx:libmx.dll
 0001:0010c32c       _mxCreateDoubleMatrix_730  1010d32c f   libmx:libmx.dll
 0001:0010c332       _mxGetString_730           1010d332 f   libmx:libmx.dll
 0001:0010c338       _mxIsChar                  1010d338 f   libmx:libmx.dll
 0001:0010c33e       _mxDestroyArray            1010d33e f   libmx:libmx.dll
 0001:0010c344       _mxDuplicateArray          1010d344 f   libmx:libmx.dll
 0001:0010c34a       _mxCreateDoubleScalar      1010d34a f   libmx:libmx.dll
 0001:0010c350       _mxSetField_730            1010d350 f   libmx:libmx.dll
 0001:0010c356       _mxCreateString            1010d356 f   libmx:libmx.dll
 0001:0010c35c       _mxCreateStructMatrix_730  1010d35c f   libmx:libmx.dll
 0001:0010c362       _mxCreateCellMatrix_730    1010d362 f   libmx:libmx.dll
 0001:0010c368       _mxIsEmpty                 1010d368 f   libmx:libmx.dll
 0001:0010c36e       _mxGetClassID              1010d36e f   libmx:libmx.dll
 0001:0010c374       _mxIsNumeric               1010d374 f   libmx:libmx.dll
 0001:0010c37a       _mxIsComplex               1010d37a f   libmx:libmx.dll
 0001:0010c380       _mxGetN                    1010d380 f   libmx:libmx.dll
 0001:0010c386       _mxGetM                    1010d386 f   libmx:libmx.dll
 0001:0010c38c       _mxCalloc                  1010d38c f   libmx:libmx.dll
 0001:0010c392       _mexMakeArrayPersistent    1010d392 f   libmex:libmex.dll
 0001:0010c398       _mexUnlock                 1010d398 f   libmex:libmex.dll
 0001:0010c39e       _mexIsLocked               1010d39e f   libmex:libmex.dll
 0001:0010c3a4       _mexWarnMsgTxt             1010d3a4 f   libmex:libmex.dll
 0001:0010c3aa       _mexCallMATLAB             1010d3aa f   libmex:libmex.dll
 0001:0010c3b0       _mexErrMsgTxt              1010d3b0 f   libmex:libmex.dll
 0001:0010c3b6       _mexLock                   1010d3b6 f   libmex:libmex.dll
 0001:0010c3bc       _utMalloc                  1010d3bc f   libut:libut.dll
 0001:0010c3c2       _utFree                    1010d3c2 f   libut:libut.dll
 0001:0010c3c8       _muDoubleScalarFloor       1010d3c8 f   libmwmathutil:libmwmathutil.dll
 0001:0010c3ce       _muDoubleScalarRound       1010d3ce f   libmwmathutil:libmwmathutil.dll
 0001:0010c3d4       _muDoubleScalarLog         1010d3d4 f   libmwmathutil:libmwmathutil.dll
 0001:0010c3da       _muDoubleScalarAbs         1010d3da f   libmwmathutil:libmwmathutil.dll
 0001:0010c3e0       _strcmp                    1010d3e0 f   MSVCRT:MSVCR100.dll
 0001:0010c3f0       @__security_check_cookie@4 1010d3f0 f   MSVCRT:secchk.obj
 0001:0010c400       _strlen                    1010d400 f   MSVCRT:MSVCR100.dll
 0001:0010c410       __alloca_probe             1010d410     MSVCRT:chkstk.obj
 0001:0010c410       __chkstk                   1010d410 f   MSVCRT:chkstk.obj
 0001:0010c43c       _memset                    1010d43c f   MSVCRT:MSVCR100.dll
 0001:0010c450       __ftol2_sse                1010d450 f   MSVCRT:ftol2.obj
 0001:0010c459       __ftol2_pentium4           1010d459 f   MSVCRT:ftol2.obj
 0001:0010c46c       __ftol2_sse_excpt          1010d46c f   MSVCRT:ftol2.obj
 0001:0010c486       __ftol2                    1010d486 f   MSVCRT:ftol2.obj
 0001:0010c4fc       __ftol                     1010d4fc f   MSVCRT:MSVCR100.dll
 0001:0010c502       _free                      1010d502 f   MSVCRT:MSVCR100.dll
 0001:0010c508       _sprintf                   1010d508 f   MSVCRT:MSVCR100.dll
 0001:0010c50e       _malloc                    1010d50e f   MSVCRT:MSVCR100.dll
 0001:0010c514       _strcat                    1010d514 f   MSVCRT:MSVCR100.dll
 0001:0010c51a       _memcpy                    1010d51a f   MSVCRT:MSVCR100.dll
 0001:0010c520       _NtCurrentTeb              1010d520 f i MSVCRT:crtdll.obj
 0001:0010c575       __CRT_INIT@12              1010d575 f   MSVCRT:crtdll.obj
 0001:0010c895       __DllMainCRTStartup@12     1010d895 f   MSVCRT:crtdll.obj
 0001:0010c8b8       ___report_gsfailure        1010d8b8 f   MSVCRT:gs_report.obj
 0001:0010c9be       ___sse2_available_init     1010d9be f   MSVCRT:cpu_disp.obj
 0001:0010c9ce       ___clean_type_info_names   1010d9ce f   MSVCRT:tncleanup.obj
 0001:0010c9da       __onexit                   1010d9da f   MSVCRT:atonexit.obj
 0001:0010ca7b       _atexit                    1010da7b f   MSVCRT:atonexit.obj
 0001:0010ca92       __RTC_Initialize           1010da92 f   MSVCRT:_initsect_.obj
 0001:0010cab8       __RTC_Terminate            1010dab8 f   MSVCRT:_initsect_.obj
 0001:0010cade       __malloc_crt               1010dade f   MSVCRT:MSVCR100.dll
 0001:0010cae4       __encoded_null             1010dae4 f   MSVCRT:MSVCR100.dll
 0001:0010caf0       __ValidateImageBase        1010daf0 f   MSVCRT:pesect.obj
 0001:0010cb30       __FindPESection            1010db30 f   MSVCRT:pesect.obj
 0001:0010cb80       __IsNonwritableInCurrentImage 1010db80 f   MSVCRT:pesect.obj
 0001:0010cc3c       __initterm                 1010dc3c f   MSVCRT:MSVCR100.dll
 0001:0010cc42       __initterm_e               1010dc42 f   MSVCRT:MSVCR100.dll
 0001:0010cc48       __amsg_exit                1010dc48 f   MSVCRT:MSVCR100.dll
 0001:0010cc4e       ___CppXcptFilter           1010dc4e f   MSVCRT:MSVCR100.dll
 0001:0010cc54       _DllMain@12                1010dc54 f   MSVCRT:dllmain.obj
 0001:0010cc80       __SEH_prolog4              1010dc80 f   MSVCRT:sehprolg4.obj
 0001:0010ccc5       __SEH_epilog4              1010dcc5 f   MSVCRT:sehprolg4.obj
 0001:0010ccd9       __except_handler4          1010dcd9 f   MSVCRT:chandler4gs.obj
 0001:0010ccfe       ___security_init_cookie    1010dcfe f   MSVCRT:gs_support.obj
 0001:0010cd9a       __crt_debugger_hook        1010dd9a f   MSVCRT:MSVCR100.dll
 0001:0010cda0       ___clean_type_info_names_internal 1010dda0 f   MSVCRT:MSVCR100.dll
 0001:0010cda6       __unlock                   1010dda6 f   MSVCRT:MSVCR100.dll
 0001:0010cdac       ___dllonexit               1010ddac f   MSVCRT:MSVCR100.dll
 0001:0010cdb2       __lock                     1010ddb2 f   MSVCRT:MSVCR100.dll
 0001:0010cdb8       __except_handler4_common   1010ddb8 f   MSVCRT:MSVCR100.dll
 0001:0010cdbe       _EncodePointer@4           1010ddbe f   kernel32:KERNEL32.dll
 0001:0010cdc4       _DecodePointer@4           1010ddc4 f   kernel32:KERNEL32.dll
 0001:0010cdca       _InterlockedExchange@8     1010ddca f   kernel32:KERNEL32.dll
 0001:0010cdd0       _Sleep@4                   1010ddd0 f   kernel32:KERNEL32.dll
 0001:0010cdd6       _InterlockedCompareExchange@12 1010ddd6 f   kernel32:KERNEL32.dll
 0001:0010cddc       _TerminateProcess@8        1010dddc f   kernel32:KERNEL32.dll
 0001:0010cde2       _GetCurrentProcess@0       1010dde2 f   kernel32:KERNEL32.dll
 0001:0010cde8       _UnhandledExceptionFilter@4 1010dde8 f   kernel32:KERNEL32.dll
 0001:0010cdee       _SetUnhandledExceptionFilter@4 1010ddee f   kernel32:KERNEL32.dll
 0001:0010cdf4       _IsDebuggerPresent@0       1010ddf4 f   kernel32:KERNEL32.dll
 0001:0010cdfa       _IsProcessorFeaturePresent@4 1010ddfa f   kernel32:KERNEL32.dll
 0001:0010ce00       _DisableThreadLibraryCalls@4 1010de00 f   kernel32:KERNEL32.dll
 0001:0010ce06       _QueryPerformanceCounter@4 1010de06 f   kernel32:KERNEL32.dll
 0001:0010ce0c       _GetTickCount@0            1010de0c f   kernel32:KERNEL32.dll
 0001:0010ce12       _GetCurrentThreadId@0      1010de12 f   kernel32:KERNEL32.dll
 0001:0010ce18       _GetCurrentProcessId@0     1010de18 f   kernel32:KERNEL32.dll
 0001:0010ce1e       _GetSystemTimeAsFileTime@4 1010de1e f   kernel32:KERNEL32.dll
 0002:00000000       __imp__GetCurrentProcessId@0 1010e000     kernel32:KERNEL32.dll
 0002:00000004       __imp__GetCurrentThreadId@0 1010e004     kernel32:KERNEL32.dll
 0002:00000008       __imp__GetTickCount@0      1010e008     kernel32:KERNEL32.dll
 0002:0000000c       __imp__QueryPerformanceCounter@4 1010e00c     kernel32:KERNEL32.dll
 0002:00000010       __imp__DisableThreadLibraryCalls@4 1010e010     kernel32:KERNEL32.dll
 0002:00000014       __imp__IsProcessorFeaturePresent@4 1010e014     kernel32:KERNEL32.dll
 0002:00000018       __imp__IsDebuggerPresent@0 1010e018     kernel32:KERNEL32.dll
 0002:0000001c       __imp__SetUnhandledExceptionFilter@4 1010e01c     kernel32:KERNEL32.dll
 0002:00000020       __imp__UnhandledExceptionFilter@4 1010e020     kernel32:KERNEL32.dll
 0002:00000024       __imp__GetCurrentProcess@0 1010e024     kernel32:KERNEL32.dll
 0002:00000028       __imp__TerminateProcess@8  1010e028     kernel32:KERNEL32.dll
 0002:0000002c       __imp__InterlockedCompareExchange@12 1010e02c     kernel32:KERNEL32.dll
 0002:00000030       __imp__Sleep@4             1010e030     kernel32:KERNEL32.dll
 0002:00000034       __imp__InterlockedExchange@8 1010e034     kernel32:KERNEL32.dll
 0002:00000038       __imp__DecodePointer@4     1010e038     kernel32:KERNEL32.dll
 0002:0000003c       __imp__EncodePointer@4     1010e03c     kernel32:KERNEL32.dll
 0002:00000040       __imp__GetSystemTimeAsFileTime@4 1010e040     kernel32:KERNEL32.dll
 0002:00000044       \177KERNEL32_NULL_THUNK_DATA 1010e044     kernel32:KERNEL32.dll
 0002:00000048       __imp___except_handler4_common 1010e048     MSVCRT:MSVCR100.dll
 0002:0000004c       __imp___lock               1010e04c     MSVCRT:MSVCR100.dll
 0002:00000050       __imp____dllonexit         1010e050     MSVCRT:MSVCR100.dll
 0002:00000054       __imp___unlock             1010e054     MSVCRT:MSVCR100.dll
 0002:00000058       __imp____clean_type_info_names_internal 1010e058     MSVCRT:MSVCR100.dll
 0002:0000005c       __imp___crt_debugger_hook  1010e05c     MSVCRT:MSVCR100.dll
 0002:00000060       __imp____CppXcptFilter     1010e060     MSVCRT:MSVCR100.dll
 0002:00000064       __imp___amsg_exit          1010e064     MSVCRT:MSVCR100.dll
 0002:00000068       __imp___initterm_e         1010e068     MSVCRT:MSVCR100.dll
 0002:0000006c       __imp___initterm           1010e06c     MSVCRT:MSVCR100.dll
 0002:00000070       __imp___encoded_null       1010e070     MSVCRT:MSVCR100.dll
 0002:00000074       __imp___malloc_crt         1010e074     MSVCRT:MSVCR100.dll
 0002:00000078       __imp__memcpy              1010e078     MSVCRT:MSVCR100.dll
 0002:0000007c       __imp__strcat              1010e07c     MSVCRT:MSVCR100.dll
 0002:00000080       __imp__malloc              1010e080     MSVCRT:MSVCR100.dll
 0002:00000084       __imp__sprintf             1010e084     MSVCRT:MSVCR100.dll
 0002:00000088       __imp__free                1010e088     MSVCRT:MSVCR100.dll
 0002:0000008c       __imp___ftol               1010e08c     MSVCRT:MSVCR100.dll
 0002:00000090       __imp__memset              1010e090     MSVCRT:MSVCR100.dll
 0002:00000094       __imp__strlen              1010e094     MSVCRT:MSVCR100.dll
 0002:00000098       __imp__strcmp              1010e098     MSVCRT:MSVCR100.dll
 0002:0000009c       __imp___onexit             1010e09c     MSVCRT:MSVCR100.dll
 0002:000000a0       \177MSVCR100_NULL_THUNK_DATA 1010e0a0     MSVCRT:MSVCR100.dll
 0002:000000a4       __imp__mexErrMsgTxt        1010e0a4     libmex:libmex.dll
 0002:000000a8       __imp__mexUnlock           1010e0a8     libmex:libmex.dll
 0002:000000ac       __imp__mexIsLocked         1010e0ac     libmex:libmex.dll
 0002:000000b0       __imp__mexWarnMsgTxt       1010e0b0     libmex:libmex.dll
 0002:000000b4       __imp__mexLock             1010e0b4     libmex:libmex.dll
 0002:000000b8       __imp__mexMakeArrayPersistent 1010e0b8     libmex:libmex.dll
 0002:000000bc       __imp__mexCallMATLAB       1010e0bc     libmex:libmex.dll
 0002:000000c0       \177libmex_NULL_THUNK_DATA 1010e0c0     libmex:libmex.dll
 0002:000000c4       __imp__muDoubleScalarRound 1010e0c4     libmwmathutil:libmwmathutil.dll
 0002:000000c8       __imp__muDoubleScalarLog   1010e0c8     libmwmathutil:libmwmathutil.dll
 0002:000000cc       __imp__muDoubleScalarFloor 1010e0cc     libmwmathutil:libmwmathutil.dll
 0002:000000d0       __imp__muDoubleScalarAbs   1010e0d0     libmwmathutil:libmwmathutil.dll
 0002:000000d4       \177libmwmathutil_NULL_THUNK_DATA 1010e0d4     libmwmathutil:libmwmathutil.dll
 0002:000000d8       __imp__mxCreateStructMatrix_730 1010e0d8     libmx:libmx.dll
 0002:000000dc       __imp__mxGetPr             1010e0dc     libmx:libmx.dll
 0002:000000e0       __imp__mxCalloc            1010e0e0     libmx:libmx.dll
 0002:000000e4       __imp__mxGetM              1010e0e4     libmx:libmx.dll
 0002:000000e8       __imp__mxGetN              1010e0e8     libmx:libmx.dll
 0002:000000ec       __imp__mxIsComplex         1010e0ec     libmx:libmx.dll
 0002:000000f0       __imp__mxIsNumeric         1010e0f0     libmx:libmx.dll
 0002:000000f4       __imp__mxGetClassID        1010e0f4     libmx:libmx.dll
 0002:000000f8       __imp__mxIsEmpty           1010e0f8     libmx:libmx.dll
 0002:000000fc       __imp__mxCreateCellMatrix_730 1010e0fc     libmx:libmx.dll
 0002:00000100       __imp__mxGetScalar         1010e100     libmx:libmx.dll
 0002:00000104       __imp__mxCreateString      1010e104     libmx:libmx.dll
 0002:00000108       __imp__mxSetField_730      1010e108     libmx:libmx.dll
 0002:0000010c       __imp__mxCreateDoubleScalar 1010e10c     libmx:libmx.dll
 0002:00000110       __imp__mxDuplicateArray    1010e110     libmx:libmx.dll
 0002:00000114       __imp__mxDestroyArray      1010e114     libmx:libmx.dll
 0002:00000118       __imp__mxIsChar            1010e118     libmx:libmx.dll
 0002:0000011c       __imp__mxGetString_730     1010e11c     libmx:libmx.dll
 0002:00000120       __imp__mxCreateDoubleMatrix_730 1010e120     libmx:libmx.dll
 0002:00000124       \177libmx_NULL_THUNK_DATA  1010e124     libmx:libmx.dll
 0002:00000128       __imp__utMalloc            1010e128     libut:libut.dll
 0002:0000012c       __imp__utFree              1010e12c     libut:libut.dll
 0002:00000130       \177libut_NULL_THUNK_DATA  1010e130     libut:libut.dll
 0002:00000134       __imp__sf_mex_listen_for_ctrl_c 1010e134     sf_runtime:sf_runtime.dll
 0002:00000138       __imp__sf_debug_eml_data_array_bounds_error_check 1010e138     sf_runtime:sf_runtime.dll
 0002:0000013c       __imp__sf_debug_integer_check 1010e13c     sf_runtime:sf_runtime.dll
 0002:00000140       __imp__sf_debug_read_before_write_check 1010e140     sf_runtime:sf_runtime.dll
 0002:00000144       __imp__sf_clear_rtw_identifier 1010e144     sf_runtime:sf_runtime.dll
 0002:00000148       __imp__sf_get_subchart_simstruct 1010e148     sf_runtime:sf_runtime.dll
 0002:0000014c       __imp__sf_mex_call_debug   1010e14c     sf_runtime:sf_runtime.dll
 0002:00000150       __imp__cv_eml_init_mcdc    1010e150     sf_runtime:sf_runtime.dll
 0002:00000154       __imp__sf_mex_printf       1010e154     sf_runtime:sf_runtime.dll
 0002:00000158       __imp__sf_debug_temporal_threshold 1010e158     sf_runtime:sf_runtime.dll
 0002:0000015c       __imp__sf_debug_symbol_scope_add_eml_dyn_importable 1010e15c     sf_runtime:sf_runtime.dll
 0002:00000160       __imp__sf_debug_set_chart_event_thresholds 1010e160     sf_runtime:sf_runtime.dll
 0002:00000164       __imp__sf_mex_import_vs    1010e164     sf_runtime:sf_runtime.dll
 0002:00000168       __imp__cv_script_init_mcdc 1010e168     sf_runtime:sf_runtime.dll
 0002:0000016c       __imp__cv_script_init_if   1010e16c     sf_runtime:sf_runtime.dll
 0002:00000170       __imp__sf_debug_symbol_scope_add_eml 1010e170     sf_runtime:sf_runtime.dll
 0002:00000174       __imp__sf_debug_create_debug_instance_struct 1010e174     sf_runtime:sf_runtime.dll
 0002:00000178       __imp__sf_debug_api        1010e178     sf_runtime:sf_runtime.dll
 0002:0000017c       __imp__callMdlMethodAndReportError 1010e17c     sf_runtime:sf_runtime.dll
 0002:00000180       __imp__call_sf_machine_global_method_dispatcher 1010e180     sf_runtime:sf_runtime.dll
 0002:00000184       __imp__sf_clear_error_manager_info 1010e184     sf_runtime:sf_runtime.dll
 0002:00000188       __imp__sf_mex_error_direct_call 1010e188     sf_runtime:sf_runtime.dll
 0002:0000018c       __imp__cv_script_eval      1010e18c     sf_runtime:sf_runtime.dll
 0002:00000190       __imp__eml_debug_line_call 1010e190     sf_runtime:sf_runtime.dll
 0002:00000194       __imp__sf_debug_symbol_scope_add_importable 1010e194     sf_runtime:sf_runtime.dll
 0002:00000198       __imp__sf_call_output_fcn_call 1010e198     sf_runtime:sf_runtime.dll
 0002:0000019c       __imp__sf_debug_unset_instance_data_value_ptr 1010e19c     sf_runtime:sf_runtime.dll
 0002:000001a0       __imp__cv_eval_point       1010e1a0     sf_runtime:sf_runtime.dll
 0002:000001a4       __imp__cv_eml_eval         1010e1a4     sf_runtime:sf_runtime.dll
 0002:000001a8       __imp__sf_debug_symbol_scope_push_eml 1010e1a8     sf_runtime:sf_runtime.dll
 0002:000001ac       __imp__sf_debug_symbol_scope_add_eml_importable 1010e1ac     sf_runtime:sf_runtime.dll
 0002:000001b0       __imp__sf_mex_sub          1010e1b0     sf_runtime:sf_runtime.dll
 0002:000001b4       __imp__sf_debug_symbol_scope_push 1010e1b4     sf_runtime:sf_runtime.dll
 0002:000001b8       __imp__sf_debug_data_range_wrapper 1010e1b8     sf_runtime:sf_runtime.dll
 0002:000001bc       __imp__sf_debug_symbol_scope_pop 1010e1bc     sf_runtime:sf_runtime.dll
 0002:000001c0       __imp__sf_debug_check_for_state_inconsistency 1010e1c0     sf_runtime:sf_runtime.dll
 0002:000001c4       __imp__sf_call_output_fcn_disable 1010e1c4     sf_runtime:sf_runtime.dll
 0002:000001c8       __imp__sf_call_output_fcn_enable 1010e1c8     sf_runtime:sf_runtime.dll
 0002:000001cc       __imp__sf_get_time         1010e1cc     sf_runtime:sf_runtime.dll
 0002:000001d0       __imp__sf_get_output_port_reusable 1010e1d0     sf_runtime:sf_runtime.dll
 0002:000001d4       __imp__sf_debug_get_script_id 1010e1d4     sf_runtime:sf_runtime.dll
 0002:000001d8       __imp__sf_debug_set_script_translation 1010e1d8     sf_runtime:sf_runtime.dll
 0002:000001dc       __imp__sf_debug_set_chart_data_props 1010e1dc     sf_runtime:sf_runtime.dll
 0002:000001e0       __imp__sf_debug_set_chart_event_scope 1010e1e0     sf_runtime:sf_runtime.dll
 0002:000001e4       __imp__sf_debug_set_chart_state_info 1010e1e4     sf_runtime:sf_runtime.dll
 0002:000001e8       __imp__sf_debug_set_chart_substate_count 1010e1e8     sf_runtime:sf_runtime.dll
 0002:000001ec       __imp__sf_debug_set_chart_decomposition 1010e1ec     sf_runtime:sf_runtime.dll
 0002:000001f0       __imp__sf_debug_set_chart_substate_index 1010e1f0     sf_runtime:sf_runtime.dll
 0002:000001f4       __imp__sf_debug_set_chart_state_substate_count 1010e1f4     sf_runtime:sf_runtime.dll
 0002:000001f8       __imp__sf_debug_set_chart_state_substate_index 1010e1f8     sf_runtime:sf_runtime.dll
 0002:000001fc       __imp__sf_debug_initialize_chart 1010e1fc     sf_runtime:sf_runtime.dll
 0002:00000200       __imp__sf_debug_terminate  1010e200     sf_runtime:sf_runtime.dll
 0002:00000204       __imp__sf_debug_set_chart_disable_implicit_casting 1010e204     sf_runtime:sf_runtime.dll
 0002:00000208       __imp__sf_debug_cv_init_chart 1010e208     sf_runtime:sf_runtime.dll
 0002:0000020c       __imp__sf_debug_cv_init_state 1010e20c     sf_runtime:sf_runtime.dll
 0002:00000210       __imp__sf_debug_cv_init_trans 1010e210     sf_runtime:sf_runtime.dll
 0002:00000214       __imp__cv_eml_init_fcn     1010e214     sf_runtime:sf_runtime.dll
 0002:00000218       __imp__cv_eml_init_script  1010e218     sf_runtime:sf_runtime.dll
 0002:0000021c       __imp__cv_eml_init_if      1010e21c     sf_runtime:sf_runtime.dll
 0002:00000220       __imp__cv_eml_init_for     1010e220     sf_runtime:sf_runtime.dll
 0002:00000224       __imp__cv_script_init_script 1010e224     sf_runtime:sf_runtime.dll
 0002:00000228       __imp__cv_script_init_fcn  1010e228     sf_runtime:sf_runtime.dll
 0002:0000022c       __imp__sf_debug_set_chart_data_compiled_props 1010e22c     sf_runtime:sf_runtime.dll
 0002:00000230       __imp__sf_debug_set_instance_data_value_ptr 1010e230     sf_runtime:sf_runtime.dll
 0002:00000234       __imp__sf_debug_reset_current_state_configuration 1010e234     sf_runtime:sf_runtime.dll
 0002:00000238       __imp__sim_mode_is_rtw_gen 1010e238     sf_runtime:sf_runtime.dll
 0002:0000023c       __imp__sim_mode_is_external 1010e23c     sf_runtime:sf_runtime.dll
 0002:00000240       __imp__sf_is_chart_inlinable 1010e240     sf_runtime:sf_runtime.dll
 0002:00000244       __imp__sf_rtw_info_uint_prop 1010e244     sf_runtime:sf_runtime.dll
 0002:00000248       __imp__sf_update_buildInfo 1010e248     sf_runtime:sf_runtime.dll
 0002:0000024c       __imp__sf_mark_output_events_with_multiple_callers 1010e24c     sf_runtime:sf_runtime.dll
 0002:00000250       __imp__sf_mark_chart_expressionable_inputs 1010e250     sf_runtime:sf_runtime.dll
 0002:00000254       __imp__sf_mark_chart_reusable_outputs 1010e254     sf_runtime:sf_runtime.dll
 0002:00000258       __imp__sf_set_rtw_dwork_info 1010e258     sf_runtime:sf_runtime.dll
 0002:0000025c       __imp__sf_mex_import       1010e25c     sf_runtime:sf_runtime.dll
 0002:00000260       __imp__sf_debug_get_animation 1010e260     sf_runtime:sf_runtime.dll
 0002:00000264       __imp__sf_debug_set_animation 1010e264     sf_runtime:sf_runtime.dll
 0002:00000268       __imp__sf_debug_set_honor_breakpoints 1010e268     sf_runtime:sf_runtime.dll
 0002:0000026c       __imp__sf_debug_call       1010e26c     sf_runtime:sf_runtime.dll
 0002:00000270       __imp__sf_mex_getcell      1010e270     sf_runtime:sf_runtime.dll
 0002:00000274       __imp__sf_debug_animate    1010e274     sf_runtime:sf_runtime.dll
 0002:00000278       __imp__sf_mex_decode_encoded_mx_struct_array 1010e278     sf_runtime:sf_runtime.dll
 0002:0000027c       __imp__sf_mex_setcell      1010e27c     sf_runtime:sf_runtime.dll
 0002:00000280       __imp__sf_mex_dup          1010e280     sf_runtime:sf_runtime.dll
 0002:00000284       __imp__sf_mex_call_matlab  1010e284     sf_runtime:sf_runtime.dll
 0002:00000288       __imp__sf_mex_error_message 1010e288     sf_runtime:sf_runtime.dll
 0002:0000028c       __imp__sf_mex_create       1010e28c     sf_runtime:sf_runtime.dll
 0002:00000290       __imp__sf_mex_addfield     1010e290     sf_runtime:sf_runtime.dll
 0002:00000294       __imp__sf_mex_createcellmatrix 1010e294     sf_runtime:sf_runtime.dll
 0002:00000298       __imp__sf_mex_duplicatearraysafe 1010e298     sf_runtime:sf_runtime.dll
 0002:0000029c       __imp__sf_mex_destroy      1010e29c     sf_runtime:sf_runtime.dll
 0002:000002a0       __imp__sf_mex_createstruct 1010e2a0     sf_runtime:sf_runtime.dll
 0002:000002a4       __imp__sf_mex_assign       1010e2a4     sf_runtime:sf_runtime.dll
 0002:000002a8       __imp__sf_mex_emlrtNameCapturePostProcessR2012a 1010e2a8     sf_runtime:sf_runtime.dll
 0002:000002ac       __imp__sf_load_rtw_optimization_info 1010e2ac     sf_runtime:sf_runtime.dll
 0002:000002b0       __imp__sf_debug_initialize_machine 1010e2b0     sf_runtime:sf_runtime.dll
 0002:000002b4       __imp__sf_debug_set_machine_event_thresholds 1010e2b4     sf_runtime:sf_runtime.dll
 0002:000002b8       __imp__sf_debug_sub_assign_size_check_nd 1010e2b8     sf_runtime:sf_runtime.dll
 0002:000002bc       __imp__sf_debug_set_machine_data_thresholds 1010e2bc     sf_runtime:sf_runtime.dll
 0002:000002c0       \177sf_runtime_NULL_THUNK_DATA 1010e2c0     sf_runtime:sf_runtime.dll
 0002:000002c4       ___xc_a                    1010e2c4     MSVCRT:cinitexe.obj
 0002:000002c8       ___xc_z                    1010e2c8     MSVCRT:cinitexe.obj
 0002:000002cc       ___xi_a                    1010e2cc     MSVCRT:cinitexe.obj
 0002:000002d8       ___xi_z                    1010e2d8     MSVCRT:cinitexe.obj
 0002:000002e0       __real@41ed2db0d0600000    1010e2e0     DemoGazeFollowWaveIdle_sfun.obj
 0002:000002e8       __real@41e9ff53ab600000    1010e2e8     DemoGazeFollowWaveIdle_sfun.obj
 0002:000002f0       __real@41e5ee4a81a00000    1010e2f0     DemoGazeFollowWaveIdle_sfun.obj
 0002:000002f8       __real@41d0b6dc0a400000    1010e2f8     DemoGazeFollowWaveIdle_sfun.obj
 0002:00000300       __real@41b0fb04df000000    1010e300     DemoGazeFollowWaveIdle_sfun.obj
 0002:00000308       __real@41da14ed17400000    1010e308     DemoGazeFollowWaveIdle_sfun.obj
 0002:00000310       __real@41d47f2e8cc00000    1010e310     DemoGazeFollowWaveIdle_sfun.obj
 0002:00000318       __real@41eb0e6e75400000    1010e318     DemoGazeFollowWaveIdle_sfun.obj
 0002:00000320       __real@41ed05eff1800000    1010e320     DemoGazeFollowWaveIdle_sfun.obj
 0002:00000328       __real@41e63f1f88a00000    1010e328     DemoGazeFollowWaveIdle_sfun.obj
 0002:00000330       __real@41e58919b8a00000    1010e330     DemoGazeFollowWaveIdle_sfun.obj
 0002:00000338       __real@41e13ad4b9800000    1010e338     DemoGazeFollowWaveIdle_sfun.obj
 0002:00000340       __real@0000000000000000    1010e340     DemoGazeFollowWaveIdle_sfun.obj
 0002:00000348       __real@41b5076ec5000000    1010e348     DemoGazeFollowWaveIdle_sfun.obj
 0002:00000350       __real@41e26fff5d000000    1010e350     DemoGazeFollowWaveIdle_sfun.obj
 0002:00000358       __real@41b5709652000000    1010e358     DemoGazeFollowWaveIdle_sfun.obj
 0002:00000360       __real@41c43c5611800000    1010e360     DemoGazeFollowWaveIdle_sfun.obj
 0002:00000368       __real@41d7883788800000    1010e368     c1_DemoGazeFollowWaveIdle.obj
 0002:00000370       __real@4192f344c4000000    1010e370     c1_DemoGazeFollowWaveIdle.obj
 0002:00000378       __real@41e9db70ae400000    1010e378     c1_DemoGazeFollowWaveIdle.obj
 0002:00000380       __real@41d283958a400000    1010e380     c1_DemoGazeFollowWaveIdle.obj
 0002:00000388       __real@4014000000000000    1010e388     c1_DemoGazeFollowWaveIdle.obj
 0002:00000390       __real@4070000000000000    1010e390     c1_DemoGazeFollowWaveIdle.obj
 0002:00000398       __real@4024000000000000    1010e398     c1_DemoGazeFollowWaveIdle.obj
 0002:000003a0       __real@4030000000000000    1010e3a0     c1_DemoGazeFollowWaveIdle.obj
 0002:000003a8       __real@3ff0000000000000    1010e3a8     c1_DemoGazeFollowWaveIdle.obj
 0002:000003b0       __real@4018000000000000    1010e3b0     c1_DemoGazeFollowWaveIdle.obj
 0002:000003b8       __real@4010000000000000    1010e3b8     c1_DemoGazeFollowWaveIdle.obj
 0002:000003c0       __real@4008000000000000    1010e3c0     c1_DemoGazeFollowWaveIdle.obj
 0002:000003c8       __real@4000000000000000    1010e3c8     c1_DemoGazeFollowWaveIdle.obj
 0002:000003d0       __real@4040000000000000    1010e3d0     c1_DemoGazeFollowWaveIdle.obj
 0002:000003d8       __real@402c000000000000    1010e3d8     c4_DemoGazeFollowWaveIdle.obj
 0002:000003e0       __real@4022000000000000    1010e3e0     c4_DemoGazeFollowWaveIdle.obj
 0002:000003e8       __real@4020000000000000    1010e3e8     c4_DemoGazeFollowWaveIdle.obj
 0002:000003f0       __real@4036000000000000    1010e3f0     c4_DemoGazeFollowWaveIdle.obj
 0002:000003f8       __real@3defffffffffffff    1010e3f8     c4_DemoGazeFollowWaveIdle.obj
 0002:00000400       __real@3e00000000200000    1010e400     c4_DemoGazeFollowWaveIdle.obj
 0002:00000408       __real@40b5710000000000    1010e408     c4_DemoGazeFollowWaveIdle.obj
 0002:00000410       __real@4035000000000000    1010e410     c4_DemoGazeFollowWaveIdle.obj
 0002:00000418       __real@4034000000000000    1010e418     c4_DemoGazeFollowWaveIdle.obj
 0002:00000420       __real@4033000000000000    1010e420     c4_DemoGazeFollowWaveIdle.obj
 0002:00000428       __real@4032000000000000    1010e428     c4_DemoGazeFollowWaveIdle.obj
 0002:00000430       __real@4031000000000000    1010e430     c4_DemoGazeFollowWaveIdle.obj
 0002:00000438       __real@402e000000000000    1010e438     c4_DemoGazeFollowWaveIdle.obj
 0002:00000440       __real@402a000000000000    1010e440     c4_DemoGazeFollowWaveIdle.obj
 0002:00000448       __real@4028000000000000    1010e448     c4_DemoGazeFollowWaveIdle.obj
 0002:00000450       __real@4026000000000000    1010e450     c4_DemoGazeFollowWaveIdle.obj
 0002:00000458       __real@401c000000000000    1010e458     c4_DemoGazeFollowWaveIdle.obj
 0002:00000460       __real@405b000000000000    1010e460     c4_DemoGazeFollowWaveIdle.obj
 0002:00000468       __real@405a000000000000    1010e468     c4_DemoGazeFollowWaveIdle.obj
 0002:00000470       __real@405a800000000000    1010e470     c4_DemoGazeFollowWaveIdle.obj
 0002:00000478       __real@4062a00000000000    1010e478     c4_DemoGazeFollowWaveIdle.obj
 0002:00000480       __real@4056c00000000000    1010e480     c4_DemoGazeFollowWaveIdle.obj
 0002:00000488       __real@405a400000000000    1010e488     c4_DemoGazeFollowWaveIdle.obj
 0002:00000490       __real@4063400000000000    1010e490     c4_DemoGazeFollowWaveIdle.obj
 0002:00000498       __real@4057400000000000    1010e498     c4_DemoGazeFollowWaveIdle.obj
 0002:000004a0       __real@4057000000000000    1010e4a0     c4_DemoGazeFollowWaveIdle.obj
 0002:000004a8       __real@405b400000000000    1010e4a8     c4_DemoGazeFollowWaveIdle.obj
 0002:000004b0       __real@405ac00000000000    1010e4b0     c4_DemoGazeFollowWaveIdle.obj
 0002:000004b8       __real@405cc00000000000    1010e4b8     c4_DemoGazeFollowWaveIdle.obj
 0002:000004c0       __real@4061200000000000    1010e4c0     c4_DemoGazeFollowWaveIdle.obj
 0002:000004c8       __real@4061800000000000    1010e4c8     c4_DemoGazeFollowWaveIdle.obj
 0002:000004d0       __real@4061600000000000    1010e4d0     c4_DemoGazeFollowWaveIdle.obj
 0002:000004d8       __real@41f0000000000000    1010e4d8     c4_DemoGazeFollowWaveIdle.obj
 0002:000004e0       __real@3ca0000000000000    1010e4e0     c4_DemoGazeFollowWaveIdle.obj
 0002:000004e8       __real@4190000000000000    1010e4e8     c4_DemoGazeFollowWaveIdle.obj
 0002:000004f0       __real@406c800000000000    1010e4f0     c4_DemoGazeFollowWaveIdle.obj
 0002:000004f8       __real@4078d00000000000    1010e4f8     c4_DemoGazeFollowWaveIdle.obj
[...]
 0001:000eb790       _mdlProcessParameters_c11_DemoGazeFollowWaveIdle 100ec790 f   c11_DemoGazeFollowWaveIdle.obj
 0001:000eb840       _initialize_params_c11_DemoGazeFollowWaveIdle 100ec840 f   c11_DemoGazeFollowWaveIdle.obj
 0001:000eb850       _mdlSetWorkWidths_c11_DemoGazeFollowWaveIdle 100ec850 f   c11_DemoGazeFollowWaveIdle.obj
 0001:000ebbf0       _sf_get_instance_specialization 100ecbf0 f   c11_DemoGazeFollowWaveIdle.obj
 0001:000ebc00       _mdlStart_c11_DemoGazeFollowWaveIdle 100ecc00 f   c11_DemoGazeFollowWaveIdle.obj
 0001:000ebda0       _init_dsm_address_info     100ecda0 f   c11_DemoGazeFollowWaveIdle.obj
 0001:000ec270       _chart_debug_initialization 100ed270 f   c11_DemoGazeFollowWaveIdle.obj
 0001:000ee1f0       _init_script_number_translation 100ef1f0 f   c11_DemoGazeFollowWaveIdle.obj
 0001:000ee230       _sf_opaque_initialize_c11_DemoGazeFollowWaveIdle 100ef230 f   c11_DemoGazeFollowWaveIdle.obj
 0001:000ee260       _initialize_c11_DemoGazeFollowWaveIdle 100ef260 f   c11_DemoGazeFollowWaveIdle.obj
 0001:000ee270       _sf_opaque_enable_c11_DemoGazeFollowWaveIdle 100ef270 f   c11_DemoGazeFollowWaveIdle.obj
 0001:000ee290       _enable_c11_DemoGazeFollowWaveIdle 100ef290 f   c11_DemoGazeFollowWaveIdle.obj
 0001:000ee2a0       _sf_opaque_disable_c11_DemoGazeFollowWaveIdle 100ef2a0 f   c11_DemoGazeFollowWaveIdle.obj
 0001:000ee2c0       _disable_c11_DemoGazeFollowWaveIdle 100ef2c0 f   c11_DemoGazeFollowWaveIdle.obj
 0001:000ee2d0       _sf_opaque_gateway_c11_DemoGazeFollowWaveIdle 100ef2d0 f   c11_DemoGazeFollowWaveIdle.obj
 0001:000ee2f0       _sf_gateway_c11_DemoGazeFollowWaveIdle 100ef2f0 f   c11_DemoGazeFollowWaveIdle.obj
 0001:000ee310       _c11_set_sim_state_side_effects_c11_DemoGazeFollowWaveIdle 100ef310 f   c11_DemoGazeFollowWaveIdle.obj
 0001:000ee450       _sf_opaque_get_sim_state_c11_DemoGazeFollowWaveIdle 100ef450 f   c11_DemoGazeFollowWaveIdle.obj
 0001:000ee460       _sf_opaque_set_sim_state_c11_DemoGazeFollowWaveIdle 100ef460 f   c11_DemoGazeFollowWaveIdle.obj
 0001:000ee470       _sf_opaque_terminate_c11_DemoGazeFollowWaveIdle 100ef470 f   c11_DemoGazeFollowWaveIdle.obj
 0001:000ee500       _finalize_c11_DemoGazeFollowWaveIdle 100ef500 f   c11_DemoGazeFollowWaveIdle.obj
 0001:000ee520       _sf_opaque_init_subchart_simstructs 100ef520 f   c11_DemoGazeFollowWaveIdle.obj
 0001:000ee540       _initSimStructsc11_DemoGazeFollowWaveIdle 100ef540 f   c11_DemoGazeFollowWaveIdle.obj
 0001:000ee550       _mdlRTW_c11_DemoGazeFollowWaveIdle 100ef550 f   c11_DemoGazeFollowWaveIdle.obj
 0001:000ee5f0       _c17_info_helper           100ef5f0 f   c17_DemoGazeFollowWaveIdle.obj
 0001:000eeba0       _c17_emlrt_marshallOut     100efba0 f   c17_DemoGazeFollowWaveIdle.obj
 0001:000eec00       _c17_b_emlrt_marshallOut   100efc00 f   c17_DemoGazeFollowWaveIdle.obj
 0001:000f00f0       _get_sim_state_c17_DemoGazeFollowWaveIdle 100f10f0 f   c17_DemoGazeFollowWaveIdle.obj
 0001:000f0270       _sf_get_sim_state_info_c17_DemoGazeFollowWaveIdle 100f1270 f   c17_DemoGazeFollowWaveIdle.obj
 0001:000f03f0       _set_sim_state_c17_DemoGazeFollowWaveIdle 100f13f0 f   c17_DemoGazeFollowWaveIdle.obj
 0001:000f0520       _c17_update_debugger_state_c17_DemoGazeFollowWaveIdle 100f1520 f   c17_DemoGazeFollowWaveIdle.obj
 0001:000f0530       _c17_emlrt_marshallIn      100f1530 f   c17_DemoGazeFollowWaveIdle.obj
 0001:000f0580       _c17_b_emlrt_marshallIn    100f1580 f   c17_DemoGazeFollowWaveIdle.obj
 0001:000f0620       _c17_e_emlrt_marshallIn    100f1620 f   c17_DemoGazeFollowWaveIdle.obj
 0001:000f0670       _c17_f_emlrt_marshallIn    100f1670 f   c17_DemoGazeFollowWaveIdle.obj
 0001:000f0720       _mdlProcessParameters_c17_DemoGazeFollowWaveIdle 100f1720 f   c17_DemoGazeFollowWaveIdle.obj
 0001:000f07d0       _initialize_params_c17_DemoGazeFollowWaveIdle 100f17d0 f   c17_DemoGazeFollowWaveIdle.obj
 0001:000f07e0       _mdlSetWorkWidths_c17_DemoGazeFollowWaveIdle 100f17e0 f   c17_DemoGazeFollowWaveIdle.obj
 0001:000f0d80       _sf_get_instance_specialization 100f1d80 f   c17_DemoGazeFollowWaveIdle.obj
 0001:000f0d90       _mdlStart_c17_DemoGazeFollowWaveIdle 100f1d90 f   c17_DemoGazeFollowWaveIdle.obj
 0001:000f0f30       _init_dsm_address_info     100f1f30 f   c17_DemoGazeFollowWaveIdle.obj
 0001:000f0f40       _chart_debug_initialization 100f1f40 f   c17_DemoGazeFollowWaveIdle.obj
 0001:000f1f10       _init_script_number_translation 100f2f10 f   c17_DemoGazeFollowWaveIdle.obj
 0001:000f1f20       _c17_sf_marshallOut        100f2f20 f   c17_DemoGazeFollowWaveIdle.obj
 0001:000f2020       _c17_sf_marshallIn         100f3020 f   c17_DemoGazeFollowWaveIdle.obj
 0001:000f20e0       _c17_b_sf_marshallOut      100f30e0 f   c17_DemoGazeFollowWaveIdle.obj
 0001:000f2160       _sf_opaque_initialize_c17_DemoGazeFollowWaveIdle 100f3160 f   c17_DemoGazeFollowWaveIdle.obj
 0001:000f2190       _initialize_c17_DemoGazeFollowWaveIdle 100f3190 f   c17_DemoGazeFollowWaveIdle.obj
 0001:000f21c0       _sf_opaque_enable_c17_DemoGazeFollowWaveIdle 100f31c0 f   c17_DemoGazeFollowWaveIdle.obj
 0001:000f21e0       _enable_c17_DemoGazeFollowWaveIdle 100f31e0 f   c17_DemoGazeFollowWaveIdle.obj
 0001:000f2200       _sf_opaque_disable_c17_DemoGazeFollowWaveIdle 100f3200 f   c17_DemoGazeFollowWaveIdle.obj
 0001:000f2220       _disable_c17_DemoGazeFollowWaveIdle 100f3220 f   c17_DemoGazeFollowWaveIdle.obj
 0001:000f2240       _sf_opaque_gateway_c17_DemoGazeFollowWaveIdle 100f3240 f   c17_DemoGazeFollowWaveIdle.obj
 0001:000f2260       _sf_gateway_c17_DemoGazeFollowWaveIdle 100f3260 f   c17_DemoGazeFollowWaveIdle.obj
 0001:000f3650       _c17_b_sf_marshallIn       100f4650 f   c17_DemoGazeFollowWaveIdle.obj
 0001:000f36d0       _c17_c_emlrt_marshallIn    100f46d0 f   c17_DemoGazeFollowWaveIdle.obj
 0001:000f3720       _sf_opaque_get_sim_state_c17_DemoGazeFollowWaveIdle 100f4720 f   c17_DemoGazeFollowWaveIdle.obj
 0001:000f3740       _sf_opaque_set_sim_state_c17_DemoGazeFollowWaveIdle 100f4740 f   c17_DemoGazeFollowWaveIdle.obj
 0001:000f3760       _sf_opaque_terminate_c17_DemoGazeFollowWaveIdle 100f4760 f   c17_DemoGazeFollowWaveIdle.obj
 0001:000f37f0       _finalize_c17_DemoGazeFollowWaveIdle 100f47f0 f   c17_DemoGazeFollowWaveIdle.obj
 0001:000f3800       _sf_opaque_init_subchart_simstructs 100f4800 f   c17_DemoGazeFollowWaveIdle.obj
 0001:000f3820       _initSimStructsc17_DemoGazeFollowWaveIdle 100f4820 f   c17_DemoGazeFollowWaveIdle.obj
 0001:000f3830       _mdlRTW_c17_DemoGazeFollowWaveIdle 100f4830 f   c17_DemoGazeFollowWaveIdle.obj
 0001:000f38e0       _c20_info_helper           100f48e0 f   c20_DemoGazeFollowWaveIdle.obj
 0001:000f4610       _c20_emlrt_marshallOut     100f5610 f   c20_DemoGazeFollowWaveIdle.obj
 0001:000f4670       _c20_b_emlrt_marshallOut   100f5670 f   c20_DemoGazeFollowWaveIdle.obj
 0001:000f46f0       _c20_activate_secsc20_DemoGazeFollowWaveIdle 100f56f0 f   c20_DemoGazeFollowWaveIdle.obj
 0001:000f4780       _c20_increment_counters_secsc20_DemoGazeFollowWaveIdle 100f5780 f   c20_DemoGazeFollowWaveIdle.obj
 0001:000f47e0       _c20_reset_counters_secsc20_DemoGazeFollowWaveIdle 100f57e0 f   c20_DemoGazeFollowWaveIdle.obj
 0001:000f4820       _c20_deactivate_secsc20_DemoGazeFollowWaveIdle 100f5820 f   c20_DemoGazeFollowWaveIdle.obj
 0001:000f48e0       _c20_c20_DemoGazeFollowWaveIdle 100f58e0 f   c20_DemoGazeFollowWaveIdle.obj
 0001:000f60e0       _c20_gazeCamera            100f70e0 f   c20_DemoGazeFollowWaveIdle.obj
 0001:000f6810       _c20_wave                  100f7810 f   c20_DemoGazeFollowWaveIdle.obj
 0001:000f89c0       _c20_enter_atomic_gazeCamera 100f99c0 f   c20_DemoGazeFollowWaveIdle.obj
 0001:000f8e30       _c20_enter_atomic_gazeCamera1 100f9e30 f   c20_DemoGazeFollowWaveIdle.obj
 0001:000f9290       _c20_gazeCamera1           100fa290 f   c20_DemoGazeFollowWaveIdle.obj
 0001:000f9a20       _c20_enter_atomic_waveLeftHand 100faa20 f   c20_DemoGazeFollowWaveIdle.obj
 0001:000f9e60       _c20_enter_atomic_waveBothHands 100fae60 f   c20_DemoGazeFollowWaveIdle.obj
 0001:000fa2d0       _c20_enter_atomic_gazeCamera2 100fb2d0 f   c20_DemoGazeFollowWaveIdle.obj
 0001:000fa730       _c20_b_sf_marshallOut      100fb730 f   c20_DemoGazeFollowWaveIdle.obj
 0001:000fa7b0       _c20_b_sf_marshallIn       100fb7b0 f   c20_DemoGazeFollowWaveIdle.obj
 0001:000fa830       _c20_d_emlrt_marshallIn    100fb830 f   c20_DemoGazeFollowWaveIdle.obj
 0001:000fa880       _c20_c_sf_marshallOut      100fb880 f   c20_DemoGazeFollowWaveIdle.obj
 0001:000fa900       _c20_c_sf_marshallIn       100fb900 f   c20_DemoGazeFollowWaveIdle.obj
 0001:000fa980       _c20_e_emlrt_marshallIn    100fb980 f   c20_DemoGazeFollowWaveIdle.obj
 0001:000faa20       _c20_enter_atomic_c20_DemoGazeFollowWaveIdle 100fba20 f   c20_DemoGazeFollowWaveIdle.obj
 0001:000faad0       _c20_enter_internal_c20_DemoGazeFollowWaveIdle 100fbad0 f   c20_DemoGazeFollowWaveIdle.obj
 0001:000fb7f0       _c20_d_sf_marshallOut      100fc7f0 f   c20_DemoGazeFollowWaveIdle.obj
 0001:000fb920       _c20_d_sf_marshallIn       100fc920 f   c20_DemoGazeFollowWaveIdle.obj
 0001:000fb9f0       _c20_g_emlrt_marshallIn    100fc9f0 f   c20_DemoGazeFollowWaveIdle.obj
 0001:000fba80       _c20_p_sf_marshallOut      100fca80 f   c20_DemoGazeFollowWaveIdle.obj
 0001:000fbb40       _c20_exit_internal_c20_DemoGazeFollowWaveIdle 100fcb40 f   c20_DemoGazeFollowWaveIdle.obj
 0001:000fc270       _c20_initc20_DemoGazeFollowWaveIdle 100fd270 f   c20_DemoGazeFollowWaveIdle.obj
 0001:000fc430       _c20_wavePoseBradTablec20_DemoGazeFollowWaveIdle 100fd430 f   c20_DemoGazeFollowWaveIdle.obj
 0001:000fdff0       _c20_encStr2Arr            100feff0 f   c20_DemoGazeFollowWaveIdle.obj
 0001:000fe530       _c20_b_encStr2Arr          100ff530 f   c20_DemoGazeFollowWaveIdle.obj
 0001:000fea90       _c20_c_encStr2Arr          100ffa90 f   c20_DemoGazeFollowWaveIdle.obj
 0001:000fefe0       _c20_d_encStr2Arr          100fffe0 f   c20_DemoGazeFollowWaveIdle.obj
 0001:000ff530       _c20_sf_marshallOut        10100530 f   c20_DemoGazeFollowWaveIdle.obj
 0001:000ff660       _c20_sf_marshallIn         10100660 f   c20_DemoGazeFollowWaveIdle.obj
 0001:000ff730       _c20_b_emlrt_marshallIn    10100730 f   c20_DemoGazeFollowWaveIdle.obj
 0001:000ff7c0       _c20_e_sf_marshallOut      101007c0 f   c20_DemoGazeFollowWaveIdle.obj
 0001:000ff8d0       _c20_f_sf_marshallOut      101008d0 f   c20_DemoGazeFollowWaveIdle.obj
 0001:000ffa00       _c20_g_sf_marshallOut      10100a00 f   c20_DemoGazeFollowWaveIdle.obj
 0001:000ffb10       _c20_h_sf_marshallOut      10100b10 f   c20_DemoGazeFollowWaveIdle.obj
 0001:000ffc40       _c20_i_sf_marshallOut      10100c40 f   c20_DemoGazeFollowWaveIdle.obj
 0001:000ffd50       _c20_j_sf_marshallOut      10100d50 f   c20_DemoGazeFollowWaveIdle.obj
 0001:000ffe80       _c20_k_sf_marshallOut      10100e80 f   c20_DemoGazeFollowWaveIdle.obj
 0001:000fff90       _c20_l_sf_marshallOut      10100f90 f   c20_DemoGazeFollowWaveIdle.obj
 0001:001000c0       _c20_m_sf_marshallOut      101010c0 f   c20_DemoGazeFollowWaveIdle.obj
 0001:001001d0       _c20_n_sf_marshallOut      101011d0 f   c20_DemoGazeFollowWaveIdle.obj
 0001:00100300       _c20_insertQueuec20_DemoGazeFollowWaveIdle 10101300 f   c20_DemoGazeFollowWaveIdle.obj
 0001:00101390       _c20_o_sf_marshallOut      10102390 f   c20_DemoGazeFollowWaveIdle.obj
 0001:00101540       _c20_e_sf_marshallIn       10102540 f   c20_DemoGazeFollowWaveIdle.obj
 0001:00101640       _c20_i_emlrt_marshallIn    10102640 f   c20_DemoGazeFollowWaveIdle.obj
 0001:00101810       _c20_updateDataWrittenToVector 10102810 f   c20_DemoGazeFollowWaveIdle.obj
 0001:00101860       _c20_errorIfDataNotWrittenToFcn 10102860 f   c20_DemoGazeFollowWaveIdle.obj
 0001:001018e0       _c20_set_P                 101028e0 f   c20_DemoGazeFollowWaveIdle.obj
 0001:00101970       _c20_set_STATE_BEFORE      10102970 f   c20_DemoGazeFollowWaveIdle.obj
 0001:00101a00       _c20_get_STATE_OVER        10102a00 f   c20_DemoGazeFollowWaveIdle.obj
 0001:00101a90       _c20_set_STATE_OVER        10102a90 f   c20_DemoGazeFollowWaveIdle.obj
 0001:00101b20       _c20_get_avert             10102b20 f   c20_DemoGazeFollowWaveIdle.obj
 0001:00101bb0       _c20_set_avert             10102bb0 f   c20_DemoGazeFollowWaveIdle.obj
 0001:00101c40       _c20_get_bmlsM             10102c40 f   c20_DemoGazeFollowWaveIdle.obj
 0001:00101cd0       _c20_set_bmlsM             10102cd0 f   c20_DemoGazeFollowWaveIdle.obj
 0001:00102880       _get_sim_state_c20_DemoGazeFollowWaveIdle 10103880 f   c20_DemoGazeFollowWaveIdle.obj
 0001:00102e20       _sf_get_sim_state_info_c20_DemoGazeFollowWaveIdle 10103e20 f   c20_DemoGazeFollowWaveIdle.obj
 0001:00102fa0       _set_sim_state_c20_DemoGazeFollowWaveIdle 10103fa0 f   c20_DemoGazeFollowWaveIdle.obj
 0001:00103300       _c20_update_debugger_state_c20_DemoGazeFollowWaveIdle 10104300 f   c20_DemoGazeFollowWaveIdle.obj
 0001:00103940       _c20_emlrt_marshallIn      10104940 f   c20_DemoGazeFollowWaveIdle.obj
 0001:00103990       _c20_c_emlrt_marshallIn    10104990 f   c20_DemoGazeFollowWaveIdle.obj
 0001:001039e0       _c20_f_emlrt_marshallIn    101049e0 f   c20_DemoGazeFollowWaveIdle.obj
 0001:00103a30       _c20_h_emlrt_marshallIn    10104a30 f   c20_DemoGazeFollowWaveIdle.obj
 0001:00103a80       _c20_l_emlrt_marshallIn    10104a80 f   c20_DemoGazeFollowWaveIdle.obj
 0001:00103ad0       _c20_m_emlrt_marshallIn    10104ad0 f   c20_DemoGazeFollowWaveIdle.obj
 0001:00103b20       _c20_n_emlrt_marshallIn    10104b20 f   c20_DemoGazeFollowWaveIdle.obj
 0001:00103b80       _c20_o_emlrt_marshallIn    10104b80 f   c20_DemoGazeFollowWaveIdle.obj
 0001:00103c20       _mdlProcessParameters_c20_DemoGazeFollowWaveIdle 10104c20 f   c20_DemoGazeFollowWaveIdle.obj
 0001:00103cd0       _initialize_params_c20_DemoGazeFollowWaveIdle 10104cd0 f   c20_DemoGazeFollowWaveIdle.obj
 0001:00103ce0       _mdlSetWorkWidths_c20_DemoGazeFollowWaveIdle 10104ce0 f   c20_DemoGazeFollowWaveIdle.obj
 0001:00104080       _sf_get_instance_specialization 10105080 f   c20_DemoGazeFollowWaveIdle.obj
 0001:00104090       _mdlStart_c20_DemoGazeFollowWaveIdle 10105090 f   c20_DemoGazeFollowWaveIdle.obj
 0001:00104230       _init_dsm_address_info     10105230 f   c20_DemoGazeFollowWaveIdle.obj
 0001:00104600       _chart_debug_initialization 10105600 f   c20_DemoGazeFollowWaveIdle.obj
 0001:00107010       _init_script_number_translation 10108010 f   c20_DemoGazeFollowWaveIdle.obj
 0001:00107050       _sf_opaque_initialize_c20_DemoGazeFollowWaveIdle 10108050 f   c20_DemoGazeFollowWaveIdle.obj
 0001:00107080       _initialize_c20_DemoGazeFollowWaveIdle 10108080 f   c20_DemoGazeFollowWaveIdle.obj
 0001:00107090       _sf_opaque_enable_c20_DemoGazeFollowWaveIdle 10108090 f   c20_DemoGazeFollowWaveIdle.obj
 0001:001070b0       _enable_c20_DemoGazeFollowWaveIdle 101080b0 f   c20_DemoGazeFollowWaveIdle.obj
 0001:001070c0       _sf_opaque_disable_c20_DemoGazeFollowWaveIdle 101080c0 f   c20_DemoGazeFollowWaveIdle.obj
 0001:001070e0       _disable_c20_DemoGazeFollowWaveIdle 101080e0 f   c20_DemoGazeFollowWaveIdle.obj
 0001:001070f0       _sf_opaque_gateway_c20_DemoGazeFollowWaveIdle 101080f0 f   c20_DemoGazeFollowWaveIdle.obj
 0001:00107110       _sf_gateway_c20_DemoGazeFollowWaveIdle 10108110 f   c20_DemoGazeFollowWaveIdle.obj
 0001:00107130       _c20_set_sim_state_side_effects_c20_DemoGazeFollowWaveIdle 10108130 f   c20_DemoGazeFollowWaveIdle.obj
 0001:001073d0       _sf_opaque_get_sim_state_c20_DemoGazeFollowWaveIdle 101083d0 f   c20_DemoGazeFollowWaveIdle.obj
 0001:001073e0       _sf_opaque_set_sim_state_c20_DemoGazeFollowWaveIdle 101083e0 f   c20_DemoGazeFollowWaveIdle.obj
 0001:001073f0       _sf_opaque_terminate_c20_DemoGazeFollowWaveIdle 101083f0 f   c20_DemoGazeFollowWaveIdle.obj
 0001:00107480       _finalize_c20_DemoGazeFollowWaveIdle 10108480 f   c20_DemoGazeFollowWaveIdle.obj
 0001:001074a0       _sf_opaque_init_subchart_simstructs 101084a0 f   c20_DemoGazeFollowWaveIdle.obj
 0001:001074c0       _initSimStructsc20_DemoGazeFollowWaveIdle 101084c0 f   c20_DemoGazeFollowWaveIdle.obj
 0001:001074d0       _mdlRTW_c20_DemoGazeFollowWaveIdle 101084d0 f   c20_DemoGazeFollowWaveIdle.obj
 0001:00107c10       _getChartInfoFromSimStruct 10108c10 f   DemoGazeFollowWaveIdle_sfun_registry.obj
 0001:00108d10       __ssFatalError             10109d10 f   DemoGazeFollowWaveIdle_sfun_registry.obj
 0001:0010b070       _ProcessMexSfunctionCmdLineCall 1010c070 f   DemoGazeFollowWaveIdle_sfun_registry.obj
 0001:0010b190       _sf_debug_api_wrapper      1010c190 f   DemoGazeFollowWaveIdle_sfun_registry.obj
 0001:0010b1c0       _mdlStart                  1010c1c0 f   DemoGazeFollowWaveIdle_sfun_registry.obj
 0001:0010b1e0       _mdl_start_processing      1010c1e0 f   DemoGazeFollowWaveIdle_sfun_registry.obj
 0001:0010b250       _mdlTerminate              1010c250 f   DemoGazeFollowWaveIdle_sfun_registry.obj
 0001:0010b270       _mdl_terminate_processing  1010c270 f   DemoGazeFollowWaveIdle_sfun_registry.obj
 0001:0010b2e0       _mdlInitializeSampleTimes  1010c2e0 f   DemoGazeFollowWaveIdle_sfun_registry.obj
 0001:0010b300       _mdlZeroCrossings          1010c300 f   DemoGazeFollowWaveIdle_sfun_registry.obj
 0001:0010b320       _mdl_zeroCrossings_processing 1010c320 f   DemoGazeFollowWaveIdle_sfun_registry.obj
 0001:0010b350       _mdlDerivatives            1010c350 f   DemoGazeFollowWaveIdle_sfun_registry.obj
 0001:0010b370       _mdl_derivatives_processing 1010c370 f   DemoGazeFollowWaveIdle_sfun_registry.obj
 0001:0010b3b0       _mdlInitializeConditions   1010c3b0 f   DemoGazeFollowWaveIdle_sfun_registry.obj
 0001:0010b3d0       _mdl_initialize_conditions_processing 1010c3d0 f   DemoGazeFollowWaveIdle_sfun_registry.obj
 0001:0010b410       _mdlEnable                 1010c410 f   DemoGazeFollowWaveIdle_sfun_registry.obj
 0001:0010b430       _mdl_enable_processing     1010c430 f   DemoGazeFollowWaveIdle_sfun_registry.obj
 0001:0010b460       _mdlDisable                1010c460 f   DemoGazeFollowWaveIdle_sfun_registry.obj
 0001:0010b480       _mdl_disable_processing    1010c480 f   DemoGazeFollowWaveIdle_sfun_registry.obj
 0001:0010b4b0       _mdlOutputs                1010c4b0 f   DemoGazeFollowWaveIdle_sfun_registry.obj
 0001:0010b4d0       _mdl_outputs_processing    1010c4d0 f   DemoGazeFollowWaveIdle_sfun_registry.obj
 0001:0010b5a0       _mdl_outputs_continuous_legacy 1010c5a0 f   DemoGazeFollowWaveIdle_sfun_registry.obj
 0001:0010b670       _mdlGetTimeOfNextVarHit    1010c670 f   DemoGazeFollowWaveIdle_sfun_registry.obj
 0001:0010b6b0       __ProcessMexSfunctionCmdLineCall 1010c6b0 f   DemoGazeFollowWaveIdle_sfun_registry.obj
 0001:0010bcd0       _mdlSetWorkWidths          1010ccd0 f   DemoGazeFollowWaveIdle_sfun_registry.obj
 0001:0010bcf0       _mdlProcessParameters      1010ccf0 f   DemoGazeFollowWaveIdle_sfun_registry.obj
 0001:0010bd10       _mdlInitializeSizes        1010cd10 f   DemoGazeFollowWaveIdle_sfun_registry.obj
 0001:0010bd30       _mdlExtModeExec            1010cd30 f   DemoGazeFollowWaveIdle_sfun_registry.obj
 0001:0010bd50       _mdl_ext_mode_exec_processing 1010cd50 f   DemoGazeFollowWaveIdle_sfun_registry.obj
 0001:0010bd90       _mdlRTW                    1010cd90 f   DemoGazeFollowWaveIdle_sfun_registry.obj
 0001:0010bdc0       __CreateSimStruct          1010cdc0 f   DemoGazeFollowWaveIdle_sfun_registry.obj
 0001:0010bef0       __RegNumInputPortsCB       1010cef0 f   DemoGazeFollowWaveIdle_sfun_registry.obj
 0001:0010bf50       __RegNumOutputPortsCB      1010cf50 f   DemoGazeFollowWaveIdle_sfun_registry.obj
 0001:0010c527       _pre_c_init                1010d527 f   MSVCRT:crtdll.obj
 0001:0010c77f       ___DllMainCRTStartup       1010d77f f   MSVCRT:crtdll.obj
