 ARP_02_RPSs_Bdr_GK_BIS2_sfun

 Timestamp is 559ee632 (Thu Jul 09 14:22:58 2015)

 Preferred load address is 10000000

 Start         Length     Name                   Class
 0001:00000000 000d1b14H .text                   CODE
 0002:00000000 000002b8H .idata$5                DATA
 0002:000002b8 00000004H .CRT$XCA                DATA
 0002:000002bc 00000004H .CRT$XCZ                DATA
 0002:000002c0 00000004H .CRT$XIA                DATA
 0002:000002c4 00000004H .CRT$XIAA               DATA
 0002:000002c8 00000004H .CRT$XIC                DATA
 0002:000002cc 00000004H .CRT$XIZ                DATA
 0002:000002d0 00000b10H .rdata                  DATA
 0002:00000de0 00000004H .rdata$sxdata           DATA
 0002:00000de4 00000004H .rtc$IAA                DATA
 0002:00000de8 00000004H .rtc$IZZ                DATA
 0002:00000dec 00000004H .rtc$TAA                DATA
 0002:00000df0 00000004H .rtc$TZZ                DATA
 0002:00000df8 00000064H .xdata$x                DATA
 0002:00000e5c 0000008cH .idata$2                DATA
 0002:00000ee8 00000014H .idata$3                DATA
 0002:00000efc 000002b8H .idata$4                DATA
 0002:000011b4 00000feaH .idata$6                DATA
 0002:000021a0 00000062H .edata                  DATA
 0003:00000000 00040e20H .data                   DATA
 0003:00040e20 00000560H .bss                    DATA

  Address         Publics by Value              Rva+Base       Lib:Object

 0000:00000000       __except_list              00000000     <absolute>
 0000:00000001       ___safe_se_handler_count   00000001     <absolute>
 0000:00009876       __fltused                  00009876     <absolute>
 0000:00009876       __ldused                   00009876     <absolute>
 0000:00000000       ___ImageBase               10000000     <linker-defined>
 0001:00000000       _ARP_02_RPSs_Bdr_GK_BIS2_initializer 10001000 f   ARP_02_RPSs_Bdr_GK_BIS2_sfun.obj
 0001:00000010       _ARP_02_RPSs_Bdr_GK_BIS2_terminator 10001010 f   ARP_02_RPSs_Bdr_GK_BIS2_sfun.obj
 0001:00000020       _sf_ARP_02_RPSs_Bdr_GK_BIS2_method_dispatcher 10001020 f   ARP_02_RPSs_Bdr_GK_BIS2_sfun.obj
 0001:000001b0       _sf_ARP_02_RPSs_Bdr_GK_BIS2_process_check_sum_call 100011b0 f   ARP_02_RPSs_Bdr_GK_BIS2_sfun.obj
 0001:00000650       _sf_ARP_02_RPSs_Bdr_GK_BIS2_autoinheritance_info 10001650 f   ARP_02_RPSs_Bdr_GK_BIS2_sfun.obj
 0001:00000a10       _sf_ARP_02_RPSs_Bdr_GK_BIS2_get_eml_resolved_functions_info 10001a10 f   ARP_02_RPSs_Bdr_GK_BIS2_sfun.obj
 0001:00000d10       _sf_ARP_02_RPSs_Bdr_GK_BIS2_third_party_uses_info 10001d10 f   ARP_02_RPSs_Bdr_GK_BIS2_sfun.obj
 0001:00001010       _sf_ARP_02_RPSs_Bdr_GK_BIS2_updateBuildInfo_args_info 10002010 f   ARP_02_RPSs_Bdr_GK_BIS2_sfun.obj
 0001:00001310       _ARP_02_RPSs_Bdr_GK_BIS2_debug_initialize 10002310 f   ARP_02_RPSs_Bdr_GK_BIS2_sfun.obj
 0001:00001370       _ARP_02_RPSs_Bdr_GK_BIS2_register_exported_symbols 10002370 f   ARP_02_RPSs_Bdr_GK_BIS2_sfun.obj
 0001:00001380       _load_ARP_02_RPSs_Bdr_GK_BIS2_optimization_info 10002380 f   ARP_02_RPSs_Bdr_GK_BIS2_sfun.obj
 0001:000013c0       _unload_ARP_02_RPSs_Bdr_GK_BIS2_optimization_info 100023c0 f   ARP_02_RPSs_Bdr_GK_BIS2_sfun.obj
 0001:000013f0       _sf_c1_ARP_02_RPSs_Bdr_GK_BIS2_get_eml_resolved_functions_info 100023f0 f   c1_ARP_02_RPSs_Bdr_GK_BIS2.obj
 0001:00001440       _sf_c1_ARP_02_RPSs_Bdr_GK_BIS2_get_check_sum 10002440 f   c1_ARP_02_RPSs_Bdr_GK_BIS2.obj
 0001:000014a0       _sf_c1_ARP_02_RPSs_Bdr_GK_BIS2_get_autoinheritance_info 100024a0 f   c1_ARP_02_RPSs_Bdr_GK_BIS2.obj
 0001:000052b0       _sf_c1_ARP_02_RPSs_Bdr_GK_BIS2_third_party_uses_info 100062b0 f   c1_ARP_02_RPSs_Bdr_GK_BIS2.obj
 0001:000052d0       _sf_c1_ARP_02_RPSs_Bdr_GK_BIS2_updateBuildInfo_args_info 100062d0 f   c1_ARP_02_RPSs_Bdr_GK_BIS2.obj
 0001:000052f0       _sf_internal_get_sim_state_c1_ARP_02_RPSs_Bdr_GK_BIS2 100062f0 f   c1_ARP_02_RPSs_Bdr_GK_BIS2.obj
 0001:00008b70       _sf_internal_set_sim_state_c1_ARP_02_RPSs_Bdr_GK_BIS2 10009b70 f   c1_ARP_02_RPSs_Bdr_GK_BIS2.obj
 0001:0000c1b0       _c1_ARP_02_RPSs_Bdr_GK_BIS2_method_dispatcher 1000d1b0 f   c1_ARP_02_RPSs_Bdr_GK_BIS2.obj
 0001:00016a60       _sf_c2_ARP_02_RPSs_Bdr_GK_BIS2_get_eml_resolved_functions_info 10017a60 f   c2_ARP_02_RPSs_Bdr_GK_BIS2.obj
 0001:00016d60       _sf_c2_ARP_02_RPSs_Bdr_GK_BIS2_get_check_sum 10017d60 f   c2_ARP_02_RPSs_Bdr_GK_BIS2.obj
 0001:00016dc0       _sf_c2_ARP_02_RPSs_Bdr_GK_BIS2_get_autoinheritance_info 10017dc0 f   c2_ARP_02_RPSs_Bdr_GK_BIS2.obj
 0001:000175d0       _sf_c2_ARP_02_RPSs_Bdr_GK_BIS2_third_party_uses_info 100185d0 f   c2_ARP_02_RPSs_Bdr_GK_BIS2.obj
 0001:000175f0       _sf_c2_ARP_02_RPSs_Bdr_GK_BIS2_updateBuildInfo_args_info 100185f0 f   c2_ARP_02_RPSs_Bdr_GK_BIS2.obj
 0001:00017610       _sf_internal_get_sim_state_c2_ARP_02_RPSs_Bdr_GK_BIS2 10018610 f   c2_ARP_02_RPSs_Bdr_GK_BIS2.obj
 0001:00017850       _sf_internal_set_sim_state_c2_ARP_02_RPSs_Bdr_GK_BIS2 10018850 f   c2_ARP_02_RPSs_Bdr_GK_BIS2.obj
 0001:00017a60       _c2_ARP_02_RPSs_Bdr_GK_BIS2_method_dispatcher 10018a60 f   c2_ARP_02_RPSs_Bdr_GK_BIS2.obj
 0001:00019e10       _sf_c4_ARP_02_RPSs_Bdr_GK_BIS2_get_eml_resolved_functions_info 1001ae10 f   c4_ARP_02_RPSs_Bdr_GK_BIS2.obj
 0001:0001e8b0       _sf_exported_auto_activate_c4_ARP_02_RPSs_Bdr_GK_BIS2_secs 1001f8b0 f   c4_ARP_02_RPSs_Bdr_GK_BIS2.obj
 0001:0001e940       _sf_exported_auto_incrementTemporalCounter_c4_ARP_02_RPSs_Bdr_GK_BIS2_secs 1001f940 f   c4_ARP_02_RPSs_Bdr_GK_BIS2.obj
 0001:0001e9a0       _sf_exported_auto_resetTemporalCounter_c4_ARP_02_RPSs_Bdr_GK_BIS2_secs 1001f9a0 f   c4_ARP_02_RPSs_Bdr_GK_BIS2.obj
 0001:0001e9e0       _sf_exported_auto_deactivate_c4_ARP_02_RPSs_Bdr_GK_BIS2_secs 1001f9e0 f   c4_ARP_02_RPSs_Bdr_GK_BIS2.obj
 0001:0001ea70       _sf_exported_auto_isStablec4_ARP_02_RPSs_Bdr_GK_BIS2 1001fa70 f   c4_ARP_02_RPSs_Bdr_GK_BIS2.obj
 0001:0001eaa0       _sf_exported_auto_duringc4_ARP_02_RPSs_Bdr_GK_BIS2 1001faa0 f   c4_ARP_02_RPSs_Bdr_GK_BIS2.obj
 0001:00020750       _sf_exported_auto_enterc4_ARP_02_RPSs_Bdr_GK_BIS2 10021750 f   c4_ARP_02_RPSs_Bdr_GK_BIS2.obj
 0001:00020970       _sf_exported_auto_exitc4_ARP_02_RPSs_Bdr_GK_BIS2 10021970 f   c4_ARP_02_RPSs_Bdr_GK_BIS2.obj
 0001:00020ce0       _sf_exported_auto_gatewayc4_ARP_02_RPSs_Bdr_GK_BIS2 10021ce0 f   c4_ARP_02_RPSs_Bdr_GK_BIS2.obj
 0001:00020d10       _sf_exported_auto_enablec4_ARP_02_RPSs_Bdr_GK_BIS2 10021d10 f   c4_ARP_02_RPSs_Bdr_GK_BIS2.obj
 0001:00020d40       _sf_exported_auto_disablec4_ARP_02_RPSs_Bdr_GK_BIS2 10021d40 f   c4_ARP_02_RPSs_Bdr_GK_BIS2.obj
 0001:00020d70       _sf_exported_auto_stepBuffersc4_ARP_02_RPSs_Bdr_GK_BIS2 10021d70 f   c4_ARP_02_RPSs_Bdr_GK_BIS2.obj
 0001:00020d90       _sf_exported_auto_initBuffersc4_ARP_02_RPSs_Bdr_GK_BIS2 10021d90 f   c4_ARP_02_RPSs_Bdr_GK_BIS2.obj
 0001:00020db0       _sf_exported_auto_activate_callc4_ARP_02_RPSs_Bdr_GK_BIS2 10021db0 f   c4_ARP_02_RPSs_Bdr_GK_BIS2.obj
 0001:00020de0       _sf_exported_auto_increment_call_counterc4_ARP_02_RPSs_Bdr_GK_BIS2 10021de0 f   c4_ARP_02_RPSs_Bdr_GK_BIS2.obj
 0001:00020e00       _sf_exported_auto_reset_call_counterc4_ARP_02_RPSs_Bdr_GK_BIS2 10021e00 f   c4_ARP_02_RPSs_Bdr_GK_BIS2.obj
 0001:00020e20       _sf_exported_auto_deactivate_callc4_ARP_02_RPSs_Bdr_GK_BIS2 10021e20 f   c4_ARP_02_RPSs_Bdr_GK_BIS2.obj
 0001:00020e40       _sf_exported_auto_initc4_ARP_02_RPSs_Bdr_GK_BIS2 10021e40 f   c4_ARP_02_RPSs_Bdr_GK_BIS2.obj
 0001:00020f20       _sf_exported_auto_getSimstatec4_ARP_02_RPSs_Bdr_GK_BIS2 10021f20 f   c4_ARP_02_RPSs_Bdr_GK_BIS2.obj
 0001:00020f70       _sf_exported_auto_setSimstatec4_ARP_02_RPSs_Bdr_GK_BIS2 10021f70 f   c4_ARP_02_RPSs_Bdr_GK_BIS2.obj
 0001:00020fb0       _sf_exported_auto_check_state_inconsistency_c4_ARP_02_RPSs_Bdr_GK_BIS2 10021fb0 f   c4_ARP_02_RPSs_Bdr_GK_BIS2.obj
 0001:00021000       _sf_exported_user_c4_ARP_02_RPSs_Bdr_GK_BIS2_idlePoseBradTable 10022000 f   c4_ARP_02_RPSs_Bdr_GK_BIS2.obj
 0001:0002cc70       _sf_exported_user_c4_ARP_02_RPSs_Bdr_GK_BIS2_walkInvadingTable 1002dc70 f   c4_ARP_02_RPSs_Bdr_GK_BIS2.obj
 0001:00030ba0       _sf_c4_ARP_02_RPSs_Bdr_GK_BIS2_get_check_sum 10031ba0 f   c4_ARP_02_RPSs_Bdr_GK_BIS2.obj
 0001:00030c00       _sf_c4_ARP_02_RPSs_Bdr_GK_BIS2_get_autoinheritance_info 10031c00 f   c4_ARP_02_RPSs_Bdr_GK_BIS2.obj
 0001:00031000       _sf_c4_ARP_02_RPSs_Bdr_GK_BIS2_third_party_uses_info 10032000 f   c4_ARP_02_RPSs_Bdr_GK_BIS2.obj
 0001:00031020       _sf_c4_ARP_02_RPSs_Bdr_GK_BIS2_updateBuildInfo_args_info 10032020 f   c4_ARP_02_RPSs_Bdr_GK_BIS2.obj
 0001:00031040       _sf_internal_get_sim_state_c4_ARP_02_RPSs_Bdr_GK_BIS2 10032040 f   c4_ARP_02_RPSs_Bdr_GK_BIS2.obj
 0001:000316b0       _sf_internal_set_sim_state_c4_ARP_02_RPSs_Bdr_GK_BIS2 100326b0 f   c4_ARP_02_RPSs_Bdr_GK_BIS2.obj
 0001:00032300       _c4_ARP_02_RPSs_Bdr_GK_BIS2_method_dispatcher 10033300 f   c4_ARP_02_RPSs_Bdr_GK_BIS2.obj
 0001:00036330       _sf_c5_ARP_02_RPSs_Bdr_GK_BIS2_get_eml_resolved_functions_info 10037330 f   c5_ARP_02_RPSs_Bdr_GK_BIS2.obj
 0001:0003afc0       _sf_exported_auto_activate_c5_ARP_02_RPSs_Bdr_GK_BIS2_secs 1003bfc0 f   c5_ARP_02_RPSs_Bdr_GK_BIS2.obj
 0001:0003b050       _sf_exported_auto_incrementTemporalCounter_c5_ARP_02_RPSs_Bdr_GK_BIS2_secs 1003c050 f   c5_ARP_02_RPSs_Bdr_GK_BIS2.obj
 0001:0003b100       _sf_exported_auto_resetTemporalCounter_c5_ARP_02_RPSs_Bdr_GK_BIS2_secs 1003c100 f   c5_ARP_02_RPSs_Bdr_GK_BIS2.obj
 0001:0003b140       _sf_exported_auto_deactivate_c5_ARP_02_RPSs_Bdr_GK_BIS2_secs 1003c140 f   c5_ARP_02_RPSs_Bdr_GK_BIS2.obj
 0001:0003b1d0       _sf_exported_auto_isStablec5_ARP_02_RPSs_Bdr_GK_BIS2 1003c1d0 f   c5_ARP_02_RPSs_Bdr_GK_BIS2.obj
 0001:0003b200       _sf_exported_auto_duringc5_ARP_02_RPSs_Bdr_GK_BIS2 1003c200 f   c5_ARP_02_RPSs_Bdr_GK_BIS2.obj
 0001:00045fa0       _sf_exported_auto_enterc5_ARP_02_RPSs_Bdr_GK_BIS2 10046fa0 f   c5_ARP_02_RPSs_Bdr_GK_BIS2.obj
 0001:00047270       _sf_exported_auto_exitc5_ARP_02_RPSs_Bdr_GK_BIS2 10048270 f   c5_ARP_02_RPSs_Bdr_GK_BIS2.obj
 0001:000484a0       _sf_exported_auto_gatewayc5_ARP_02_RPSs_Bdr_GK_BIS2 100494a0 f   c5_ARP_02_RPSs_Bdr_GK_BIS2.obj
 0001:000484d0       _sf_exported_auto_enablec5_ARP_02_RPSs_Bdr_GK_BIS2 100494d0 f   c5_ARP_02_RPSs_Bdr_GK_BIS2.obj
 0001:00048510       _sf_exported_auto_disablec5_ARP_02_RPSs_Bdr_GK_BIS2 10049510 f   c5_ARP_02_RPSs_Bdr_GK_BIS2.obj
 0001:00048550       _sf_exported_auto_stepBuffersc5_ARP_02_RPSs_Bdr_GK_BIS2 10049550 f   c5_ARP_02_RPSs_Bdr_GK_BIS2.obj
 0001:00048570       _sf_exported_auto_initBuffersc5_ARP_02_RPSs_Bdr_GK_BIS2 10049570 f   c5_ARP_02_RPSs_Bdr_GK_BIS2.obj
 0001:00048590       _sf_exported_auto_activate_callc5_ARP_02_RPSs_Bdr_GK_BIS2 10049590 f   c5_ARP_02_RPSs_Bdr_GK_BIS2.obj
 0001:000485c0       _sf_exported_auto_increment_call_counterc5_ARP_02_RPSs_Bdr_GK_BIS2 100495c0 f   c5_ARP_02_RPSs_Bdr_GK_BIS2.obj
 0001:000485e0       _sf_exported_auto_reset_call_counterc5_ARP_02_RPSs_Bdr_GK_BIS2 100495e0 f   c5_ARP_02_RPSs_Bdr_GK_BIS2.obj
 0001:00048600       _sf_exported_auto_deactivate_callc5_ARP_02_RPSs_Bdr_GK_BIS2 10049600 f   c5_ARP_02_RPSs_Bdr_GK_BIS2.obj
 0001:00048620       _sf_exported_auto_initc5_ARP_02_RPSs_Bdr_GK_BIS2 10049620 f   c5_ARP_02_RPSs_Bdr_GK_BIS2.obj
 0001:00048870       _sf_exported_auto_getSimstatec5_ARP_02_RPSs_Bdr_GK_BIS2 10049870 f   c5_ARP_02_RPSs_Bdr_GK_BIS2.obj
 0001:000488c0       _sf_exported_auto_setSimstatec5_ARP_02_RPSs_Bdr_GK_BIS2 100498c0 f   c5_ARP_02_RPSs_Bdr_GK_BIS2.obj
 0001:00048900       _sf_exported_auto_check_state_inconsistency_c5_ARP_02_RPSs_Bdr_GK_BIS2 10049900 f   c5_ARP_02_RPSs_Bdr_GK_BIS2.obj
 0001:00059920       _sf_exported_user_c5_ARP_02_RPSs_Bdr_GK_BIS2_handPoseSBTable 1005a920 f   c5_ARP_02_RPSs_Bdr_GK_BIS2.obj
 0001:00059960       _sf_exported_user_c5_ARP_02_RPSs_Bdr_GK_BIS2_idlePoseBradTable 1005a960 f   c5_ARP_02_RPSs_Bdr_GK_BIS2.obj
 0001:000599a0       _sf_exported_user_c5_ARP_02_RPSs_Bdr_GK_BIS2_initialPoseTable 1005a9a0 f   c5_ARP_02_RPSs_Bdr_GK_BIS2.obj
 0001:000599e0       _sf_exported_user_c5_ARP_02_RPSs_Bdr_GK_BIS2_paperPoseBradTable 1005a9e0 f   c5_ARP_02_RPSs_Bdr_GK_BIS2.obj
 0001:00059a20       _sf_exported_user_c5_ARP_02_RPSs_Bdr_GK_BIS2_rockPoseTable 1005aa20 f   c5_ARP_02_RPSs_Bdr_GK_BIS2.obj
 0001:00059a60       _sf_exported_user_c5_ARP_02_RPSs_Bdr_GK_BIS2_scissorsPoseBradTable 1005aa60 f   c5_ARP_02_RPSs_Bdr_GK_BIS2.obj
 0001:00059aa0       _sf_exported_user_c5_ARP_02_RPSs_Bdr_GK_BIS2_sendSBM 1005aaa0 f   c5_ARP_02_RPSs_Bdr_GK_BIS2.obj
 0001:0005c960       _sf_c5_ARP_02_RPSs_Bdr_GK_BIS2_get_check_sum 1005d960 f   c5_ARP_02_RPSs_Bdr_GK_BIS2.obj
 0001:0005c9c0       _sf_c5_ARP_02_RPSs_Bdr_GK_BIS2_get_autoinheritance_info 1005d9c0 f   c5_ARP_02_RPSs_Bdr_GK_BIS2.obj
 0001:0005d320       _sf_c5_ARP_02_RPSs_Bdr_GK_BIS2_third_party_uses_info 1005e320 f   c5_ARP_02_RPSs_Bdr_GK_BIS2.obj
 0001:0005d340       _sf_c5_ARP_02_RPSs_Bdr_GK_BIS2_updateBuildInfo_args_info 1005e340 f   c5_ARP_02_RPSs_Bdr_GK_BIS2.obj
 0001:0005d360       _sf_internal_get_sim_state_c5_ARP_02_RPSs_Bdr_GK_BIS2 1005e360 f   c5_ARP_02_RPSs_Bdr_GK_BIS2.obj
 0001:0005e020       _sf_internal_set_sim_state_c5_ARP_02_RPSs_Bdr_GK_BIS2 1005f020 f   c5_ARP_02_RPSs_Bdr_GK_BIS2.obj
 0001:0005ff40       _c5_ARP_02_RPSs_Bdr_GK_BIS2_method_dispatcher 10060f40 f   c5_ARP_02_RPSs_Bdr_GK_BIS2.obj
 0001:00068c90       _sf_c8_ARP_02_RPSs_Bdr_GK_BIS2_get_eml_resolved_functions_info 10069c90 f   c8_ARP_02_RPSs_Bdr_GK_BIS2.obj
 0001:00068f90       _sf_exported_auto_activate_c8_ARP_02_RPSs_Bdr_GK_BIS2_secs 10069f90 f   c8_ARP_02_RPSs_Bdr_GK_BIS2.obj
 0001:00069020       _sf_exported_auto_incrementTemporalCounter_c8_ARP_02_RPSs_Bdr_GK_BIS2_secs 1006a020 f   c8_ARP_02_RPSs_Bdr_GK_BIS2.obj
 0001:00069080       _sf_exported_auto_resetTemporalCounter_c8_ARP_02_RPSs_Bdr_GK_BIS2_secs 1006a080 f   c8_ARP_02_RPSs_Bdr_GK_BIS2.obj
 0001:000690c0       _sf_exported_auto_deactivate_c8_ARP_02_RPSs_Bdr_GK_BIS2_secs 1006a0c0 f   c8_ARP_02_RPSs_Bdr_GK_BIS2.obj
 0001:00069150       _sf_exported_auto_isStablec8_ARP_02_RPSs_Bdr_GK_BIS2 1006a150 f   c8_ARP_02_RPSs_Bdr_GK_BIS2.obj
 0001:00069180       _sf_exported_auto_duringc8_ARP_02_RPSs_Bdr_GK_BIS2 1006a180 f   c8_ARP_02_RPSs_Bdr_GK_BIS2.obj
 0001:0006e480       _sf_exported_auto_enterc8_ARP_02_RPSs_Bdr_GK_BIS2 1006f480 f   c8_ARP_02_RPSs_Bdr_GK_BIS2.obj
 0001:0006e770       _sf_exported_auto_exitc8_ARP_02_RPSs_Bdr_GK_BIS2 1006f770 f   c8_ARP_02_RPSs_Bdr_GK_BIS2.obj
 0001:0006eb80       _sf_exported_auto_gatewayc8_ARP_02_RPSs_Bdr_GK_BIS2 1006fb80 f   c8_ARP_02_RPSs_Bdr_GK_BIS2.obj
 0001:0006ebb0       _sf_exported_auto_enablec8_ARP_02_RPSs_Bdr_GK_BIS2 1006fbb0 f   c8_ARP_02_RPSs_Bdr_GK_BIS2.obj
 0001:0006ebe0       _sf_exported_auto_disablec8_ARP_02_RPSs_Bdr_GK_BIS2 1006fbe0 f   c8_ARP_02_RPSs_Bdr_GK_BIS2.obj
 0001:0006ec10       _sf_exported_auto_stepBuffersc8_ARP_02_RPSs_Bdr_GK_BIS2 1006fc10 f   c8_ARP_02_RPSs_Bdr_GK_BIS2.obj
 0001:0006ec30       _sf_exported_auto_initBuffersc8_ARP_02_RPSs_Bdr_GK_BIS2 1006fc30 f   c8_ARP_02_RPSs_Bdr_GK_BIS2.obj
 0001:0006ec50       _sf_exported_auto_activate_callc8_ARP_02_RPSs_Bdr_GK_BIS2 1006fc50 f   c8_ARP_02_RPSs_Bdr_GK_BIS2.obj
 0001:0006ec80       _sf_exported_auto_increment_call_counterc8_ARP_02_RPSs_Bdr_GK_BIS2 1006fc80 f   c8_ARP_02_RPSs_Bdr_GK_BIS2.obj
 0001:0006eca0       _sf_exported_auto_reset_call_counterc8_ARP_02_RPSs_Bdr_GK_BIS2 1006fca0 f   c8_ARP_02_RPSs_Bdr_GK_BIS2.obj
 0001:0006ecc0       _sf_exported_auto_deactivate_callc8_ARP_02_RPSs_Bdr_GK_BIS2 1006fcc0 f   c8_ARP_02_RPSs_Bdr_GK_BIS2.obj
 0001:0006ece0       _sf_exported_auto_initc8_ARP_02_RPSs_Bdr_GK_BIS2 1006fce0 f   c8_ARP_02_RPSs_Bdr_GK_BIS2.obj
 0001:0006edb0       _sf_exported_auto_getSimstatec8_ARP_02_RPSs_Bdr_GK_BIS2 1006fdb0 f   c8_ARP_02_RPSs_Bdr_GK_BIS2.obj
 0001:0006ee00       _sf_exported_auto_setSimstatec8_ARP_02_RPSs_Bdr_GK_BIS2 1006fe00 f   c8_ARP_02_RPSs_Bdr_GK_BIS2.obj
 0001:0006ee40       _sf_exported_auto_check_state_inconsistency_c8_ARP_02_RPSs_Bdr_GK_BIS2 1006fe40 f   c8_ARP_02_RPSs_Bdr_GK_BIS2.obj
 0001:00072170       _sf_exported_user_c8_ARP_02_RPSs_Bdr_GK_BIS2_walkInvadingTable 10073170 f   c8_ARP_02_RPSs_Bdr_GK_BIS2.obj
 0001:00072550       _sf_c8_ARP_02_RPSs_Bdr_GK_BIS2_get_check_sum 10073550 f   c8_ARP_02_RPSs_Bdr_GK_BIS2.obj
 0001:000725b0       _sf_c8_ARP_02_RPSs_Bdr_GK_BIS2_get_autoinheritance_info 100735b0 f   c8_ARP_02_RPSs_Bdr_GK_BIS2.obj
 0001:000728c0       _sf_c8_ARP_02_RPSs_Bdr_GK_BIS2_third_party_uses_info 100738c0 f   c8_ARP_02_RPSs_Bdr_GK_BIS2.obj
 0001:000728e0       _sf_c8_ARP_02_RPSs_Bdr_GK_BIS2_updateBuildInfo_args_info 100738e0 f   c8_ARP_02_RPSs_Bdr_GK_BIS2.obj
 0001:00072900       _sf_internal_get_sim_state_c8_ARP_02_RPSs_Bdr_GK_BIS2 10073900 f   c8_ARP_02_RPSs_Bdr_GK_BIS2.obj
 0001:00072c60       _sf_internal_set_sim_state_c8_ARP_02_RPSs_Bdr_GK_BIS2 10073c60 f   c8_ARP_02_RPSs_Bdr_GK_BIS2.obj
 0001:00073470       _c8_ARP_02_RPSs_Bdr_GK_BIS2_method_dispatcher 10074470 f   c8_ARP_02_RPSs_Bdr_GK_BIS2.obj
 0001:00075c20       _sf_c9_ARP_02_RPSs_Bdr_GK_BIS2_get_eml_resolved_functions_info 10076c20 f   c9_ARP_02_RPSs_Bdr_GK_BIS2.obj
 0001:0007cc40       _sf_exported_auto_activate_c9_ARP_02_RPSs_Bdr_GK_BIS2_secs 1007dc40 f   c9_ARP_02_RPSs_Bdr_GK_BIS2.obj
 0001:0007ccd0       _sf_exported_auto_incrementTemporalCounter_c9_ARP_02_RPSs_Bdr_GK_BIS2_secs 1007dcd0 f   c9_ARP_02_RPSs_Bdr_GK_BIS2.obj
 0001:0007cd70       _sf_exported_auto_resetTemporalCounter_c9_ARP_02_RPSs_Bdr_GK_BIS2_secs 1007dd70 f   c9_ARP_02_RPSs_Bdr_GK_BIS2.obj
 0001:0007cdb0       _sf_exported_auto_deactivate_c9_ARP_02_RPSs_Bdr_GK_BIS2_secs 1007ddb0 f   c9_ARP_02_RPSs_Bdr_GK_BIS2.obj
 0001:0007ce40       _sf_exported_auto_isStablec9_ARP_02_RPSs_Bdr_GK_BIS2 1007de40 f   c9_ARP_02_RPSs_Bdr_GK_BIS2.obj
 0001:0007ce70       _sf_exported_auto_duringc9_ARP_02_RPSs_Bdr_GK_BIS2 1007de70 f   c9_ARP_02_RPSs_Bdr_GK_BIS2.obj
 0001:000850a0       _sf_exported_auto_enterc9_ARP_02_RPSs_Bdr_GK_BIS2 100860a0 f   c9_ARP_02_RPSs_Bdr_GK_BIS2.obj
 0001:00085950       _sf_exported_auto_exitc9_ARP_02_RPSs_Bdr_GK_BIS2 10086950 f   c9_ARP_02_RPSs_Bdr_GK_BIS2.obj
 0001:000865f0       _sf_exported_auto_gatewayc9_ARP_02_RPSs_Bdr_GK_BIS2 100875f0 f   c9_ARP_02_RPSs_Bdr_GK_BIS2.obj
 0001:00086620       _sf_exported_auto_enablec9_ARP_02_RPSs_Bdr_GK_BIS2 10087620 f   c9_ARP_02_RPSs_Bdr_GK_BIS2.obj
 0001:00086650       _sf_exported_auto_disablec9_ARP_02_RPSs_Bdr_GK_BIS2 10087650 f   c9_ARP_02_RPSs_Bdr_GK_BIS2.obj
 0001:00086680       _sf_exported_auto_stepBuffersc9_ARP_02_RPSs_Bdr_GK_BIS2 10087680 f   c9_ARP_02_RPSs_Bdr_GK_BIS2.obj
 0001:000866a0       _sf_exported_auto_initBuffersc9_ARP_02_RPSs_Bdr_GK_BIS2 100876a0 f   c9_ARP_02_RPSs_Bdr_GK_BIS2.obj
 0001:000866c0       _sf_exported_auto_activate_callc9_ARP_02_RPSs_Bdr_GK_BIS2 100876c0 f   c9_ARP_02_RPSs_Bdr_GK_BIS2.obj
 0001:000866f0       _sf_exported_auto_increment_call_counterc9_ARP_02_RPSs_Bdr_GK_BIS2 100876f0 f   c9_ARP_02_RPSs_Bdr_GK_BIS2.obj
 0001:00086710       _sf_exported_auto_reset_call_counterc9_ARP_02_RPSs_Bdr_GK_BIS2 10087710 f   c9_ARP_02_RPSs_Bdr_GK_BIS2.obj
 0001:00086730       _sf_exported_auto_deactivate_callc9_ARP_02_RPSs_Bdr_GK_BIS2 10087730 f   c9_ARP_02_RPSs_Bdr_GK_BIS2.obj
 0001:00086750       _sf_exported_auto_initc9_ARP_02_RPSs_Bdr_GK_BIS2 10087750 f   c9_ARP_02_RPSs_Bdr_GK_BIS2.obj
 0001:00086930       _sf_exported_auto_getSimstatec9_ARP_02_RPSs_Bdr_GK_BIS2 10087930 f   c9_ARP_02_RPSs_Bdr_GK_BIS2.obj
 0001:00086980       _sf_exported_auto_setSimstatec9_ARP_02_RPSs_Bdr_GK_BIS2 10087980 f   c9_ARP_02_RPSs_Bdr_GK_BIS2.obj
 0001:000869c0       _sf_exported_auto_check_state_inconsistency_c9_ARP_02_RPSs_Bdr_GK_BIS2 100879c0 f   c9_ARP_02_RPSs_Bdr_GK_BIS2.obj
 0001:0009bc20       _sf_exported_user_c9_ARP_02_RPSs_Bdr_GK_BIS2_gazeFollowUserMove 1009cc20 f   c9_ARP_02_RPSs_Bdr_GK_BIS2.obj
 0001:0009dbe0       _sf_exported_user_c9_ARP_02_RPSs_Bdr_GK_BIS2_idleGazeFunction 1009ebe0 f   c9_ARP_02_RPSs_Bdr_GK_BIS2.obj
 0001:0009dc20       _sf_exported_user_c9_ARP_02_RPSs_Bdr_GK_BIS2_idleGazeInterestedTable 1009ec20 f   c9_ARP_02_RPSs_Bdr_GK_BIS2.obj
 0001:000a25a0       _sf_exported_user_c9_ARP_02_RPSs_Bdr_GK_BIS2_idleGazeTable 100a35a0 f   c9_ARP_02_RPSs_Bdr_GK_BIS2.obj
 0001:000a25e0       _sf_exported_user_c9_ARP_02_RPSs_Bdr_GK_BIS2_successTable 100a35e0 f   c9_ARP_02_RPSs_Bdr_GK_BIS2.obj
 0001:000a39a0       _sf_c9_ARP_02_RPSs_Bdr_GK_BIS2_get_check_sum 100a49a0 f   c9_ARP_02_RPSs_Bdr_GK_BIS2.obj
 0001:000a3a00       _sf_c9_ARP_02_RPSs_Bdr_GK_BIS2_get_autoinheritance_info 100a4a00 f   c9_ARP_02_RPSs_Bdr_GK_BIS2.obj
 0001:000a4c10       _sf_c9_ARP_02_RPSs_Bdr_GK_BIS2_third_party_uses_info 100a5c10 f   c9_ARP_02_RPSs_Bdr_GK_BIS2.obj
 0001:000a4c30       _sf_c9_ARP_02_RPSs_Bdr_GK_BIS2_updateBuildInfo_args_info 100a5c30 f   c9_ARP_02_RPSs_Bdr_GK_BIS2.obj
 0001:000a4c50       _sf_internal_get_sim_state_c9_ARP_02_RPSs_Bdr_GK_BIS2 100a5c50 f   c9_ARP_02_RPSs_Bdr_GK_BIS2.obj
 0001:000a5dc0       _sf_internal_set_sim_state_c9_ARP_02_RPSs_Bdr_GK_BIS2 100a6dc0 f   c9_ARP_02_RPSs_Bdr_GK_BIS2.obj
 0001:000a7b20       _c9_ARP_02_RPSs_Bdr_GK_BIS2_method_dispatcher 100a8b20 f   c9_ARP_02_RPSs_Bdr_GK_BIS2.obj
 0001:000af4d0       _sf_c10_ARP_02_RPSs_Bdr_GK_BIS2_get_eml_resolved_functions_info 100b04d0 f   c10_ARP_02_RPSs_Bdr_GK_BIS2.obj
 0001:000af7d0       _sf_exported_auto_activate_c10_ARP_02_RPSs_Bdr_GK_BIS2_secs 100b07d0 f   c10_ARP_02_RPSs_Bdr_GK_BIS2.obj
 0001:000af860       _sf_exported_auto_incrementTemporalCounter_c10_ARP_02_RPSs_Bdr_GK_BIS2_secs 100b0860 f   c10_ARP_02_RPSs_Bdr_GK_BIS2.obj
 0001:000af8c0       _sf_exported_auto_resetTemporalCounter_c10_ARP_02_RPSs_Bdr_GK_BIS2_secs 100b08c0 f   c10_ARP_02_RPSs_Bdr_GK_BIS2.obj
 0001:000af900       _sf_exported_auto_deactivate_c10_ARP_02_RPSs_Bdr_GK_BIS2_secs 100b0900 f   c10_ARP_02_RPSs_Bdr_GK_BIS2.obj
 0001:000af990       _sf_exported_auto_isStablec10_ARP_02_RPSs_Bdr_GK_BIS2 100b0990 f   c10_ARP_02_RPSs_Bdr_GK_BIS2.obj
 0001:000af9c0       _sf_exported_auto_duringc10_ARP_02_RPSs_Bdr_GK_BIS2 100b09c0 f   c10_ARP_02_RPSs_Bdr_GK_BIS2.obj
 0001:000b6290       _sf_exported_auto_enterc10_ARP_02_RPSs_Bdr_GK_BIS2 100b7290 f   c10_ARP_02_RPSs_Bdr_GK_BIS2.obj
 0001:000b6590       _sf_exported_auto_exitc10_ARP_02_RPSs_Bdr_GK_BIS2 100b7590 f   c10_ARP_02_RPSs_Bdr_GK_BIS2.obj
 0001:000b6ad0       _sf_exported_auto_gatewayc10_ARP_02_RPSs_Bdr_GK_BIS2 100b7ad0 f   c10_ARP_02_RPSs_Bdr_GK_BIS2.obj
 0001:000b6b00       _sf_exported_auto_enablec10_ARP_02_RPSs_Bdr_GK_BIS2 100b7b00 f   c10_ARP_02_RPSs_Bdr_GK_BIS2.obj
 0001:000b6b30       _sf_exported_auto_disablec10_ARP_02_RPSs_Bdr_GK_BIS2 100b7b30 f   c10_ARP_02_RPSs_Bdr_GK_BIS2.obj
 0001:000b6b60       _sf_exported_auto_stepBuffersc10_ARP_02_RPSs_Bdr_GK_BIS2 100b7b60 f   c10_ARP_02_RPSs_Bdr_GK_BIS2.obj
 0001:000b6b80       _sf_exported_auto_initBuffersc10_ARP_02_RPSs_Bdr_GK_BIS2 100b7b80 f   c10_ARP_02_RPSs_Bdr_GK_BIS2.obj
 0001:000b6ba0       _sf_exported_auto_activate_callc10_ARP_02_RPSs_Bdr_GK_BIS2 100b7ba0 f   c10_ARP_02_RPSs_Bdr_GK_BIS2.obj
 0001:000b6bd0       _sf_exported_auto_increment_call_counterc10_ARP_02_RPSs_Bdr_GK_BIS2 100b7bd0 f   c10_ARP_02_RPSs_Bdr_GK_BIS2.obj
 0001:000b6bf0       _sf_exported_auto_reset_call_counterc10_ARP_02_RPSs_Bdr_GK_BIS2 100b7bf0 f   c10_ARP_02_RPSs_Bdr_GK_BIS2.obj
 0001:000b6c10       _sf_exported_auto_deactivate_callc10_ARP_02_RPSs_Bdr_GK_BIS2 100b7c10 f   c10_ARP_02_RPSs_Bdr_GK_BIS2.obj
 0001:000b6c30       _sf_exported_auto_initc10_ARP_02_RPSs_Bdr_GK_BIS2 100b7c30 f   c10_ARP_02_RPSs_Bdr_GK_BIS2.obj
 0001:000b6d20       _sf_exported_auto_getSimstatec10_ARP_02_RPSs_Bdr_GK_BIS2 100b7d20 f   c10_ARP_02_RPSs_Bdr_GK_BIS2.obj
 0001:000b6d70       _sf_exported_auto_setSimstatec10_ARP_02_RPSs_Bdr_GK_BIS2 100b7d70 f   c10_ARP_02_RPSs_Bdr_GK_BIS2.obj
 0001:000b6db0       _sf_exported_auto_check_state_inconsistency_c10_ARP_02_RPSs_Bdr_GK_BIS2 100b7db0 f   c10_ARP_02_RPSs_Bdr_GK_BIS2.obj
 0001:000b9570       _sf_exported_user_c10_ARP_02_RPSs_Bdr_GK_BIS2_gazeFollowUserMove 100ba570 f   c10_ARP_02_RPSs_Bdr_GK_BIS2.obj
 0001:000b9950       _sf_c10_ARP_02_RPSs_Bdr_GK_BIS2_get_check_sum 100ba950 f   c10_ARP_02_RPSs_Bdr_GK_BIS2.obj
 0001:000b99b0       _sf_c10_ARP_02_RPSs_Bdr_GK_BIS2_get_autoinheritance_info 100ba9b0 f   c10_ARP_02_RPSs_Bdr_GK_BIS2.obj
 0001:000b9cc0       _sf_c10_ARP_02_RPSs_Bdr_GK_BIS2_third_party_uses_info 100bacc0 f   c10_ARP_02_RPSs_Bdr_GK_BIS2.obj
 0001:000b9ce0       _sf_c10_ARP_02_RPSs_Bdr_GK_BIS2_updateBuildInfo_args_info 100bace0 f   c10_ARP_02_RPSs_Bdr_GK_BIS2.obj
 0001:000b9d00       _sf_internal_get_sim_state_c10_ARP_02_RPSs_Bdr_GK_BIS2 100bad00 f   c10_ARP_02_RPSs_Bdr_GK_BIS2.obj
 0001:000ba060       _sf_internal_set_sim_state_c10_ARP_02_RPSs_Bdr_GK_BIS2 100bb060 f   c10_ARP_02_RPSs_Bdr_GK_BIS2.obj
 0001:000ba9c0       _c10_ARP_02_RPSs_Bdr_GK_BIS2_method_dispatcher 100bb9c0 f   c10_ARP_02_RPSs_Bdr_GK_BIS2.obj
 0001:000bd0a0       _sf_c11_ARP_02_RPSs_Bdr_GK_BIS2_get_eml_resolved_functions_info 100be0a0 f   c11_ARP_02_RPSs_Bdr_GK_BIS2.obj
 0001:000bd3a0       _sf_exported_auto_activate_c11_ARP_02_RPSs_Bdr_GK_BIS2_secs 100be3a0 f   c11_ARP_02_RPSs_Bdr_GK_BIS2.obj
 0001:000bd430       _sf_exported_auto_incrementTemporalCounter_c11_ARP_02_RPSs_Bdr_GK_BIS2_secs 100be430 f   c11_ARP_02_RPSs_Bdr_GK_BIS2.obj
 0001:000bd470       _sf_exported_auto_resetTemporalCounter_c11_ARP_02_RPSs_Bdr_GK_BIS2_secs 100be470 f   c11_ARP_02_RPSs_Bdr_GK_BIS2.obj
 0001:000bd4b0       _sf_exported_auto_deactivate_c11_ARP_02_RPSs_Bdr_GK_BIS2_secs 100be4b0 f   c11_ARP_02_RPSs_Bdr_GK_BIS2.obj
 0001:000bd540       _sf_exported_auto_isStablec11_ARP_02_RPSs_Bdr_GK_BIS2 100be540 f   c11_ARP_02_RPSs_Bdr_GK_BIS2.obj
 0001:000bd570       _sf_exported_auto_duringc11_ARP_02_RPSs_Bdr_GK_BIS2 100be570 f   c11_ARP_02_RPSs_Bdr_GK_BIS2.obj
 0001:000bf3a0       _sf_exported_auto_enterc11_ARP_02_RPSs_Bdr_GK_BIS2 100c03a0 f   c11_ARP_02_RPSs_Bdr_GK_BIS2.obj
 0001:000bf680       _sf_exported_auto_exitc11_ARP_02_RPSs_Bdr_GK_BIS2 100c0680 f   c11_ARP_02_RPSs_Bdr_GK_BIS2.obj
 0001:000bf9f0       _sf_exported_auto_gatewayc11_ARP_02_RPSs_Bdr_GK_BIS2 100c09f0 f   c11_ARP_02_RPSs_Bdr_GK_BIS2.obj
 0001:000bfa20       _sf_exported_auto_enablec11_ARP_02_RPSs_Bdr_GK_BIS2 100c0a20 f   c11_ARP_02_RPSs_Bdr_GK_BIS2.obj
 0001:000bfa50       _sf_exported_auto_disablec11_ARP_02_RPSs_Bdr_GK_BIS2 100c0a50 f   c11_ARP_02_RPSs_Bdr_GK_BIS2.obj
 0001:000bfa80       _sf_exported_auto_stepBuffersc11_ARP_02_RPSs_Bdr_GK_BIS2 100c0a80 f   c11_ARP_02_RPSs_Bdr_GK_BIS2.obj
 0001:000bfaa0       _sf_exported_auto_initBuffersc11_ARP_02_RPSs_Bdr_GK_BIS2 100c0aa0 f   c11_ARP_02_RPSs_Bdr_GK_BIS2.obj
 0001:000bfac0       _sf_exported_auto_activate_callc11_ARP_02_RPSs_Bdr_GK_BIS2 100c0ac0 f   c11_ARP_02_RPSs_Bdr_GK_BIS2.obj
 0001:000bfaf0       _sf_exported_auto_increment_call_counterc11_ARP_02_RPSs_Bdr_GK_BIS2 100c0af0 f   c11_ARP_02_RPSs_Bdr_GK_BIS2.obj
 0001:000bfb10       _sf_exported_auto_reset_call_counterc11_ARP_02_RPSs_Bdr_GK_BIS2 100c0b10 f   c11_ARP_02_RPSs_Bdr_GK_BIS2.obj
 0001:000bfb30       _sf_exported_auto_deactivate_callc11_ARP_02_RPSs_Bdr_GK_BIS2 100c0b30 f   c11_ARP_02_RPSs_Bdr_GK_BIS2.obj
 0001:000bfb50       _sf_exported_auto_initc11_ARP_02_RPSs_Bdr_GK_BIS2 100c0b50 f   c11_ARP_02_RPSs_Bdr_GK_BIS2.obj
 0001:000bfbf0       _sf_exported_auto_getSimstatec11_ARP_02_RPSs_Bdr_GK_BIS2 100c0bf0 f   c11_ARP_02_RPSs_Bdr_GK_BIS2.obj
 0001:000bfc40       _sf_exported_auto_setSimstatec11_ARP_02_RPSs_Bdr_GK_BIS2 100c0c40 f   c11_ARP_02_RPSs_Bdr_GK_BIS2.obj
 0001:000bfc80       _sf_exported_auto_check_state_inconsistency_c11_ARP_02_RPSs_Bdr_GK_BIS2 100c0c80 f   c11_ARP_02_RPSs_Bdr_GK_BIS2.obj
 0001:000c1950       _sf_exported_user_c11_ARP_02_RPSs_Bdr_GK_BIS2_smileTable 100c2950 f   c11_ARP_02_RPSs_Bdr_GK_BIS2.obj
 0001:000c1c20       _sf_c11_ARP_02_RPSs_Bdr_GK_BIS2_get_check_sum 100c2c20 f   c11_ARP_02_RPSs_Bdr_GK_BIS2.obj
 0001:000c1c80       _sf_c11_ARP_02_RPSs_Bdr_GK_BIS2_get_autoinheritance_info 100c2c80 f   c11_ARP_02_RPSs_Bdr_GK_BIS2.obj
 0001:000c1f90       _sf_c11_ARP_02_RPSs_Bdr_GK_BIS2_third_party_uses_info 100c2f90 f   c11_ARP_02_RPSs_Bdr_GK_BIS2.obj
 0001:000c1fb0       _sf_c11_ARP_02_RPSs_Bdr_GK_BIS2_updateBuildInfo_args_info 100c2fb0 f   c11_ARP_02_RPSs_Bdr_GK_BIS2.obj
 0001:000c1fd0       _sf_internal_get_sim_state_c11_ARP_02_RPSs_Bdr_GK_BIS2 100c2fd0 f   c11_ARP_02_RPSs_Bdr_GK_BIS2.obj
 0001:000c22c0       _sf_internal_set_sim_state_c11_ARP_02_RPSs_Bdr_GK_BIS2 100c32c0 f   c11_ARP_02_RPSs_Bdr_GK_BIS2.obj
 0001:000c29e0       _c11_ARP_02_RPSs_Bdr_GK_BIS2_method_dispatcher 100c39e0 f   c11_ARP_02_RPSs_Bdr_GK_BIS2.obj
 0001:000c4980       _sf_c12_ARP_02_RPSs_Bdr_GK_BIS2_get_eml_resolved_functions_info 100c5980 f   c12_ARP_02_RPSs_Bdr_GK_BIS2.obj
 0001:000c49d0       _sf_c12_ARP_02_RPSs_Bdr_GK_BIS2_get_check_sum 100c59d0 f   c12_ARP_02_RPSs_Bdr_GK_BIS2.obj
 0001:000c4a30       _sf_c12_ARP_02_RPSs_Bdr_GK_BIS2_get_autoinheritance_info 100c5a30 f   c12_ARP_02_RPSs_Bdr_GK_BIS2.obj
 0001:000c4e30       _sf_c12_ARP_02_RPSs_Bdr_GK_BIS2_third_party_uses_info 100c5e30 f   c12_ARP_02_RPSs_Bdr_GK_BIS2.obj
 0001:000c4e50       _sf_c12_ARP_02_RPSs_Bdr_GK_BIS2_updateBuildInfo_args_info 100c5e50 f   c12_ARP_02_RPSs_Bdr_GK_BIS2.obj
 0001:000c4e70       _sf_internal_get_sim_state_c12_ARP_02_RPSs_Bdr_GK_BIS2 100c5e70 f   c12_ARP_02_RPSs_Bdr_GK_BIS2.obj
 0001:000c5110       _sf_internal_set_sim_state_c12_ARP_02_RPSs_Bdr_GK_BIS2 100c6110 f   c12_ARP_02_RPSs_Bdr_GK_BIS2.obj
 0001:000c5400       _c12_ARP_02_RPSs_Bdr_GK_BIS2_method_dispatcher 100c6400 f   c12_ARP_02_RPSs_Bdr_GK_BIS2.obj
 0001:000c8320       _sf_c13_ARP_02_RPSs_Bdr_GK_BIS2_get_eml_resolved_functions_info 100c9320 f   c13_ARP_02_RPSs_Bdr_GK_BIS2.obj
 0001:000c8370       _sf_c13_ARP_02_RPSs_Bdr_GK_BIS2_get_check_sum 100c9370 f   c13_ARP_02_RPSs_Bdr_GK_BIS2.obj
 0001:000c83d0       _sf_c13_ARP_02_RPSs_Bdr_GK_BIS2_get_autoinheritance_info 100c93d0 f   c13_ARP_02_RPSs_Bdr_GK_BIS2.obj
 0001:000c86e0       _sf_c13_ARP_02_RPSs_Bdr_GK_BIS2_third_party_uses_info 100c96e0 f   c13_ARP_02_RPSs_Bdr_GK_BIS2.obj
 0001:000c8700       _sf_c13_ARP_02_RPSs_Bdr_GK_BIS2_updateBuildInfo_args_info 100c9700 f   c13_ARP_02_RPSs_Bdr_GK_BIS2.obj
 0001:000c8720       _sf_internal_get_sim_state_c13_ARP_02_RPSs_Bdr_GK_BIS2 100c9720 f   c13_ARP_02_RPSs_Bdr_GK_BIS2.obj
 0001:000c89c0       _sf_internal_set_sim_state_c13_ARP_02_RPSs_Bdr_GK_BIS2 100c99c0 f   c13_ARP_02_RPSs_Bdr_GK_BIS2.obj
 0001:000c8cb0       _c13_ARP_02_RPSs_Bdr_GK_BIS2_method_dispatcher 100c9cb0 f   c13_ARP_02_RPSs_Bdr_GK_BIS2.obj
 0001:000ca0c0       _sf_c14_ARP_02_RPSs_Bdr_GK_BIS2_get_eml_resolved_functions_info 100cb0c0 f   c14_ARP_02_RPSs_Bdr_GK_BIS2.obj
 0001:000ca110       _sf_c14_ARP_02_RPSs_Bdr_GK_BIS2_get_check_sum 100cb110 f   c14_ARP_02_RPSs_Bdr_GK_BIS2.obj
 0001:000ca170       _sf_c14_ARP_02_RPSs_Bdr_GK_BIS2_get_autoinheritance_info 100cb170 f   c14_ARP_02_RPSs_Bdr_GK_BIS2.obj
 0001:000ca480       _sf_c14_ARP_02_RPSs_Bdr_GK_BIS2_third_party_uses_info 100cb480 f   c14_ARP_02_RPSs_Bdr_GK_BIS2.obj
 0001:000ca4a0       _sf_c14_ARP_02_RPSs_Bdr_GK_BIS2_updateBuildInfo_args_info 100cb4a0 f   c14_ARP_02_RPSs_Bdr_GK_BIS2.obj
 0001:000ca4c0       _sf_internal_get_sim_state_c14_ARP_02_RPSs_Bdr_GK_BIS2 100cb4c0 f   c14_ARP_02_RPSs_Bdr_GK_BIS2.obj
 0001:000ca760       _sf_internal_set_sim_state_c14_ARP_02_RPSs_Bdr_GK_BIS2 100cb760 f   c14_ARP_02_RPSs_Bdr_GK_BIS2.obj
 0001:000caa50       _c14_ARP_02_RPSs_Bdr_GK_BIS2_method_dispatcher 100cba50 f   c14_ARP_02_RPSs_Bdr_GK_BIS2.obj
 0001:000cc200       _sf_process_check_sum_call 100cd200 f   ARP_02_RPSs_Bdr_GK_BIS2_sfun_registry.obj
 0001:000cc230       _sf_process_autoinheritance_call 100cd230 f   ARP_02_RPSs_Bdr_GK_BIS2_sfun_registry.obj
 0001:000cc370       _sf_process_get_third_party_uses_info_call 100cd370 f   ARP_02_RPSs_Bdr_GK_BIS2_sfun_registry.obj
 0001:000cc4b0       _sf_process_get_updateBuildInfo_args_info_call 100cd4b0 f   ARP_02_RPSs_Bdr_GK_BIS2_sfun_registry.obj
 0001:000cc5f0       _sf_process_get_eml_resolved_functions_info_call 100cd5f0 f   ARP_02_RPSs_Bdr_GK_BIS2_sfun_registry.obj
 0001:000cc710       _sf_mex_unlock_call        100cd710 f   ARP_02_RPSs_Bdr_GK_BIS2_sfun_registry.obj
 0001:000cc7a0       _sf_machine_global_initializer_called 100cd7a0 f   ARP_02_RPSs_Bdr_GK_BIS2_sfun_registry.obj
 0001:000cc7c0       _sf_machine_global_method_dispatcher 100cd7c0 f   ARP_02_RPSs_Bdr_GK_BIS2_sfun_registry.obj
 0001:000cc800       _sf_machine_global_terminator 100cd800 f   ARP_02_RPSs_Bdr_GK_BIS2_sfun_registry.obj
 0001:000cc840       _sf_register_machine_exported_symbols 100cd840 f   ARP_02_RPSs_Bdr_GK_BIS2_sfun_registry.obj
 0001:000cc860       _callCustomFcn             100cd860 f   ARP_02_RPSs_Bdr_GK_BIS2_sfun_registry.obj
 0001:000cc870       _sf_machine_global_initializer 100cd870 f   ARP_02_RPSs_Bdr_GK_BIS2_sfun_registry.obj
 0001:000cc8e0       _mdlGetSimState            100cd8e0 f   ARP_02_RPSs_Bdr_GK_BIS2_sfun_registry.obj
 0001:000cc940       _mdlSetSimState            100cd940 f   ARP_02_RPSs_Bdr_GK_BIS2_sfun_registry.obj
 0001:000cc970       __ssSetStateAbsTol         100cd970 f   ARP_02_RPSs_Bdr_GK_BIS2_sfun_registry.obj
 0001:000cca10       __ssGetAbsTol              100cda10 f   ARP_02_RPSs_Bdr_GK_BIS2_sfun_registry.obj
 0001:000cca60       __ssSetInputPortMatrixDimensions 100cda60 f   ARP_02_RPSs_Bdr_GK_BIS2_sfun_registry.obj
 0001:000ccb10       __ssSetOutputPortMatrixDimensions 100cdb10 f   ARP_02_RPSs_Bdr_GK_BIS2_sfun_registry.obj
 0001:000ccbc0       __ssSetInputPortVectorDimension 100cdbc0 f   ARP_02_RPSs_Bdr_GK_BIS2_sfun_registry.obj
 0001:000ccc40       __ssSetOutputPortVectorDimension 100cdc40 f   ARP_02_RPSs_Bdr_GK_BIS2_sfun_registry.obj
 0001:000cccc0       _ssIsRunTimeParamTunable   100cdcc0 f   ARP_02_RPSs_Bdr_GK_BIS2_sfun_registry.obj
 0001:000ccd20       _ssGetSFuncBlockHandle     100cdd20 f   ARP_02_RPSs_Bdr_GK_BIS2_sfun_registry.obj
 0001:000ccd70       __ssGetCurrentInputPortWidth 100cdd70 f   ARP_02_RPSs_Bdr_GK_BIS2_sfun_registry.obj
 0001:000cce40       __ssGetCurrentOutputPortWidth 100cde40 f   ARP_02_RPSs_Bdr_GK_BIS2_sfun_registry.obj
 0001:000ccf10       __ssGetCallSystemNumFcnCallDestinations 100cdf10 f   ARP_02_RPSs_Bdr_GK_BIS2_sfun_registry.obj
 0001:000ccf70       _ssWarning                 100cdf70 f   ARP_02_RPSs_Bdr_GK_BIS2_sfun_registry.obj
 0001:000cd050       _ssGetIsZeroCrossControlDisabled 100ce050 f   ARP_02_RPSs_Bdr_GK_BIS2_sfun_registry.obj
 0001:000cd0b0       _ssSetIsInputPortUsedForContZcSignal 100ce0b0 f   ARP_02_RPSs_Bdr_GK_BIS2_sfun_registry.obj
 0001:000cd100       _ssSetZcSignalIsZcElementDisc 100ce100 f   ARP_02_RPSs_Bdr_GK_BIS2_sfun_registry.obj
 0001:000cd180       _ssSetZcSignalName         100ce180 f   ARP_02_RPSs_Bdr_GK_BIS2_sfun_registry.obj
 0001:000cd1d0       _ssSetZcSignalWidth        100ce1d0 f   ARP_02_RPSs_Bdr_GK_BIS2_sfun_registry.obj
 0001:000cd220       _ssSetZcSignalZcEventType  100ce220 f   ARP_02_RPSs_Bdr_GK_BIS2_sfun_registry.obj
 0001:000cd270       _ssSetZcSignalType         100ce270 f   ARP_02_RPSs_Bdr_GK_BIS2_sfun_registry.obj
 0001:000cd2c0       _ssSetZcSignalZcTol        100ce2c0 f   ARP_02_RPSs_Bdr_GK_BIS2_sfun_registry.obj
 0001:000cd310       _ssSetZcSignalNeedsEventNotification 100ce310 f   ARP_02_RPSs_Bdr_GK_BIS2_sfun_registry.obj
 0001:000cd360       _ssCreateAndAddZcSignalInfo 100ce360 f   ARP_02_RPSs_Bdr_GK_BIS2_sfun_registry.obj
 0001:000cd3c0       _ssCloneAndAddZcSignalInfo 100ce3c0 f   ARP_02_RPSs_Bdr_GK_BIS2_sfun_registry.obj
 0001:000cd420       _ssGetNumZcSignals         100ce420 f   ARP_02_RPSs_Bdr_GK_BIS2_sfun_registry.obj
 0001:000cd480       _ssGetZcSignalVector       100ce480 f   ARP_02_RPSs_Bdr_GK_BIS2_sfun_registry.obj
 0001:000cd4e0       _ssGetZcSignalZcEvents     100ce4e0 f   ARP_02_RPSs_Bdr_GK_BIS2_sfun_registry.obj
 0001:000cd540       _ssGetZcSignalName         100ce540 f   ARP_02_RPSs_Bdr_GK_BIS2_sfun_registry.obj
 0001:000cd5a0       _ssGetZcSignalWidth        100ce5a0 f   ARP_02_RPSs_Bdr_GK_BIS2_sfun_registry.obj
 0001:000cd600       _ssGetZcSignalZcEventType  100ce600 f   ARP_02_RPSs_Bdr_GK_BIS2_sfun_registry.obj
 0001:000cd660       _ssGetZcSignalType         100ce660 f   ARP_02_RPSs_Bdr_GK_BIS2_sfun_registry.obj
 0001:000cd6c0       _ssGetZcSignalZcTol        100ce6c0 f   ARP_02_RPSs_Bdr_GK_BIS2_sfun_registry.obj
 0001:000cd720       _ssGetZcSignalNeedsEventNotification 100ce720 f   ARP_02_RPSs_Bdr_GK_BIS2_sfun_registry.obj
 0001:000cd780       _ssGetZcSignalIsZcElementDisc 100ce780 f   ARP_02_RPSs_Bdr_GK_BIS2_sfun_registry.obj
 0001:000cd800       _ssGetIsInputPortElementContinuous 100ce800 f   ARP_02_RPSs_Bdr_GK_BIS2_sfun_registry.obj
 0001:000cd880       __ssGetInputPortSignalPtrsFcn 100ce880 f   ARP_02_RPSs_Bdr_GK_BIS2_sfun_registry.obj
 0001:000cda80       __ssGetInputPortSignalFcn  100cea80 f   ARP_02_RPSs_Bdr_GK_BIS2_sfun_registry.obj
 0001:000cdc10       __ssSetInputPortDirectFeedThroughFcn 100cec10 f   ARP_02_RPSs_Bdr_GK_BIS2_sfun_registry.obj
 0001:000cdd40       __ssSetInputPortReusableFcn 100ced40 f   ARP_02_RPSs_Bdr_GK_BIS2_sfun_registry.obj
 0001:000cddd0       __ssSetOutputPortReusableFcn 100cedd0 f   ARP_02_RPSs_Bdr_GK_BIS2_sfun_registry.obj
 0001:000cde60       _ssGetDTypeIdFromMxArray   100cee60 f   ARP_02_RPSs_Bdr_GK_BIS2_sfun_registry.obj
 0001:000cdf50       _ssWriteRTWStr             100cef50 f   ARP_02_RPSs_Bdr_GK_BIS2_sfun_registry.obj
 0001:000cdf90       _ssWriteRTWMxVectParam     100cef90 f   ARP_02_RPSs_Bdr_GK_BIS2_sfun_registry.obj
 0001:000cdfd0       _ssWriteRTWMx2dMatParam    100cefd0 f   ARP_02_RPSs_Bdr_GK_BIS2_sfun_registry.obj
 0001:000ce010       _ssWriteRTWNameValuePair   100cf010 f   ARP_02_RPSs_Bdr_GK_BIS2_sfun_registry.obj
 0001:000ce380       _ssWriteRTWParameters      100cf380 f   ARP_02_RPSs_Bdr_GK_BIS2_sfun_registry.obj
 0001:000ce720       _ssWriteRTWParamSettings   100cf720 f   ARP_02_RPSs_Bdr_GK_BIS2_sfun_registry.obj
 0001:000cebd0       _ssWriteRTWWorkVect        100cfbd0 f   ARP_02_RPSs_Bdr_GK_BIS2_sfun_registry.obj
 0001:000cef60       _mexFunction               100cff60 f   ARP_02_RPSs_Bdr_GK_BIS2_sfun_registry.obj
 0001:000d0cb0       _ProcessMexSfunctionEveryCall 100d1cb0 f   ARP_02_RPSs_Bdr_GK_BIS2_sfun_registry.obj
 0001:000d0dce       _sf_debug_set_machine_data_thresholds 100d1dce f   sf_runtime:sf_runtime.dll
 0001:000d0dd4       _sf_debug_set_machine_event_thresholds 100d1dd4 f   sf_runtime:sf_runtime.dll
 0001:000d0dda       _sf_debug_initialize_machine 100d1dda f   sf_runtime:sf_runtime.dll
 0001:000d0de0       _sf_load_rtw_optimization_info 100d1de0 f   sf_runtime:sf_runtime.dll
 0001:000d0de6       _sf_mex_assign             100d1de6 f   sf_runtime:sf_runtime.dll
 0001:000d0dec       _sf_mex_create             100d1dec f   sf_runtime:sf_runtime.dll
 0001:000d0df2       _sf_mex_error_message      100d1df2 f   sf_runtime:sf_runtime.dll
 0001:000d0df8       _sf_mex_call_matlab        100d1df8 f   sf_runtime:sf_runtime.dll
 0001:000d0dfe       _sf_mex_destroy            100d1dfe f   sf_runtime:sf_runtime.dll
 0001:000d0e04       _sf_mex_duplicatearraysafe 100d1e04 f   sf_runtime:sf_runtime.dll
 0001:000d0e0a       _sf_mex_dup                100d1e0a f   sf_runtime:sf_runtime.dll
 0001:000d0e10       _sf_mex_setcell            100d1e10 f   sf_runtime:sf_runtime.dll
 0001:000d0e16       _sf_mex_createcellmatrix   100d1e16 f   sf_runtime:sf_runtime.dll
 0001:000d0e1c       _sf_mex_decode_encoded_mx_struct_array 100d1e1c f   sf_runtime:sf_runtime.dll
 0001:000d0e22       _sf_mex_getcell            100d1e22 f   sf_runtime:sf_runtime.dll
 0001:000d0e28       _sf_debug_animate          100d1e28 f   sf_runtime:sf_runtime.dll
 0001:000d0e2e       _sf_debug_call             100d1e2e f   sf_runtime:sf_runtime.dll
 0001:000d0e34       _sf_debug_set_honor_breakpoints 100d1e34 f   sf_runtime:sf_runtime.dll
 0001:000d0e3a       _sf_debug_set_animation    100d1e3a f   sf_runtime:sf_runtime.dll
 0001:000d0e40       _sf_debug_get_animation    100d1e40 f   sf_runtime:sf_runtime.dll
 0001:000d0e46       _sf_mex_import             100d1e46 f   sf_runtime:sf_runtime.dll
 0001:000d0e4c       _sf_set_rtw_dwork_info     100d1e4c f   sf_runtime:sf_runtime.dll
 0001:000d0e52       _sf_mark_chart_reusable_outputs 100d1e52 f   sf_runtime:sf_runtime.dll
 0001:000d0e58       _sf_mark_chart_expressionable_inputs 100d1e58 f   sf_runtime:sf_runtime.dll
 0001:000d0e5e       _sf_mark_output_events_with_multiple_callers 100d1e5e f   sf_runtime:sf_runtime.dll
 0001:000d0e64       _sf_update_buildInfo       100d1e64 f   sf_runtime:sf_runtime.dll
 0001:000d0e6a       _sf_rtw_info_uint_prop     100d1e6a f   sf_runtime:sf_runtime.dll
 0001:000d0e70       _sf_is_chart_inlinable     100d1e70 f   sf_runtime:sf_runtime.dll
 0001:000d0e76       _sim_mode_is_external      100d1e76 f   sf_runtime:sf_runtime.dll
 0001:000d0e7c       _sim_mode_is_rtw_gen       100d1e7c f   sf_runtime:sf_runtime.dll
 0001:000d0e82       _sf_debug_reset_current_state_configuration 100d1e82 f   sf_runtime:sf_runtime.dll
 0001:000d0e88       _sf_debug_set_instance_data_value_ptr 100d1e88 f   sf_runtime:sf_runtime.dll
 0001:000d0e8e       _sf_debug_set_chart_data_compiled_props 100d1e8e f   sf_runtime:sf_runtime.dll
 0001:000d0e94       _cv_eml_init_if            100d1e94 f   sf_runtime:sf_runtime.dll
 0001:000d0e9a       _cv_eml_init_script        100d1e9a f   sf_runtime:sf_runtime.dll
 0001:000d0ea0       _sf_debug_cv_init_trans    100d1ea0 f   sf_runtime:sf_runtime.dll
 0001:000d0ea6       _sf_debug_cv_init_state    100d1ea6 f   sf_runtime:sf_runtime.dll
 0001:000d0eac       _sf_debug_cv_init_chart    100d1eac f   sf_runtime:sf_runtime.dll
 0001:000d0eb2       _sf_debug_set_chart_state_substate_index 100d1eb2 f   sf_runtime:sf_runtime.dll
 0001:000d0eb8       _sf_debug_set_chart_state_substate_count 100d1eb8 f   sf_runtime:sf_runtime.dll
 0001:000d0ebe       _sf_debug_set_chart_substate_index 100d1ebe f   sf_runtime:sf_runtime.dll
 0001:000d0ec4       _sf_debug_set_chart_decomposition 100d1ec4 f   sf_runtime:sf_runtime.dll
 0001:000d0eca       _sf_debug_set_chart_substate_count 100d1eca f   sf_runtime:sf_runtime.dll
 0001:000d0ed0       _sf_debug_set_chart_state_info 100d1ed0 f   sf_runtime:sf_runtime.dll
 0001:000d0ed6       _sf_debug_set_chart_event_scope 100d1ed6 f   sf_runtime:sf_runtime.dll
 0001:000d0edc       _sf_debug_set_chart_data_props 100d1edc f   sf_runtime:sf_runtime.dll
 0001:000d0ee2       _sf_debug_set_chart_event_thresholds 100d1ee2 f   sf_runtime:sf_runtime.dll
 0001:000d0ee8       _sf_debug_set_chart_disable_implicit_casting 100d1ee8 f   sf_runtime:sf_runtime.dll
 0001:000d0eee       _sf_debug_initialize_chart 100d1eee f   sf_runtime:sf_runtime.dll
 0001:000d0ef4       _sf_get_output_port_reusable 100d1ef4 f   sf_runtime:sf_runtime.dll
 0001:000d0efa       _sf_get_time               100d1efa f   sf_runtime:sf_runtime.dll
 0001:000d0f00       _sf_call_output_fcn_enable 100d1f00 f   sf_runtime:sf_runtime.dll
 0001:000d0f06       _sf_call_output_fcn_disable 100d1f06 f   sf_runtime:sf_runtime.dll
 0001:000d0f0c       _sf_debug_check_for_state_inconsistency 100d1f0c f   sf_runtime:sf_runtime.dll
 0001:000d0f12       _sf_debug_symbol_scope_pop 100d1f12 f   sf_runtime:sf_runtime.dll
 0001:000d0f18       _sf_debug_data_range_wrapper 100d1f18 f   sf_runtime:sf_runtime.dll
 0001:000d0f1e       _sf_debug_symbol_scope_push 100d1f1e f   sf_runtime:sf_runtime.dll
 0001:000d0f24       _sf_mex_sub                100d1f24 f   sf_runtime:sf_runtime.dll
 0001:000d0f2a       _sf_mex_call_debug         100d1f2a f   sf_runtime:sf_runtime.dll
 0001:000d0f30       _sf_mex_printf             100d1f30 f   sf_runtime:sf_runtime.dll
 0001:000d0f36       _sf_call_output_fcn_call   100d1f36 f   sf_runtime:sf_runtime.dll
 0001:000d0f3c       _cv_eml_eval               100d1f3c f   sf_runtime:sf_runtime.dll
 0001:000d0f42       _sf_debug_symbol_scope_add_eml_importable 100d1f42 f   sf_runtime:sf_runtime.dll
 0001:000d0f48       _sf_debug_symbol_scope_push_eml 100d1f48 f   sf_runtime:sf_runtime.dll
 0001:000d0f4e       _cv_eval_point             100d1f4e f   sf_runtime:sf_runtime.dll
 0001:000d0f54       _sf_debug_unset_instance_data_value_ptr 100d1f54 f   sf_runtime:sf_runtime.dll
 0001:000d0f5a       _sf_debug_symbol_scope_add_importable 100d1f5a f   sf_runtime:sf_runtime.dll
 0001:000d0f60       _sf_debug_eml_data_array_bounds_error_check 100d1f60 f   sf_runtime:sf_runtime.dll
 0001:000d0f66       _sf_debug_read_before_write_check 100d1f66 f   sf_runtime:sf_runtime.dll
 0001:000d0f6c       _sf_clear_rtw_identifier   100d1f6c f   sf_runtime:sf_runtime.dll
 0001:000d0f72       _sf_get_subchart_simstruct 100d1f72 f   sf_runtime:sf_runtime.dll
 0001:000d0f78       _sf_mex_emlrtNameCapturePostProcessR2012a 100d1f78 f   sf_runtime:sf_runtime.dll
 0001:000d0f7e       _sf_mex_createstruct       100d1f7e f   sf_runtime:sf_runtime.dll
 0001:000d0f84       _sf_mex_addfield           100d1f84 f   sf_runtime:sf_runtime.dll
 0001:000d0f8a       _cv_eml_init_fcn           100d1f8a f   sf_runtime:sf_runtime.dll
 0001:000d0f90       _eml_debug_line_call       100d1f90 f   sf_runtime:sf_runtime.dll
 0001:000d0f96       _sf_debug_symbol_scope_add_eml 100d1f96 f   sf_runtime:sf_runtime.dll
 0001:000d0f9c       _cv_script_eval            100d1f9c f   sf_runtime:sf_runtime.dll
 0001:000d0fa2       _sf_debug_integer_check    100d1fa2 f   sf_runtime:sf_runtime.dll
 0001:000d0fa8       _cv_eml_init_mcdc          100d1fa8 f   sf_runtime:sf_runtime.dll
 0001:000d0fae       _cv_script_init_fcn        100d1fae f   sf_runtime:sf_runtime.dll
 0001:000d0fb4       _cv_script_init_script     100d1fb4 f   sf_runtime:sf_runtime.dll
 0001:000d0fba       _sf_debug_set_script_translation 100d1fba f   sf_runtime:sf_runtime.dll
 0001:000d0fc0       _sf_debug_get_script_id    100d1fc0 f   sf_runtime:sf_runtime.dll
 0001:000d0fc6       _sf_debug_temporal_threshold 100d1fc6 f   sf_runtime:sf_runtime.dll
 0001:000d0fcc       _sf_debug_symbol_scope_add_eml_dyn_importable 100d1fcc f   sf_runtime:sf_runtime.dll
 0001:000d0fd2       _sf_debug_sub_assign_size_check_nd 100d1fd2 f   sf_runtime:sf_runtime.dll
 0001:000d0fd8       _sf_mex_import_vs          100d1fd8 f   sf_runtime:sf_runtime.dll
 0001:000d0fde       _cv_script_init_mcdc       100d1fde f   sf_runtime:sf_runtime.dll
 0001:000d0fe4       _cv_script_init_if         100d1fe4 f   sf_runtime:sf_runtime.dll
 0001:000d0fea       _sf_debug_terminate        100d1fea f   sf_runtime:sf_runtime.dll
 0001:000d0ff0       _sf_debug_create_debug_instance_struct 100d1ff0 f   sf_runtime:sf_runtime.dll
 0001:000d0ff6       _sf_debug_api              100d1ff6 f   sf_runtime:sf_runtime.dll
 0001:000d0ffe       _callMdlMethodAndReportError 100d1ffe f   sf_runtime:sf_runtime.dll
 0001:000d1004       _call_sf_machine_global_method_dispatcher 100d2004 f   sf_runtime:sf_runtime.dll
 0001:000d100a       _sf_clear_error_manager_info 100d200a f   sf_runtime:sf_runtime.dll
 0001:000d1010       _sf_mex_error_direct_call  100d2010 f   sf_runtime:sf_runtime.dll
 0001:000d1016       _mxGetScalar               100d2016 f   libmx:libmx.dll
 0001:000d101c       _mxGetPr                   100d201c f   libmx:libmx.dll
 0001:000d1022       _mxCreateDoubleMatrix_730  100d2022 f   libmx:libmx.dll
 0001:000d1028       _mxGetString_730           100d2028 f   libmx:libmx.dll
 0001:000d102e       _mxIsChar                  100d202e f   libmx:libmx.dll
 0001:000d1034       _mxDestroyArray            100d2034 f   libmx:libmx.dll
 0001:000d103a       _mxDuplicateArray          100d203a f   libmx:libmx.dll
 0001:000d1040       _mxCreateDoubleScalar      100d2040 f   libmx:libmx.dll
 0001:000d1046       _mxSetField_730            100d2046 f   libmx:libmx.dll
 0001:000d104c       _mxCreateString            100d204c f   libmx:libmx.dll
 0001:000d1052       _mxCreateStructMatrix_730  100d2052 f   libmx:libmx.dll
 0001:000d1058       _mxCreateCellMatrix_730    100d2058 f   libmx:libmx.dll
 0001:000d105e       _mxIsEmpty                 100d205e f   libmx:libmx.dll
 0001:000d1064       _mxGetClassID              100d2064 f   libmx:libmx.dll
 0001:000d106a       _mxIsNumeric               100d206a f   libmx:libmx.dll
 0001:000d1070       _mxIsComplex               100d2070 f   libmx:libmx.dll
 0001:000d1076       _mxGetN                    100d2076 f   libmx:libmx.dll
 0001:000d107c       _mxGetM                    100d207c f   libmx:libmx.dll
 0001:000d1082       _mxCalloc                  100d2082 f   libmx:libmx.dll
 0001:000d1088       _mexMakeArrayPersistent    100d2088 f   libmex:libmex.dll
 0001:000d108e       _mexUnlock                 100d208e f   libmex:libmex.dll
 0001:000d1094       _mexIsLocked               100d2094 f   libmex:libmex.dll
 0001:000d109a       _mexWarnMsgTxt             100d209a f   libmex:libmex.dll
 0001:000d10a0       _mexCallMATLAB             100d20a0 f   libmex:libmex.dll
 0001:000d10a6       _mexErrMsgTxt              100d20a6 f   libmex:libmex.dll
 0001:000d10ac       _mexLock                   100d20ac f   libmex:libmex.dll
 0001:000d10b2       _utMalloc                  100d20b2 f   libut:libut.dll
 0001:000d10b8       _utFree                    100d20b8 f   libut:libut.dll
 0001:000d10be       _muDoubleScalarFloor       100d20be f   libmwmathutil:libmwmathutil.dll
 0001:000d10c4       _muDoubleScalarRound       100d20c4 f   libmwmathutil:libmwmathutil.dll
 0001:000d10ca       _muDoubleScalarLog         100d20ca f   libmwmathutil:libmwmathutil.dll
 0001:000d10d0       _muDoubleScalarAbs         100d20d0 f   libmwmathutil:libmwmathutil.dll
 0001:000d10d6       _strcmp                    100d20d6 f   MSVCRT:MSVCR100.dll
 0001:000d10e0       @__security_check_cookie@4 100d20e0 f   MSVCRT:secchk.obj
 0001:000d10f0       _memset                    100d20f0 f   MSVCRT:MSVCR100.dll
 0001:000d1100       __alloca_probe             100d2100     MSVCRT:chkstk.obj
 0001:000d1100       __chkstk                   100d2100 f   MSVCRT:chkstk.obj
 0001:000d112c       _strlen                    100d212c f   MSVCRT:MSVCR100.dll
 0001:000d1140       __ftol2_sse                100d2140 f   MSVCRT:ftol2.obj
 0001:000d1149       __ftol2_pentium4           100d2149 f   MSVCRT:ftol2.obj
 0001:000d115c       __ftol2_sse_excpt          100d215c f   MSVCRT:ftol2.obj
 0001:000d1176       __ftol2                    100d2176 f   MSVCRT:ftol2.obj
 0001:000d11ec       _free                      100d21ec f   MSVCRT:MSVCR100.dll
 0001:000d11f2       _sprintf                   100d21f2 f   MSVCRT:MSVCR100.dll
 0001:000d11f8       _malloc                    100d21f8 f   MSVCRT:MSVCR100.dll
 0001:000d11fe       _strcat                    100d21fe f   MSVCRT:MSVCR100.dll
 0001:000d1204       _memcpy                    100d2204 f   MSVCRT:MSVCR100.dll
 0001:000d120a       _NtCurrentTeb              100d220a f i MSVCRT:crtdll.obj
 0001:000d125f       __CRT_INIT@12              100d225f f   MSVCRT:crtdll.obj
 0001:000d157f       __DllMainCRTStartup@12     100d257f f   MSVCRT:crtdll.obj
 0001:000d15a2       ___report_gsfailure        100d25a2 f   MSVCRT:gs_report.obj
 0001:000d16a8       ___sse2_available_init     100d26a8 f   MSVCRT:cpu_disp.obj
 0001:000d16b8       ___clean_type_info_names   100d26b8 f   MSVCRT:tncleanup.obj
 0001:000d16c4       __onexit                   100d26c4 f   MSVCRT:atonexit.obj
 0001:000d1765       _atexit                    100d2765 f   MSVCRT:atonexit.obj
 0001:000d177c       __RTC_Initialize           100d277c f   MSVCRT:_initsect_.obj
 0001:000d17a2       __RTC_Terminate            100d27a2 f   MSVCRT:_initsect_.obj
 0001:000d17c8       __malloc_crt               100d27c8 f   MSVCRT:MSVCR100.dll
 0001:000d17ce       __encoded_null             100d27ce f   MSVCRT:MSVCR100.dll
 0001:000d17e0       __ValidateImageBase        100d27e0 f   MSVCRT:pesect.obj
 0001:000d1820       __FindPESection            100d2820 f   MSVCRT:pesect.obj
 0001:000d1870       __IsNonwritableInCurrentImage 100d2870 f   MSVCRT:pesect.obj
 0001:000d192c       __initterm                 100d292c f   MSVCRT:MSVCR100.dll
 0001:000d1932       __initterm_e               100d2932 f   MSVCRT:MSVCR100.dll
 0001:000d1938       __amsg_exit                100d2938 f   MSVCRT:MSVCR100.dll
 0001:000d193e       ___CppXcptFilter           100d293e f   MSVCRT:MSVCR100.dll
 0001:000d1944       _DllMain@12                100d2944 f   MSVCRT:dllmain.obj
 0001:000d1970       __SEH_prolog4              100d2970 f   MSVCRT:sehprolg4.obj
 0001:000d19b5       __SEH_epilog4              100d29b5 f   MSVCRT:sehprolg4.obj
 0001:000d19c9       __except_handler4          100d29c9 f   MSVCRT:chandler4gs.obj
 0001:000d19ee       ___security_init_cookie    100d29ee f   MSVCRT:gs_support.obj
 0001:000d1a8a       __crt_debugger_hook        100d2a8a f   MSVCRT:MSVCR100.dll
 0001:000d1a90       ___clean_type_info_names_internal 100d2a90 f   MSVCRT:MSVCR100.dll
 0001:000d1a96       __unlock                   100d2a96 f   MSVCRT:MSVCR100.dll
 0001:000d1a9c       ___dllonexit               100d2a9c f   MSVCRT:MSVCR100.dll
 0001:000d1aa2       __lock                     100d2aa2 f   MSVCRT:MSVCR100.dll
 0001:000d1aa8       __except_handler4_common   100d2aa8 f   MSVCRT:MSVCR100.dll
 0001:000d1aae       _EncodePointer@4           100d2aae f   kernel32:KERNEL32.dll
 0001:000d1ab4       _DecodePointer@4           100d2ab4 f   kernel32:KERNEL32.dll
 0001:000d1aba       _InterlockedExchange@8     100d2aba f   kernel32:KERNEL32.dll
 0001:000d1ac0       _Sleep@4                   100d2ac0 f   kernel32:KERNEL32.dll
 0001:000d1ac6       _InterlockedCompareExchange@12 100d2ac6 f   kernel32:KERNEL32.dll
 0001:000d1acc       _TerminateProcess@8        100d2acc f   kernel32:KERNEL32.dll
 0001:000d1ad2       _GetCurrentProcess@0       100d2ad2 f   kernel32:KERNEL32.dll
 0001:000d1ad8       _UnhandledExceptionFilter@4 100d2ad8 f   kernel32:KERNEL32.dll
 0001:000d1ade       _SetUnhandledExceptionFilter@4 100d2ade f   kernel32:KERNEL32.dll
 0001:000d1ae4       _IsDebuggerPresent@0       100d2ae4 f   kernel32:KERNEL32.dll
 0001:000d1aea       _IsProcessorFeaturePresent@4 100d2aea f   kernel32:KERNEL32.dll
 0001:000d1af0       _DisableThreadLibraryCalls@4 100d2af0 f   kernel32:KERNEL32.dll
 0001:000d1af6       _QueryPerformanceCounter@4 100d2af6 f   kernel32:KERNEL32.dll
 0001:000d1afc       _GetTickCount@0            100d2afc f   kernel32:KERNEL32.dll
 0001:000d1b02       _GetCurrentThreadId@0      100d2b02 f   kernel32:KERNEL32.dll
 0001:000d1b08       _GetCurrentProcessId@0     100d2b08 f   kernel32:KERNEL32.dll
 0001:000d1b0e       _GetSystemTimeAsFileTime@4 100d2b0e f   kernel32:KERNEL32.dll
 0002:00000000       __imp__GetCurrentProcessId@0 100d3000     kernel32:KERNEL32.dll
 0002:00000004       __imp__GetCurrentThreadId@0 100d3004     kernel32:KERNEL32.dll
 0002:00000008       __imp__GetTickCount@0      100d3008     kernel32:KERNEL32.dll
 0002:0000000c       __imp__QueryPerformanceCounter@4 100d300c     kernel32:KERNEL32.dll
 0002:00000010       __imp__DisableThreadLibraryCalls@4 100d3010     kernel32:KERNEL32.dll
 0002:00000014       __imp__IsProcessorFeaturePresent@4 100d3014     kernel32:KERNEL32.dll
 0002:00000018       __imp__IsDebuggerPresent@0 100d3018     kernel32:KERNEL32.dll
 0002:0000001c       __imp__SetUnhandledExceptionFilter@4 100d301c     kernel32:KERNEL32.dll
 0002:00000020       __imp__UnhandledExceptionFilter@4 100d3020     kernel32:KERNEL32.dll
 0002:00000024       __imp__GetCurrentProcess@0 100d3024     kernel32:KERNEL32.dll
 0002:00000028       __imp__TerminateProcess@8  100d3028     kernel32:KERNEL32.dll
 0002:0000002c       __imp__InterlockedCompareExchange@12 100d302c     kernel32:KERNEL32.dll
 0002:00000030       __imp__Sleep@4             100d3030     kernel32:KERNEL32.dll
 0002:00000034       __imp__InterlockedExchange@8 100d3034     kernel32:KERNEL32.dll
 0002:00000038       __imp__DecodePointer@4     100d3038     kernel32:KERNEL32.dll
 0002:0000003c       __imp__EncodePointer@4     100d303c     kernel32:KERNEL32.dll
 0002:00000040       __imp__GetSystemTimeAsFileTime@4 100d3040     kernel32:KERNEL32.dll
 0002:00000044       \177KERNEL32_NULL_THUNK_DATA 100d3044     kernel32:KERNEL32.dll
 0002:00000048       __imp___except_handler4_common 100d3048     MSVCRT:MSVCR100.dll
 0002:0000004c       __imp___lock               100d304c     MSVCRT:MSVCR100.dll
 0002:00000050       __imp____dllonexit         100d3050     MSVCRT:MSVCR100.dll
 0002:00000054       __imp___unlock             100d3054     MSVCRT:MSVCR100.dll
 0002:00000058       __imp____clean_type_info_names_internal 100d3058     MSVCRT:MSVCR100.dll
 0002:0000005c       __imp___crt_debugger_hook  100d305c     MSVCRT:MSVCR100.dll
 0002:00000060       __imp____CppXcptFilter     100d3060     MSVCRT:MSVCR100.dll
 0002:00000064       __imp___amsg_exit          100d3064     MSVCRT:MSVCR100.dll
 0002:00000068       __imp___initterm_e         100d3068     MSVCRT:MSVCR100.dll
 0002:0000006c       __imp___initterm           100d306c     MSVCRT:MSVCR100.dll
 0002:00000070       __imp___encoded_null       100d3070     MSVCRT:MSVCR100.dll
 0002:00000074       __imp___malloc_crt         100d3074     MSVCRT:MSVCR100.dll
 0002:00000078       __imp__memcpy              100d3078     MSVCRT:MSVCR100.dll
 0002:0000007c       __imp__strcat              100d307c     MSVCRT:MSVCR100.dll
 0002:00000080       __imp__malloc              100d3080     MSVCRT:MSVCR100.dll
 0002:00000084       __imp__sprintf             100d3084     MSVCRT:MSVCR100.dll
 0002:00000088       __imp__free                100d3088     MSVCRT:MSVCR100.dll
 0002:0000008c       __imp__strlen              100d308c     MSVCRT:MSVCR100.dll
 0002:00000090       __imp__memset              100d3090     MSVCRT:MSVCR100.dll
 0002:00000094       __imp__strcmp              100d3094     MSVCRT:MSVCR100.dll
 0002:00000098       __imp___onexit             100d3098     MSVCRT:MSVCR100.dll
 0002:0000009c       \177MSVCR100_NULL_THUNK_DATA 100d309c     MSVCRT:MSVCR100.dll
 0002:000000a0       __imp__mexErrMsgTxt        100d30a0     libmex:libmex.dll
 0002:000000a4       __imp__mexUnlock           100d30a4     libmex:libmex.dll
 0002:000000a8       __imp__mexIsLocked         100d30a8     libmex:libmex.dll
 0002:000000ac       __imp__mexWarnMsgTxt       100d30ac     libmex:libmex.dll
 0002:000000b0       __imp__mexLock             100d30b0     libmex:libmex.dll
 0002:000000b4       __imp__mexMakeArrayPersistent 100d30b4     libmex:libmex.dll
 0002:000000b8       __imp__mexCallMATLAB       100d30b8     libmex:libmex.dll
 0002:000000bc       \177libmex_NULL_THUNK_DATA 100d30bc     libmex:libmex.dll
 0002:000000c0       __imp__muDoubleScalarRound 100d30c0     libmwmathutil:libmwmathutil.dll
 0002:000000c4       __imp__muDoubleScalarLog   100d30c4     libmwmathutil:libmwmathutil.dll
 0002:000000c8       __imp__muDoubleScalarFloor 100d30c8     libmwmathutil:libmwmathutil.dll
 0002:000000cc       __imp__muDoubleScalarAbs   100d30cc     libmwmathutil:libmwmathutil.dll
 0002:000000d0       \177libmwmathutil_NULL_THUNK_DATA 100d30d0     libmwmathutil:libmwmathutil.dll
 0002:000000d4       __imp__mxCreateStructMatrix_730 100d30d4     libmx:libmx.dll
 0002:000000d8       __imp__mxGetPr             100d30d8     libmx:libmx.dll
 0002:000000dc       __imp__mxCalloc            100d30dc     libmx:libmx.dll
 0002:000000e0       __imp__mxGetM              100d30e0     libmx:libmx.dll
 0002:000000e4       __imp__mxGetN              100d30e4     libmx:libmx.dll
 0002:000000e8       __imp__mxIsComplex         100d30e8     libmx:libmx.dll
 0002:000000ec       __imp__mxIsNumeric         100d30ec     libmx:libmx.dll
 0002:000000f0       __imp__mxGetClassID        100d30f0     libmx:libmx.dll
 0002:000000f4       __imp__mxIsEmpty           100d30f4     libmx:libmx.dll
 0002:000000f8       __imp__mxCreateCellMatrix_730 100d30f8     libmx:libmx.dll
 0002:000000fc       __imp__mxGetScalar         100d30fc     libmx:libmx.dll
 0002:00000100       __imp__mxCreateString      100d3100     libmx:libmx.dll
 0002:00000104       __imp__mxSetField_730      100d3104     libmx:libmx.dll
 0002:00000108       __imp__mxCreateDoubleScalar 100d3108     libmx:libmx.dll
 0002:0000010c       __imp__mxDuplicateArray    100d310c     libmx:libmx.dll
 0002:00000110       __imp__mxDestroyArray      100d3110     libmx:libmx.dll
 0002:00000114       __imp__mxIsChar            100d3114     libmx:libmx.dll
 0002:00000118       __imp__mxGetString_730     100d3118     libmx:libmx.dll
 0002:0000011c       __imp__mxCreateDoubleMatrix_730 100d311c     libmx:libmx.dll
 0002:00000120       \177libmx_NULL_THUNK_DATA  100d3120     libmx:libmx.dll
 0002:00000124       __imp__utMalloc            100d3124     libut:libut.dll
 0002:00000128       __imp__utFree              100d3128     libut:libut.dll
 0002:0000012c       \177libut_NULL_THUNK_DATA  100d312c     libut:libut.dll
 0002:00000130       __imp__sf_debug_symbol_scope_add_eml 100d3130     sf_runtime:sf_runtime.dll
 0002:00000134       __imp__cv_script_eval      100d3134     sf_runtime:sf_runtime.dll
 0002:00000138       __imp__sf_debug_integer_check 100d3138     sf_runtime:sf_runtime.dll
 0002:0000013c       __imp__cv_eml_init_mcdc    100d313c     sf_runtime:sf_runtime.dll
 0002:00000140       __imp__cv_script_init_fcn  100d3140     sf_runtime:sf_runtime.dll
 0002:00000144       __imp__cv_script_init_script 100d3144     sf_runtime:sf_runtime.dll
 0002:00000148       __imp__sf_debug_set_script_translation 100d3148     sf_runtime:sf_runtime.dll
 0002:0000014c       __imp__sf_debug_get_script_id 100d314c     sf_runtime:sf_runtime.dll
 0002:00000150       __imp__sf_debug_temporal_threshold 100d3150     sf_runtime:sf_runtime.dll
 0002:00000154       __imp__sf_debug_symbol_scope_add_eml_dyn_importable 100d3154     sf_runtime:sf_runtime.dll
 0002:00000158       __imp__sf_call_output_fcn_disable 100d3158     sf_runtime:sf_runtime.dll
 0002:0000015c       __imp__sf_mex_import_vs    100d315c     sf_runtime:sf_runtime.dll
 0002:00000160       __imp__cv_script_init_mcdc 100d3160     sf_runtime:sf_runtime.dll
 0002:00000164       __imp__cv_script_init_if   100d3164     sf_runtime:sf_runtime.dll
 0002:00000168       __imp__eml_debug_line_call 100d3168     sf_runtime:sf_runtime.dll
 0002:0000016c       __imp__sf_debug_create_debug_instance_struct 100d316c     sf_runtime:sf_runtime.dll
 0002:00000170       __imp__sf_debug_api        100d3170     sf_runtime:sf_runtime.dll
 0002:00000174       __imp__callMdlMethodAndReportError 100d3174     sf_runtime:sf_runtime.dll
 0002:00000178       __imp__call_sf_machine_global_method_dispatcher 100d3178     sf_runtime:sf_runtime.dll
 0002:0000017c       __imp__sf_clear_error_manager_info 100d317c     sf_runtime:sf_runtime.dll
 0002:00000180       __imp__sf_mex_error_direct_call 100d3180     sf_runtime:sf_runtime.dll
 0002:00000184       __imp__cv_eml_init_fcn     100d3184     sf_runtime:sf_runtime.dll
 0002:00000188       __imp__sf_mex_addfield     100d3188     sf_runtime:sf_runtime.dll
 0002:0000018c       __imp__sf_mex_createstruct 100d318c     sf_runtime:sf_runtime.dll
 0002:00000190       __imp__sf_mex_emlrtNameCapturePostProcessR2012a 100d3190     sf_runtime:sf_runtime.dll
 0002:00000194       __imp__sf_get_subchart_simstruct 100d3194     sf_runtime:sf_runtime.dll
 0002:00000198       __imp__sf_clear_rtw_identifier 100d3198     sf_runtime:sf_runtime.dll
 0002:0000019c       __imp__sf_debug_read_before_write_check 100d319c     sf_runtime:sf_runtime.dll
 0002:000001a0       __imp__sf_debug_eml_data_array_bounds_error_check 100d31a0     sf_runtime:sf_runtime.dll
 0002:000001a4       __imp__sf_debug_symbol_scope_add_importable 100d31a4     sf_runtime:sf_runtime.dll
 0002:000001a8       __imp__sf_debug_unset_instance_data_value_ptr 100d31a8     sf_runtime:sf_runtime.dll
 0002:000001ac       __imp__cv_eval_point       100d31ac     sf_runtime:sf_runtime.dll
 0002:000001b0       __imp__sf_debug_symbol_scope_push_eml 100d31b0     sf_runtime:sf_runtime.dll
 0002:000001b4       __imp__sf_debug_symbol_scope_add_eml_importable 100d31b4     sf_runtime:sf_runtime.dll
 0002:000001b8       __imp__cv_eml_eval         100d31b8     sf_runtime:sf_runtime.dll
 0002:000001bc       __imp__sf_call_output_fcn_call 100d31bc     sf_runtime:sf_runtime.dll
 0002:000001c0       __imp__sf_mex_printf       100d31c0     sf_runtime:sf_runtime.dll
 0002:000001c4       __imp__sf_mex_call_debug   100d31c4     sf_runtime:sf_runtime.dll
 0002:000001c8       __imp__sf_mex_sub          100d31c8     sf_runtime:sf_runtime.dll
 0002:000001cc       __imp__sf_debug_symbol_scope_push 100d31cc     sf_runtime:sf_runtime.dll
 0002:000001d0       __imp__sf_debug_data_range_wrapper 100d31d0     sf_runtime:sf_runtime.dll
 0002:000001d4       __imp__sf_call_output_fcn_enable 100d31d4     sf_runtime:sf_runtime.dll
 0002:000001d8       __imp__sf_get_time         100d31d8     sf_runtime:sf_runtime.dll
 0002:000001dc       __imp__sf_get_output_port_reusable 100d31dc     sf_runtime:sf_runtime.dll
 0002:000001e0       __imp__sf_debug_initialize_chart 100d31e0     sf_runtime:sf_runtime.dll
 0002:000001e4       __imp__sf_debug_set_chart_disable_implicit_casting 100d31e4     sf_runtime:sf_runtime.dll
 0002:000001e8       __imp__sf_debug_set_chart_event_thresholds 100d31e8     sf_runtime:sf_runtime.dll
 0002:000001ec       __imp__sf_debug_set_chart_data_props 100d31ec     sf_runtime:sf_runtime.dll
 0002:000001f0       __imp__sf_debug_set_chart_event_scope 100d31f0     sf_runtime:sf_runtime.dll
 0002:000001f4       __imp__sf_debug_symbol_scope_pop 100d31f4     sf_runtime:sf_runtime.dll
 0002:000001f8       __imp__sf_debug_terminate  100d31f8     sf_runtime:sf_runtime.dll
 0002:000001fc       __imp__sf_debug_check_for_state_inconsistency 100d31fc     sf_runtime:sf_runtime.dll
 0002:00000200       __imp__sf_debug_set_chart_state_info 100d3200     sf_runtime:sf_runtime.dll
 0002:00000204       __imp__sf_debug_set_chart_substate_count 100d3204     sf_runtime:sf_runtime.dll
 0002:00000208       __imp__sf_debug_set_chart_decomposition 100d3208     sf_runtime:sf_runtime.dll
 0002:0000020c       __imp__sf_debug_set_chart_state_substate_count 100d320c     sf_runtime:sf_runtime.dll
 0002:00000210       __imp__sf_debug_set_chart_substate_index 100d3210     sf_runtime:sf_runtime.dll
 0002:00000214       __imp__sf_debug_set_chart_state_substate_index 100d3214     sf_runtime:sf_runtime.dll
 0002:00000218       __imp__sf_debug_cv_init_chart 100d3218     sf_runtime:sf_runtime.dll
 0002:0000021c       __imp__sf_debug_cv_init_state 100d321c     sf_runtime:sf_runtime.dll
 0002:00000220       __imp__sf_debug_cv_init_trans 100d3220     sf_runtime:sf_runtime.dll
 0002:00000224       __imp__cv_eml_init_script  100d3224     sf_runtime:sf_runtime.dll
 0002:00000228       __imp__cv_eml_init_if      100d3228     sf_runtime:sf_runtime.dll
 0002:0000022c       __imp__sf_debug_set_chart_data_compiled_props 100d322c     sf_runtime:sf_runtime.dll
 0002:00000230       __imp__sf_debug_set_instance_data_value_ptr 100d3230     sf_runtime:sf_runtime.dll
 0002:00000234       __imp__sf_debug_reset_current_state_configuration 100d3234     sf_runtime:sf_runtime.dll
 0002:00000238       __imp__sim_mode_is_rtw_gen 100d3238     sf_runtime:sf_runtime.dll
 0002:0000023c       __imp__sim_mode_is_external 100d323c     sf_runtime:sf_runtime.dll
 0002:00000240       __imp__sf_is_chart_inlinable 100d3240     sf_runtime:sf_runtime.dll
 0002:00000244       __imp__sf_rtw_info_uint_prop 100d3244     sf_runtime:sf_runtime.dll
 0002:00000248       __imp__sf_update_buildInfo 100d3248     sf_runtime:sf_runtime.dll
 0002:0000024c       __imp__sf_mark_output_events_with_multiple_callers 100d324c     sf_runtime:sf_runtime.dll
 0002:00000250       __imp__sf_mark_chart_expressionable_inputs 100d3250     sf_runtime:sf_runtime.dll
 0002:00000254       __imp__sf_mark_chart_reusable_outputs 100d3254     sf_runtime:sf_runtime.dll
 0002:00000258       __imp__sf_set_rtw_dwork_info 100d3258     sf_runtime:sf_runtime.dll
 0002:0000025c       __imp__sf_mex_import       100d325c     sf_runtime:sf_runtime.dll
 0002:00000260       __imp__sf_debug_get_animation 100d3260     sf_runtime:sf_runtime.dll
 0002:00000264       __imp__sf_debug_set_honor_breakpoints 100d3264     sf_runtime:sf_runtime.dll
 0002:00000268       __imp__sf_debug_set_animation 100d3268     sf_runtime:sf_runtime.dll
 0002:0000026c       __imp__sf_debug_call       100d326c     sf_runtime:sf_runtime.dll
 0002:00000270       __imp__sf_debug_animate    100d3270     sf_runtime:sf_runtime.dll
 0002:00000274       __imp__sf_mex_getcell      100d3274     sf_runtime:sf_runtime.dll
 0002:00000278       __imp__sf_mex_decode_encoded_mx_struct_array 100d3278     sf_runtime:sf_runtime.dll
 0002:0000027c       __imp__sf_mex_createcellmatrix 100d327c     sf_runtime:sf_runtime.dll
 0002:00000280       __imp__sf_mex_setcell      100d3280     sf_runtime:sf_runtime.dll
 0002:00000284       __imp__sf_mex_dup          100d3284     sf_runtime:sf_runtime.dll
 0002:00000288       __imp__sf_mex_duplicatearraysafe 100d3288     sf_runtime:sf_runtime.dll
 0002:0000028c       __imp__sf_mex_destroy      100d328c     sf_runtime:sf_runtime.dll
 0002:00000290       __imp__sf_mex_call_matlab  100d3290     sf_runtime:sf_runtime.dll
 0002:00000294       __imp__sf_mex_error_message 100d3294     sf_runtime:sf_runtime.dll
 0002:00000298       __imp__sf_mex_create       100d3298     sf_runtime:sf_runtime.dll
 0002:0000029c       __imp__sf_mex_assign       100d329c     sf_runtime:sf_runtime.dll
 0002:000002a0       __imp__sf_load_rtw_optimization_info 100d32a0     sf_runtime:sf_runtime.dll
 0002:000002a4       __imp__sf_debug_initialize_machine 100d32a4     sf_runtime:sf_runtime.dll
 0002:000002a8       __imp__sf_debug_set_machine_event_thresholds 100d32a8     sf_runtime:sf_runtime.dll
 0002:000002ac       __imp__sf_debug_sub_assign_size_check_nd 100d32ac     sf_runtime:sf_runtime.dll
 0002:000002b0       __imp__sf_debug_set_machine_data_thresholds 100d32b0     sf_runtime:sf_runtime.dll
 0002:000002b4       \177sf_runtime_NULL_THUNK_DATA 100d32b4     sf_runtime:sf_runtime.dll
 0002:000002b8       ___xc_a                    100d32b8     MSVCRT:cinitexe.obj
 0002:000002bc       ___xc_z                    100d32bc     MSVCRT:cinitexe.obj
 0002:000002c0       ___xi_a                    100d32c0     MSVCRT:cinitexe.obj
 0002:000002cc       ___xi_z                    100d32cc     MSVCRT:cinitexe.obj
 0002:000002d0       __real@41ece5f308200000    100d32d0     ARP_02_RPSs_Bdr_GK_BIS2_sfun.obj
 0002:000002d8       __real@41ee3b0eb2400000    100d32d8     ARP_02_RPSs_Bdr_GK_BIS2_sfun.obj
 0002:000002e0       __real@41c73cdcad800000    100d32e0     ARP_02_RPSs_Bdr_GK_BIS2_sfun.obj
 0002:000002e8       __real@41843df800000000    100d32e8     ARP_02_RPSs_Bdr_GK_BIS2_sfun.obj
 0002:000002f0       __real@41b0fb04df000000    100d32f0     ARP_02_RPSs_Bdr_GK_BIS2_sfun.obj
 0002:000002f8       __real@41da14ed17400000    100d32f8     ARP_02_RPSs_Bdr_GK_BIS2_sfun.obj
 0002:00000300       __real@41d47f2e8cc00000    100d3300     ARP_02_RPSs_Bdr_GK_BIS2_sfun.obj
 0002:00000308       __real@41eb0e6e75400000    100d3308     ARP_02_RPSs_Bdr_GK_BIS2_sfun.obj
 0002:00000310       __real@41efe5cc79200000    100d3310     ARP_02_RPSs_Bdr_GK_BIS2_sfun.obj
 0002:00000318       __real@41cacb1d96800000    100d3318     ARP_02_RPSs_Bdr_GK_BIS2_sfun.obj
 0002:00000320       __real@41c2120b1b800000    100d3320     ARP_02_RPSs_Bdr_GK_BIS2_sfun.obj
 0002:00000328       __real@41a48a7bbc000000    100d3328     ARP_02_RPSs_Bdr_GK_BIS2_sfun.obj
 0002:00000330       __real@0000000000000000    100d3330     ARP_02_RPSs_Bdr_GK_BIS2_sfun.obj
 0002:00000338       __real@41ef97385b800000    100d3338     ARP_02_RPSs_Bdr_GK_BIS2_sfun.obj
 0002:00000340       __real@419c144a70000000    100d3340     ARP_02_RPSs_Bdr_GK_BIS2_sfun.obj
 0002:00000348       __real@41ed690613e00000    100d3348     ARP_02_RPSs_Bdr_GK_BIS2_sfun.obj
 0002:00000350       __real@41abf6f0fe000000    100d3350     ARP_02_RPSs_Bdr_GK_BIS2_sfun.obj
 0002:00000358       __real@41c7d4ed66000000    100d3358     c1_ARP_02_RPSs_Bdr_GK_BIS2.obj
 0002:00000360       __real@41df8bd0a7000000    100d3360     c1_ARP_02_RPSs_Bdr_GK_BIS2.obj
 0002:00000368       __real@41e8042542000000    100d3368     c1_ARP_02_RPSs_Bdr_GK_BIS2.obj
 0002:00000370       __real@41e553a181800000    100d3370     c1_ARP_02_RPSs_Bdr_GK_BIS2.obj
 0002:00000378       __real@4070000000000000    100d3378     c1_ARP_02_RPSs_Bdr_GK_BIS2.obj
 0002:00000380       __real@4024000000000000    100d3380     c1_ARP_02_RPSs_Bdr_GK_BIS2.obj
 0002:00000388       __real@3ff0000000000000    100d3388     c1_ARP_02_RPSs_Bdr_GK_BIS2.obj
 0002:00000390       __real@4018000000000000    100d3390     c1_ARP_02_RPSs_Bdr_GK_BIS2.obj
 0002:00000398       __real@4014000000000000    100d3398     c1_ARP_02_RPSs_Bdr_GK_BIS2.obj
 0002:000003a0       __real@4010000000000000    100d33a0     c1_ARP_02_RPSs_Bdr_GK_BIS2.obj
 0002:000003a8       __real@4008000000000000    100d33a8     c1_ARP_02_RPSs_Bdr_GK_BIS2.obj
 0002:000003b0       __real@4000000000000000    100d33b0     c1_ARP_02_RPSs_Bdr_GK_BIS2.obj
 0002:000003b8       __real@41ed3bfe59800000    100d33b8     c2_ARP_02_RPSs_Bdr_GK_BIS2.obj
 0002:000003c0       __real@419da584fc000000    100d33c0     c2_ARP_02_RPSs_Bdr_GK_BIS2.obj
 0002:000003c8       __real@41e3856f02e00000    100d33c8     c2_ARP_02_RPSs_Bdr_GK_BIS2.obj
 0002:000003d0       __real@41a27472c2000000    100d33d0     c2_ARP_02_RPSs_Bdr_GK_BIS2.obj
 0002:000003d8       __real@401c000000000000    100d33d8     c2_ARP_02_RPSs_Bdr_GK_BIS2.obj
 0002:000003e0       __real@3defffffffffffff    100d33e0     c4_ARP_02_RPSs_Bdr_GK_BIS2.obj
 0002:000003e8       __real@3e00000000200000    100d33e8     c4_ARP_02_RPSs_Bdr_GK_BIS2.obj
 0002:000003f0       __real@40b5710000000000    100d33f0     c4_ARP_02_RPSs_Bdr_GK_BIS2.obj
 0002:000003f8       __real@4036000000000000    100d33f8     c4_ARP_02_RPSs_Bdr_GK_BIS2.obj
 0002:00000400       __real@4035000000000000    100d3400     c4_ARP_02_RPSs_Bdr_GK_BIS2.obj
 0002:00000408       __real@4034000000000000    100d3408     c4_ARP_02_RPSs_Bdr_GK_BIS2.obj
 0002:00000410       __real@4033000000000000    100d3410     c4_ARP_02_RPSs_Bdr_GK_BIS2.obj
 0002:00000418       __real@4032000000000000    100d3418     c4_ARP_02_RPSs_Bdr_GK_BIS2.obj
 0002:00000420       __real@4031000000000000    100d3420     c4_ARP_02_RPSs_Bdr_GK_BIS2.obj
 0002:00000428       __real@4030000000000000    100d3428     c4_ARP_02_RPSs_Bdr_GK_BIS2.obj
 0002:00000430       __real@402e000000000000    100d3430     c4_ARP_02_RPSs_Bdr_GK_BIS2.obj
 0002:00000438       __real@402c000000000000    100d3438     c4_ARP_02_RPSs_Bdr_GK_BIS2.obj
 0002:00000440       __real@402a000000000000    100d3440     c4_ARP_02_RPSs_Bdr_GK_BIS2.obj
 0002:00000448       __real@4028000000000000    100d3448     c4_ARP_02_RPSs_Bdr_GK_BIS2.obj
 0002:00000450       __real@4026000000000000    100d3450     c4_ARP_02_RPSs_Bdr_GK_BIS2.obj
 0002:00000458       __real@4022000000000000    100d3458     c4_ARP_02_RPSs_Bdr_GK_BIS2.obj
 0002:00000460       __real@4020000000000000    100d3460     c4_ARP_02_RPSs_Bdr_GK_BIS2.obj
 0002:00000468       __real@405b000000000000    100d3468     c4_ARP_02_RPSs_Bdr_GK_BIS2.obj
 0002:00000470       __real@405a000000000000    100d3470     c4_ARP_02_RPSs_Bdr_GK_BIS2.obj
 0002:00000478       __real@405a800000000000    100d3478     c4_ARP_02_RPSs_Bdr_GK_BIS2.obj
 0002:00000480       __real@4062a00000000000    100d3480     c4_ARP_02_RPSs_Bdr_GK_BIS2.obj
 0002:00000488       __real@4056c00000000000    100d3488     c4_ARP_02_RPSs_Bdr_GK_BIS2.obj
 0002:00000490       __real@405a400000000000    100d3490     c4_ARP_02_RPSs_Bdr_GK_BIS2.obj
 0002:00000498       __real@4057400000000000    100d3498     c4_ARP_02_RPSs_Bdr_GK_BIS2.obj
 0002:000004a0       __real@4057000000000000    100d34a0     c4_ARP_02_RPSs_Bdr_GK_BIS2.obj
 0002:000004a8       __real@405b400000000000    100d34a8     c4_ARP_02_RPSs_Bdr_GK_BIS2.obj
 0002:000004b0       __real@405ac00000000000    100d34b0     c4_ARP_02_RPSs_Bdr_GK_BIS2.obj
 0002:000004b8       __real@405cc00000000000    100d34b8     c4_ARP_02_RPSs_Bdr_GK_BIS2.obj
 0002:000004c0       __real@4061200000000000    100d34c0     c4_ARP_02_RPSs_Bdr_GK_BIS2.obj
 0002:000004c8       __real@4061800000000000    100d34c8     c4_ARP_02_RPSs_Bdr_GK_BIS2.obj
 0002:000004d0       __real@4061600000000000    100d34d0     c4_ARP_02_RPSs_Bdr_GK_BIS2.obj
 0002:000004d8       __real@41f0000000000000    100d34d8     c4_ARP_02_RPSs_Bdr_GK_BIS2.obj
 0002:000004e0       __real@3ca0000000000000    100d34e0     c4_ARP_02_RPSs_Bdr_GK_BIS2.obj
 0002:000004e8       __real@4190000000000000    100d34e8     c4_ARP_02_RPSs_Bdr_GK_BIS2.obj
 0002:000004f0       __real@406c800000000000    100d34f0     c4_ARP_02_RPSs_Bdr_GK_BIS2.obj
 0002:000004f8       __real@4078d00000000000    100d34f8     c4_ARP_02_RPSs_Bdr_GK_BIS2.obj
 0002:00000500       __real@4083880000000000    100d3500     c4_ARP_02_RPSs_Bdr_GK_BIS2.obj
 0002:00000508       __real@41b2e5e2f1000000    100d3508     c4_ARP_02_RPSs_Bdr_GK_BIS2.obj
 0002:00000510       __real@41de9f3c55400000    100d3510     c4_ARP_02_RPSs_Bdr_GK_BIS2.obj
 0002:00000518       __real@41e588ce16800000    100d3518     c4_ARP_02_RPSs_Bdr_GK_BIS2.obj
 0002:00000520       __real@41d855512a000000    100d3520     c4_ARP_02_RPSs_Bdr_GK_BIS2.obj
 0002:00000528       __real@4058400000000000    100d3528     c5_ARP_02_RPSs_Bdr_GK_BIS2.obj
 0002:00000530       __real@4051000000000000    100d3530     c5_ARP_02_RPSs_Bdr_GK_BIS2.obj
 0002:00000538       __real@4055c00000000000    100d3538     c5_ARP_02_RPSs_Bdr_GK_BIS2.obj
 0002:00000540       __real@4062000000000000    100d3540     c5_ARP_02_RPSs_Bdr_GK_BIS2.obj
 0002:00000548       __real@405fc00000000000    100d3548     c5_ARP_02_RPSs_Bdr_GK_BIS2.obj
 0002:00000550       __real@405f400000000000    100d3550     c5_ARP_02_RPSs_Bdr_GK_BIS2.obj
 0002:00000558       __real@4056000000000000    100d3558     c5_ARP_02_RPSs_Bdr_GK_BIS2.obj
 0002:00000560       __real@4055800000000000    100d3560     c5_ARP_02_RPSs_Bdr_GK_BIS2.obj
 0002:00000568       __real@4064200000000000    100d3568     c5_ARP_02_RPSs_Bdr_GK_BIS2.obj
 0002:00000570       __real@4063a00000000000    100d3570     c5_ARP_02_RPSs_Bdr_GK_BIS2.obj
 0002:00000578       __real@4057800000000000    100d3578     c5_ARP_02_RPSs_Bdr_GK_BIS2.obj
 0002:00000580       __real@4057c00000000000    100d3580     c5_ARP_02_RPSs_Bdr_GK_BIS2.obj
 0002:00000588       __real@41ca5f456a000000    100d3588     c5_ARP_02_RPSs_Bdr_GK_BIS2.obj
 0002:00000590       __real@41a402a4aa000000    100d3590     c5_ARP_02_RPSs_Bdr_GK_BIS2.obj
 0002:00000598       __real@41db2635ac800000    100d3598     c5_ARP_02_RPSs_Bdr_GK_BIS2.obj
 0002:000005a0       __real@41a42250b0000000    100d35a0     c5_ARP_02_RPSs_Bdr_GK_BIS2.obj
 0002:000005a8       __real@41dc391bbfc00000    100d35a8     c8_ARP_02_RPSs_Bdr_GK_BIS2.obj
 0002:000005b0       __real@41ea4c5d87600000    100d35b0     c8_ARP_02_RPSs_Bdr_GK_BIS2.obj
 0002:000005b8       __real@41e7618722a00000    100d35b8     c8_ARP_02_RPSs_Bdr_GK_BIS2.obj
 0002:000005c0       __real@41e8f6cb4fe00000    100d35c0     c8_ARP_02_RPSs_Bdr_GK_BIS2.obj
[...]
 0001:000bf6c0       _c11_exit_internal_c11_ARP_02_RPSs_Bdr_GK_BIS2 100c06c0 f   c11_ARP_02_RPSs_Bdr_GK_BIS2.obj
 0001:000bfb80       _c11_initc11_ARP_02_RPSs_Bdr_GK_BIS2 100c0b80 f   c11_ARP_02_RPSs_Bdr_GK_BIS2.obj
 0001:000bfcd0       _c11_smileTablec11_ARP_02_RPSs_Bdr_GK_BIS2 100c0cd0 f   c11_ARP_02_RPSs_Bdr_GK_BIS2.obj
 0001:000c0a80       _c11_encStr2Arr            100c1a80 f   c11_ARP_02_RPSs_Bdr_GK_BIS2.obj
 0001:000c1010       _c11_sf_marshallOut        100c2010 f   c11_ARP_02_RPSs_Bdr_GK_BIS2.obj
 0001:000c1130       _c11_sf_marshallIn         100c2130 f   c11_ARP_02_RPSs_Bdr_GK_BIS2.obj
 0001:000c1210       _c11_emlrt_marshallIn      100c2210 f   c11_ARP_02_RPSs_Bdr_GK_BIS2.obj
 0001:000c12a0       _c11_d_sf_marshallOut      100c22a0 f   c11_ARP_02_RPSs_Bdr_GK_BIS2.obj
 0001:000c13a0       _c11_d_sf_marshallIn       100c23a0 f   c11_ARP_02_RPSs_Bdr_GK_BIS2.obj
 0001:000c1490       _c11_e_emlrt_marshallIn    100c2490 f   c11_ARP_02_RPSs_Bdr_GK_BIS2.obj
 0001:000c1530       _c11_e_sf_marshallOut      100c2530 f   c11_ARP_02_RPSs_Bdr_GK_BIS2.obj
 0001:000c1650       _c11_f_sf_marshallOut      100c2650 f   c11_ARP_02_RPSs_Bdr_GK_BIS2.obj
 0001:000c1750       _c11_g_sf_marshallOut      100c2750 f   c11_ARP_02_RPSs_Bdr_GK_BIS2.obj
 0001:000c1850       _c11_h_sf_marshallOut      100c2850 f   c11_ARP_02_RPSs_Bdr_GK_BIS2.obj
 0001:000c1990       _c11_updateDataWrittenToVector 100c2990 f   c11_ARP_02_RPSs_Bdr_GK_BIS2.obj
 0001:000c19e0       _c11_set_BML               100c29e0 f   c11_ARP_02_RPSs_Bdr_GK_BIS2.obj
 0001:000c1a70       _c11_get_avert             100c2a70 f   c11_ARP_02_RPSs_Bdr_GK_BIS2.obj
 0001:000c1b00       _c11_set_avert             100c2b00 f   c11_ARP_02_RPSs_Bdr_GK_BIS2.obj
 0001:000c1b90       _c11_set_pr                100c2b90 f   c11_ARP_02_RPSs_Bdr_GK_BIS2.obj
 0001:000c20b0       _get_sim_state_c11_ARP_02_RPSs_Bdr_GK_BIS2 100c30b0 f   c11_ARP_02_RPSs_Bdr_GK_BIS2.obj
 0001:000c2220       _sf_get_sim_state_info_c11_ARP_02_RPSs_Bdr_GK_BIS2 100c3220 f   c11_ARP_02_RPSs_Bdr_GK_BIS2.obj
 0001:000c23a0       _set_sim_state_c11_ARP_02_RPSs_Bdr_GK_BIS2 100c33a0 f   c11_ARP_02_RPSs_Bdr_GK_BIS2.obj
 0001:000c24c0       _c11_update_debugger_state_c11_ARP_02_RPSs_Bdr_GK_BIS2 100c34c0 f   c11_ARP_02_RPSs_Bdr_GK_BIS2.obj
 0001:000c2850       _c11_b_emlrt_marshallIn    100c3850 f   c11_ARP_02_RPSs_Bdr_GK_BIS2.obj
 0001:000c28a0       _c11_h_emlrt_marshallIn    100c38a0 f   c11_ARP_02_RPSs_Bdr_GK_BIS2.obj
 0001:000c28f0       _c11_i_emlrt_marshallIn    100c38f0 f   c11_ARP_02_RPSs_Bdr_GK_BIS2.obj
 0001:000c2940       _c11_j_emlrt_marshallIn    100c3940 f   c11_ARP_02_RPSs_Bdr_GK_BIS2.obj
 0001:000c29a0       _c11_k_emlrt_marshallIn    100c39a0 f   c11_ARP_02_RPSs_Bdr_GK_BIS2.obj
 0001:000c2a40       _mdlProcessParameters_c11_ARP_02_RPSs_Bdr_GK_BIS2 100c3a40 f   c11_ARP_02_RPSs_Bdr_GK_BIS2.obj
 0001:000c2af0       _initialize_params_c11_ARP_02_RPSs_Bdr_GK_BIS2 100c3af0 f   c11_ARP_02_RPSs_Bdr_GK_BIS2.obj
 0001:000c2b00       _mdlSetWorkWidths_c11_ARP_02_RPSs_Bdr_GK_BIS2 100c3b00 f   c11_ARP_02_RPSs_Bdr_GK_BIS2.obj
 0001:000c2e90       _sf_get_instance_specialization 100c3e90 f   c11_ARP_02_RPSs_Bdr_GK_BIS2.obj
 0001:000c2ea0       _mdlStart_c11_ARP_02_RPSs_Bdr_GK_BIS2 100c3ea0 f   c11_ARP_02_RPSs_Bdr_GK_BIS2.obj
 0001:000c3040       _init_dsm_address_info     100c4040 f   c11_ARP_02_RPSs_Bdr_GK_BIS2.obj
 0001:000c3270       _chart_debug_initialization 100c4270 f   c11_ARP_02_RPSs_Bdr_GK_BIS2.obj
 0001:000c4670       _init_script_number_translation 100c5670 f   c11_ARP_02_RPSs_Bdr_GK_BIS2.obj
 0001:000c46b0       _sf_opaque_initialize_c11_ARP_02_RPSs_Bdr_GK_BIS2 100c56b0 f   c11_ARP_02_RPSs_Bdr_GK_BIS2.obj
 0001:000c46e0       _initialize_c11_ARP_02_RPSs_Bdr_GK_BIS2 100c56e0 f   c11_ARP_02_RPSs_Bdr_GK_BIS2.obj
 0001:000c46f0       _sf_opaque_enable_c11_ARP_02_RPSs_Bdr_GK_BIS2 100c56f0 f   c11_ARP_02_RPSs_Bdr_GK_BIS2.obj
 0001:000c4710       _enable_c11_ARP_02_RPSs_Bdr_GK_BIS2 100c5710 f   c11_ARP_02_RPSs_Bdr_GK_BIS2.obj
 0001:000c4720       _sf_opaque_disable_c11_ARP_02_RPSs_Bdr_GK_BIS2 100c5720 f   c11_ARP_02_RPSs_Bdr_GK_BIS2.obj
 0001:000c4740       _disable_c11_ARP_02_RPSs_Bdr_GK_BIS2 100c5740 f   c11_ARP_02_RPSs_Bdr_GK_BIS2.obj
 0001:000c4750       _sf_opaque_gateway_c11_ARP_02_RPSs_Bdr_GK_BIS2 100c5750 f   c11_ARP_02_RPSs_Bdr_GK_BIS2.obj
 0001:000c4770       _sf_gateway_c11_ARP_02_RPSs_Bdr_GK_BIS2 100c5770 f   c11_ARP_02_RPSs_Bdr_GK_BIS2.obj
 0001:000c4790       _c11_set_sim_state_side_effects_c11_ARP_02_RPSs_Bdr_GK_BIS2 100c5790 f   c11_ARP_02_RPSs_Bdr_GK_BIS2.obj
 0001:000c4850       _sf_opaque_get_sim_state_c11_ARP_02_RPSs_Bdr_GK_BIS2 100c5850 f   c11_ARP_02_RPSs_Bdr_GK_BIS2.obj
 0001:000c4860       _sf_opaque_set_sim_state_c11_ARP_02_RPSs_Bdr_GK_BIS2 100c5860 f   c11_ARP_02_RPSs_Bdr_GK_BIS2.obj
 0001:000c4870       _sf_opaque_terminate_c11_ARP_02_RPSs_Bdr_GK_BIS2 100c5870 f   c11_ARP_02_RPSs_Bdr_GK_BIS2.obj
 0001:000c4900       _finalize_c11_ARP_02_RPSs_Bdr_GK_BIS2 100c5900 f   c11_ARP_02_RPSs_Bdr_GK_BIS2.obj
 0001:000c4920       _sf_opaque_init_subchart_simstructs 100c5920 f   c11_ARP_02_RPSs_Bdr_GK_BIS2.obj
 0001:000c4940       _initSimStructsc11_ARP_02_RPSs_Bdr_GK_BIS2 100c5940 f   c11_ARP_02_RPSs_Bdr_GK_BIS2.obj
 0001:000c4950       _mdlRTW_c11_ARP_02_RPSs_Bdr_GK_BIS2 100c5950 f   c11_ARP_02_RPSs_Bdr_GK_BIS2.obj
 0001:000c4f50       _get_sim_state_c12_ARP_02_RPSs_Bdr_GK_BIS2 100c5f50 f   c12_ARP_02_RPSs_Bdr_GK_BIS2.obj
 0001:000c5070       _sf_get_sim_state_info_c12_ARP_02_RPSs_Bdr_GK_BIS2 100c6070 f   c12_ARP_02_RPSs_Bdr_GK_BIS2.obj
 0001:000c51f0       _set_sim_state_c12_ARP_02_RPSs_Bdr_GK_BIS2 100c61f0 f   c12_ARP_02_RPSs_Bdr_GK_BIS2.obj
 0001:000c52b0       _c12_update_debugger_state_c12_ARP_02_RPSs_Bdr_GK_BIS2 100c62b0 f   c12_ARP_02_RPSs_Bdr_GK_BIS2.obj
 0001:000c52c0       _c12_emlrt_marshallIn      100c62c0 f   c12_ARP_02_RPSs_Bdr_GK_BIS2.obj
 0001:000c5310       _c12_b_emlrt_marshallIn    100c6310 f   c12_ARP_02_RPSs_Bdr_GK_BIS2.obj
 0001:000c5360       _c12_e_emlrt_marshallIn    100c6360 f   c12_ARP_02_RPSs_Bdr_GK_BIS2.obj
 0001:000c53b0       _c12_f_emlrt_marshallIn    100c63b0 f   c12_ARP_02_RPSs_Bdr_GK_BIS2.obj
 0001:000c5460       _mdlProcessParameters_c12_ARP_02_RPSs_Bdr_GK_BIS2 100c6460 f   c12_ARP_02_RPSs_Bdr_GK_BIS2.obj
 0001:000c5510       _initialize_params_c12_ARP_02_RPSs_Bdr_GK_BIS2 100c6510 f   c12_ARP_02_RPSs_Bdr_GK_BIS2.obj
 0001:000c5520       _mdlSetWorkWidths_c12_ARP_02_RPSs_Bdr_GK_BIS2 100c6520 f   c12_ARP_02_RPSs_Bdr_GK_BIS2.obj
 0001:000c58c0       _sf_get_instance_specialization 100c68c0 f   c12_ARP_02_RPSs_Bdr_GK_BIS2.obj
 0001:000c58d0       _mdlStart_c12_ARP_02_RPSs_Bdr_GK_BIS2 100c68d0 f   c12_ARP_02_RPSs_Bdr_GK_BIS2.obj
 0001:000c5a70       _init_dsm_address_info     100c6a70 f   c12_ARP_02_RPSs_Bdr_GK_BIS2.obj
 0001:000c5a80       _chart_debug_initialization 100c6a80 f   c12_ARP_02_RPSs_Bdr_GK_BIS2.obj
 0001:000c63a0       _init_script_number_translation 100c73a0 f   c12_ARP_02_RPSs_Bdr_GK_BIS2.obj
 0001:000c63b0       _c12_sf_marshallOut        100c73b0 f   c12_ARP_02_RPSs_Bdr_GK_BIS2.obj
 0001:000c6430       _c12_sf_marshallIn         100c7430 f   c12_ARP_02_RPSs_Bdr_GK_BIS2.obj
 0001:000c64b0       _sf_opaque_initialize_c12_ARP_02_RPSs_Bdr_GK_BIS2 100c74b0 f   c12_ARP_02_RPSs_Bdr_GK_BIS2.obj
 0001:000c64e0       _initialize_c12_ARP_02_RPSs_Bdr_GK_BIS2 100c74e0 f   c12_ARP_02_RPSs_Bdr_GK_BIS2.obj
 0001:000c6510       _sf_opaque_enable_c12_ARP_02_RPSs_Bdr_GK_BIS2 100c7510 f   c12_ARP_02_RPSs_Bdr_GK_BIS2.obj
 0001:000c6530       _enable_c12_ARP_02_RPSs_Bdr_GK_BIS2 100c7530 f   c12_ARP_02_RPSs_Bdr_GK_BIS2.obj
 0001:000c6550       _sf_opaque_disable_c12_ARP_02_RPSs_Bdr_GK_BIS2 100c7550 f   c12_ARP_02_RPSs_Bdr_GK_BIS2.obj
 0001:000c6570       _disable_c12_ARP_02_RPSs_Bdr_GK_BIS2 100c7570 f   c12_ARP_02_RPSs_Bdr_GK_BIS2.obj
 0001:000c6590       _sf_opaque_gateway_c12_ARP_02_RPSs_Bdr_GK_BIS2 100c7590 f   c12_ARP_02_RPSs_Bdr_GK_BIS2.obj
 0001:000c65b0       _sf_gateway_c12_ARP_02_RPSs_Bdr_GK_BIS2 100c75b0 f   c12_ARP_02_RPSs_Bdr_GK_BIS2.obj
 0001:000c6760       _c12_chartstep_c12_ARP_02_RPSs_Bdr_GK_BIS2 100c7760 f   c12_ARP_02_RPSs_Bdr_GK_BIS2.obj
 0001:000c8090       _c12_b_sf_marshallOut      100c9090 f   c12_ARP_02_RPSs_Bdr_GK_BIS2.obj
 0001:000c8110       _c12_b_sf_marshallIn       100c9110 f   c12_ARP_02_RPSs_Bdr_GK_BIS2.obj
 0001:000c8190       _c12_c_emlrt_marshallIn    100c9190 f   c12_ARP_02_RPSs_Bdr_GK_BIS2.obj
 0001:000c81e0       _sf_opaque_get_sim_state_c12_ARP_02_RPSs_Bdr_GK_BIS2 100c91e0 f   c12_ARP_02_RPSs_Bdr_GK_BIS2.obj
 0001:000c8200       _sf_opaque_set_sim_state_c12_ARP_02_RPSs_Bdr_GK_BIS2 100c9200 f   c12_ARP_02_RPSs_Bdr_GK_BIS2.obj
 0001:000c8220       _sf_opaque_terminate_c12_ARP_02_RPSs_Bdr_GK_BIS2 100c9220 f   c12_ARP_02_RPSs_Bdr_GK_BIS2.obj
 0001:000c82b0       _finalize_c12_ARP_02_RPSs_Bdr_GK_BIS2 100c92b0 f   c12_ARP_02_RPSs_Bdr_GK_BIS2.obj
 0001:000c82c0       _sf_opaque_init_subchart_simstructs 100c92c0 f   c12_ARP_02_RPSs_Bdr_GK_BIS2.obj
 0001:000c82e0       _initSimStructsc12_ARP_02_RPSs_Bdr_GK_BIS2 100c92e0 f   c12_ARP_02_RPSs_Bdr_GK_BIS2.obj
 0001:000c82f0       _mdlRTW_c12_ARP_02_RPSs_Bdr_GK_BIS2 100c92f0 f   c12_ARP_02_RPSs_Bdr_GK_BIS2.obj
 0001:000c8800       _get_sim_state_c13_ARP_02_RPSs_Bdr_GK_BIS2 100c9800 f   c13_ARP_02_RPSs_Bdr_GK_BIS2.obj
 0001:000c8920       _sf_get_sim_state_info_c13_ARP_02_RPSs_Bdr_GK_BIS2 100c9920 f   c13_ARP_02_RPSs_Bdr_GK_BIS2.obj
 0001:000c8aa0       _set_sim_state_c13_ARP_02_RPSs_Bdr_GK_BIS2 100c9aa0 f   c13_ARP_02_RPSs_Bdr_GK_BIS2.obj
 0001:000c8b60       _c13_update_debugger_state_c13_ARP_02_RPSs_Bdr_GK_BIS2 100c9b60 f   c13_ARP_02_RPSs_Bdr_GK_BIS2.obj
 0001:000c8b70       _c13_emlrt_marshallIn      100c9b70 f   c13_ARP_02_RPSs_Bdr_GK_BIS2.obj
 0001:000c8bc0       _c13_b_emlrt_marshallIn    100c9bc0 f   c13_ARP_02_RPSs_Bdr_GK_BIS2.obj
 0001:000c8c10       _c13_d_emlrt_marshallIn    100c9c10 f   c13_ARP_02_RPSs_Bdr_GK_BIS2.obj
 0001:000c8c60       _c13_e_emlrt_marshallIn    100c9c60 f   c13_ARP_02_RPSs_Bdr_GK_BIS2.obj
 0001:000c8d10       _mdlProcessParameters_c13_ARP_02_RPSs_Bdr_GK_BIS2 100c9d10 f   c13_ARP_02_RPSs_Bdr_GK_BIS2.obj
 0001:000c8dc0       _initialize_params_c13_ARP_02_RPSs_Bdr_GK_BIS2 100c9dc0 f   c13_ARP_02_RPSs_Bdr_GK_BIS2.obj
 0001:000c8dd0       _mdlSetWorkWidths_c13_ARP_02_RPSs_Bdr_GK_BIS2 100c9dd0 f   c13_ARP_02_RPSs_Bdr_GK_BIS2.obj
 0001:000c9150       _sf_get_instance_specialization 100ca150 f   c13_ARP_02_RPSs_Bdr_GK_BIS2.obj
 0001:000c9160       _mdlStart_c13_ARP_02_RPSs_Bdr_GK_BIS2 100ca160 f   c13_ARP_02_RPSs_Bdr_GK_BIS2.obj
 0001:000c9300       _init_dsm_address_info     100ca300 f   c13_ARP_02_RPSs_Bdr_GK_BIS2.obj
 0001:000c9310       _chart_debug_initialization 100ca310 f   c13_ARP_02_RPSs_Bdr_GK_BIS2.obj
 0001:000c97f0       _init_script_number_translation 100ca7f0 f   c13_ARP_02_RPSs_Bdr_GK_BIS2.obj
 0001:000c9800       _c13_sf_marshallOut        100ca800 f   c13_ARP_02_RPSs_Bdr_GK_BIS2.obj
 0001:000c9880       _c13_sf_marshallIn         100ca880 f   c13_ARP_02_RPSs_Bdr_GK_BIS2.obj
 0001:000c9900       _sf_opaque_initialize_c13_ARP_02_RPSs_Bdr_GK_BIS2 100ca900 f   c13_ARP_02_RPSs_Bdr_GK_BIS2.obj
 0001:000c9930       _initialize_c13_ARP_02_RPSs_Bdr_GK_BIS2 100ca930 f   c13_ARP_02_RPSs_Bdr_GK_BIS2.obj
 0001:000c9960       _sf_opaque_enable_c13_ARP_02_RPSs_Bdr_GK_BIS2 100ca960 f   c13_ARP_02_RPSs_Bdr_GK_BIS2.obj
 0001:000c9980       _enable_c13_ARP_02_RPSs_Bdr_GK_BIS2 100ca980 f   c13_ARP_02_RPSs_Bdr_GK_BIS2.obj
 0001:000c99a0       _sf_opaque_disable_c13_ARP_02_RPSs_Bdr_GK_BIS2 100ca9a0 f   c13_ARP_02_RPSs_Bdr_GK_BIS2.obj
 0001:000c99c0       _disable_c13_ARP_02_RPSs_Bdr_GK_BIS2 100ca9c0 f   c13_ARP_02_RPSs_Bdr_GK_BIS2.obj
 0001:000c99e0       _sf_opaque_gateway_c13_ARP_02_RPSs_Bdr_GK_BIS2 100ca9e0 f   c13_ARP_02_RPSs_Bdr_GK_BIS2.obj
 0001:000c9a00       _sf_gateway_c13_ARP_02_RPSs_Bdr_GK_BIS2 100caa00 f   c13_ARP_02_RPSs_Bdr_GK_BIS2.obj
 0001:000c9f80       _sf_opaque_get_sim_state_c13_ARP_02_RPSs_Bdr_GK_BIS2 100caf80 f   c13_ARP_02_RPSs_Bdr_GK_BIS2.obj
 0001:000c9fa0       _sf_opaque_set_sim_state_c13_ARP_02_RPSs_Bdr_GK_BIS2 100cafa0 f   c13_ARP_02_RPSs_Bdr_GK_BIS2.obj
 0001:000c9fc0       _sf_opaque_terminate_c13_ARP_02_RPSs_Bdr_GK_BIS2 100cafc0 f   c13_ARP_02_RPSs_Bdr_GK_BIS2.obj
 0001:000ca050       _finalize_c13_ARP_02_RPSs_Bdr_GK_BIS2 100cb050 f   c13_ARP_02_RPSs_Bdr_GK_BIS2.obj
 0001:000ca060       _sf_opaque_init_subchart_simstructs 100cb060 f   c13_ARP_02_RPSs_Bdr_GK_BIS2.obj
 0001:000ca080       _initSimStructsc13_ARP_02_RPSs_Bdr_GK_BIS2 100cb080 f   c13_ARP_02_RPSs_Bdr_GK_BIS2.obj
 0001:000ca090       _mdlRTW_c13_ARP_02_RPSs_Bdr_GK_BIS2 100cb090 f   c13_ARP_02_RPSs_Bdr_GK_BIS2.obj
 0001:000ca5a0       _get_sim_state_c14_ARP_02_RPSs_Bdr_GK_BIS2 100cb5a0 f   c14_ARP_02_RPSs_Bdr_GK_BIS2.obj
 0001:000ca6c0       _sf_get_sim_state_info_c14_ARP_02_RPSs_Bdr_GK_BIS2 100cb6c0 f   c14_ARP_02_RPSs_Bdr_GK_BIS2.obj
 0001:000ca840       _set_sim_state_c14_ARP_02_RPSs_Bdr_GK_BIS2 100cb840 f   c14_ARP_02_RPSs_Bdr_GK_BIS2.obj
 0001:000ca900       _c14_update_debugger_state_c14_ARP_02_RPSs_Bdr_GK_BIS2 100cb900 f   c14_ARP_02_RPSs_Bdr_GK_BIS2.obj
 0001:000ca910       _c14_emlrt_marshallIn      100cb910 f   c14_ARP_02_RPSs_Bdr_GK_BIS2.obj
 0001:000ca960       _c14_b_emlrt_marshallIn    100cb960 f   c14_ARP_02_RPSs_Bdr_GK_BIS2.obj
 0001:000ca9b0       _c14_d_emlrt_marshallIn    100cb9b0 f   c14_ARP_02_RPSs_Bdr_GK_BIS2.obj
 0001:000caa00       _c14_e_emlrt_marshallIn    100cba00 f   c14_ARP_02_RPSs_Bdr_GK_BIS2.obj
 0001:000caab0       _mdlProcessParameters_c14_ARP_02_RPSs_Bdr_GK_BIS2 100cbab0 f   c14_ARP_02_RPSs_Bdr_GK_BIS2.obj
 0001:000cab60       _initialize_params_c14_ARP_02_RPSs_Bdr_GK_BIS2 100cbb60 f   c14_ARP_02_RPSs_Bdr_GK_BIS2.obj
 0001:000cab70       _mdlSetWorkWidths_c14_ARP_02_RPSs_Bdr_GK_BIS2 100cbb70 f   c14_ARP_02_RPSs_Bdr_GK_BIS2.obj
 0001:000caef0       _sf_get_instance_specialization 100cbef0 f   c14_ARP_02_RPSs_Bdr_GK_BIS2.obj
 0001:000caf00       _mdlStart_c14_ARP_02_RPSs_Bdr_GK_BIS2 100cbf00 f   c14_ARP_02_RPSs_Bdr_GK_BIS2.obj
 0001:000cb0a0       _init_dsm_address_info     100cc0a0 f   c14_ARP_02_RPSs_Bdr_GK_BIS2.obj
 0001:000cb0b0       _chart_debug_initialization 100cc0b0 f   c14_ARP_02_RPSs_Bdr_GK_BIS2.obj
 0001:000cb650       _init_script_number_translation 100cc650 f   c14_ARP_02_RPSs_Bdr_GK_BIS2.obj
 0001:000cb660       _c14_sf_marshallOut        100cc660 f   c14_ARP_02_RPSs_Bdr_GK_BIS2.obj
 0001:000cb6e0       _c14_sf_marshallIn         100cc6e0 f   c14_ARP_02_RPSs_Bdr_GK_BIS2.obj
 0001:000cb760       _sf_opaque_initialize_c14_ARP_02_RPSs_Bdr_GK_BIS2 100cc760 f   c14_ARP_02_RPSs_Bdr_GK_BIS2.obj
 0001:000cb790       _initialize_c14_ARP_02_RPSs_Bdr_GK_BIS2 100cc790 f   c14_ARP_02_RPSs_Bdr_GK_BIS2.obj
 0001:000cb7c0       _sf_opaque_enable_c14_ARP_02_RPSs_Bdr_GK_BIS2 100cc7c0 f   c14_ARP_02_RPSs_Bdr_GK_BIS2.obj
 0001:000cb7e0       _enable_c14_ARP_02_RPSs_Bdr_GK_BIS2 100cc7e0 f   c14_ARP_02_RPSs_Bdr_GK_BIS2.obj
 0001:000cb800       _sf_opaque_disable_c14_ARP_02_RPSs_Bdr_GK_BIS2 100cc800 f   c14_ARP_02_RPSs_Bdr_GK_BIS2.obj
 0001:000cb820       _disable_c14_ARP_02_RPSs_Bdr_GK_BIS2 100cc820 f   c14_ARP_02_RPSs_Bdr_GK_BIS2.obj
 0001:000cb840       _sf_opaque_gateway_c14_ARP_02_RPSs_Bdr_GK_BIS2 100cc840 f   c14_ARP_02_RPSs_Bdr_GK_BIS2.obj
 0001:000cb860       _sf_gateway_c14_ARP_02_RPSs_Bdr_GK_BIS2 100cc860 f   c14_ARP_02_RPSs_Bdr_GK_BIS2.obj
 0001:000cc0c0       _sf_opaque_get_sim_state_c14_ARP_02_RPSs_Bdr_GK_BIS2 100cd0c0 f   c14_ARP_02_RPSs_Bdr_GK_BIS2.obj
 0001:000cc0e0       _sf_opaque_set_sim_state_c14_ARP_02_RPSs_Bdr_GK_BIS2 100cd0e0 f   c14_ARP_02_RPSs_Bdr_GK_BIS2.obj
 0001:000cc100       _sf_opaque_terminate_c14_ARP_02_RPSs_Bdr_GK_BIS2 100cd100 f   c14_ARP_02_RPSs_Bdr_GK_BIS2.obj
 0001:000cc190       _finalize_c14_ARP_02_RPSs_Bdr_GK_BIS2 100cd190 f   c14_ARP_02_RPSs_Bdr_GK_BIS2.obj
 0001:000cc1a0       _sf_opaque_init_subchart_simstructs 100cd1a0 f   c14_ARP_02_RPSs_Bdr_GK_BIS2.obj
 0001:000cc1c0       _initSimStructsc14_ARP_02_RPSs_Bdr_GK_BIS2 100cd1c0 f   c14_ARP_02_RPSs_Bdr_GK_BIS2.obj
 0001:000cc1d0       _mdlRTW_c14_ARP_02_RPSs_Bdr_GK_BIS2 100cd1d0 f   c14_ARP_02_RPSs_Bdr_GK_BIS2.obj
 0001:000cc910       _getChartInfoFromSimStruct 100cd910 f   ARP_02_RPSs_Bdr_GK_BIS2_sfun_registry.obj
 0001:000cda10       __ssFatalError             100cea10 f   ARP_02_RPSs_Bdr_GK_BIS2_sfun_registry.obj
 0001:000cfd70       _ProcessMexSfunctionCmdLineCall 100d0d70 f   ARP_02_RPSs_Bdr_GK_BIS2_sfun_registry.obj
 0001:000cfe90       _sf_debug_api_wrapper      100d0e90 f   ARP_02_RPSs_Bdr_GK_BIS2_sfun_registry.obj
 0001:000cfec0       _mdlStart                  100d0ec0 f   ARP_02_RPSs_Bdr_GK_BIS2_sfun_registry.obj
 0001:000cfee0       _mdl_start_processing      100d0ee0 f   ARP_02_RPSs_Bdr_GK_BIS2_sfun_registry.obj
 0001:000cff50       _mdlTerminate              100d0f50 f   ARP_02_RPSs_Bdr_GK_BIS2_sfun_registry.obj
 0001:000cff70       _mdl_terminate_processing  100d0f70 f   ARP_02_RPSs_Bdr_GK_BIS2_sfun_registry.obj
 0001:000cffe0       _mdlInitializeSampleTimes  100d0fe0 f   ARP_02_RPSs_Bdr_GK_BIS2_sfun_registry.obj
 0001:000d0000       _mdlZeroCrossings          100d1000 f   ARP_02_RPSs_Bdr_GK_BIS2_sfun_registry.obj
 0001:000d0020       _mdl_zeroCrossings_processing 100d1020 f   ARP_02_RPSs_Bdr_GK_BIS2_sfun_registry.obj
 0001:000d0050       _mdlDerivatives            100d1050 f   ARP_02_RPSs_Bdr_GK_BIS2_sfun_registry.obj
 0001:000d0070       _mdl_derivatives_processing 100d1070 f   ARP_02_RPSs_Bdr_GK_BIS2_sfun_registry.obj
 0001:000d00b0       _mdlInitializeConditions   100d10b0 f   ARP_02_RPSs_Bdr_GK_BIS2_sfun_registry.obj
 0001:000d00d0       _mdl_initialize_conditions_processing 100d10d0 f   ARP_02_RPSs_Bdr_GK_BIS2_sfun_registry.obj
 0001:000d0110       _mdlEnable                 100d1110 f   ARP_02_RPSs_Bdr_GK_BIS2_sfun_registry.obj
 0001:000d0130       _mdl_enable_processing     100d1130 f   ARP_02_RPSs_Bdr_GK_BIS2_sfun_registry.obj
 0001:000d0160       _mdlDisable                100d1160 f   ARP_02_RPSs_Bdr_GK_BIS2_sfun_registry.obj
 0001:000d0180       _mdl_disable_processing    100d1180 f   ARP_02_RPSs_Bdr_GK_BIS2_sfun_registry.obj
 0001:000d01b0       _mdlOutputs                100d11b0 f   ARP_02_RPSs_Bdr_GK_BIS2_sfun_registry.obj
 0001:000d01d0       _mdl_outputs_processing    100d11d0 f   ARP_02_RPSs_Bdr_GK_BIS2_sfun_registry.obj
 0001:000d02a0       _mdl_outputs_continuous_legacy 100d12a0 f   ARP_02_RPSs_Bdr_GK_BIS2_sfun_registry.obj
 0001:000d0370       _mdlGetTimeOfNextVarHit    100d1370 f   ARP_02_RPSs_Bdr_GK_BIS2_sfun_registry.obj
 0001:000d03b0       __ProcessMexSfunctionCmdLineCall 100d13b0 f   ARP_02_RPSs_Bdr_GK_BIS2_sfun_registry.obj
 0001:000d09d0       _mdlSetWorkWidths          100d19d0 f   ARP_02_RPSs_Bdr_GK_BIS2_sfun_registry.obj
 0001:000d09f0       _mdlProcessParameters      100d19f0 f   ARP_02_RPSs_Bdr_GK_BIS2_sfun_registry.obj
 0001:000d0a10       _mdlInitializeSizes        100d1a10 f   ARP_02_RPSs_Bdr_GK_BIS2_sfun_registry.obj
 0001:000d0a30       _mdlExtModeExec            100d1a30 f   ARP_02_RPSs_Bdr_GK_BIS2_sfun_registry.obj
 0001:000d0a50       _mdl_ext_mode_exec_processing 100d1a50 f   ARP_02_RPSs_Bdr_GK_BIS2_sfun_registry.obj
 0001:000d0a90       _mdlRTW                    100d1a90 f   ARP_02_RPSs_Bdr_GK_BIS2_sfun_registry.obj
 0001:000d0ac0       __CreateSimStruct          100d1ac0 f   ARP_02_RPSs_Bdr_GK_BIS2_sfun_registry.obj
 0001:000d0bf0       __RegNumInputPortsCB       100d1bf0 f   ARP_02_RPSs_Bdr_GK_BIS2_sfun_registry.obj
 0001:000d0c50       __RegNumOutputPortsCB      100d1c50 f   ARP_02_RPSs_Bdr_GK_BIS2_sfun_registry.obj
 0001:000d1211       _pre_c_init                100d2211 f   MSVCRT:crtdll.obj
 0001:000d1469       ___DllMainCRTStartup       100d2469 f   MSVCRT:crtdll.obj
