 ARP_02_RPSsmile_WirelessGloveSHORE_sfun

 Timestamp is 5553875d (Wed May 13 10:18:21 2015)

 Preferred load address is 10000000

 Start         Length     Name                   Class
 0001:00000000 000606e4H .text                   CODE
 0002:00000000 00000294H .idata$5                DATA
 0002:00000294 00000004H .CRT$XCA                DATA
 0002:00000298 00000004H .CRT$XCZ                DATA
 0002:0000029c 00000004H .CRT$XIA                DATA
 0002:000002a0 00000004H .CRT$XIAA               DATA
 0002:000002a4 00000004H .CRT$XIC                DATA
 0002:000002a8 00000004H .CRT$XIZ                DATA
 0002:000002b0 00000980H .rdata                  DATA
 0002:00000c30 00000004H .rdata$sxdata           DATA
 0002:00000c34 00000004H .rtc$IAA                DATA
 0002:00000c38 00000004H .rtc$IZZ                DATA
 0002:00000c3c 00000004H .rtc$TAA                DATA
 0002:00000c40 00000004H .rtc$TZZ                DATA
 0002:00000c48 00000064H .xdata$x                DATA
 0002:00000cac 0000008cH .idata$2                DATA
 0002:00000d38 00000014H .idata$3                DATA
 0002:00000d4c 00000294H .idata$4                DATA
 0002:00000fe0 00000ef6H .idata$6                DATA
 0002:00001ee0 0000006dH .edata                  DATA
 0003:00000000 0001a240H .data                   DATA
 0003:0001a240 000004b0H .bss                    DATA

  Address         Publics by Value              Rva+Base       Lib:Object

 0000:00000000       __except_list              00000000     <absolute>
 0000:00000001       ___safe_se_handler_count   00000001     <absolute>
 0000:00009876       __ldused                   00009876     <absolute>
 0000:00009876       __fltused                  00009876     <absolute>
 0000:00000000       ___ImageBase               10000000     <linker-defined>
 0001:00000000       _ARP_02_RPSsmile_WirelessGloveSHORE_initializer 10001000 f   ARP_02_RPSsmile_WirelessGloveSHORE_sfun.obj
 0001:00000010       _ARP_02_RPSsmile_WirelessGloveSHORE_terminator 10001010 f   ARP_02_RPSsmile_WirelessGloveSHORE_sfun.obj
 0001:00000020       _sf_ARP_02_RPSsmile_WirelessGloveSHORE_method_dispatcher 10001020 f   ARP_02_RPSsmile_WirelessGloveSHORE_sfun.obj
 0001:000000b0       _sf_ARP_02_RPSsmile_WirelessGloveSHORE_process_check_sum_call 100010b0 f   ARP_02_RPSsmile_WirelessGloveSHORE_sfun.obj
 0001:000004b0       _sf_ARP_02_RPSsmile_WirelessGloveSHORE_autoinheritance_info 100014b0 f   ARP_02_RPSsmile_WirelessGloveSHORE_sfun.obj
 0001:000006b0       _sf_ARP_02_RPSsmile_WirelessGloveSHORE_get_eml_resolved_functions_info 100016b0 f   ARP_02_RPSsmile_WirelessGloveSHORE_sfun.obj
 0001:00000850       _sf_ARP_02_RPSsmile_WirelessGloveSHORE_third_party_uses_info 10001850 f   ARP_02_RPSsmile_WirelessGloveSHORE_sfun.obj
 0001:00000a20       _sf_ARP_02_RPSsmile_WirelessGloveSHORE_updateBuildInfo_args_info 10001a20 f   ARP_02_RPSsmile_WirelessGloveSHORE_sfun.obj
 0001:00000bf0       _ARP_02_RPSsmile_WirelessGloveSHORE_debug_initialize 10001bf0 f   ARP_02_RPSsmile_WirelessGloveSHORE_sfun.obj
 0001:00000c50       _ARP_02_RPSsmile_WirelessGloveSHORE_register_exported_symbols 10001c50 f   ARP_02_RPSsmile_WirelessGloveSHORE_sfun.obj
 0001:00000c60       _load_ARP_02_RPSsmile_WirelessGloveSHORE_optimization_info 10001c60 f   ARP_02_RPSsmile_WirelessGloveSHORE_sfun.obj
 0001:00000ca0       _unload_ARP_02_RPSsmile_WirelessGloveSHORE_optimization_info 10001ca0 f   ARP_02_RPSsmile_WirelessGloveSHORE_sfun.obj
 0001:00000d00       _sf_c1_ARP_02_RPSsmile_WirelessGloveSHORE_get_eml_resolved_functions_info 10001d00 f   c1_ARP_02_RPSsmile_WirelessGloveSHORE.obj
 0001:00005990       _sf_c1_ARP_02_RPSsmile_WirelessGloveSHORE_get_check_sum 10006990 f   c1_ARP_02_RPSsmile_WirelessGloveSHORE.obj
 0001:000059f0       _sf_c1_ARP_02_RPSsmile_WirelessGloveSHORE_get_autoinheritance_info 100069f0 f   c1_ARP_02_RPSsmile_WirelessGloveSHORE.obj
 0001:000079d0       _sf_c1_ARP_02_RPSsmile_WirelessGloveSHORE_third_party_uses_info 100089d0 f   c1_ARP_02_RPSsmile_WirelessGloveSHORE.obj
 0001:000079f0       _sf_c1_ARP_02_RPSsmile_WirelessGloveSHORE_updateBuildInfo_args_info 100089f0 f   c1_ARP_02_RPSsmile_WirelessGloveSHORE.obj
 0001:00007a10       _sf_internal_get_sim_state_c1_ARP_02_RPSsmile_WirelessGloveSHORE 10008a10 f   c1_ARP_02_RPSsmile_WirelessGloveSHORE.obj
 0001:000090e0       _sf_internal_set_sim_state_c1_ARP_02_RPSsmile_WirelessGloveSHORE 1000a0e0 f   c1_ARP_02_RPSsmile_WirelessGloveSHORE.obj
 0001:0000b9f0       _c1_ARP_02_RPSsmile_WirelessGloveSHORE_method_dispatcher 1000c9f0 f   c1_ARP_02_RPSsmile_WirelessGloveSHORE.obj
 0001:00053ea0       _sf_c2_ARP_02_RPSsmile_WirelessGloveSHORE_get_eml_resolved_functions_info 10054ea0 f   c2_ARP_02_RPSsmile_WirelessGloveSHORE.obj
 0001:000541a0       _sf_c2_ARP_02_RPSsmile_WirelessGloveSHORE_get_check_sum 100551a0 f   c2_ARP_02_RPSsmile_WirelessGloveSHORE.obj
 0001:00054200       _sf_c2_ARP_02_RPSsmile_WirelessGloveSHORE_get_autoinheritance_info 10055200 f   c2_ARP_02_RPSsmile_WirelessGloveSHORE.obj
 0001:00054a10       _sf_c2_ARP_02_RPSsmile_WirelessGloveSHORE_third_party_uses_info 10055a10 f   c2_ARP_02_RPSsmile_WirelessGloveSHORE.obj
 0001:00054a30       _sf_c2_ARP_02_RPSsmile_WirelessGloveSHORE_updateBuildInfo_args_info 10055a30 f   c2_ARP_02_RPSsmile_WirelessGloveSHORE.obj
 0001:00054a50       _sf_internal_get_sim_state_c2_ARP_02_RPSsmile_WirelessGloveSHORE 10055a50 f   c2_ARP_02_RPSsmile_WirelessGloveSHORE.obj
 0001:00054c90       _sf_internal_set_sim_state_c2_ARP_02_RPSsmile_WirelessGloveSHORE 10055c90 f   c2_ARP_02_RPSsmile_WirelessGloveSHORE.obj
 0001:00054ea0       _c2_ARP_02_RPSsmile_WirelessGloveSHORE_method_dispatcher 10055ea0 f   c2_ARP_02_RPSsmile_WirelessGloveSHORE.obj
 0001:00057240       _sf_c3_ARP_02_RPSsmile_WirelessGloveSHORE_get_eml_resolved_functions_info 10058240 f   c3_ARP_02_RPSsmile_WirelessGloveSHORE.obj
 0001:00057290       _sf_c3_ARP_02_RPSsmile_WirelessGloveSHORE_get_check_sum 10058290 f   c3_ARP_02_RPSsmile_WirelessGloveSHORE.obj
 0001:000572f0       _sf_c3_ARP_02_RPSsmile_WirelessGloveSHORE_get_autoinheritance_info 100582f0 f   c3_ARP_02_RPSsmile_WirelessGloveSHORE.obj
 0001:00057600       _sf_c3_ARP_02_RPSsmile_WirelessGloveSHORE_third_party_uses_info 10058600 f   c3_ARP_02_RPSsmile_WirelessGloveSHORE.obj
 0001:00057620       _sf_c3_ARP_02_RPSsmile_WirelessGloveSHORE_updateBuildInfo_args_info 10058620 f   c3_ARP_02_RPSsmile_WirelessGloveSHORE.obj
 0001:00057640       _sf_internal_get_sim_state_c3_ARP_02_RPSsmile_WirelessGloveSHORE 10058640 f   c3_ARP_02_RPSsmile_WirelessGloveSHORE.obj
 0001:000578e0       _sf_internal_set_sim_state_c3_ARP_02_RPSsmile_WirelessGloveSHORE 100588e0 f   c3_ARP_02_RPSsmile_WirelessGloveSHORE.obj
 0001:00057bd0       _c3_ARP_02_RPSsmile_WirelessGloveSHORE_method_dispatcher 10058bd0 f   c3_ARP_02_RPSsmile_WirelessGloveSHORE.obj
 0001:00059150       _sf_c6_ARP_02_RPSsmile_WirelessGloveSHORE_get_eml_resolved_functions_info 1005a150 f   c6_ARP_02_RPSsmile_WirelessGloveSHORE.obj
 0001:000591a0       _sf_c6_ARP_02_RPSsmile_WirelessGloveSHORE_get_check_sum 1005a1a0 f   c6_ARP_02_RPSsmile_WirelessGloveSHORE.obj
 0001:00059200       _sf_c6_ARP_02_RPSsmile_WirelessGloveSHORE_get_autoinheritance_info 1005a200 f   c6_ARP_02_RPSsmile_WirelessGloveSHORE.obj
 0001:00059510       _sf_c6_ARP_02_RPSsmile_WirelessGloveSHORE_third_party_uses_info 1005a510 f   c6_ARP_02_RPSsmile_WirelessGloveSHORE.obj
 0001:00059530       _sf_c6_ARP_02_RPSsmile_WirelessGloveSHORE_updateBuildInfo_args_info 1005a530 f   c6_ARP_02_RPSsmile_WirelessGloveSHORE.obj
 0001:00059550       _sf_internal_get_sim_state_c6_ARP_02_RPSsmile_WirelessGloveSHORE 1005a550 f   c6_ARP_02_RPSsmile_WirelessGloveSHORE.obj
 0001:000597f0       _sf_internal_set_sim_state_c6_ARP_02_RPSsmile_WirelessGloveSHORE 1005a7f0 f   c6_ARP_02_RPSsmile_WirelessGloveSHORE.obj
 0001:00059ae0       _c6_ARP_02_RPSsmile_WirelessGloveSHORE_method_dispatcher 1005aae0 f   c6_ARP_02_RPSsmile_WirelessGloveSHORE.obj
 0001:0005ae10       _sf_process_check_sum_call 1005be10 f   ARP_02_RPSsmile_WirelessGloveSHORE_sfun_registry.obj
 0001:0005ae40       _sf_process_autoinheritance_call 1005be40 f   ARP_02_RPSsmile_WirelessGloveSHORE_sfun_registry.obj
 0001:0005af80       _sf_process_get_third_party_uses_info_call 1005bf80 f   ARP_02_RPSsmile_WirelessGloveSHORE_sfun_registry.obj
 0001:0005b0c0       _sf_process_get_updateBuildInfo_args_info_call 1005c0c0 f   ARP_02_RPSsmile_WirelessGloveSHORE_sfun_registry.obj
 0001:0005b200       _sf_process_get_eml_resolved_functions_info_call 1005c200 f   ARP_02_RPSsmile_WirelessGloveSHORE_sfun_registry.obj
 0001:0005b320       _sf_mex_unlock_call        1005c320 f   ARP_02_RPSsmile_WirelessGloveSHORE_sfun_registry.obj
 0001:0005b3b0       _sf_machine_global_initializer_called 1005c3b0 f   ARP_02_RPSsmile_WirelessGloveSHORE_sfun_registry.obj
 0001:0005b3d0       _sf_machine_global_method_dispatcher 1005c3d0 f   ARP_02_RPSsmile_WirelessGloveSHORE_sfun_registry.obj
 0001:0005b410       _sf_machine_global_terminator 1005c410 f   ARP_02_RPSsmile_WirelessGloveSHORE_sfun_registry.obj
 0001:0005b450       _sf_register_machine_exported_symbols 1005c450 f   ARP_02_RPSsmile_WirelessGloveSHORE_sfun_registry.obj
 0001:0005b470       _callCustomFcn             1005c470 f   ARP_02_RPSsmile_WirelessGloveSHORE_sfun_registry.obj
 0001:0005b480       _sf_machine_global_initializer 1005c480 f   ARP_02_RPSsmile_WirelessGloveSHORE_sfun_registry.obj
 0001:0005b4f0       _mdlGetSimState            1005c4f0 f   ARP_02_RPSsmile_WirelessGloveSHORE_sfun_registry.obj
 0001:0005b550       _mdlSetSimState            1005c550 f   ARP_02_RPSsmile_WirelessGloveSHORE_sfun_registry.obj
 0001:0005b580       __ssSetStateAbsTol         1005c580 f   ARP_02_RPSsmile_WirelessGloveSHORE_sfun_registry.obj
 0001:0005b620       __ssGetAbsTol              1005c620 f   ARP_02_RPSsmile_WirelessGloveSHORE_sfun_registry.obj
 0001:0005b670       __ssSetInputPortMatrixDimensions 1005c670 f   ARP_02_RPSsmile_WirelessGloveSHORE_sfun_registry.obj
 0001:0005b720       __ssSetOutputPortMatrixDimensions 1005c720 f   ARP_02_RPSsmile_WirelessGloveSHORE_sfun_registry.obj
 0001:0005b7d0       __ssSetInputPortVectorDimension 1005c7d0 f   ARP_02_RPSsmile_WirelessGloveSHORE_sfun_registry.obj
 0001:0005b850       __ssSetOutputPortVectorDimension 1005c850 f   ARP_02_RPSsmile_WirelessGloveSHORE_sfun_registry.obj
 0001:0005b8d0       _ssIsRunTimeParamTunable   1005c8d0 f   ARP_02_RPSsmile_WirelessGloveSHORE_sfun_registry.obj
 0001:0005b930       _ssGetSFuncBlockHandle     1005c930 f   ARP_02_RPSsmile_WirelessGloveSHORE_sfun_registry.obj
 0001:0005b980       __ssGetCurrentInputPortWidth 1005c980 f   ARP_02_RPSsmile_WirelessGloveSHORE_sfun_registry.obj
 0001:0005ba50       __ssGetCurrentOutputPortWidth 1005ca50 f   ARP_02_RPSsmile_WirelessGloveSHORE_sfun_registry.obj
 0001:0005bb20       __ssGetCallSystemNumFcnCallDestinations 1005cb20 f   ARP_02_RPSsmile_WirelessGloveSHORE_sfun_registry.obj
 0001:0005bb80       _ssWarning                 1005cb80 f   ARP_02_RPSsmile_WirelessGloveSHORE_sfun_registry.obj
 0001:0005bc60       _ssGetIsZeroCrossControlDisabled 1005cc60 f   ARP_02_RPSsmile_WirelessGloveSHORE_sfun_registry.obj
 0001:0005bcc0       _ssSetIsInputPortUsedForContZcSignal 1005ccc0 f   ARP_02_RPSsmile_WirelessGloveSHORE_sfun_registry.obj
 0001:0005bd10       _ssSetZcSignalIsZcElementDisc 1005cd10 f   ARP_02_RPSsmile_WirelessGloveSHORE_sfun_registry.obj
 0001:0005bd90       _ssSetZcSignalName         1005cd90 f   ARP_02_RPSsmile_WirelessGloveSHORE_sfun_registry.obj
 0001:0005bde0       _ssSetZcSignalWidth        1005cde0 f   ARP_02_RPSsmile_WirelessGloveSHORE_sfun_registry.obj
 0001:0005be30       _ssSetZcSignalZcEventType  1005ce30 f   ARP_02_RPSsmile_WirelessGloveSHORE_sfun_registry.obj
 0001:0005be80       _ssSetZcSignalType         1005ce80 f   ARP_02_RPSsmile_WirelessGloveSHORE_sfun_registry.obj
 0001:0005bed0       _ssSetZcSignalZcTol        1005ced0 f   ARP_02_RPSsmile_WirelessGloveSHORE_sfun_registry.obj
 0001:0005bf20       _ssSetZcSignalNeedsEventNotification 1005cf20 f   ARP_02_RPSsmile_WirelessGloveSHORE_sfun_registry.obj
 0001:0005bf70       _ssCreateAndAddZcSignalInfo 1005cf70 f   ARP_02_RPSsmile_WirelessGloveSHORE_sfun_registry.obj
 0001:0005bfd0       _ssCloneAndAddZcSignalInfo 1005cfd0 f   ARP_02_RPSsmile_WirelessGloveSHORE_sfun_registry.obj
 0001:0005c030       _ssGetNumZcSignals         1005d030 f   ARP_02_RPSsmile_WirelessGloveSHORE_sfun_registry.obj
 0001:0005c090       _ssGetZcSignalVector       1005d090 f   ARP_02_RPSsmile_WirelessGloveSHORE_sfun_registry.obj
 0001:0005c0f0       _ssGetZcSignalZcEvents     1005d0f0 f   ARP_02_RPSsmile_WirelessGloveSHORE_sfun_registry.obj
 0001:0005c150       _ssGetZcSignalName         1005d150 f   ARP_02_RPSsmile_WirelessGloveSHORE_sfun_registry.obj
 0001:0005c1b0       _ssGetZcSignalWidth        1005d1b0 f   ARP_02_RPSsmile_WirelessGloveSHORE_sfun_registry.obj
 0001:0005c210       _ssGetZcSignalZcEventType  1005d210 f   ARP_02_RPSsmile_WirelessGloveSHORE_sfun_registry.obj
 0001:0005c270       _ssGetZcSignalType         1005d270 f   ARP_02_RPSsmile_WirelessGloveSHORE_sfun_registry.obj
 0001:0005c2d0       _ssGetZcSignalZcTol        1005d2d0 f   ARP_02_RPSsmile_WirelessGloveSHORE_sfun_registry.obj
 0001:0005c330       _ssGetZcSignalNeedsEventNotification 1005d330 f   ARP_02_RPSsmile_WirelessGloveSHORE_sfun_registry.obj
 0001:0005c390       _ssGetZcSignalIsZcElementDisc 1005d390 f   ARP_02_RPSsmile_WirelessGloveSHORE_sfun_registry.obj
 0001:0005c410       _ssGetIsInputPortElementContinuous 1005d410 f   ARP_02_RPSsmile_WirelessGloveSHORE_sfun_registry.obj
 0001:0005c490       __ssGetInputPortSignalPtrsFcn 1005d490 f   ARP_02_RPSsmile_WirelessGloveSHORE_sfun_registry.obj
 0001:0005c690       __ssGetInputPortSignalFcn  1005d690 f   ARP_02_RPSsmile_WirelessGloveSHORE_sfun_registry.obj
 0001:0005c820       __ssSetInputPortDirectFeedThroughFcn 1005d820 f   ARP_02_RPSsmile_WirelessGloveSHORE_sfun_registry.obj
 0001:0005c950       __ssSetInputPortReusableFcn 1005d950 f   ARP_02_RPSsmile_WirelessGloveSHORE_sfun_registry.obj
 0001:0005c9e0       __ssSetOutputPortReusableFcn 1005d9e0 f   ARP_02_RPSsmile_WirelessGloveSHORE_sfun_registry.obj
 0001:0005ca70       _ssGetDTypeIdFromMxArray   1005da70 f   ARP_02_RPSsmile_WirelessGloveSHORE_sfun_registry.obj
 0001:0005cb60       _ssWriteRTWStr             1005db60 f   ARP_02_RPSsmile_WirelessGloveSHORE_sfun_registry.obj
 0001:0005cba0       _ssWriteRTWMxVectParam     1005dba0 f   ARP_02_RPSsmile_WirelessGloveSHORE_sfun_registry.obj
 0001:0005cbe0       _ssWriteRTWMx2dMatParam    1005dbe0 f   ARP_02_RPSsmile_WirelessGloveSHORE_sfun_registry.obj
 0001:0005cc20       _ssWriteRTWNameValuePair   1005dc20 f   ARP_02_RPSsmile_WirelessGloveSHORE_sfun_registry.obj
 0001:0005cf90       _ssWriteRTWParameters      1005df90 f   ARP_02_RPSsmile_WirelessGloveSHORE_sfun_registry.obj
 0001:0005d330       _ssWriteRTWParamSettings   1005e330 f   ARP_02_RPSsmile_WirelessGloveSHORE_sfun_registry.obj
 0001:0005d7e0       _ssWriteRTWWorkVect        1005e7e0 f   ARP_02_RPSsmile_WirelessGloveSHORE_sfun_registry.obj
 0001:0005db70       _mexFunction               1005eb70 f   ARP_02_RPSsmile_WirelessGloveSHORE_sfun_registry.obj
 0001:0005f8c0       _ProcessMexSfunctionEveryCall 100608c0 f   ARP_02_RPSsmile_WirelessGloveSHORE_sfun_registry.obj
 0001:0005f9de       _sf_debug_set_machine_data_thresholds 100609de f   sf_runtime:sf_runtime.dll
 0001:0005f9e4       _sf_debug_set_machine_event_thresholds 100609e4 f   sf_runtime:sf_runtime.dll
 0001:0005f9ea       _sf_debug_initialize_machine 100609ea f   sf_runtime:sf_runtime.dll
 0001:0005f9f0       _sf_load_rtw_optimization_info 100609f0 f   sf_runtime:sf_runtime.dll
 0001:0005f9f6       _sf_mex_emlrtNameCapturePostProcessR2012a 100609f6 f   sf_runtime:sf_runtime.dll
 0001:0005f9fc       _sf_mex_assign             100609fc f   sf_runtime:sf_runtime.dll
 0001:0005fa02       _sf_mex_createstruct       10060a02 f   sf_runtime:sf_runtime.dll
 0001:0005fa08       _sf_mex_destroy            10060a08 f   sf_runtime:sf_runtime.dll
 0001:0005fa0e       _sf_mex_duplicatearraysafe 10060a0e f   sf_runtime:sf_runtime.dll
 0001:0005fa14       _sf_mex_createcellmatrix   10060a14 f   sf_runtime:sf_runtime.dll
 0001:0005fa1a       _sf_mex_addfield           10060a1a f   sf_runtime:sf_runtime.dll
 0001:0005fa20       _sf_mex_create             10060a20 f   sf_runtime:sf_runtime.dll
 0001:0005fa26       _sf_mex_error_message      10060a26 f   sf_runtime:sf_runtime.dll
 0001:0005fa2c       _sf_mex_call_matlab        10060a2c f   sf_runtime:sf_runtime.dll
 0001:0005fa32       _sf_mex_setcell            10060a32 f   sf_runtime:sf_runtime.dll
 0001:0005fa38       _sf_mex_decode_encoded_mx_struct_array 10060a38 f   sf_runtime:sf_runtime.dll
 0001:0005fa3e       _sf_mex_getcell            10060a3e f   sf_runtime:sf_runtime.dll
 0001:0005fa44       _sf_mex_dup                10060a44 f   sf_runtime:sf_runtime.dll
 0001:0005fa4a       _sf_debug_animate          10060a4a f   sf_runtime:sf_runtime.dll
 0001:0005fa50       _sf_debug_call             10060a50 f   sf_runtime:sf_runtime.dll
 0001:0005fa56       _sf_debug_set_honor_breakpoints 10060a56 f   sf_runtime:sf_runtime.dll
 0001:0005fa5c       _sf_debug_set_animation    10060a5c f   sf_runtime:sf_runtime.dll
 0001:0005fa62       _sf_debug_get_animation    10060a62 f   sf_runtime:sf_runtime.dll
 0001:0005fa68       _sf_mex_import             10060a68 f   sf_runtime:sf_runtime.dll
 0001:0005fa6e       _sf_set_rtw_dwork_info     10060a6e f   sf_runtime:sf_runtime.dll
 0001:0005fa74       _sf_mark_chart_reusable_outputs 10060a74 f   sf_runtime:sf_runtime.dll
 0001:0005fa7a       _sf_mark_chart_expressionable_inputs 10060a7a f   sf_runtime:sf_runtime.dll
 0001:0005fa80       _sf_mark_output_events_with_multiple_callers 10060a80 f   sf_runtime:sf_runtime.dll
 0001:0005fa86       _sf_update_buildInfo       10060a86 f   sf_runtime:sf_runtime.dll
 0001:0005fa8c       _sf_rtw_info_uint_prop     10060a8c f   sf_runtime:sf_runtime.dll
 0001:0005fa92       _sf_is_chart_inlinable     10060a92 f   sf_runtime:sf_runtime.dll
 0001:0005fa98       _sim_mode_is_external      10060a98 f   sf_runtime:sf_runtime.dll
 0001:0005fa9e       _sim_mode_is_rtw_gen       10060a9e f   sf_runtime:sf_runtime.dll
 0001:0005faa4       _sf_debug_reset_current_state_configuration 10060aa4 f   sf_runtime:sf_runtime.dll
 0001:0005faaa       _sf_debug_set_instance_data_value_ptr 10060aaa f   sf_runtime:sf_runtime.dll
 0001:0005fab0       _sf_debug_set_chart_data_compiled_props 10060ab0 f   sf_runtime:sf_runtime.dll
 0001:0005fab6       _cv_eml_init_mcdc          10060ab6 f   sf_runtime:sf_runtime.dll
 0001:0005fabc       _cv_script_init_fcn        10060abc f   sf_runtime:sf_runtime.dll
 0001:0005fac2       _cv_script_init_script     10060ac2 f   sf_runtime:sf_runtime.dll
 0001:0005fac8       _cv_eml_init_if            10060ac8 f   sf_runtime:sf_runtime.dll
 0001:0005face       _cv_eml_init_fcn           10060ace f   sf_runtime:sf_runtime.dll
 0001:0005fad4       _cv_eml_init_script        10060ad4 f   sf_runtime:sf_runtime.dll
 0001:0005fada       _sf_debug_cv_init_trans    10060ada f   sf_runtime:sf_runtime.dll
 0001:0005fae0       _sf_debug_cv_init_state    10060ae0 f   sf_runtime:sf_runtime.dll
 0001:0005fae6       _sf_debug_cv_init_chart    10060ae6 f   sf_runtime:sf_runtime.dll
 0001:0005faec       _sf_debug_set_chart_state_substate_index 10060aec f   sf_runtime:sf_runtime.dll
 0001:0005faf2       _sf_debug_set_chart_state_substate_count 10060af2 f   sf_runtime:sf_runtime.dll
 0001:0005faf8       _sf_debug_set_chart_substate_index 10060af8 f   sf_runtime:sf_runtime.dll
 0001:0005fafe       _sf_debug_set_chart_decomposition 10060afe f   sf_runtime:sf_runtime.dll
 0001:0005fb04       _sf_debug_set_chart_substate_count 10060b04 f   sf_runtime:sf_runtime.dll
 0001:0005fb0a       _sf_debug_set_chart_state_info 10060b0a f   sf_runtime:sf_runtime.dll
 0001:0005fb10       _sf_debug_set_chart_event_scope 10060b10 f   sf_runtime:sf_runtime.dll
 0001:0005fb16       _sf_debug_set_chart_data_props 10060b16 f   sf_runtime:sf_runtime.dll
 0001:0005fb1c       _sf_debug_set_chart_event_thresholds 10060b1c f   sf_runtime:sf_runtime.dll
 0001:0005fb22       _sf_debug_set_chart_disable_implicit_casting 10060b22 f   sf_runtime:sf_runtime.dll
 0001:0005fb28       _sf_debug_initialize_chart 10060b28 f   sf_runtime:sf_runtime.dll
 0001:0005fb2e       _sf_debug_set_script_translation 10060b2e f   sf_runtime:sf_runtime.dll
 0001:0005fb34       _sf_debug_get_script_id    10060b34 f   sf_runtime:sf_runtime.dll
 0001:0005fb3a       _sf_get_time               10060b3a f   sf_runtime:sf_runtime.dll
 0001:0005fb40       _sf_call_output_fcn_enable 10060b40 f   sf_runtime:sf_runtime.dll
 0001:0005fb46       _sf_call_output_fcn_disable 10060b46 f   sf_runtime:sf_runtime.dll
 0001:0005fb4c       _sf_debug_check_for_state_inconsistency 10060b4c f   sf_runtime:sf_runtime.dll
 0001:0005fb52       _sf_debug_symbol_scope_pop 10060b52 f   sf_runtime:sf_runtime.dll
 0001:0005fb58       _sf_debug_data_range_wrapper 10060b58 f   sf_runtime:sf_runtime.dll
 0001:0005fb5e       _sf_debug_symbol_scope_push 10060b5e f   sf_runtime:sf_runtime.dll
 0001:0005fb64       _sf_mex_sub                10060b64 f   sf_runtime:sf_runtime.dll
 0001:0005fb6a       _cv_eml_eval               10060b6a f   sf_runtime:sf_runtime.dll
 0001:0005fb70       _sf_debug_temporal_threshold 10060b70 f   sf_runtime:sf_runtime.dll
 0001:0005fb76       _cv_eval_point             10060b76 f   sf_runtime:sf_runtime.dll
 0001:0005fb7c       _sf_mex_call_debug         10060b7c f   sf_runtime:sf_runtime.dll
 0001:0005fb82       _sf_mex_printf             10060b82 f   sf_runtime:sf_runtime.dll
 0001:0005fb88       _sf_debug_unset_instance_data_value_ptr 10060b88 f   sf_runtime:sf_runtime.dll
 0001:0005fb8e       _sf_call_output_fcn_call   10060b8e f   sf_runtime:sf_runtime.dll
 0001:0005fb94       _sf_debug_symbol_scope_add_importable 10060b94 f   sf_runtime:sf_runtime.dll
 0001:0005fb9a       _sf_debug_symbol_scope_add_eml_importable 10060b9a f   sf_runtime:sf_runtime.dll
 0001:0005fba0       _sf_debug_symbol_scope_push_eml 10060ba0 f   sf_runtime:sf_runtime.dll
 0001:0005fba6       _cv_script_eval            10060ba6 f   sf_runtime:sf_runtime.dll
 0001:0005fbac       _sf_debug_symbol_scope_add_eml 10060bac f   sf_runtime:sf_runtime.dll
 0001:0005fbb2       _eml_debug_line_call       10060bb2 f   sf_runtime:sf_runtime.dll
 0001:0005fbb8       _sf_debug_eml_data_array_bounds_error_check 10060bb8 f   sf_runtime:sf_runtime.dll
 0001:0005fbbe       _sf_debug_read_before_write_check 10060bbe f   sf_runtime:sf_runtime.dll
 0001:0005fbc4       _sf_debug_integer_check    10060bc4 f   sf_runtime:sf_runtime.dll
 0001:0005fbca       _sf_clear_rtw_identifier   10060bca f   sf_runtime:sf_runtime.dll
 0001:0005fbd0       _sf_debug_terminate        10060bd0 f   sf_runtime:sf_runtime.dll
 0001:0005fbd6       _sf_debug_create_debug_instance_struct 10060bd6 f   sf_runtime:sf_runtime.dll
 0001:0005fbdc       _sf_debug_api              10060bdc f   sf_runtime:sf_runtime.dll
 0001:0005fbe2       _callMdlMethodAndReportError 10060be2 f   sf_runtime:sf_runtime.dll
 0001:0005fbe8       _call_sf_machine_global_method_dispatcher 10060be8 f   sf_runtime:sf_runtime.dll
 0001:0005fbee       _sf_clear_error_manager_info 10060bee f   sf_runtime:sf_runtime.dll
 0001:0005fbf4       _sf_mex_error_direct_call  10060bf4 f   sf_runtime:sf_runtime.dll
 0001:0005fbfa       _mxGetScalar               10060bfa f   libmx:libmx.dll
 0001:0005fc00       _mxGetPr                   10060c00 f   libmx:libmx.dll
 0001:0005fc06       _mxCreateDoubleMatrix_730  10060c06 f   libmx:libmx.dll
 0001:0005fc0c       _mxGetString_730           10060c0c f   libmx:libmx.dll
 0001:0005fc12       _mxIsChar                  10060c12 f   libmx:libmx.dll
 0001:0005fc18       _mxDestroyArray            10060c18 f   libmx:libmx.dll
 0001:0005fc1e       _mxDuplicateArray          10060c1e f   libmx:libmx.dll
 0001:0005fc24       _mxCreateDoubleScalar      10060c24 f   libmx:libmx.dll
 0001:0005fc2a       _mxSetField_730            10060c2a f   libmx:libmx.dll
 0001:0005fc30       _mxCreateString            10060c30 f   libmx:libmx.dll
 0001:0005fc36       _mxCreateStructMatrix_730  10060c36 f   libmx:libmx.dll
 0001:0005fc3c       _mxCreateCellMatrix_730    10060c3c f   libmx:libmx.dll
 0001:0005fc42       _mxIsEmpty                 10060c42 f   libmx:libmx.dll
 0001:0005fc48       _mxGetClassID              10060c48 f   libmx:libmx.dll
 0001:0005fc4e       _mxIsNumeric               10060c4e f   libmx:libmx.dll
 0001:0005fc54       _mxIsComplex               10060c54 f   libmx:libmx.dll
 0001:0005fc5a       _mxGetN                    10060c5a f   libmx:libmx.dll
 0001:0005fc60       _mxGetM                    10060c60 f   libmx:libmx.dll
 0001:0005fc66       _mxCalloc                  10060c66 f   libmx:libmx.dll
 0001:0005fc6c       _mexMakeArrayPersistent    10060c6c f   libmex:libmex.dll
 0001:0005fc72       _mexUnlock                 10060c72 f   libmex:libmex.dll
 0001:0005fc78       _mexIsLocked               10060c78 f   libmex:libmex.dll
 0001:0005fc7e       _mexWarnMsgTxt             10060c7e f   libmex:libmex.dll
 0001:0005fc84       _mexCallMATLAB             10060c84 f   libmex:libmex.dll
 0001:0005fc8a       _mexErrMsgTxt              10060c8a f   libmex:libmex.dll
 0001:0005fc90       _mexLock                   10060c90 f   libmex:libmex.dll
 0001:0005fc96       _utMalloc                  10060c96 f   libut:libut.dll
 0001:0005fc9c       _utFree                    10060c9c f   libut:libut.dll
 0001:0005fca2       _muDoubleScalarFloor       10060ca2 f   libmwmathutil:libmwmathutil.dll
 0001:0005fca8       _muDoubleScalarRound       10060ca8 f   libmwmathutil:libmwmathutil.dll
 0001:0005fcae       _strcmp                    10060cae f   MSVCRT:MSVCR100.dll
 0001:0005fcc0       @__security_check_cookie@4 10060cc0 f   MSVCRT:secchk.obj
 0001:0005fcd0       _strlen                    10060cd0 f   MSVCRT:MSVCR100.dll
 0001:0005fcd6       _memset                    10060cd6 f   MSVCRT:MSVCR100.dll
 0001:0005fce0       __alloca_probe             10060ce0     MSVCRT:chkstk.obj
 0001:0005fce0       __chkstk                   10060ce0 f   MSVCRT:chkstk.obj
 0001:0005fd10       __ftol2_sse                10060d10 f   MSVCRT:ftol2.obj
 0001:0005fd19       __ftol2_pentium4           10060d19 f   MSVCRT:ftol2.obj
 0001:0005fd2c       __ftol2_sse_excpt          10060d2c f   MSVCRT:ftol2.obj
 0001:0005fd46       __ftol2                    10060d46 f   MSVCRT:ftol2.obj
 0001:0005fdbc       _free                      10060dbc f   MSVCRT:MSVCR100.dll
 0001:0005fdc2       _sprintf                   10060dc2 f   MSVCRT:MSVCR100.dll
 0001:0005fdc8       _malloc                    10060dc8 f   MSVCRT:MSVCR100.dll
 0001:0005fdce       _strcat                    10060dce f   MSVCRT:MSVCR100.dll
 0001:0005fdd4       _memcpy                    10060dd4 f   MSVCRT:MSVCR100.dll
 0001:0005fdda       _NtCurrentTeb              10060dda f i MSVCRT:crtdll.obj
 0001:0005fe2f       __CRT_INIT@12              10060e2f f   MSVCRT:crtdll.obj
 0001:0006014f       __DllMainCRTStartup@12     1006114f f   MSVCRT:crtdll.obj
 0001:00060172       ___report_gsfailure        10061172 f   MSVCRT:gs_report.obj
 0001:00060278       ___sse2_available_init     10061278 f   MSVCRT:cpu_disp.obj
 0001:00060288       ___clean_type_info_names   10061288 f   MSVCRT:tncleanup.obj
 0001:00060294       __onexit                   10061294 f   MSVCRT:atonexit.obj
 0001:00060335       _atexit                    10061335 f   MSVCRT:atonexit.obj
 0001:0006034c       __RTC_Initialize           1006134c f   MSVCRT:_initsect_.obj
 0001:00060372       __RTC_Terminate            10061372 f   MSVCRT:_initsect_.obj
 0001:00060398       __malloc_crt               10061398 f   MSVCRT:MSVCR100.dll
 0001:0006039e       __encoded_null             1006139e f   MSVCRT:MSVCR100.dll
 0001:000603b0       __ValidateImageBase        100613b0 f   MSVCRT:pesect.obj
 0001:000603f0       __FindPESection            100613f0 f   MSVCRT:pesect.obj
 0001:00060440       __IsNonwritableInCurrentImage 10061440 f   MSVCRT:pesect.obj
 0001:000604fc       __initterm                 100614fc f   MSVCRT:MSVCR100.dll
 0001:00060502       __initterm_e               10061502 f   MSVCRT:MSVCR100.dll
 0001:00060508       __amsg_exit                10061508 f   MSVCRT:MSVCR100.dll
 0001:0006050e       ___CppXcptFilter           1006150e f   MSVCRT:MSVCR100.dll
 0001:00060514       _DllMain@12                10061514 f   MSVCRT:dllmain.obj
 0001:00060540       __SEH_prolog4              10061540 f   MSVCRT:sehprolg4.obj
 0001:00060585       __SEH_epilog4              10061585 f   MSVCRT:sehprolg4.obj
 0001:00060599       __except_handler4          10061599 f   MSVCRT:chandler4gs.obj
 0001:000605be       ___security_init_cookie    100615be f   MSVCRT:gs_support.obj
 0001:0006065a       __crt_debugger_hook        1006165a f   MSVCRT:MSVCR100.dll
 0001:00060660       ___clean_type_info_names_internal 10061660 f   MSVCRT:MSVCR100.dll
 0001:00060666       __unlock                   10061666 f   MSVCRT:MSVCR100.dll
 0001:0006066c       ___dllonexit               1006166c f   MSVCRT:MSVCR100.dll
 0001:00060672       __lock                     10061672 f   MSVCRT:MSVCR100.dll
 0001:00060678       __except_handler4_common   10061678 f   MSVCRT:MSVCR100.dll
 0001:0006067e       _EncodePointer@4           1006167e f   kernel32:KERNEL32.dll
 0001:00060684       _DecodePointer@4           10061684 f   kernel32:KERNEL32.dll
 0001:0006068a       _InterlockedExchange@8     1006168a f   kernel32:KERNEL32.dll
 0001:00060690       _Sleep@4                   10061690 f   kernel32:KERNEL32.dll
 0001:00060696       _InterlockedCompareExchange@12 10061696 f   kernel32:KERNEL32.dll
 0001:0006069c       _TerminateProcess@8        1006169c f   kernel32:KERNEL32.dll
 0001:000606a2       _GetCurrentProcess@0       100616a2 f   kernel32:KERNEL32.dll
 0001:000606a8       _UnhandledExceptionFilter@4 100616a8 f   kernel32:KERNEL32.dll
 0001:000606ae       _SetUnhandledExceptionFilter@4 100616ae f   kernel32:KERNEL32.dll
 0001:000606b4       _IsDebuggerPresent@0       100616b4 f   kernel32:KERNEL32.dll
 0001:000606ba       _IsProcessorFeaturePresent@4 100616ba f   kernel32:KERNEL32.dll
 0001:000606c0       _DisableThreadLibraryCalls@4 100616c0 f   kernel32:KERNEL32.dll
 0001:000606c6       _QueryPerformanceCounter@4 100616c6 f   kernel32:KERNEL32.dll
 0001:000606cc       _GetTickCount@0            100616cc f   kernel32:KERNEL32.dll
 0001:000606d2       _GetCurrentThreadId@0      100616d2 f   kernel32:KERNEL32.dll
 0001:000606d8       _GetCurrentProcessId@0     100616d8 f   kernel32:KERNEL32.dll
 0001:000606de       _GetSystemTimeAsFileTime@4 100616de f   kernel32:KERNEL32.dll
 0002:00000000       __imp__GetCurrentProcessId@0 10062000     kernel32:KERNEL32.dll
 0002:00000004       __imp__GetCurrentThreadId@0 10062004     kernel32:KERNEL32.dll
 0002:00000008       __imp__GetTickCount@0      10062008     kernel32:KERNEL32.dll
 0002:0000000c       __imp__QueryPerformanceCounter@4 1006200c     kernel32:KERNEL32.dll
 0002:00000010       __imp__DisableThreadLibraryCalls@4 10062010     kernel32:KERNEL32.dll
 0002:00000014       __imp__IsProcessorFeaturePresent@4 10062014     kernel32:KERNEL32.dll
 0002:00000018       __imp__IsDebuggerPresent@0 10062018     kernel32:KERNEL32.dll
 0002:0000001c       __imp__SetUnhandledExceptionFilter@4 1006201c     kernel32:KERNEL32.dll
 0002:00000020       __imp__UnhandledExceptionFilter@4 10062020     kernel32:KERNEL32.dll
 0002:00000024       __imp__GetCurrentProcess@0 10062024     kernel32:KERNEL32.dll
 0002:00000028       __imp__TerminateProcess@8  10062028     kernel32:KERNEL32.dll
 0002:0000002c       __imp__InterlockedCompareExchange@12 1006202c     kernel32:KERNEL32.dll
 0002:00000030       __imp__Sleep@4             10062030     kernel32:KERNEL32.dll
 0002:00000034       __imp__InterlockedExchange@8 10062034     kernel32:KERNEL32.dll
 0002:00000038       __imp__DecodePointer@4     10062038     kernel32:KERNEL32.dll
 0002:0000003c       __imp__EncodePointer@4     1006203c     kernel32:KERNEL32.dll
 0002:00000040       __imp__GetSystemTimeAsFileTime@4 10062040     kernel32:KERNEL32.dll
 0002:00000044       \177KERNEL32_NULL_THUNK_DATA 10062044     kernel32:KERNEL32.dll
 0002:00000048       __imp___except_handler4_common 10062048     MSVCRT:MSVCR100.dll
 0002:0000004c       __imp___onexit             1006204c     MSVCRT:MSVCR100.dll
 0002:00000050       __imp___lock               10062050     MSVCRT:MSVCR100.dll
 0002:00000054       __imp____dllonexit         10062054     MSVCRT:MSVCR100.dll
 0002:00000058       __imp___unlock             10062058     MSVCRT:MSVCR100.dll
 0002:0000005c       __imp____clean_type_info_names_internal 1006205c     MSVCRT:MSVCR100.dll
 0002:00000060       __imp___crt_debugger_hook  10062060     MSVCRT:MSVCR100.dll
 0002:00000064       __imp____CppXcptFilter     10062064     MSVCRT:MSVCR100.dll
 0002:00000068       __imp___amsg_exit          10062068     MSVCRT:MSVCR100.dll
 0002:0000006c       __imp___initterm_e         1006206c     MSVCRT:MSVCR100.dll
 0002:00000070       __imp___initterm           10062070     MSVCRT:MSVCR100.dll
 0002:00000074       __imp___encoded_null       10062074     MSVCRT:MSVCR100.dll
 0002:00000078       __imp___malloc_crt         10062078     MSVCRT:MSVCR100.dll
 0002:0000007c       __imp__memcpy              1006207c     MSVCRT:MSVCR100.dll
 0002:00000080       __imp__strcat              10062080     MSVCRT:MSVCR100.dll
 0002:00000084       __imp__malloc              10062084     MSVCRT:MSVCR100.dll
 0002:00000088       __imp__sprintf             10062088     MSVCRT:MSVCR100.dll
 0002:0000008c       __imp__free                1006208c     MSVCRT:MSVCR100.dll
 0002:00000090       __imp__memset              10062090     MSVCRT:MSVCR100.dll
 0002:00000094       __imp__strlen              10062094     MSVCRT:MSVCR100.dll
 0002:00000098       __imp__strcmp              10062098     MSVCRT:MSVCR100.dll
 0002:0000009c       \177MSVCR100_NULL_THUNK_DATA 1006209c     MSVCRT:MSVCR100.dll
 0002:000000a0       __imp__mexErrMsgTxt        100620a0     libmex:libmex.dll
 0002:000000a4       __imp__mexUnlock           100620a4     libmex:libmex.dll
 0002:000000a8       __imp__mexIsLocked         100620a8     libmex:libmex.dll
 0002:000000ac       __imp__mexLock             100620ac     libmex:libmex.dll
 0002:000000b0       __imp__mexMakeArrayPersistent 100620b0     libmex:libmex.dll
 0002:000000b4       __imp__mexCallMATLAB       100620b4     libmex:libmex.dll
 0002:000000b8       __imp__mexWarnMsgTxt       100620b8     libmex:libmex.dll
 0002:000000bc       \177libmex_NULL_THUNK_DATA 100620bc     libmex:libmex.dll
 0002:000000c0       __imp__muDoubleScalarRound 100620c0     libmwmathutil:libmwmathutil.dll
 0002:000000c4       __imp__muDoubleScalarFloor 100620c4     libmwmathutil:libmwmathutil.dll
 0002:000000c8       \177libmwmathutil_NULL_THUNK_DATA 100620c8     libmwmathutil:libmwmathutil.dll
 0002:000000cc       __imp__mxCalloc            100620cc     libmx:libmx.dll
 0002:000000d0       __imp__mxGetM              100620d0     libmx:libmx.dll
 0002:000000d4       __imp__mxGetN              100620d4     libmx:libmx.dll
 0002:000000d8       __imp__mxIsComplex         100620d8     libmx:libmx.dll
 0002:000000dc       __imp__mxIsNumeric         100620dc     libmx:libmx.dll
 0002:000000e0       __imp__mxGetClassID        100620e0     libmx:libmx.dll
 0002:000000e4       __imp__mxIsEmpty           100620e4     libmx:libmx.dll
 0002:000000e8       __imp__mxCreateCellMatrix_730 100620e8     libmx:libmx.dll
 0002:000000ec       __imp__mxCreateStructMatrix_730 100620ec     libmx:libmx.dll
 0002:000000f0       __imp__mxCreateString      100620f0     libmx:libmx.dll
 0002:000000f4       __imp__mxSetField_730      100620f4     libmx:libmx.dll
 0002:000000f8       __imp__mxCreateDoubleScalar 100620f8     libmx:libmx.dll
 0002:000000fc       __imp__mxDuplicateArray    100620fc     libmx:libmx.dll
 0002:00000100       __imp__mxDestroyArray      10062100     libmx:libmx.dll
 0002:00000104       __imp__mxIsChar            10062104     libmx:libmx.dll
 0002:00000108       __imp__mxGetString_730     10062108     libmx:libmx.dll
 0002:0000010c       __imp__mxCreateDoubleMatrix_730 1006210c     libmx:libmx.dll
 0002:00000110       __imp__mxGetPr             10062110     libmx:libmx.dll
 0002:00000114       __imp__mxGetScalar         10062114     libmx:libmx.dll
 0002:00000118       \177libmx_NULL_THUNK_DATA  10062118     libmx:libmx.dll
 0002:0000011c       __imp__utMalloc            1006211c     libut:libut.dll
 0002:00000120       __imp__utFree              10062120     libut:libut.dll
 0002:00000124       \177libut_NULL_THUNK_DATA  10062124     libut:libut.dll
 0002:00000128       __imp__sf_debug_symbol_scope_add_eml_importable 10062128     sf_runtime:sf_runtime.dll
 0002:0000012c       __imp__sf_debug_symbol_scope_push_eml 1006212c     sf_runtime:sf_runtime.dll
 0002:00000130       __imp__cv_script_eval      10062130     sf_runtime:sf_runtime.dll
 0002:00000134       __imp__sf_debug_symbol_scope_add_eml 10062134     sf_runtime:sf_runtime.dll
 0002:00000138       __imp__eml_debug_line_call 10062138     sf_runtime:sf_runtime.dll
 0002:0000013c       __imp__sf_debug_eml_data_array_bounds_error_check 1006213c     sf_runtime:sf_runtime.dll
 0002:00000140       __imp__sf_debug_read_before_write_check 10062140     sf_runtime:sf_runtime.dll
 0002:00000144       __imp__sf_debug_integer_check 10062144     sf_runtime:sf_runtime.dll
 0002:00000148       __imp__sf_mex_printf       10062148     sf_runtime:sf_runtime.dll
 0002:0000014c       __imp__sf_debug_terminate  1006214c     sf_runtime:sf_runtime.dll
 0002:00000150       __imp__sf_debug_create_debug_instance_struct 10062150     sf_runtime:sf_runtime.dll
 0002:00000154       __imp__sf_debug_api        10062154     sf_runtime:sf_runtime.dll
 0002:00000158       __imp__callMdlMethodAndReportError 10062158     sf_runtime:sf_runtime.dll
 0002:0000015c       __imp__call_sf_machine_global_method_dispatcher 1006215c     sf_runtime:sf_runtime.dll
 0002:00000160       __imp__sf_clear_error_manager_info 10062160     sf_runtime:sf_runtime.dll
 0002:00000164       __imp__sf_mex_error_direct_call 10062164     sf_runtime:sf_runtime.dll
 0002:00000168       __imp__sf_debug_animate    10062168     sf_runtime:sf_runtime.dll
 0002:0000016c       __imp__sf_mex_call_debug   1006216c     sf_runtime:sf_runtime.dll
 0002:00000170       __imp__cv_eval_point       10062170     sf_runtime:sf_runtime.dll
 0002:00000174       __imp__sf_debug_temporal_threshold 10062174     sf_runtime:sf_runtime.dll
 0002:00000178       __imp__cv_eml_eval         10062178     sf_runtime:sf_runtime.dll
 0002:0000017c       __imp__sf_debug_symbol_scope_add_importable 1006217c     sf_runtime:sf_runtime.dll
 0002:00000180       __imp__sf_debug_symbol_scope_push 10062180     sf_runtime:sf_runtime.dll
 0002:00000184       __imp__sf_debug_data_range_wrapper 10062184     sf_runtime:sf_runtime.dll
 0002:00000188       __imp__sf_debug_symbol_scope_pop 10062188     sf_runtime:sf_runtime.dll
 0002:0000018c       __imp__sf_debug_check_for_state_inconsistency 1006218c     sf_runtime:sf_runtime.dll
 0002:00000190       __imp__sf_call_output_fcn_disable 10062190     sf_runtime:sf_runtime.dll
 0002:00000194       __imp__sf_call_output_fcn_enable 10062194     sf_runtime:sf_runtime.dll
 0002:00000198       __imp__sf_get_time         10062198     sf_runtime:sf_runtime.dll
 0002:0000019c       __imp__sf_debug_get_script_id 1006219c     sf_runtime:sf_runtime.dll
 0002:000001a0       __imp__sf_debug_set_script_translation 100621a0     sf_runtime:sf_runtime.dll
 0002:000001a4       __imp__sf_debug_initialize_chart 100621a4     sf_runtime:sf_runtime.dll
 0002:000001a8       __imp__sf_debug_set_chart_disable_implicit_casting 100621a8     sf_runtime:sf_runtime.dll
 0002:000001ac       __imp__sf_debug_set_chart_event_thresholds 100621ac     sf_runtime:sf_runtime.dll
 0002:000001b0       __imp__sf_debug_set_chart_data_props 100621b0     sf_runtime:sf_runtime.dll
 0002:000001b4       __imp__sf_debug_set_chart_event_scope 100621b4     sf_runtime:sf_runtime.dll
 0002:000001b8       __imp__sf_debug_set_chart_state_info 100621b8     sf_runtime:sf_runtime.dll
 0002:000001bc       __imp__sf_debug_set_chart_substate_count 100621bc     sf_runtime:sf_runtime.dll
 0002:000001c0       __imp__sf_debug_set_chart_decomposition 100621c0     sf_runtime:sf_runtime.dll
 0002:000001c4       __imp__sf_debug_set_chart_substate_index 100621c4     sf_runtime:sf_runtime.dll
 0002:000001c8       __imp__sf_debug_set_chart_state_substate_count 100621c8     sf_runtime:sf_runtime.dll
 0002:000001cc       __imp__sf_debug_set_chart_state_substate_index 100621cc     sf_runtime:sf_runtime.dll
 0002:000001d0       __imp__sf_debug_cv_init_chart 100621d0     sf_runtime:sf_runtime.dll
 0002:000001d4       __imp__sf_debug_cv_init_state 100621d4     sf_runtime:sf_runtime.dll
 0002:000001d8       __imp__sf_call_output_fcn_call 100621d8     sf_runtime:sf_runtime.dll
 0002:000001dc       __imp__sf_mex_sub          100621dc     sf_runtime:sf_runtime.dll
 0002:000001e0       __imp__sf_debug_unset_instance_data_value_ptr 100621e0     sf_runtime:sf_runtime.dll
 0002:000001e4       __imp__sf_debug_cv_init_trans 100621e4     sf_runtime:sf_runtime.dll
 0002:000001e8       __imp__cv_eml_init_script  100621e8     sf_runtime:sf_runtime.dll
 0002:000001ec       __imp__cv_eml_init_fcn     100621ec     sf_runtime:sf_runtime.dll
 0002:000001f0       __imp__cv_eml_init_if      100621f0     sf_runtime:sf_runtime.dll
 0002:000001f4       __imp__cv_script_init_script 100621f4     sf_runtime:sf_runtime.dll
 0002:000001f8       __imp__cv_script_init_fcn  100621f8     sf_runtime:sf_runtime.dll
 0002:000001fc       __imp__cv_eml_init_mcdc    100621fc     sf_runtime:sf_runtime.dll
 0002:00000200       __imp__sf_debug_set_chart_data_compiled_props 10062200     sf_runtime:sf_runtime.dll
 0002:00000204       __imp__sf_debug_set_instance_data_value_ptr 10062204     sf_runtime:sf_runtime.dll
 0002:00000208       __imp__sf_debug_reset_current_state_configuration 10062208     sf_runtime:sf_runtime.dll
 0002:0000020c       __imp__sim_mode_is_rtw_gen 1006220c     sf_runtime:sf_runtime.dll
 0002:00000210       __imp__sim_mode_is_external 10062210     sf_runtime:sf_runtime.dll
 0002:00000214       __imp__sf_is_chart_inlinable 10062214     sf_runtime:sf_runtime.dll
 0002:00000218       __imp__sf_rtw_info_uint_prop 10062218     sf_runtime:sf_runtime.dll
 0002:0000021c       __imp__sf_update_buildInfo 1006221c     sf_runtime:sf_runtime.dll
 0002:00000220       __imp__sf_mark_output_events_with_multiple_callers 10062220     sf_runtime:sf_runtime.dll
 0002:00000224       __imp__sf_mark_chart_expressionable_inputs 10062224     sf_runtime:sf_runtime.dll
 0002:00000228       __imp__sf_mark_chart_reusable_outputs 10062228     sf_runtime:sf_runtime.dll
 0002:0000022c       __imp__sf_set_rtw_dwork_info 1006222c     sf_runtime:sf_runtime.dll
 0002:00000230       __imp__sf_mex_import       10062230     sf_runtime:sf_runtime.dll
 0002:00000234       __imp__sf_debug_get_animation 10062234     sf_runtime:sf_runtime.dll
 0002:00000238       __imp__sf_debug_set_animation 10062238     sf_runtime:sf_runtime.dll
 0002:0000023c       __imp__sf_debug_set_honor_breakpoints 1006223c     sf_runtime:sf_runtime.dll
 0002:00000240       __imp__sf_debug_call       10062240     sf_runtime:sf_runtime.dll
 0002:00000244       __imp__sf_mex_dup          10062244     sf_runtime:sf_runtime.dll
 0002:00000248       __imp__sf_mex_getcell      10062248     sf_runtime:sf_runtime.dll
 0002:0000024c       __imp__sf_mex_decode_encoded_mx_struct_array 1006224c     sf_runtime:sf_runtime.dll
 0002:00000250       __imp__sf_mex_setcell      10062250     sf_runtime:sf_runtime.dll
 0002:00000254       __imp__sf_mex_call_matlab  10062254     sf_runtime:sf_runtime.dll
 0002:00000258       __imp__sf_mex_error_message 10062258     sf_runtime:sf_runtime.dll
 0002:0000025c       __imp__sf_mex_create       1006225c     sf_runtime:sf_runtime.dll
 0002:00000260       __imp__sf_mex_addfield     10062260     sf_runtime:sf_runtime.dll
 0002:00000264       __imp__sf_mex_createcellmatrix 10062264     sf_runtime:sf_runtime.dll
 0002:00000268       __imp__sf_mex_duplicatearraysafe 10062268     sf_runtime:sf_runtime.dll
 0002:0000026c       __imp__sf_mex_destroy      1006226c     sf_runtime:sf_runtime.dll
 0002:00000270       __imp__sf_mex_createstruct 10062270     sf_runtime:sf_runtime.dll
 0002:00000274       __imp__sf_mex_assign       10062274     sf_runtime:sf_runtime.dll
 0002:00000278       __imp__sf_mex_emlrtNameCapturePostProcessR2012a 10062278     sf_runtime:sf_runtime.dll
 0002:0000027c       __imp__sf_load_rtw_optimization_info 1006227c     sf_runtime:sf_runtime.dll
 0002:00000280       __imp__sf_debug_initialize_machine 10062280     sf_runtime:sf_runtime.dll
 0002:00000284       __imp__sf_debug_set_machine_event_thresholds 10062284     sf_runtime:sf_runtime.dll
 0002:00000288       __imp__sf_clear_rtw_identifier 10062288     sf_runtime:sf_runtime.dll
 0002:0000028c       __imp__sf_debug_set_machine_data_thresholds 1006228c     sf_runtime:sf_runtime.dll
 0002:00000290       \177sf_runtime_NULL_THUNK_DATA 10062290     sf_runtime:sf_runtime.dll
 0002:00000294       ___xc_a                    10062294     MSVCRT:cinitexe.obj
 0002:00000298       ___xc_z                    10062298     MSVCRT:cinitexe.obj
 0002:0000029c       ___xi_a                    1006229c     MSVCRT:cinitexe.obj
 0002:000002a8       ___xi_z                    100622a8     MSVCRT:cinitexe.obj
 0002:000002b0       __real@41eb33714de00000    100622b0     ARP_02_RPSsmile_WirelessGloveSHORE_sfun.obj
 0002:000002b8       __real@41d67267c2800000    100622b8     ARP_02_RPSsmile_WirelessGloveSHORE_sfun.obj
 0002:000002c0       __real@41dc646003000000    100622c0     ARP_02_RPSsmile_WirelessGloveSHORE_sfun.obj
 0002:000002c8       __real@41eb2903a7800000    100622c8     ARP_02_RPSsmile_WirelessGloveSHORE_sfun.obj
 0002:000002d0       __real@41b0fb04df000000    100622d0     ARP_02_RPSsmile_WirelessGloveSHORE_sfun.obj
 0002:000002d8       __real@41da14ed17400000    100622d8     ARP_02_RPSsmile_WirelessGloveSHORE_sfun.obj
 0002:000002e0       __real@41d47f2e8cc00000    100622e0     ARP_02_RPSsmile_WirelessGloveSHORE_sfun.obj
 0002:000002e8       __real@41eb0e6e75400000    100622e8     ARP_02_RPSsmile_WirelessGloveSHORE_sfun.obj
 0002:000002f0       __real@41cf4bdbd4000000    100622f0     ARP_02_RPSsmile_WirelessGloveSHORE_sfun.obj
 0002:000002f8       __real@41b0bfb688000000    100622f8     ARP_02_RPSsmile_WirelessGloveSHORE_sfun.obj
 0002:00000300       __real@41c0e65cb6800000    10062300     ARP_02_RPSsmile_WirelessGloveSHORE_sfun.obj
 0002:00000308       __real@41d453546dc00000    10062308     ARP_02_RPSsmile_WirelessGloveSHORE_sfun.obj
 0002:00000310       __real@0000000000000000    10062310     ARP_02_RPSsmile_WirelessGloveSHORE_sfun.obj
 0002:00000318       __real@41b120b875000000    10062318     ARP_02_RPSsmile_WirelessGloveSHORE_sfun.obj
 0002:00000320       __real@41e9a5cbc4800000    10062320     ARP_02_RPSsmile_WirelessGloveSHORE_sfun.obj
 0002:00000328       __real@41ec016b73600000    10062328     ARP_02_RPSsmile_WirelessGloveSHORE_sfun.obj
 0002:00000330       __real@41ee9b5271400000    10062330     ARP_02_RPSsmile_WirelessGloveSHORE_sfun.obj
 0002:00000338       __real@41e2a40377c00000    10062338     c1_ARP_02_RPSsmile_WirelessGloveSHORE.obj
 0002:00000340       __real@41e479b164600000    10062340     c1_ARP_02_RPSsmile_WirelessGloveSHORE.obj
 0002:00000348       __real@41e22fa912e00000    10062348     c1_ARP_02_RPSsmile_WirelessGloveSHORE.obj
 0002:00000350       __real@41db343fa5400000    10062350     c1_ARP_02_RPSsmile_WirelessGloveSHORE.obj
 0002:00000358       __real@4024000000000000    10062358     c1_ARP_02_RPSsmile_WirelessGloveSHORE.obj
 0002:00000360       __real@3ff0000000000000    10062360     c1_ARP_02_RPSsmile_WirelessGloveSHORE.obj
 0002:00000368       __real@4008000000000000    10062368     c1_ARP_02_RPSsmile_WirelessGloveSHORE.obj
 0002:00000370       __real@4000000000000000    10062370     c1_ARP_02_RPSsmile_WirelessGloveSHORE.obj
 0002:00000378       __real@4018000000000000    10062378     c1_ARP_02_RPSsmile_WirelessGloveSHORE.obj
 0002:00000380       __real@4020000000000000    10062380     c1_ARP_02_RPSsmile_WirelessGloveSHORE.obj
 0002:00000388       __real@4014000000000000    10062388     c1_ARP_02_RPSsmile_WirelessGloveSHORE.obj
 0002:00000390       __real@4057800000000000    10062390     c1_ARP_02_RPSsmile_WirelessGloveSHORE.obj
 0002:00000398       __real@4070000000000000    10062398     c1_ARP_02_RPSsmile_WirelessGloveSHORE.obj
 0002:000003a0       __real@4010000000000000    100623a0     c1_ARP_02_RPSsmile_WirelessGloveSHORE.obj
 0002:000003a8       __real@4034000000000000    100623a8     c1_ARP_02_RPSsmile_WirelessGloveSHORE.obj
 0002:000003b0       __real@4031000000000000    100623b0     c1_ARP_02_RPSsmile_WirelessGloveSHORE.obj
 0002:000003b8       __real@4030000000000000    100623b8     c1_ARP_02_RPSsmile_WirelessGloveSHORE.obj
 0002:000003c0       __real@4022000000000000    100623c0     c1_ARP_02_RPSsmile_WirelessGloveSHORE.obj
 0002:000003c8       __real@4032000000000000    100623c8     c1_ARP_02_RPSsmile_WirelessGloveSHORE.obj
 0002:000003d0       __real@402e000000000000    100623d0     c1_ARP_02_RPSsmile_WirelessGloveSHORE.obj
 0002:000003d8       __real@402c000000000000    100623d8     c1_ARP_02_RPSsmile_WirelessGloveSHORE.obj
 0002:000003e0       __real@402a000000000000    100623e0     c1_ARP_02_RPSsmile_WirelessGloveSHORE.obj
 0002:000003e8       __real@4028000000000000    100623e8     c1_ARP_02_RPSsmile_WirelessGloveSHORE.obj
 0002:000003f0       __real@4026000000000000    100623f0     c1_ARP_02_RPSsmile_WirelessGloveSHORE.obj
 0002:000003f8       __real@401c000000000000    100623f8     c1_ARP_02_RPSsmile_WirelessGloveSHORE.obj
 0002:00000400       __real@4056000000000000    10062400     c1_ARP_02_RPSsmile_WirelessGloveSHORE.obj
 0002:00000408       __real@4055800000000000    10062408     c1_ARP_02_RPSsmile_WirelessGloveSHORE.obj
 0002:00000410       __real@3defffffffffffff    10062410     c1_ARP_02_RPSsmile_WirelessGloveSHORE.obj
 0002:00000418       __real@3e00000000200000    10062418     c1_ARP_02_RPSsmile_WirelessGloveSHORE.obj
 0002:00000420       __real@40b5710000000000    10062420     c1_ARP_02_RPSsmile_WirelessGloveSHORE.obj
 0002:00000428       __real@4056c00000000000    10062428     c1_ARP_02_RPSsmile_WirelessGloveSHORE.obj
 0002:00000430       __real@4055c00000000000    10062430     c1_ARP_02_RPSsmile_WirelessGloveSHORE.obj
 0002:00000438       __real@4057400000000000    10062438     c1_ARP_02_RPSsmile_WirelessGloveSHORE.obj
 0002:00000440       __real@4057c00000000000    10062440     c1_ARP_02_RPSsmile_WirelessGloveSHORE.obj
 0002:00000448       __real@4058400000000000    10062448     c1_ARP_02_RPSsmile_WirelessGloveSHORE.obj
 0002:00000450       __real@4057000000000000    10062450     c1_ARP_02_RPSsmile_WirelessGloveSHORE.obj
 0002:00000458       __real@4054400000000000    10062458     c1_ARP_02_RPSsmile_WirelessGloveSHORE.obj
 0002:00000460       __real@4064200000000000    10062460     c1_ARP_02_RPSsmile_WirelessGloveSHORE.obj
 0002:00000468       __real@4063a00000000000    10062468     c1_ARP_02_RPSsmile_WirelessGloveSHORE.obj
 0002:00000470       __real@4056400000000000    10062470     c1_ARP_02_RPSsmile_WirelessGloveSHORE.obj
 0002:00000478       __real@4053800000000000    10062478     c1_ARP_02_RPSsmile_WirelessGloveSHORE.obj
 0002:00000480       __real@4066a00000000000    10062480     c1_ARP_02_RPSsmile_WirelessGloveSHORE.obj
 0002:00000488       __real@4062600000000000    10062488     c1_ARP_02_RPSsmile_WirelessGloveSHORE.obj
 0002:00000490       __real@4064800000000000    10062490     c1_ARP_02_RPSsmile_WirelessGloveSHORE.obj
 0002:00000498       __real@4051000000000000    10062498     c1_ARP_02_RPSsmile_WirelessGloveSHORE.obj
 0002:000004a0       __real@406be00000000000    100624a0     c1_ARP_02_RPSsmile_WirelessGloveSHORE.obj
 0002:000004a8       __real@406c200000000000    100624a8     c1_ARP_02_RPSsmile_WirelessGloveSHORE.obj
 0002:000004b0       __real@4040800000000000    100624b0     c1_ARP_02_RPSsmile_WirelessGloveSHORE.obj
 0002:000004b8       __real@4040000000000000    100624b8     c1_ARP_02_RPSsmile_WirelessGloveSHORE.obj
 0002:000004c0       __real@403f000000000000    100624c0     c1_ARP_02_RPSsmile_WirelessGloveSHORE.obj
 0002:000004c8       __real@403e000000000000    100624c8     c1_ARP_02_RPSsmile_WirelessGloveSHORE.obj
 0002:000004d0       __real@403d000000000000    100624d0     c1_ARP_02_RPSsmile_WirelessGloveSHORE.obj
 0002:000004d8       __real@403c000000000000    100624d8     c1_ARP_02_RPSsmile_WirelessGloveSHORE.obj
 0002:000004e0       __real@403b000000000000    100624e0     c1_ARP_02_RPSsmile_WirelessGloveSHORE.obj
 0002:000004e8       __real@403a000000000000    100624e8     c1_ARP_02_RPSsmile_WirelessGloveSHORE.obj
 0002:000004f0       __real@4039000000000000    100624f0     c1_ARP_02_RPSsmile_WirelessGloveSHORE.obj
 0002:000004f8       __real@4038000000000000    100624f8     c1_ARP_02_RPSsmile_WirelessGloveSHORE.obj
 0002:00000500       __real@4037000000000000    10062500     c1_ARP_02_RPSsmile_WirelessGloveSHORE.obj
 0002:00000508       __real@4036000000000000    10062508     c1_ARP_02_RPSsmile_WirelessGloveSHORE.obj
 0002:00000510       __real@4035000000000000    10062510     c1_ARP_02_RPSsmile_WirelessGloveSHORE.obj
 0002:00000518       __real@4033000000000000    10062518     c1_ARP_02_RPSsmile_WirelessGloveSHORE.obj
 0002:00000520       __real@405d800000000000    10062520     c1_ARP_02_RPSsmile_WirelessGloveSHORE.obj
 0002:00000528       __real@405dc00000000000    10062528     c1_ARP_02_RPSsmile_WirelessGloveSHORE.obj
 0002:00000530       __real@405d000000000000    10062530     c1_ARP_02_RPSsmile_WirelessGloveSHORE.obj
 0002:00000538       __real@405e000000000000    10062538     c1_ARP_02_RPSsmile_WirelessGloveSHORE.obj
 0002:00000540       __real@405e400000000000    10062540     c1_ARP_02_RPSsmile_WirelessGloveSHORE.obj
 0002:00000548       __real@405e800000000000    10062548     c1_ARP_02_RPSsmile_WirelessGloveSHORE.obj
 0002:00000550       __real@405ec00000000000    10062550     c1_ARP_02_RPSsmile_WirelessGloveSHORE.obj
 0002:00000558       __real@4061400000000000    10062558     c1_ARP_02_RPSsmile_WirelessGloveSHORE.obj
 0002:00000560       __real@4061600000000000    10062560     c1_ARP_02_RPSsmile_WirelessGloveSHORE.obj
 0002:00000568       __real@4061000000000000    10062568     c1_ARP_02_RPSsmile_WirelessGloveSHORE.obj
 0002:00000570       __real@4061800000000000    10062570     c1_ARP_02_RPSsmile_WirelessGloveSHORE.obj
 0002:00000578       __real@4061a00000000000    10062578     c1_ARP_02_RPSsmile_WirelessGloveSHORE.obj
 0002:00000580       __real@4061c00000000000    10062580     c1_ARP_02_RPSsmile_WirelessGloveSHORE.obj
 0002:00000588       __real@4061e00000000000    10062588     c1_ARP_02_RPSsmile_WirelessGloveSHORE.obj
 0002:00000590       __real@4060e00000000000    10062590     c1_ARP_02_RPSsmile_WirelessGloveSHORE.obj
 0002:00000598       __real@4060800000000000    10062598     c1_ARP_02_RPSsmile_WirelessGloveSHORE.obj
 0002:000005a0       __real@4061200000000000    100625a0     c1_ARP_02_RPSsmile_WirelessGloveSHORE.obj
 0002:000005a8       __real@4060c00000000000    100625a8     c1_ARP_02_RPSsmile_WirelessGloveSHORE.obj
 0002:000005b0       __real@4060400000000000    100625b0     c1_ARP_02_RPSsmile_WirelessGloveSHORE.obj
 0002:000005b8       __real@41f0000000000000    100625b8     c1_ARP_02_RPSsmile_WirelessGloveSHORE.obj
 0002:000005c0       __real@3ca0000000000000    100625c0     c1_ARP_02_RPSsmile_WirelessGloveSHORE.obj
 0002:000005c8       __real@4190000000000000    100625c8     c1_ARP_02_RPSsmile_WirelessGloveSHORE.obj
 0002:000005d0       __real@406c800000000000    100625d0     c1_ARP_02_RPSsmile_WirelessGloveSHORE.obj
 0002:000005d8       __real@4078d00000000000    100625d8     c1_ARP_02_RPSsmile_WirelessGloveSHORE.obj
 0002:000005e0       __real@4083880000000000    100625e0     c1_ARP_02_RPSsmile_WirelessGloveSHORE.obj
 0002:000005e8       __real@41ed3bfe59800000    100625e8     c2_ARP_02_RPSsmile_WirelessGloveSHORE.obj
 0002:000005f0       __real@419da584fc000000    100625f0     c2_ARP_02_RPSsmile_WirelessGloveSHORE.obj
 0002:000005f8       __real@41e3856f02e00000    100625f8     c2_ARP_02_RPSsmile_WirelessGloveSHORE.obj
 0002:00000600       __real@41a27472c2000000    10062600     c2_ARP_02_RPSsmile_WirelessGloveSHORE.obj
 0002:00000608       __real@41e1718ddc600000    10062608     c3_ARP_02_RPSsmile_WirelessGloveSHORE.obj
 0002:00000610       __real@41e3672189400000    10062610     c3_ARP_02_RPSsmile_WirelessGloveSHORE.obj
 0002:00000618       __real@41d6704ccd800000    10062618     c3_ARP_02_RPSsmile_WirelessGloveSHORE.obj
 0002:00000620       __real@41e8f197c6600000    10062620     c3_ARP_02_RPSsmile_WirelessGloveSHORE.obj
 0002:00000628       __real@41d819d628800000    10062628     c6_ARP_02_RPSsmile_WirelessGloveSHORE.obj
 0002:00000630       __real@41c835552b000000    10062630     c6_ARP_02_RPSsmile_WirelessGloveSHORE.obj
 0002:00000638       __real@41ee0178be800000    10062638     c6_ARP_02_RPSsmile_WirelessGloveSHORE.obj
 0002:00000640       __real@41ee0e9885800000    10062640     c6_ARP_02_RPSsmile_WirelessGloveSHORE.obj
 0002:00000648       _DYNAMIC_DIMENSION_DEF     10062648     ARP_02_RPSsmile_WirelessGloveSHORE_sfun_registry.obj
 0002:00000658       __ssBadLevel2InputAccessMsg 10062658     ARP_02_RPSsmile_WirelessGloveSHORE_sfun_registry.obj
 0002:000007e0       __ssBadLevel2DirectFeedMsg 100627e0     ARP_02_RPSsmile_WirelessGloveSHORE_sfun_registry.obj
 0002:00000920       __ssBadLevel2DirectFeedSolutionMsg 10062920     ARP_02_RPSsmile_WirelessGloveSHORE_sfun_registry.obj
 0002:00000990       __ssBadLevel2ZeroDirectFeedMsg 10062990     ARP_02_RPSsmile_WirelessGloveSHORE_sfun_registry.obj
 0002:00000ad0       __ssBadLevel2ZeroDirectFeedMsg2 10062ad0     ARP_02_RPSsmile_WirelessGloveSHORE_sfun_registry.obj
 0002:00000bb8       __real@bff0000000000000    10062bb8     ARP_02_RPSsmile_WirelessGloveSHORE_sfun_registry.obj
 0002:00000bc0       __real@4153d65940000000    10062bc0     ARP_02_RPSsmile_WirelessGloveSHORE_sfun_registry.obj
 0002:00000bc8       __pDefaultRawDllMain       10062bc8     MSVCRT:crtdll.obj
 0002:00000bc8       __pRawDllMain              10062bc8     MSVCRT:crtdll.obj
 0002:00000bd4       ?ProcessDetach@NativeDll@<CrtImplementationDetails>@@0IB 10062bd4     MSVCRT:tncleanup.obj
 0002:00000bd8       ?ProcessAttach@NativeDll@<CrtImplementationDetails>@@0IB 10062bd8     MSVCRT:tncleanup.obj
 0002:00000bdc       ?ThreadAttach@NativeDll@<CrtImplementationDetails>@@0IB 10062bdc     MSVCRT:tncleanup.obj
 0002:00000be0       ?ThreadDetach@NativeDll@<CrtImplementationDetails>@@0IB 10062be0     MSVCRT:tncleanup.obj
 0002:00000be4       ?ProcessVerifier@NativeDll@<CrtImplementationDetails>@@0IB 10062be4     MSVCRT:tncleanup.obj
 0002:00000be8       __load_config_used         10062be8     MSVCRT:loadcfg.obj
 0002:00000c30       ___safe_se_handler_table   10062c30     <linker-defined>
 0002:00000c34       ___rtc_iaa                 10062c34     MSVCRT:_initsect_.obj
 0002:00000c38       ___rtc_izz                 10062c38     MSVCRT:_initsect_.obj
 0002:00000c3c       ___rtc_taa                 10062c3c     MSVCRT:_initsect_.obj
 0002:00000c40       ___rtc_tzz                 10062c40     MSVCRT:_initsect_.obj
 0002:00000cac       __IMPORT_DESCRIPTOR_sf_runtime 10062cac     sf_runtime:sf_runtime.dll
 0002:00000cc0       __IMPORT_DESCRIPTOR_libmx  10062cc0     libmx:libmx.dll
 0002:00000cd4       __IMPORT_DESCRIPTOR_libmex 10062cd4     libmex:libmex.dll
 0002:00000ce8       __IMPORT_DESCRIPTOR_libut  10062ce8     libut:libut.dll
 0002:00000cfc       __IMPORT_DESCRIPTOR_libmwmathutil 10062cfc     libmwmathutil:libmwmathutil.dll
 0002:00000d10       __IMPORT_DESCRIPTOR_MSVCR100 10062d10     MSVCRT:MSVCR100.dll
 0002:00000d24       __IMPORT_DESCRIPTOR_KERNEL32 10062d24     kernel32:KERNEL32.dll
 0002:00000d38       __NULL_IMPORT_DESCRIPTOR   10062d38     sf_runtime:sf_runtime.dll
 0003:00019698       _DYNAMIC_DIMENSION         1007d698     ARP_02_RPSsmile_WirelessGloveSHORE_sfun_registry.obj
 0003:0001a224       ___security_cookie         1007e224     MSVCRT:gs_cookie.obj
 0003:0001a228       ___security_cookie_complement 1007e228     MSVCRT:gs_cookie.obj
 0003:0001a230       ___native_dllmain_reason   1007e230     MSVCRT:natstart.obj
 0003:0001a234       ___native_vcclrit_reason   1007e234     MSVCRT:natstart.obj
 0003:0001a398       _sfGlobalDebugInstanceStruct 1007e398     ARP_02_RPSsmile_WirelessGloveSHORE_sfun_registry.obj
 0003:0001a6cc       ?__type_info_root_node@@3U__type_info_node@@A 1007e6cc     MSVCRT:tncleanup.obj
 0003:0001a6d4       __ARP_02_RPSsmile_WirelessGloveSHOREMachineNumber_ 1007e6d4     <common>
 0003:0001a6d8       ___native_startup_state    1007e6d8     <common>
 0003:0001a6dc       ___native_startup_lock     1007e6dc     <common>
 0003:0001a6e0       ___onexitend               1007e6e0     <common>
 0003:0001a6e4       ___onexitbegin             1007e6e4     <common>
 0003:0001a6e8       ___sse2_available          1007e6e8     <common>
 0003:0001a6ec       ___dyn_tls_init_callback   1007e6ec     <common>

 entry point at        0001:0006014f

 Static symbols

 0001:00000d60       _c1_info_helper            10001d60 f   c1_ARP_02_RPSsmile_WirelessGloveSHORE.obj
 0001:000058e0       _c1_emlrt_marshallOut      100068e0 f   c1_ARP_02_RPSsmile_WirelessGloveSHORE.obj
 0001:00005940       _c1_b_emlrt_marshallOut    10006940 f   c1_ARP_02_RPSsmile_WirelessGloveSHORE.obj
 0001:00007af0       _get_sim_state_c1_ARP_02_RPSsmile_WirelessGloveSHORE 10008af0 f   c1_ARP_02_RPSsmile_WirelessGloveSHORE.obj
 0001:00009030       _sf_get_sim_state_info_c1_ARP_02_RPSsmile_WirelessGloveSHORE 1000a030 f   c1_ARP_02_RPSsmile_WirelessGloveSHORE.obj
 0001:000091c0       _set_sim_state_c1_ARP_02_RPSsmile_WirelessGloveSHORE 1000a1c0 f   c1_ARP_02_RPSsmile_WirelessGloveSHORE.obj
 0001:00009b80       _c1_update_debugger_state_c1_ARP_02_RPSsmile_WirelessGloveSHORE 1000ab80 f   c1_ARP_02_RPSsmile_WirelessGloveSHORE.obj
 0001:0000b3d0       _c1_b_emlrt_marshallIn     1000c3d0 f   c1_ARP_02_RPSsmile_WirelessGloveSHORE.obj
 0001:0000b420       _c1_c_emlrt_marshallIn     1000c420 f   c1_ARP_02_RPSsmile_WirelessGloveSHORE.obj
 0001:0000b470       _c1_h_emlrt_marshallIn     1000c470 f   c1_ARP_02_RPSsmile_WirelessGloveSHORE.obj
 0001:0000b4c0       _c1_i_emlrt_marshallIn     1000c4c0 f   c1_ARP_02_RPSsmile_WirelessGloveSHORE.obj
 0001:0000b510       _c1_j_emlrt_marshallIn     1000c510 f   c1_ARP_02_RPSsmile_WirelessGloveSHORE.obj
 0001:0000b560       _c1_k_emlrt_marshallIn     1000c560 f   c1_ARP_02_RPSsmile_WirelessGloveSHORE.obj
 0001:0000b5e0       _c1_l_emlrt_marshallIn     1000c5e0 f   c1_ARP_02_RPSsmile_WirelessGloveSHORE.obj
 0001:0000b630       _c1_m_emlrt_marshallIn     1000c630 f   c1_ARP_02_RPSsmile_WirelessGloveSHORE.obj
 0001:0000b6b0       _c1_n_emlrt_marshallIn     1000c6b0 f   c1_ARP_02_RPSsmile_WirelessGloveSHORE.obj
 0001:0000b700       _c1_o_emlrt_marshallIn     1000c700 f   c1_ARP_02_RPSsmile_WirelessGloveSHORE.obj
 0001:0000b7c0       _c1_p_emlrt_marshallIn     1000c7c0 f   c1_ARP_02_RPSsmile_WirelessGloveSHORE.obj
 0001:0000b810       _c1_q_emlrt_marshallIn     1000c810 f   c1_ARP_02_RPSsmile_WirelessGloveSHORE.obj
 0001:0000b8b0       _c1_r_emlrt_marshallIn     1000c8b0 f   c1_ARP_02_RPSsmile_WirelessGloveSHORE.obj
 0001:0000b900       _c1_s_emlrt_marshallIn     1000c900 f   c1_ARP_02_RPSsmile_WirelessGloveSHORE.obj
 0001:0000b950       _c1_t_emlrt_marshallIn     1000c950 f   c1_ARP_02_RPSsmile_WirelessGloveSHORE.obj
 0001:0000b9b0       _c1_u_emlrt_marshallIn     1000c9b0 f   c1_ARP_02_RPSsmile_WirelessGloveSHORE.obj
 0001:0000ba50       _mdlProcessParameters_c1_ARP_02_RPSsmile_WirelessGloveSHORE 1000ca50 f   c1_ARP_02_RPSsmile_WirelessGloveSHORE.obj
 0001:0000bb00       _initialize_params_c1_ARP_02_RPSsmile_WirelessGloveSHORE 1000cb00 f   c1_ARP_02_RPSsmile_WirelessGloveSHORE.obj
 0001:0000bb10       _mdlSetWorkWidths_c1_ARP_02_RPSsmile_WirelessGloveSHORE 1000cb10 f   c1_ARP_02_RPSsmile_WirelessGloveSHORE.obj
 0001:0000bef0       _sf_get_instance_specialization 1000cef0 f   c1_ARP_02_RPSsmile_WirelessGloveSHORE.obj
 0001:0000bf00       _mdlStart_c1_ARP_02_RPSsmile_WirelessGloveSHORE 1000cf00 f   c1_ARP_02_RPSsmile_WirelessGloveSHORE.obj
 0001:0000c0a0       _init_dsm_address_info     1000d0a0 f   c1_ARP_02_RPSsmile_WirelessGloveSHORE.obj
 0001:0000c0b0       _chart_debug_initialization 1000d0b0 f   c1_ARP_02_RPSsmile_WirelessGloveSHORE.obj
 0001:00015700       _init_script_number_translation 10016700 f   c1_ARP_02_RPSsmile_WirelessGloveSHORE.obj
 0001:00015740       _c1_sf_marshallOut         10016740 f   c1_ARP_02_RPSsmile_WirelessGloveSHORE.obj
 0001:00015870       _c1_sf_marshallIn          10016870 f   c1_ARP_02_RPSsmile_WirelessGloveSHORE.obj
 0001:00015950       _c1_emlrt_marshallIn       10016950 f   c1_ARP_02_RPSsmile_WirelessGloveSHORE.obj
 0001:000159e0       _c1_b_sf_marshallOut       100169e0 f   c1_ARP_02_RPSsmile_WirelessGloveSHORE.obj
 0001:00015a60       _c1_b_sf_marshallIn        10016a60 f   c1_ARP_02_RPSsmile_WirelessGloveSHORE.obj
 0001:00015ae0       _sf_opaque_initialize_c1_ARP_02_RPSsmile_WirelessGloveSHORE 10016ae0 f   c1_ARP_02_RPSsmile_WirelessGloveSHORE.obj
 0001:00015b10       _initialize_c1_ARP_02_RPSsmile_WirelessGloveSHORE 10016b10 f   c1_ARP_02_RPSsmile_WirelessGloveSHORE.obj
 0001:00015dc0       _sf_opaque_enable_c1_ARP_02_RPSsmile_WirelessGloveSHORE 10016dc0 f   c1_ARP_02_RPSsmile_WirelessGloveSHORE.obj
 0001:00015de0       _enable_c1_ARP_02_RPSsmile_WirelessGloveSHORE 10016de0 f   c1_ARP_02_RPSsmile_WirelessGloveSHORE.obj
 0001:00015e30       _sf_opaque_disable_c1_ARP_02_RPSsmile_WirelessGloveSHORE 10016e30 f   c1_ARP_02_RPSsmile_WirelessGloveSHORE.obj
 0001:00015e50       _disable_c1_ARP_02_RPSsmile_WirelessGloveSHORE 10016e50 f   c1_ARP_02_RPSsmile_WirelessGloveSHORE.obj
 0001:00015ea0       _sf_opaque_gateway_c1_ARP_02_RPSsmile_WirelessGloveSHORE 10016ea0 f   c1_ARP_02_RPSsmile_WirelessGloveSHORE.obj
 0001:00015ec0       _sf_gateway_c1_ARP_02_RPSsmile_WirelessGloveSHORE 10016ec0 f   c1_ARP_02_RPSsmile_WirelessGloveSHORE.obj
 0001:000167d0       _c1_set_sim_state_side_effects_c1_ARP_02_RPSsmile_WirelessGloveSH 100177d0 f   c1_ARP_02_RPSsmile_WirelessGloveSHORE.obj
 0001:00016fb0       _c1_chartstep_c1_ARP_02_RPSsmile_WirelessGloveSHORE 10017fb0 f   c1_ARP_02_RPSsmile_WirelessGloveSHORE.obj
 0001:00019930       _c1_stateGame              1001a930 f   c1_ARP_02_RPSsmile_WirelessGloveSHORE.obj
 0001:0001c290       _c1_stateStart             1001d290 f   c1_ARP_02_RPSsmile_WirelessGloveSHORE.obj
 0001:0001c5c0       _c1_enter_atomic_stateReady 1001d5c0 f   c1_ARP_02_RPSsmile_WirelessGloveSHORE.obj
 0001:0001c8a0       _c1_stateReady             1001d8a0 f   c1_ARP_02_RPSsmile_WirelessGloveSHORE.obj
 0001:0001d0b0       _c1_enter_atomic_statePoseReady 1001e0b0 f   c1_ARP_02_RPSsmile_WirelessGloveSHORE.obj
 0001:0001d920       _c1_statePoseReady         1001e920 f   c1_ARP_02_RPSsmile_WirelessGloveSHORE.obj
 0001:0001e7b0       _c1_stateWristRotate       1001f7b0 f   c1_ARP_02_RPSsmile_WirelessGloveSHORE.obj
 0001:0001ea50       _c1_stateRandomHand        1001fa50 f   c1_ARP_02_RPSsmile_WirelessGloveSHORE.obj
 0001:00021b20       _c1_statePoseRock          10022b20 f   c1_ARP_02_RPSsmile_WirelessGloveSHORE.obj
 0001:000220e0       _c1_statePoseFingersCLose  100230e0 f   c1_ARP_02_RPSsmile_WirelessGloveSHORE.obj
 0001:00023150       _c1_stateReadUserHand      10024150 f   c1_ARP_02_RPSsmile_WirelessGloveSHORE.obj
 0001:000241e0       _c1_statePoseScissors      100251e0 f   c1_ARP_02_RPSsmile_WirelessGloveSHORE.obj
 0001:000247a0       _c1_stateShowHands         100257a0 f   c1_ARP_02_RPSsmile_WirelessGloveSHORE.obj
 0001:00024b30       _c1_statePoseReturnFinger  10025b30 f   c1_ARP_02_RPSsmile_WirelessGloveSHORE.obj
 0001:00025140       _c1_enter_atomic_statePoseReturnWrist 10026140 f   c1_ARP_02_RPSsmile_WirelessGloveSHORE.obj
 0001:000255d0       _c1_stateUserWin           100265d0 f   c1_ARP_02_RPSsmile_WirelessGloveSHORE.obj
 0001:00025900       _c1_enter_atomic_stateRandom1 10026900 f   c1_ARP_02_RPSsmile_WirelessGloveSHORE.obj
 0001:00025a70       _c1_stateRandom1           10026a70 f   c1_ARP_02_RPSsmile_WirelessGloveSHORE.obj
 0001:00026620       _c1_statePoseSmileWin      10027620 f   c1_ARP_02_RPSsmile_WirelessGloveSHORE.obj
 0001:00026a10       _c1_stateShowResult        10027a10 f   c1_ARP_02_RPSsmile_WirelessGloveSHORE.obj
 0001:00027c10       _c1_exit_internal_c1_ARP_02_RPSsmile_WirelessGloveSHORE 10028c10 f   c1_ARP_02_RPSsmile_WirelessGloveSHORE.obj
 0001:00029330       _c1_enter_atomic_stateInitial 1002a330 f   c1_ARP_02_RPSsmile_WirelessGloveSHORE.obj
 0001:00029730       _c1_stateInitial           1002a730 f   c1_ARP_02_RPSsmile_WirelessGloveSHORE.obj
 0001:0002b170       _c1_enter_atomic_stateHeadNeutral 1002c170 f   c1_ARP_02_RPSsmile_WirelessGloveSHORE.obj
 0001:0002b5e0       _c1_stateIdlePose          1002c5e0 f   c1_ARP_02_RPSsmile_WirelessGloveSHORE.obj
 0001:0002c490       _c1_enter_atomic_stateRandomPose 1002d490 f   c1_ARP_02_RPSsmile_WirelessGloveSHORE.obj
 0001:0002c860       _c1_enter_atomic_stateBoredPose 1002d860 f   c1_ARP_02_RPSsmile_WirelessGloveSHORE.obj
 0001:00030d80       _c1_enter_atomic_stateImitateSmile 10031d80 f   c1_ARP_02_RPSsmile_WirelessGloveSHORE.obj
 0001:00031210       _c1_encStr2Arr             10032210 f   c1_ARP_02_RPSsmile_WirelessGloveSHORE.obj
 0001:00031740       _c1_b_encStr2Arr           10032740 f   c1_ARP_02_RPSsmile_WirelessGloveSHORE.obj
 0001:00031c70       _c1_c_encStr2Arr           10032c70 f   c1_ARP_02_RPSsmile_WirelessGloveSHORE.obj
 0001:000321b0       _c1_rand                   100331b0 f   c1_ARP_02_RPSsmile_WirelessGloveSHORE.obj
 0001:000321d0       _c1_eml_rand               100331d0 f   c1_ARP_02_RPSsmile_WirelessGloveSHORE.obj
 0001:00032550       _c1_eml_rand_mt19937ar     10033550 f   c1_ARP_02_RPSsmile_WirelessGloveSHORE.obj
 0001:000325b0       _c1_randi                  100335b0 f   c1_ARP_02_RPSsmile_WirelessGloveSHORE.obj
 0001:000325f0       _c1_b_randi                100335f0 f   c1_ARP_02_RPSsmile_WirelessGloveSHORE.obj
 0001:00032640       _c1_nb_encStr2Arr          10033640 f   c1_ARP_02_RPSsmile_WirelessGloveSHORE.obj
 0001:00032b60       _c1_ob_encStr2Arr          10033b60 f   c1_ARP_02_RPSsmile_WirelessGloveSHORE.obj
 0001:000330a0       _c1_pb_encStr2Arr          100340a0 f   c1_ARP_02_RPSsmile_WirelessGloveSHORE.obj
 0001:000335e0       _c1_qb_encStr2Arr          100345e0 f   c1_ARP_02_RPSsmile_WirelessGloveSHORE.obj
 0001:00033b30       _c1_rb_encStr2Arr          10034b30 f   c1_ARP_02_RPSsmile_WirelessGloveSHORE.obj
 0001:00034050       _c1_sb_encStr2Arr          10035050 f   c1_ARP_02_RPSsmile_WirelessGloveSHORE.obj
 0001:00034580       _c1_tb_encStr2Arr          10035580 f   c1_ARP_02_RPSsmile_WirelessGloveSHORE.obj
 0001:00034ac0       _c1_ub_encStr2Arr          10035ac0 f   c1_ARP_02_RPSsmile_WirelessGloveSHORE.obj
 0001:00035000       _c1_vb_encStr2Arr          10036000 f   c1_ARP_02_RPSsmile_WirelessGloveSHORE.obj
 0001:00035540       _c1_wb_encStr2Arr          10036540 f   c1_ARP_02_RPSsmile_WirelessGloveSHORE.obj
 0001:00035a70       _c1_xb_encStr2Arr          10036a70 f   c1_ARP_02_RPSsmile_WirelessGloveSHORE.obj
 0001:00035fa0       _c1_c_sf_marshallOut       10036fa0 f   c1_ARP_02_RPSsmile_WirelessGloveSHORE.obj
 0001:00036020       _c1_c_sf_marshallIn        10037020 f   c1_ARP_02_RPSsmile_WirelessGloveSHORE.obj
 0001:000360a0       _c1_d_emlrt_marshallIn     100370a0 f   c1_ARP_02_RPSsmile_WirelessGloveSHORE.obj
 0001:000360f0       _c1_d_sf_marshallOut       100370f0 f   c1_ARP_02_RPSsmile_WirelessGloveSHORE.obj
 0001:00036220       _c1_d_sf_marshallIn        10037220 f   c1_ARP_02_RPSsmile_WirelessGloveSHORE.obj
 0001:00036300       _c1_e_emlrt_marshallIn     10037300 f   c1_ARP_02_RPSsmile_WirelessGloveSHORE.obj
 0001:000363a0       _c1_e_sf_marshallOut       100373a0 f   c1_ARP_02_RPSsmile_WirelessGloveSHORE.obj
 0001:00036480       _c1_f_sf_marshallOut       10037480 f   c1_ARP_02_RPSsmile_WirelessGloveSHORE.obj
 0001:00036590       _c1_g_sf_marshallOut       10037590 f   c1_ARP_02_RPSsmile_WirelessGloveSHORE.obj
 0001:00036690       _c1_h_sf_marshallOut       10037690 f   c1_ARP_02_RPSsmile_WirelessGloveSHORE.obj
 0001:000367b0       _c1_i_sf_marshallOut       100377b0 f   c1_ARP_02_RPSsmile_WirelessGloveSHORE.obj
 0001:000368b0       _c1_j_sf_marshallOut       100378b0 f   c1_ARP_02_RPSsmile_WirelessGloveSHORE.obj
 0001:000369d0       _c1_o_sf_marshallOut       100379d0 f   c1_ARP_02_RPSsmile_WirelessGloveSHORE.obj
 0001:00036ae0       _c1_p_sf_marshallOut       10037ae0 f   c1_ARP_02_RPSsmile_WirelessGloveSHORE.obj
 0001:00036bf0       _c1_jb_sf_marshallOut      10037bf0 f   c1_ARP_02_RPSsmile_WirelessGloveSHORE.obj
 0001:00036cf0       _c1_kb_sf_marshallOut      10037cf0 f   c1_ARP_02_RPSsmile_WirelessGloveSHORE.obj
 0001:00036e10       _c1_yc_sf_marshallOut      10037e10 f   c1_ARP_02_RPSsmile_WirelessGloveSHORE.obj
 0001:00036f10       _c1_ad_sf_marshallOut      10037f10 f   c1_ARP_02_RPSsmile_WirelessGloveSHORE.obj
 0001:00037030       _c1_bd_sf_marshallOut      10038030 f   c1_ARP_02_RPSsmile_WirelessGloveSHORE.obj
 0001:00037110       _c1_cd_sf_marshallOut      10038110 f   c1_ARP_02_RPSsmile_WirelessGloveSHORE.obj
 0001:00037230       _c1_dd_sf_marshallOut      10038230 f   c1_ARP_02_RPSsmile_WirelessGloveSHORE.obj
 0001:00037310       _c1_ed_sf_marshallOut      10038310 f   c1_ARP_02_RPSsmile_WirelessGloveSHORE.obj
 0001:00037420       _c1_fd_sf_marshallOut      10038420 f   c1_ARP_02_RPSsmile_WirelessGloveSHORE.obj
 0001:00037500       _c1_gd_sf_marshallOut      10038500 f   c1_ARP_02_RPSsmile_WirelessGloveSHORE.obj
 0001:00037620       _c1_sendBML                10038620 f   c1_ARP_02_RPSsmile_WirelessGloveSHORE.obj
 0001:00037910       _c1_handPoseSB             10038910 f   c1_ARP_02_RPSsmile_WirelessGloveSHORE.obj
 0001:00039810       _c1_d_encStr2Arr           1003a810 f   c1_ARP_02_RPSsmile_WirelessGloveSHORE.obj
 0001:00039d30       _c1_e_encStr2Arr           1003ad30 f   c1_ARP_02_RPSsmile_WirelessGloveSHORE.obj
 0001:0003a260       _c1_f_encStr2Arr           1003b260 f   c1_ARP_02_RPSsmile_WirelessGloveSHORE.obj
 0001:0003a7a0       _c1_g_encStr2Arr           1003b7a0 f   c1_ARP_02_RPSsmile_WirelessGloveSHORE.obj
 0001:0003ace0       _c1_h_encStr2Arr           1003bce0 f   c1_ARP_02_RPSsmile_WirelessGloveSHORE.obj
 0001:0003b220       _c1_k_sf_marshallOut       1003c220 f   c1_ARP_02_RPSsmile_WirelessGloveSHORE.obj
 0001:0003b340       _c1_l_sf_marshallOut       1003c340 f   c1_ARP_02_RPSsmile_WirelessGloveSHORE.obj
 0001:0003b450       _c1_m_sf_marshallOut       1003c450 f   c1_ARP_02_RPSsmile_WirelessGloveSHORE.obj
 0001:0003b570       _c1_n_sf_marshallOut       1003c570 f   c1_ARP_02_RPSsmile_WirelessGloveSHORE.obj
 0001:0003b690       _c1_q_sf_marshallOut       1003c690 f   c1_ARP_02_RPSsmile_WirelessGloveSHORE.obj
 0001:0003b790       _c1_r_sf_marshallOut       1003c790 f   c1_ARP_02_RPSsmile_WirelessGloveSHORE.obj
 0001:0003b8b0       _c1_s_sf_marshallOut       1003c8b0 f   c1_ARP_02_RPSsmile_WirelessGloveSHORE.obj
 0001:0003b9b0       _c1_t_sf_marshallOut       1003c9b0 f   c1_ARP_02_RPSsmile_WirelessGloveSHORE.obj
 0001:0003bad0       _c1_u_sf_marshallOut       1003cad0 f   c1_ARP_02_RPSsmile_WirelessGloveSHORE.obj
 0001:0003bbb0       _c1_v_sf_marshallOut       1003cbb0 f   c1_ARP_02_RPSsmile_WirelessGloveSHORE.obj
 0001:0003bcc0       _c1_idlePose               1003ccc0 f   c1_ARP_02_RPSsmile_WirelessGloveSHORE.obj
 0001:0003e300       _c1_i_encStr2Arr           1003f300 f   c1_ARP_02_RPSsmile_WirelessGloveSHORE.obj
 0001:0003e840       _c1_j_encStr2Arr           1003f840 f   c1_ARP_02_RPSsmile_WirelessGloveSHORE.obj
 0001:0003ed80       _c1_k_encStr2Arr           1003fd80 f   c1_ARP_02_RPSsmile_WirelessGloveSHORE.obj
 0001:0003f2c0       _c1_l_encStr2Arr           100402c0 f   c1_ARP_02_RPSsmile_WirelessGloveSHORE.obj
 0001:0003f7f0       _c1_m_encStr2Arr           100407f0 f   c1_ARP_02_RPSsmile_WirelessGloveSHORE.obj
 0001:0003fd20       _c1_n_encStr2Arr           10040d20 f   c1_ARP_02_RPSsmile_WirelessGloveSHORE.obj
 0001:00040240       _c1_o_encStr2Arr           10041240 f   c1_ARP_02_RPSsmile_WirelessGloveSHORE.obj
 0001:00040790       _c1_w_sf_marshallOut       10041790 f   c1_ARP_02_RPSsmile_WirelessGloveSHORE.obj
 0001:000408b0       _c1_x_sf_marshallOut       100418b0 f   c1_ARP_02_RPSsmile_WirelessGloveSHORE.obj
 0001:000409d0       _c1_y_sf_marshallOut       100419d0 f   c1_ARP_02_RPSsmile_WirelessGloveSHORE.obj
 0001:00040af0       _c1_ab_sf_marshallOut      10041af0 f   c1_ARP_02_RPSsmile_WirelessGloveSHORE.obj
 0001:00040c00       _c1_bb_sf_marshallOut      10041c00 f   c1_ARP_02_RPSsmile_WirelessGloveSHORE.obj
 0001:00040ce0       _c1_cb_sf_marshallOut      10041ce0 f   c1_ARP_02_RPSsmile_WirelessGloveSHORE.obj
 0001:00040df0       _c1_db_sf_marshallOut      10041df0 f   c1_ARP_02_RPSsmile_WirelessGloveSHORE.obj
 0001:00040f00       _c1_eb_sf_marshallOut      10041f00 f   c1_ARP_02_RPSsmile_WirelessGloveSHORE.obj
 0001:00041010       _c1_fb_sf_marshallOut      10042010 f   c1_ARP_02_RPSsmile_WirelessGloveSHORE.obj
 0001:00041130       _c1_gb_sf_marshallOut      10042130 f   c1_ARP_02_RPSsmile_WirelessGloveSHORE.obj
 0001:00041240       _c1_hb_sf_marshallOut      10042240 f   c1_ARP_02_RPSsmile_WirelessGloveSHORE.obj
 0001:00041360       _c1_ib_sf_marshallOut      10042360 f   c1_ARP_02_RPSsmile_WirelessGloveSHORE.obj
 0001:00041470       _c1_boredGaze              10042470 f   c1_ARP_02_RPSsmile_WirelessGloveSHORE.obj
 0001:00048ea0       _c1_p_encStr2Arr           10049ea0 f   c1_ARP_02_RPSsmile_WirelessGloveSHORE.obj
 0001:000493c0       _c1_q_encStr2Arr           1004a3c0 f   c1_ARP_02_RPSsmile_WirelessGloveSHORE.obj
 0001:00049900       _c1_r_encStr2Arr           1004a900 f   c1_ARP_02_RPSsmile_WirelessGloveSHORE.obj
 0001:00049e40       _c1_s_encStr2Arr           1004ae40 f   c1_ARP_02_RPSsmile_WirelessGloveSHORE.obj
 0001:0004a370       _c1_t_encStr2Arr           1004b370 f   c1_ARP_02_RPSsmile_WirelessGloveSHORE.obj
 0001:0004a890       _c1_u_encStr2Arr           1004b890 f   c1_ARP_02_RPSsmile_WirelessGloveSHORE.obj
 0001:0004adb0       _c1_v_encStr2Arr           1004bdb0 f   c1_ARP_02_RPSsmile_WirelessGloveSHORE.obj
[...]
 0001:000519c0       _c1_ec_sf_marshallOut      100529c0 f   c1_ARP_02_RPSsmile_WirelessGloveSHORE.obj
 0001:00051ad0       _c1_fc_sf_marshallOut      10052ad0 f   c1_ARP_02_RPSsmile_WirelessGloveSHORE.obj
 0001:00051bf0       _c1_gc_sf_marshallOut      10052bf0 f   c1_ARP_02_RPSsmile_WirelessGloveSHORE.obj
 0001:00051d10       _c1_hc_sf_marshallOut      10052d10 f   c1_ARP_02_RPSsmile_WirelessGloveSHORE.obj
 0001:00051e30       _c1_ic_sf_marshallOut      10052e30 f   c1_ARP_02_RPSsmile_WirelessGloveSHORE.obj
 0001:00051f40       _c1_jc_sf_marshallOut      10052f40 f   c1_ARP_02_RPSsmile_WirelessGloveSHORE.obj
 0001:00052060       _c1_kc_sf_marshallOut      10053060 f   c1_ARP_02_RPSsmile_WirelessGloveSHORE.obj
 0001:00052180       _c1_lc_sf_marshallOut      10053180 f   c1_ARP_02_RPSsmile_WirelessGloveSHORE.obj
 0001:000522a0       _c1_mc_sf_marshallOut      100532a0 f   c1_ARP_02_RPSsmile_WirelessGloveSHORE.obj
 0001:000523c0       _c1_nc_sf_marshallOut      100533c0 f   c1_ARP_02_RPSsmile_WirelessGloveSHORE.obj
 0001:000524e0       _c1_oc_sf_marshallOut      100534e0 f   c1_ARP_02_RPSsmile_WirelessGloveSHORE.obj
 0001:000525f0       _c1_pc_sf_marshallOut      100535f0 f   c1_ARP_02_RPSsmile_WirelessGloveSHORE.obj
 0001:00052710       _c1_qc_sf_marshallOut      10053710 f   c1_ARP_02_RPSsmile_WirelessGloveSHORE.obj
 0001:00052830       _c1_rc_sf_marshallOut      10053830 f   c1_ARP_02_RPSsmile_WirelessGloveSHORE.obj
 0001:00052940       _c1_sc_sf_marshallOut      10053940 f   c1_ARP_02_RPSsmile_WirelessGloveSHORE.obj
 0001:00052a60       _c1_tc_sf_marshallOut      10053a60 f   c1_ARP_02_RPSsmile_WirelessGloveSHORE.obj
 0001:00052b70       _c1_uc_sf_marshallOut      10053b70 f   c1_ARP_02_RPSsmile_WirelessGloveSHORE.obj
 0001:00052c80       _c1_vc_sf_marshallOut      10053c80 f   c1_ARP_02_RPSsmile_WirelessGloveSHORE.obj
 0001:00052da0       _c1_wc_sf_marshallOut      10053da0 f   c1_ARP_02_RPSsmile_WirelessGloveSHORE.obj
 0001:00052ec0       _c1_xc_sf_marshallOut      10053ec0 f   c1_ARP_02_RPSsmile_WirelessGloveSHORE.obj
 0001:00052fe0       _c1_updateDataWrittenToVector 10053fe0 f   c1_ARP_02_RPSsmile_WirelessGloveSHORE.obj
 0001:00053030       _c1_errorIfDataNotWrittenToFcn 10054030 f   c1_ARP_02_RPSsmile_WirelessGloveSHORE.obj
 0001:000530b0       _c1_b_twister_state_vector 100540b0 f   c1_ARP_02_RPSsmile_WirelessGloveSHORE.obj
 0001:00053290       _c1_c_eml_rand_mt19937ar   10054290 f   c1_ARP_02_RPSsmile_WirelessGloveSHORE.obj
 0001:00053c90       _c1_eml_error              10054c90 f   c1_ARP_02_RPSsmile_WirelessGloveSHORE.obj
 0001:00053d50       _sf_opaque_get_sim_state_c1_ARP_02_RPSsmile_WirelessGloveSHORE 10054d50 f   c1_ARP_02_RPSsmile_WirelessGloveSHORE.obj
 0001:00053d70       _sf_opaque_set_sim_state_c1_ARP_02_RPSsmile_WirelessGloveSHORE 10054d70 f   c1_ARP_02_RPSsmile_WirelessGloveSHORE.obj
 0001:00053d90       _sf_opaque_terminate_c1_ARP_02_RPSsmile_WirelessGloveSHORE 10054d90 f   c1_ARP_02_RPSsmile_WirelessGloveSHORE.obj
 0001:00053e20       _finalize_c1_ARP_02_RPSsmile_WirelessGloveSHORE 10054e20 f   c1_ARP_02_RPSsmile_WirelessGloveSHORE.obj
 0001:00053e40       _sf_opaque_init_subchart_simstructs 10054e40 f   c1_ARP_02_RPSsmile_WirelessGloveSHORE.obj
 0001:00053e60       _initSimStructsc1_ARP_02_RPSsmile_WirelessGloveSHORE 10054e60 f   c1_ARP_02_RPSsmile_WirelessGloveSHORE.obj
 0001:00053e70       _mdlRTW_c1_ARP_02_RPSsmile_WirelessGloveSHORE 10054e70 f   c1_ARP_02_RPSsmile_WirelessGloveSHORE.obj
 0001:00053f00       _c2_info_helper            10054f00 f   c2_ARP_02_RPSsmile_WirelessGloveSHORE.obj
 0001:000540f0       _c2_emlrt_marshallOut      100550f0 f   c2_ARP_02_RPSsmile_WirelessGloveSHORE.obj
 0001:00054150       _c2_b_emlrt_marshallOut    10055150 f   c2_ARP_02_RPSsmile_WirelessGloveSHORE.obj
 0001:00054b30       _get_sim_state_c2_ARP_02_RPSsmile_WirelessGloveSHORE 10055b30 f   c2_ARP_02_RPSsmile_WirelessGloveSHORE.obj
 0001:00054bf0       _sf_get_sim_state_info_c2_ARP_02_RPSsmile_WirelessGloveSHORE 10055bf0 f   c2_ARP_02_RPSsmile_WirelessGloveSHORE.obj
 0001:00054d70       _set_sim_state_c2_ARP_02_RPSsmile_WirelessGloveSHORE 10055d70 f   c2_ARP_02_RPSsmile_WirelessGloveSHORE.obj
 0001:00054df0       _c2_update_debugger_state_c2_ARP_02_RPSsmile_WirelessGloveSHORE 10055df0 f   c2_ARP_02_RPSsmile_WirelessGloveSHORE.obj
 0001:00054e00       _c2_c_emlrt_marshallIn     10055e00 f   c2_ARP_02_RPSsmile_WirelessGloveSHORE.obj
 0001:00054e50       _c2_d_emlrt_marshallIn     10055e50 f   c2_ARP_02_RPSsmile_WirelessGloveSHORE.obj
 0001:00054f00       _mdlProcessParameters_c2_ARP_02_RPSsmile_WirelessGloveSHORE 10055f00 f   c2_ARP_02_RPSsmile_WirelessGloveSHORE.obj
 0001:00054fb0       _initialize_params_c2_ARP_02_RPSsmile_WirelessGloveSHORE 10055fb0 f   c2_ARP_02_RPSsmile_WirelessGloveSHORE.obj
 0001:00054fc0       _mdlSetWorkWidths_c2_ARP_02_RPSsmile_WirelessGloveSHORE 10055fc0 f   c2_ARP_02_RPSsmile_WirelessGloveSHORE.obj
 0001:00055400       _sf_get_instance_specialization 10056400 f   c2_ARP_02_RPSsmile_WirelessGloveSHORE.obj
 0001:00055410       _mdlStart_c2_ARP_02_RPSsmile_WirelessGloveSHORE 10056410 f   c2_ARP_02_RPSsmile_WirelessGloveSHORE.obj
 0001:000555b0       _init_dsm_address_info     100565b0 f   c2_ARP_02_RPSsmile_WirelessGloveSHORE.obj
 0001:000555c0       _chart_debug_initialization 100565c0 f   c2_ARP_02_RPSsmile_WirelessGloveSHORE.obj
 0001:00055df0       _init_script_number_translation 10056df0 f   c2_ARP_02_RPSsmile_WirelessGloveSHORE.obj
 0001:00055e00       _c2_sf_marshallOut         10056e00 f   c2_ARP_02_RPSsmile_WirelessGloveSHORE.obj
 0001:00055e80       _sf_opaque_initialize_c2_ARP_02_RPSsmile_WirelessGloveSHORE 10056e80 f   c2_ARP_02_RPSsmile_WirelessGloveSHORE.obj
 0001:00055eb0       _initialize_c2_ARP_02_RPSsmile_WirelessGloveSHORE 10056eb0 f   c2_ARP_02_RPSsmile_WirelessGloveSHORE.obj
 0001:00055ee0       _sf_opaque_enable_c2_ARP_02_RPSsmile_WirelessGloveSHORE 10056ee0 f   c2_ARP_02_RPSsmile_WirelessGloveSHORE.obj
 0001:00055f00       _enable_c2_ARP_02_RPSsmile_WirelessGloveSHORE 10056f00 f   c2_ARP_02_RPSsmile_WirelessGloveSHORE.obj
 0001:00055f20       _sf_opaque_disable_c2_ARP_02_RPSsmile_WirelessGloveSHORE 10056f20 f   c2_ARP_02_RPSsmile_WirelessGloveSHORE.obj
 0001:00055f40       _disable_c2_ARP_02_RPSsmile_WirelessGloveSHORE 10056f40 f   c2_ARP_02_RPSsmile_WirelessGloveSHORE.obj
 0001:00055f60       _sf_opaque_gateway_c2_ARP_02_RPSsmile_WirelessGloveSHORE 10056f60 f   c2_ARP_02_RPSsmile_WirelessGloveSHORE.obj
 0001:00055f80       _sf_gateway_c2_ARP_02_RPSsmile_WirelessGloveSHORE 10056f80 f   c2_ARP_02_RPSsmile_WirelessGloveSHORE.obj
 0001:00057030       _c2_sf_marshallIn          10058030 f   c2_ARP_02_RPSsmile_WirelessGloveSHORE.obj
 0001:000570b0       _c2_emlrt_marshallIn       100580b0 f   c2_ARP_02_RPSsmile_WirelessGloveSHORE.obj
 0001:00057100       _sf_opaque_get_sim_state_c2_ARP_02_RPSsmile_WirelessGloveSHORE 10058100 f   c2_ARP_02_RPSsmile_WirelessGloveSHORE.obj
 0001:00057120       _sf_opaque_set_sim_state_c2_ARP_02_RPSsmile_WirelessGloveSHORE 10058120 f   c2_ARP_02_RPSsmile_WirelessGloveSHORE.obj
 0001:00057140       _sf_opaque_terminate_c2_ARP_02_RPSsmile_WirelessGloveSHORE 10058140 f   c2_ARP_02_RPSsmile_WirelessGloveSHORE.obj
 0001:000571d0       _finalize_c2_ARP_02_RPSsmile_WirelessGloveSHORE 100581d0 f   c2_ARP_02_RPSsmile_WirelessGloveSHORE.obj
 0001:000571e0       _sf_opaque_init_subchart_simstructs 100581e0 f   c2_ARP_02_RPSsmile_WirelessGloveSHORE.obj
 0001:00057200       _initSimStructsc2_ARP_02_RPSsmile_WirelessGloveSHORE 10058200 f   c2_ARP_02_RPSsmile_WirelessGloveSHORE.obj
 0001:00057210       _mdlRTW_c2_ARP_02_RPSsmile_WirelessGloveSHORE 10058210 f   c2_ARP_02_RPSsmile_WirelessGloveSHORE.obj
 0001:00057720       _get_sim_state_c3_ARP_02_RPSsmile_WirelessGloveSHORE 10058720 f   c3_ARP_02_RPSsmile_WirelessGloveSHORE.obj
 0001:00057840       _sf_get_sim_state_info_c3_ARP_02_RPSsmile_WirelessGloveSHORE 10058840 f   c3_ARP_02_RPSsmile_WirelessGloveSHORE.obj
 0001:000579c0       _set_sim_state_c3_ARP_02_RPSsmile_WirelessGloveSHORE 100589c0 f   c3_ARP_02_RPSsmile_WirelessGloveSHORE.obj
 0001:00057a80       _c3_update_debugger_state_c3_ARP_02_RPSsmile_WirelessGloveSHORE 10058a80 f   c3_ARP_02_RPSsmile_WirelessGloveSHORE.obj
 0001:00057a90       _c3_emlrt_marshallIn       10058a90 f   c3_ARP_02_RPSsmile_WirelessGloveSHORE.obj
 0001:00057ae0       _c3_b_emlrt_marshallIn     10058ae0 f   c3_ARP_02_RPSsmile_WirelessGloveSHORE.obj
 0001:00057b30       _c3_d_emlrt_marshallIn     10058b30 f   c3_ARP_02_RPSsmile_WirelessGloveSHORE.obj
 0001:00057b80       _c3_e_emlrt_marshallIn     10058b80 f   c3_ARP_02_RPSsmile_WirelessGloveSHORE.obj
 0001:00057c30       _mdlProcessParameters_c3_ARP_02_RPSsmile_WirelessGloveSHORE 10058c30 f   c3_ARP_02_RPSsmile_WirelessGloveSHORE.obj
 0001:00057ce0       _initialize_params_c3_ARP_02_RPSsmile_WirelessGloveSHORE 10058ce0 f   c3_ARP_02_RPSsmile_WirelessGloveSHORE.obj
 0001:00057cf0       _mdlSetWorkWidths_c3_ARP_02_RPSsmile_WirelessGloveSHORE 10058cf0 f   c3_ARP_02_RPSsmile_WirelessGloveSHORE.obj
 0001:00058070       _sf_get_instance_specialization 10059070 f   c3_ARP_02_RPSsmile_WirelessGloveSHORE.obj
 0001:00058080       _mdlStart_c3_ARP_02_RPSsmile_WirelessGloveSHORE 10059080 f   c3_ARP_02_RPSsmile_WirelessGloveSHORE.obj
 0001:00058220       _init_dsm_address_info     10059220 f   c3_ARP_02_RPSsmile_WirelessGloveSHORE.obj
 0001:00058230       _chart_debug_initialization 10059230 f   c3_ARP_02_RPSsmile_WirelessGloveSHORE.obj
 0001:00058740       _init_script_number_translation 10059740 f   c3_ARP_02_RPSsmile_WirelessGloveSHORE.obj
 0001:00058750       _c3_sf_marshallOut         10059750 f   c3_ARP_02_RPSsmile_WirelessGloveSHORE.obj
 0001:000587d0       _c3_sf_marshallIn          100597d0 f   c3_ARP_02_RPSsmile_WirelessGloveSHORE.obj
 0001:00058850       _sf_opaque_initialize_c3_ARP_02_RPSsmile_WirelessGloveSHORE 10059850 f   c3_ARP_02_RPSsmile_WirelessGloveSHORE.obj
 0001:00058880       _initialize_c3_ARP_02_RPSsmile_WirelessGloveSHORE 10059880 f   c3_ARP_02_RPSsmile_WirelessGloveSHORE.obj
 0001:000588b0       _sf_opaque_enable_c3_ARP_02_RPSsmile_WirelessGloveSHORE 100598b0 f   c3_ARP_02_RPSsmile_WirelessGloveSHORE.obj
 0001:000588d0       _enable_c3_ARP_02_RPSsmile_WirelessGloveSHORE 100598d0 f   c3_ARP_02_RPSsmile_WirelessGloveSHORE.obj
 0001:000588f0       _sf_opaque_disable_c3_ARP_02_RPSsmile_WirelessGloveSHORE 100598f0 f   c3_ARP_02_RPSsmile_WirelessGloveSHORE.obj
 0001:00058910       _disable_c3_ARP_02_RPSsmile_WirelessGloveSHORE 10059910 f   c3_ARP_02_RPSsmile_WirelessGloveSHORE.obj
 0001:00058930       _sf_opaque_gateway_c3_ARP_02_RPSsmile_WirelessGloveSHORE 10059930 f   c3_ARP_02_RPSsmile_WirelessGloveSHORE.obj
 0001:00058950       _sf_gateway_c3_ARP_02_RPSsmile_WirelessGloveSHORE 10059950 f   c3_ARP_02_RPSsmile_WirelessGloveSHORE.obj
 0001:00059010       _sf_opaque_get_sim_state_c3_ARP_02_RPSsmile_WirelessGloveSHORE 1005a010 f   c3_ARP_02_RPSsmile_WirelessGloveSHORE.obj
 0001:00059030       _sf_opaque_set_sim_state_c3_ARP_02_RPSsmile_WirelessGloveSHORE 1005a030 f   c3_ARP_02_RPSsmile_WirelessGloveSHORE.obj
 0001:00059050       _sf_opaque_terminate_c3_ARP_02_RPSsmile_WirelessGloveSHORE 1005a050 f   c3_ARP_02_RPSsmile_WirelessGloveSHORE.obj
 0001:000590e0       _finalize_c3_ARP_02_RPSsmile_WirelessGloveSHORE 1005a0e0 f   c3_ARP_02_RPSsmile_WirelessGloveSHORE.obj
 0001:000590f0       _sf_opaque_init_subchart_simstructs 1005a0f0 f   c3_ARP_02_RPSsmile_WirelessGloveSHORE.obj
 0001:00059110       _initSimStructsc3_ARP_02_RPSsmile_WirelessGloveSHORE 1005a110 f   c3_ARP_02_RPSsmile_WirelessGloveSHORE.obj
 0001:00059120       _mdlRTW_c3_ARP_02_RPSsmile_WirelessGloveSHORE 1005a120 f   c3_ARP_02_RPSsmile_WirelessGloveSHORE.obj
 0001:00059630       _get_sim_state_c6_ARP_02_RPSsmile_WirelessGloveSHORE 1005a630 f   c6_ARP_02_RPSsmile_WirelessGloveSHORE.obj
 0001:00059750       _sf_get_sim_state_info_c6_ARP_02_RPSsmile_WirelessGloveSHORE 1005a750 f   c6_ARP_02_RPSsmile_WirelessGloveSHORE.obj
 0001:000598d0       _set_sim_state_c6_ARP_02_RPSsmile_WirelessGloveSHORE 1005a8d0 f   c6_ARP_02_RPSsmile_WirelessGloveSHORE.obj
 0001:00059990       _c6_update_debugger_state_c6_ARP_02_RPSsmile_WirelessGloveSHORE 1005a990 f   c6_ARP_02_RPSsmile_WirelessGloveSHORE.obj
 0001:000599a0       _c6_emlrt_marshallIn       1005a9a0 f   c6_ARP_02_RPSsmile_WirelessGloveSHORE.obj
 0001:000599f0       _c6_b_emlrt_marshallIn     1005a9f0 f   c6_ARP_02_RPSsmile_WirelessGloveSHORE.obj
 0001:00059a40       _c6_d_emlrt_marshallIn     1005aa40 f   c6_ARP_02_RPSsmile_WirelessGloveSHORE.obj
 0001:00059a90       _c6_e_emlrt_marshallIn     1005aa90 f   c6_ARP_02_RPSsmile_WirelessGloveSHORE.obj
 0001:00059b40       _mdlProcessParameters_c6_ARP_02_RPSsmile_WirelessGloveSHORE 1005ab40 f   c6_ARP_02_RPSsmile_WirelessGloveSHORE.obj
 0001:00059bf0       _initialize_params_c6_ARP_02_RPSsmile_WirelessGloveSHORE 1005abf0 f   c6_ARP_02_RPSsmile_WirelessGloveSHORE.obj
 0001:00059c00       _mdlSetWorkWidths_c6_ARP_02_RPSsmile_WirelessGloveSHORE 1005ac00 f   c6_ARP_02_RPSsmile_WirelessGloveSHORE.obj
 0001:00059f80       _sf_get_instance_specialization 1005af80 f   c6_ARP_02_RPSsmile_WirelessGloveSHORE.obj
 0001:00059f90       _mdlStart_c6_ARP_02_RPSsmile_WirelessGloveSHORE 1005af90 f   c6_ARP_02_RPSsmile_WirelessGloveSHORE.obj
 0001:0005a130       _init_dsm_address_info     1005b130 f   c6_ARP_02_RPSsmile_WirelessGloveSHORE.obj
 0001:0005a140       _chart_debug_initialization 1005b140 f   c6_ARP_02_RPSsmile_WirelessGloveSHORE.obj
 0001:0005a5c0       _init_script_number_translation 1005b5c0 f   c6_ARP_02_RPSsmile_WirelessGloveSHORE.obj
 0001:0005a5d0       _c6_sf_marshallOut         1005b5d0 f   c6_ARP_02_RPSsmile_WirelessGloveSHORE.obj
 0001:0005a650       _c6_sf_marshallIn          1005b650 f   c6_ARP_02_RPSsmile_WirelessGloveSHORE.obj
 0001:0005a6d0       _sf_opaque_initialize_c6_ARP_02_RPSsmile_WirelessGloveSHORE 1005b6d0 f   c6_ARP_02_RPSsmile_WirelessGloveSHORE.obj
 0001:0005a700       _initialize_c6_ARP_02_RPSsmile_WirelessGloveSHORE 1005b700 f   c6_ARP_02_RPSsmile_WirelessGloveSHORE.obj
 0001:0005a730       _sf_opaque_enable_c6_ARP_02_RPSsmile_WirelessGloveSHORE 1005b730 f   c6_ARP_02_RPSsmile_WirelessGloveSHORE.obj
 0001:0005a750       _enable_c6_ARP_02_RPSsmile_WirelessGloveSHORE 1005b750 f   c6_ARP_02_RPSsmile_WirelessGloveSHORE.obj
 0001:0005a770       _sf_opaque_disable_c6_ARP_02_RPSsmile_WirelessGloveSHORE 1005b770 f   c6_ARP_02_RPSsmile_WirelessGloveSHORE.obj
 0001:0005a790       _disable_c6_ARP_02_RPSsmile_WirelessGloveSHORE 1005b790 f   c6_ARP_02_RPSsmile_WirelessGloveSHORE.obj
 0001:0005a7b0       _sf_opaque_gateway_c6_ARP_02_RPSsmile_WirelessGloveSHORE 1005b7b0 f   c6_ARP_02_RPSsmile_WirelessGloveSHORE.obj
 0001:0005a7d0       _sf_gateway_c6_ARP_02_RPSsmile_WirelessGloveSHORE 1005b7d0 f   c6_ARP_02_RPSsmile_WirelessGloveSHORE.obj
 0001:0005acc0       _sf_opaque_get_sim_state_c6_ARP_02_RPSsmile_WirelessGloveSHORE 1005bcc0 f   c6_ARP_02_RPSsmile_WirelessGloveSHORE.obj
 0001:0005ace0       _sf_opaque_set_sim_state_c6_ARP_02_RPSsmile_WirelessGloveSHORE 1005bce0 f   c6_ARP_02_RPSsmile_WirelessGloveSHORE.obj
 0001:0005ad00       _sf_opaque_terminate_c6_ARP_02_RPSsmile_WirelessGloveSHORE 1005bd00 f   c6_ARP_02_RPSsmile_WirelessGloveSHORE.obj
 0001:0005ad90       _finalize_c6_ARP_02_RPSsmile_WirelessGloveSHORE 1005bd90 f   c6_ARP_02_RPSsmile_WirelessGloveSHORE.obj
 0001:0005ada0       _sf_opaque_init_subchart_simstructs 1005bda0 f   c6_ARP_02_RPSsmile_WirelessGloveSHORE.obj
 0001:0005adc0       _initSimStructsc6_ARP_02_RPSsmile_WirelessGloveSHORE 1005bdc0 f   c6_ARP_02_RPSsmile_WirelessGloveSHORE.obj
 0001:0005add0       _mdlRTW_c6_ARP_02_RPSsmile_WirelessGloveSHORE 1005bdd0 f   c6_ARP_02_RPSsmile_WirelessGloveSHORE.obj
 0001:0005b520       _getChartInfoFromSimStruct 1005c520 f   ARP_02_RPSsmile_WirelessGloveSHORE_sfun_registry.obj
 0001:0005c620       __ssFatalError             1005d620 f   ARP_02_RPSsmile_WirelessGloveSHORE_sfun_registry.obj
 0001:0005e980       _ProcessMexSfunctionCmdLineCall 1005f980 f   ARP_02_RPSsmile_WirelessGloveSHORE_sfun_registry.obj
 0001:0005eaa0       _sf_debug_api_wrapper      1005faa0 f   ARP_02_RPSsmile_WirelessGloveSHORE_sfun_registry.obj
 0001:0005ead0       _mdlStart                  1005fad0 f   ARP_02_RPSsmile_WirelessGloveSHORE_sfun_registry.obj
 0001:0005eaf0       _mdl_start_processing      1005faf0 f   ARP_02_RPSsmile_WirelessGloveSHORE_sfun_registry.obj
 0001:0005eb60       _mdlTerminate              1005fb60 f   ARP_02_RPSsmile_WirelessGloveSHORE_sfun_registry.obj
 0001:0005eb80       _mdl_terminate_processing  1005fb80 f   ARP_02_RPSsmile_WirelessGloveSHORE_sfun_registry.obj
 0001:0005ebf0       _mdlInitializeSampleTimes  1005fbf0 f   ARP_02_RPSsmile_WirelessGloveSHORE_sfun_registry.obj
 0001:0005ec10       _mdlZeroCrossings          1005fc10 f   ARP_02_RPSsmile_WirelessGloveSHORE_sfun_registry.obj
 0001:0005ec30       _mdl_zeroCrossings_processing 1005fc30 f   ARP_02_RPSsmile_WirelessGloveSHORE_sfun_registry.obj
 0001:0005ec60       _mdlDerivatives            1005fc60 f   ARP_02_RPSsmile_WirelessGloveSHORE_sfun_registry.obj
 0001:0005ec80       _mdl_derivatives_processing 1005fc80 f   ARP_02_RPSsmile_WirelessGloveSHORE_sfun_registry.obj
 0001:0005ecc0       _mdlInitializeConditions   1005fcc0 f   ARP_02_RPSsmile_WirelessGloveSHORE_sfun_registry.obj
 0001:0005ece0       _mdl_initialize_conditions_processing 1005fce0 f   ARP_02_RPSsmile_WirelessGloveSHORE_sfun_registry.obj
 0001:0005ed20       _mdlEnable                 1005fd20 f   ARP_02_RPSsmile_WirelessGloveSHORE_sfun_registry.obj
 0001:0005ed40       _mdl_enable_processing     1005fd40 f   ARP_02_RPSsmile_WirelessGloveSHORE_sfun_registry.obj
 0001:0005ed70       _mdlDisable                1005fd70 f   ARP_02_RPSsmile_WirelessGloveSHORE_sfun_registry.obj
 0001:0005ed90       _mdl_disable_processing    1005fd90 f   ARP_02_RPSsmile_WirelessGloveSHORE_sfun_registry.obj
 0001:0005edc0       _mdlOutputs                1005fdc0 f   ARP_02_RPSsmile_WirelessGloveSHORE_sfun_registry.obj
 0001:0005ede0       _mdl_outputs_processing    1005fde0 f   ARP_02_RPSsmile_WirelessGloveSHORE_sfun_registry.obj
 0001:0005eeb0       _mdl_outputs_continuous_legacy 1005feb0 f   ARP_02_RPSsmile_WirelessGloveSHORE_sfun_registry.obj
 0001:0005ef80       _mdlGetTimeOfNextVarHit    1005ff80 f   ARP_02_RPSsmile_WirelessGloveSHORE_sfun_registry.obj
 0001:0005efc0       __ProcessMexSfunctionCmdLineCall 1005ffc0 f   ARP_02_RPSsmile_WirelessGloveSHORE_sfun_registry.obj
 0001:0005f5e0       _mdlSetWorkWidths          100605e0 f   ARP_02_RPSsmile_WirelessGloveSHORE_sfun_registry.obj
 0001:0005f600       _mdlProcessParameters      10060600 f   ARP_02_RPSsmile_WirelessGloveSHORE_sfun_registry.obj
 0001:0005f620       _mdlInitializeSizes        10060620 f   ARP_02_RPSsmile_WirelessGloveSHORE_sfun_registry.obj
 0001:0005f640       _mdlExtModeExec            10060640 f   ARP_02_RPSsmile_WirelessGloveSHORE_sfun_registry.obj
 0001:0005f660       _mdl_ext_mode_exec_processing 10060660 f   ARP_02_RPSsmile_WirelessGloveSHORE_sfun_registry.obj
 0001:0005f6a0       _mdlRTW                    100606a0 f   ARP_02_RPSsmile_WirelessGloveSHORE_sfun_registry.obj
 0001:0005f6d0       __CreateSimStruct          100606d0 f   ARP_02_RPSsmile_WirelessGloveSHORE_sfun_registry.obj
 0001:0005f800       __RegNumInputPortsCB       10060800 f   ARP_02_RPSsmile_WirelessGloveSHORE_sfun_registry.obj
 0001:0005f860       __RegNumOutputPortsCB      10060860 f   ARP_02_RPSsmile_WirelessGloveSHORE_sfun_registry.obj
 0001:0005fde1       _pre_c_init                10060de1 f   MSVCRT:crtdll.obj
 0001:00060039       ___DllMainCRTStartup       10061039 f   MSVCRT:crtdll.obj
