 testWalkStepWorldSim_sfun

 Timestamp is 560b2a9d (Tue Sep 29 17:19:41 2015)

 Preferred load address is 10000000

 Start         Length     Name                   Class
 0001:00000000 0010c174H .text                   CODE
 0002:00000000 000002bcH .idata$5                DATA
 0002:000002bc 00000004H .CRT$XCA                DATA
 0002:000002c0 00000004H .CRT$XCZ                DATA
 0002:000002c4 00000004H .CRT$XIA                DATA
 0002:000002c8 00000004H .CRT$XIAA               DATA
 0002:000002cc 00000004H .CRT$XIC                DATA
 0002:000002d0 00000004H .CRT$XIZ                DATA
 0002:000002d8 00000b80H .rdata                  DATA
 0002:00000e60 00000004H .rdata$sxdata           DATA
 0002:00000e64 00000004H .rtc$IAA                DATA
 0002:00000e68 00000004H .rtc$IZZ                DATA
 0002:00000e6c 00000004H .rtc$TAA                DATA
 0002:00000e70 00000004H .rtc$TZZ                DATA
 0002:00000e78 00000064H .xdata$x                DATA
 0002:00000edc 0000008cH .idata$2                DATA
 0002:00000f68 00000014H .idata$3                DATA
 0002:00000f7c 000002bcH .idata$4                DATA
 0002:00001238 00001008H .idata$6                DATA
 0002:00002240 0000005fH .edata                  DATA
 0003:00000000 0004f050H .data                   DATA
 0003:0004f050 000005d0H .bss                    DATA

  Address         Publics by Value              Rva+Base       Lib:Object

 0000:00000000       __except_list              00000000     <absolute>
 0000:00000001       ___safe_se_handler_count   00000001     <absolute>
 0000:00009876       __fltused                  00009876     <absolute>
 0000:00009876       __ldused                   00009876     <absolute>
 0000:00000000       ___ImageBase               10000000     <linker-defined>
 0001:00000000       _testWalkStepWorldSim_initializer 10001000 f   testWalkStepWorldSim_sfun.obj
 0001:00000010       _testWalkStepWorldSim_terminator 10001010 f   testWalkStepWorldSim_sfun.obj
 0001:00000020       _sf_testWalkStepWorldSim_method_dispatcher 10001020 f   testWalkStepWorldSim_sfun.obj
 0001:000001b0       _sf_testWalkStepWorldSim_process_check_sum_call 100011b0 f   testWalkStepWorldSim_sfun.obj
 0001:00000660       _sf_testWalkStepWorldSim_autoinheritance_info 10001660 f   testWalkStepWorldSim_sfun.obj
 0001:00000a30       _sf_testWalkStepWorldSim_get_eml_resolved_functions_info 10001a30 f   testWalkStepWorldSim_sfun.obj
 0001:00000d40       _sf_testWalkStepWorldSim_third_party_uses_info 10001d40 f   testWalkStepWorldSim_sfun.obj
 0001:00001060       _sf_testWalkStepWorldSim_updateBuildInfo_args_info 10002060 f   testWalkStepWorldSim_sfun.obj
 0001:00001380       _testWalkStepWorldSim_debug_initialize 10002380 f   testWalkStepWorldSim_sfun.obj
 0001:000013e0       _testWalkStepWorldSim_register_exported_symbols 100023e0 f   testWalkStepWorldSim_sfun.obj
 0001:000013f0       _load_testWalkStepWorldSim_optimization_info 100023f0 f   testWalkStepWorldSim_sfun.obj
 0001:00001430       _unload_testWalkStepWorldSim_optimization_info 10002430 f   testWalkStepWorldSim_sfun.obj
 0001:00001470       _sf_c1_testWalkStepWorldSim_get_eml_resolved_functions_info 10002470 f   c1_testWalkStepWorldSim.obj
 0001:00001ef0       _sf_c1_testWalkStepWorldSim_get_check_sum 10002ef0 f   c1_testWalkStepWorldSim.obj
 0001:00001f50       _sf_c1_testWalkStepWorldSim_get_autoinheritance_info 10002f50 f   c1_testWalkStepWorldSim.obj
 0001:00007600       _sf_c1_testWalkStepWorldSim_third_party_uses_info 10008600 f   c1_testWalkStepWorldSim.obj
 0001:00007620       _sf_c1_testWalkStepWorldSim_updateBuildInfo_args_info 10008620 f   c1_testWalkStepWorldSim.obj
 0001:00007640       _sf_internal_get_sim_state_c1_testWalkStepWorldSim 10008640 f   c1_testWalkStepWorldSim.obj
 0001:0000bce0       _sf_internal_set_sim_state_c1_testWalkStepWorldSim 1000cce0 f   c1_testWalkStepWorldSim.obj
 0001:0000ff20       _c1_testWalkStepWorldSim_method_dispatcher 10010f20 f   c1_testWalkStepWorldSim.obj
 0001:00021ba0       _sf_c2_testWalkStepWorldSim_get_eml_resolved_functions_info 10022ba0 f   c2_testWalkStepWorldSim.obj
 0001:00021ea0       _sf_c2_testWalkStepWorldSim_get_check_sum 10022ea0 f   c2_testWalkStepWorldSim.obj
 0001:00021f00       _sf_c2_testWalkStepWorldSim_get_autoinheritance_info 10022f00 f   c2_testWalkStepWorldSim.obj
 0001:00022710       _sf_c2_testWalkStepWorldSim_third_party_uses_info 10023710 f   c2_testWalkStepWorldSim.obj
 0001:00022730       _sf_c2_testWalkStepWorldSim_updateBuildInfo_args_info 10023730 f   c2_testWalkStepWorldSim.obj
 0001:00022750       _sf_internal_get_sim_state_c2_testWalkStepWorldSim 10023750 f   c2_testWalkStepWorldSim.obj
 0001:00022990       _sf_internal_set_sim_state_c2_testWalkStepWorldSim 10023990 f   c2_testWalkStepWorldSim.obj
 0001:00022ba0       _c2_testWalkStepWorldSim_method_dispatcher 10023ba0 f   c2_testWalkStepWorldSim.obj
 0001:00024f60       _sf_c4_testWalkStepWorldSim_get_eml_resolved_functions_info 10025f60 f   c4_testWalkStepWorldSim.obj
 0001:00029bf0       _sf_exported_auto_activate_c4_testWalkStepWorldSim_secs 1002abf0 f   c4_testWalkStepWorldSim.obj
 0001:00029c80       _sf_exported_auto_incrementTemporalCounter_c4_testWalkStepWorldSim_secs 1002ac80 f   c4_testWalkStepWorldSim.obj
 0001:00029ce0       _sf_exported_auto_resetTemporalCounter_c4_testWalkStepWorldSim_secs 1002ace0 f   c4_testWalkStepWorldSim.obj
 0001:00029d20       _sf_exported_auto_deactivate_c4_testWalkStepWorldSim_secs 1002ad20 f   c4_testWalkStepWorldSim.obj
 0001:00029db0       _sf_exported_auto_isStablec4_testWalkStepWorldSim 1002adb0 f   c4_testWalkStepWorldSim.obj
 0001:00029de0       _sf_exported_auto_duringc4_testWalkStepWorldSim 1002ade0 f   c4_testWalkStepWorldSim.obj
 0001:0002e1d0       _sf_exported_auto_enterc4_testWalkStepWorldSim 1002f1d0 f   c4_testWalkStepWorldSim.obj
 0001:0002f360       _sf_exported_auto_exitc4_testWalkStepWorldSim 10030360 f   c4_testWalkStepWorldSim.obj
 0001:0002f770       _sf_exported_auto_gatewayc4_testWalkStepWorldSim 10030770 f   c4_testWalkStepWorldSim.obj
 0001:0002f7a0       _sf_exported_auto_enablec4_testWalkStepWorldSim 100307a0 f   c4_testWalkStepWorldSim.obj
 0001:0002f7d0       _sf_exported_auto_disablec4_testWalkStepWorldSim 100307d0 f   c4_testWalkStepWorldSim.obj
 0001:0002f800       _sf_exported_auto_stepBuffersc4_testWalkStepWorldSim 10030800 f   c4_testWalkStepWorldSim.obj
 0001:0002f820       _sf_exported_auto_initBuffersc4_testWalkStepWorldSim 10030820 f   c4_testWalkStepWorldSim.obj
 0001:0002f840       _sf_exported_auto_activate_callc4_testWalkStepWorldSim 10030840 f   c4_testWalkStepWorldSim.obj
 0001:0002f870       _sf_exported_auto_increment_call_counterc4_testWalkStepWorldSim 10030870 f   c4_testWalkStepWorldSim.obj
 0001:0002f890       _sf_exported_auto_reset_call_counterc4_testWalkStepWorldSim 10030890 f   c4_testWalkStepWorldSim.obj
 0001:0002f8b0       _sf_exported_auto_deactivate_callc4_testWalkStepWorldSim 100308b0 f   c4_testWalkStepWorldSim.obj
 0001:0002f8d0       _sf_exported_auto_initc4_testWalkStepWorldSim 100308d0 f   c4_testWalkStepWorldSim.obj
 0001:0002f9c0       _sf_exported_auto_getSimstatec4_testWalkStepWorldSim 100309c0 f   c4_testWalkStepWorldSim.obj
 0001:0002fa10       _sf_exported_auto_setSimstatec4_testWalkStepWorldSim 10030a10 f   c4_testWalkStepWorldSim.obj
 0001:0002fa50       _sf_exported_auto_check_state_inconsistency_c4_testWalkStepWorldSim 10030a50 f   c4_testWalkStepWorldSim.obj
 0001:0003d640       _sf_exported_user_c4_testWalkStepWorldSim_idlePoseBradTable 1003e640 f   c4_testWalkStepWorldSim.obj
 0001:0003d690       _sf_exported_user_c4_testWalkStepWorldSim_insertQueueLow 1003e690 f   c4_testWalkStepWorldSim.obj
 0001:0003d750       _sf_exported_user_c4_testWalkStepWorldSim_walkInvadingTable 1003e750 f   c4_testWalkStepWorldSim.obj
 0001:000422d0       _sf_c4_testWalkStepWorldSim_get_check_sum 100432d0 f   c4_testWalkStepWorldSim.obj
 0001:00042330       _sf_c4_testWalkStepWorldSim_get_autoinheritance_info 10043330 f   c4_testWalkStepWorldSim.obj
 0001:00042be0       _sf_c4_testWalkStepWorldSim_third_party_uses_info 10043be0 f   c4_testWalkStepWorldSim.obj
 0001:00042c00       _sf_c4_testWalkStepWorldSim_updateBuildInfo_args_info 10043c00 f   c4_testWalkStepWorldSim.obj
 0001:00042c20       _sf_internal_get_sim_state_c4_testWalkStepWorldSim 10043c20 f   c4_testWalkStepWorldSim.obj
 0001:00043540       _sf_internal_set_sim_state_c4_testWalkStepWorldSim 10044540 f   c4_testWalkStepWorldSim.obj
 0001:000444f0       _c4_testWalkStepWorldSim_method_dispatcher 100454f0 f   c4_testWalkStepWorldSim.obj
 0001:00049540       _sf_c5_testWalkStepWorldSim_get_eml_resolved_functions_info 1004a540 f   c5_testWalkStepWorldSim.obj
 0001:0004b290       _sf_exported_auto_activate_c5_testWalkStepWorldSim_secs 1004c290 f   c5_testWalkStepWorldSim.obj
 0001:0004b320       _sf_exported_auto_incrementTemporalCounter_c5_testWalkStepWorldSim_secs 1004c320 f   c5_testWalkStepWorldSim.obj
 0001:0004b3c0       _sf_exported_auto_resetTemporalCounter_c5_testWalkStepWorldSim_secs 1004c3c0 f   c5_testWalkStepWorldSim.obj
 0001:0004b400       _sf_exported_auto_deactivate_c5_testWalkStepWorldSim_secs 1004c400 f   c5_testWalkStepWorldSim.obj
 0001:0004b490       _sf_exported_auto_isStablec5_testWalkStepWorldSim 1004c490 f   c5_testWalkStepWorldSim.obj
 0001:0004b4c0       _sf_exported_auto_duringc5_testWalkStepWorldSim 1004c4c0 f   c5_testWalkStepWorldSim.obj
 0001:000563b0       _sf_exported_auto_enterc5_testWalkStepWorldSim 100573b0 f   c5_testWalkStepWorldSim.obj
 0001:00057420       _sf_exported_auto_exitc5_testWalkStepWorldSim 10058420 f   c5_testWalkStepWorldSim.obj
 0001:00058790       _sf_exported_auto_gatewayc5_testWalkStepWorldSim 10059790 f   c5_testWalkStepWorldSim.obj
 0001:000587c0       _sf_exported_auto_enablec5_testWalkStepWorldSim 100597c0 f   c5_testWalkStepWorldSim.obj
 0001:00058800       _sf_exported_auto_disablec5_testWalkStepWorldSim 10059800 f   c5_testWalkStepWorldSim.obj
 0001:00058840       _sf_exported_auto_stepBuffersc5_testWalkStepWorldSim 10059840 f   c5_testWalkStepWorldSim.obj
 0001:00058860       _sf_exported_auto_initBuffersc5_testWalkStepWorldSim 10059860 f   c5_testWalkStepWorldSim.obj
 0001:00058880       _sf_exported_auto_activate_callc5_testWalkStepWorldSim 10059880 f   c5_testWalkStepWorldSim.obj
 0001:000588b0       _sf_exported_auto_increment_call_counterc5_testWalkStepWorldSim 100598b0 f   c5_testWalkStepWorldSim.obj
 0001:000588d0       _sf_exported_auto_reset_call_counterc5_testWalkStepWorldSim 100598d0 f   c5_testWalkStepWorldSim.obj
 0001:000588f0       _sf_exported_auto_deactivate_callc5_testWalkStepWorldSim 100598f0 f   c5_testWalkStepWorldSim.obj
 0001:00058910       _sf_exported_auto_initc5_testWalkStepWorldSim 10059910 f   c5_testWalkStepWorldSim.obj
 0001:00058b60       _sf_exported_auto_getSimstatec5_testWalkStepWorldSim 10059b60 f   c5_testWalkStepWorldSim.obj
 0001:00058bb0       _sf_exported_auto_setSimstatec5_testWalkStepWorldSim 10059bb0 f   c5_testWalkStepWorldSim.obj
 0001:00058bf0       _sf_exported_auto_check_state_inconsistency_c5_testWalkStepWorldSim 10059bf0 f   c5_testWalkStepWorldSim.obj
 0001:0006c300       _sf_exported_user_c5_testWalkStepWorldSim_handPoseSBTable 1006d300 f   c5_testWalkStepWorldSim.obj
 0001:0006ebe0       _sf_exported_user_c5_testWalkStepWorldSim_idlePoseBradTable 1006fbe0 f   c5_testWalkStepWorldSim.obj
 0001:0006ec30       _sf_exported_user_c5_testWalkStepWorldSim_initialPoseTable 1006fc30 f   c5_testWalkStepWorldSim.obj
 0001:0006ec80       _sf_exported_user_c5_testWalkStepWorldSim_insertQueue 1006fc80 f   c5_testWalkStepWorldSim.obj
 0001:0006ed40       _sf_exported_user_c5_testWalkStepWorldSim_insertQueueLow 1006fd40 f   c5_testWalkStepWorldSim.obj
 0001:0006ee10       _sf_exported_user_c5_testWalkStepWorldSim_paperPoseBradTable 1006fe10 f   c5_testWalkStepWorldSim.obj
 0001:0006ee60       _sf_exported_user_c5_testWalkStepWorldSim_rockPoseTable 1006fe60 f   c5_testWalkStepWorldSim.obj
 0001:0006eeb0       _sf_exported_user_c5_testWalkStepWorldSim_scissorsPoseBradTable 1006feb0 f   c5_testWalkStepWorldSim.obj
 0001:0006ef00       _sf_exported_user_c5_testWalkStepWorldSim_sendSBM 1006ff00 f   c5_testWalkStepWorldSim.obj
 0001:00071740       _sf_c5_testWalkStepWorldSim_get_check_sum 10072740 f   c5_testWalkStepWorldSim.obj
 0001:000717a0       _sf_c5_testWalkStepWorldSim_get_autoinheritance_info 100727a0 f   c5_testWalkStepWorldSim.obj
 0001:00072490       _sf_c5_testWalkStepWorldSim_third_party_uses_info 10073490 f   c5_testWalkStepWorldSim.obj
 0001:000724b0       _sf_c5_testWalkStepWorldSim_updateBuildInfo_args_info 100734b0 f   c5_testWalkStepWorldSim.obj
 0001:000724d0       _sf_internal_get_sim_state_c5_testWalkStepWorldSim 100734d0 f   c5_testWalkStepWorldSim.obj
 0001:00073070       _sf_internal_set_sim_state_c5_testWalkStepWorldSim 10074070 f   c5_testWalkStepWorldSim.obj
 0001:00074d90       _c5_testWalkStepWorldSim_method_dispatcher 10075d90 f   c5_testWalkStepWorldSim.obj
 0001:0007f490       _sf_c8_testWalkStepWorldSim_get_eml_resolved_functions_info 10080490 f   c8_testWalkStepWorldSim.obj
 0001:0007ff10       _sf_exported_auto_activate_c8_testWalkStepWorldSim_secs 10080f10 f   c8_testWalkStepWorldSim.obj
 0001:0007ffa0       _sf_exported_auto_incrementTemporalCounter_c8_testWalkStepWorldSim_secs 10080fa0 f   c8_testWalkStepWorldSim.obj
 0001:00080000       _sf_exported_auto_resetTemporalCounter_c8_testWalkStepWorldSim_secs 10081000 f   c8_testWalkStepWorldSim.obj
 0001:00080040       _sf_exported_auto_deactivate_c8_testWalkStepWorldSim_secs 10081040 f   c8_testWalkStepWorldSim.obj
 0001:000800d0       _sf_exported_auto_isStablec8_testWalkStepWorldSim 100810d0 f   c8_testWalkStepWorldSim.obj
 0001:00080100       _sf_exported_auto_duringc8_testWalkStepWorldSim 10081100 f   c8_testWalkStepWorldSim.obj
 0001:00086b70       _sf_exported_auto_enterc8_testWalkStepWorldSim 10087b70 f   c8_testWalkStepWorldSim.obj
 0001:00088230       _sf_exported_auto_exitc8_testWalkStepWorldSim 10089230 f   c8_testWalkStepWorldSim.obj
 0001:00088a80       _sf_exported_auto_gatewayc8_testWalkStepWorldSim 10089a80 f   c8_testWalkStepWorldSim.obj
 0001:00088ab0       _sf_exported_auto_enablec8_testWalkStepWorldSim 10089ab0 f   c8_testWalkStepWorldSim.obj
 0001:00088ae0       _sf_exported_auto_disablec8_testWalkStepWorldSim 10089ae0 f   c8_testWalkStepWorldSim.obj
 0001:00088b10       _sf_exported_auto_stepBuffersc8_testWalkStepWorldSim 10089b10 f   c8_testWalkStepWorldSim.obj
 0001:00088b30       _sf_exported_auto_initBuffersc8_testWalkStepWorldSim 10089b30 f   c8_testWalkStepWorldSim.obj
 0001:00088b50       _sf_exported_auto_activate_callc8_testWalkStepWorldSim 10089b50 f   c8_testWalkStepWorldSim.obj
 0001:00088b80       _sf_exported_auto_increment_call_counterc8_testWalkStepWorldSim 10089b80 f   c8_testWalkStepWorldSim.obj
 0001:00088ba0       _sf_exported_auto_reset_call_counterc8_testWalkStepWorldSim 10089ba0 f   c8_testWalkStepWorldSim.obj
 0001:00088bc0       _sf_exported_auto_deactivate_callc8_testWalkStepWorldSim 10089bc0 f   c8_testWalkStepWorldSim.obj
 0001:00088be0       _sf_exported_auto_initc8_testWalkStepWorldSim 10089be0 f   c8_testWalkStepWorldSim.obj
 0001:00088d00       _sf_exported_auto_getSimstatec8_testWalkStepWorldSim 10089d00 f   c8_testWalkStepWorldSim.obj
 0001:00088d50       _sf_exported_auto_setSimstatec8_testWalkStepWorldSim 10089d50 f   c8_testWalkStepWorldSim.obj
 0001:00088d90       _sf_exported_auto_check_state_inconsistency_c8_testWalkStepWorldSim 10089d90 f   c8_testWalkStepWorldSim.obj
 0001:0008feb0       _sf_exported_user_c8_testWalkStepWorldSim_insertQueue 10090eb0 f   c8_testWalkStepWorldSim.obj
 0001:0008ff80       _sf_exported_user_c8_testWalkStepWorldSim_insertQueueLow 10090f80 f   c8_testWalkStepWorldSim.obj
 0001:00090d80       _sf_exported_user_c8_testWalkStepWorldSim_walkInvadingTable 10091d80 f   c8_testWalkStepWorldSim.obj
 0001:00091200       _sf_c8_testWalkStepWorldSim_get_check_sum 10092200 f   c8_testWalkStepWorldSim.obj
 0001:00091260       _sf_c8_testWalkStepWorldSim_get_autoinheritance_info 10092260 f   c8_testWalkStepWorldSim.obj
 0001:00092510       _sf_c8_testWalkStepWorldSim_third_party_uses_info 10093510 f   c8_testWalkStepWorldSim.obj
 0001:00092530       _sf_c8_testWalkStepWorldSim_updateBuildInfo_args_info 10093530 f   c8_testWalkStepWorldSim.obj
 0001:00092550       _sf_internal_get_sim_state_c8_testWalkStepWorldSim 10093550 f   c8_testWalkStepWorldSim.obj
 0001:00092f00       _sf_internal_set_sim_state_c8_testWalkStepWorldSim 10093f00 f   c8_testWalkStepWorldSim.obj
 0001:00094180       _c8_testWalkStepWorldSim_method_dispatcher 10095180 f   c8_testWalkStepWorldSim.obj
 0001:00099110       _sf_c9_testWalkStepWorldSim_get_eml_resolved_functions_info 1009a110 f   c9_testWalkStepWorldSim.obj
 0001:000a0320       _sf_exported_auto_activate_c9_testWalkStepWorldSim_secs 100a1320 f   c9_testWalkStepWorldSim.obj
 0001:000a03b0       _sf_exported_auto_incrementTemporalCounter_c9_testWalkStepWorldSim_secs 100a13b0 f   c9_testWalkStepWorldSim.obj
 0001:000a0450       _sf_exported_auto_resetTemporalCounter_c9_testWalkStepWorldSim_secs 100a1450 f   c9_testWalkStepWorldSim.obj
 0001:000a0490       _sf_exported_auto_deactivate_c9_testWalkStepWorldSim_secs 100a1490 f   c9_testWalkStepWorldSim.obj
 0001:000a0520       _sf_exported_auto_isStablec9_testWalkStepWorldSim 100a1520 f   c9_testWalkStepWorldSim.obj
 0001:000a0550       _sf_exported_auto_duringc9_testWalkStepWorldSim 100a1550 f   c9_testWalkStepWorldSim.obj
 0001:000aaba0       _sf_exported_auto_enterc9_testWalkStepWorldSim 100abba0 f   c9_testWalkStepWorldSim.obj
 0001:000ac230       _sf_exported_auto_exitc9_testWalkStepWorldSim 100ad230 f   c9_testWalkStepWorldSim.obj
 0001:000acf60       _sf_exported_auto_gatewayc9_testWalkStepWorldSim 100adf60 f   c9_testWalkStepWorldSim.obj
 0001:000acf90       _sf_exported_auto_enablec9_testWalkStepWorldSim 100adf90 f   c9_testWalkStepWorldSim.obj
 0001:000acfc0       _sf_exported_auto_disablec9_testWalkStepWorldSim 100adfc0 f   c9_testWalkStepWorldSim.obj
 0001:000acff0       _sf_exported_auto_stepBuffersc9_testWalkStepWorldSim 100adff0 f   c9_testWalkStepWorldSim.obj
 0001:000ad010       _sf_exported_auto_initBuffersc9_testWalkStepWorldSim 100ae010 f   c9_testWalkStepWorldSim.obj
 0001:000ad030       _sf_exported_auto_activate_callc9_testWalkStepWorldSim 100ae030 f   c9_testWalkStepWorldSim.obj
 0001:000ad060       _sf_exported_auto_increment_call_counterc9_testWalkStepWorldSim 100ae060 f   c9_testWalkStepWorldSim.obj
 0001:000ad080       _sf_exported_auto_reset_call_counterc9_testWalkStepWorldSim 100ae080 f   c9_testWalkStepWorldSim.obj
 0001:000ad0a0       _sf_exported_auto_deactivate_callc9_testWalkStepWorldSim 100ae0a0 f   c9_testWalkStepWorldSim.obj
 0001:000ad0c0       _sf_exported_auto_initc9_testWalkStepWorldSim 100ae0c0 f   c9_testWalkStepWorldSim.obj
 0001:000ad2c0       _sf_exported_auto_getSimstatec9_testWalkStepWorldSim 100ae2c0 f   c9_testWalkStepWorldSim.obj
 0001:000ad310       _sf_exported_auto_setSimstatec9_testWalkStepWorldSim 100ae310 f   c9_testWalkStepWorldSim.obj
 0001:000ad350       _sf_exported_auto_check_state_inconsistency_c9_testWalkStepWorldSim 100ae350 f   c9_testWalkStepWorldSim.obj
 0001:000c3d90       _sf_exported_user_c9_testWalkStepWorldSim_gazeFollowUserMove 100c4d90 f   c9_testWalkStepWorldSim.obj
 0001:000c5f30       _sf_exported_user_c9_testWalkStepWorldSim_idleGazeFunction 100c6f30 f   c9_testWalkStepWorldSim.obj
 0001:000c5f70       _sf_exported_user_c9_testWalkStepWorldSim_idleGazeInterestedTable 100c6f70 f   c9_testWalkStepWorldSim.obj
 0001:000cb110       _sf_exported_user_c9_testWalkStepWorldSim_idleGazeTable 100cc110 f   c9_testWalkStepWorldSim.obj
 0001:000cb160       _sf_exported_user_c9_testWalkStepWorldSim_insertQueueLow 100cc160 f   c9_testWalkStepWorldSim.obj
 0001:000cb240       _sf_exported_user_c9_testWalkStepWorldSim_successTable 100cc240 f   c9_testWalkStepWorldSim.obj
 0001:000cca00       _sf_c9_testWalkStepWorldSim_get_check_sum 100cda00 f   c9_testWalkStepWorldSim.obj
 0001:000cca60       _sf_c9_testWalkStepWorldSim_get_autoinheritance_info 100cda60 f   c9_testWalkStepWorldSim.obj
 0001:000ce110       _sf_c9_testWalkStepWorldSim_third_party_uses_info 100cf110 f   c9_testWalkStepWorldSim.obj
 0001:000ce130       _sf_c9_testWalkStepWorldSim_updateBuildInfo_args_info 100cf130 f   c9_testWalkStepWorldSim.obj
 0001:000ce150       _sf_internal_get_sim_state_c9_testWalkStepWorldSim 100cf150 f   c9_testWalkStepWorldSim.obj
 0001:000cf460       _sf_internal_set_sim_state_c9_testWalkStepWorldSim 100d0460 f   c9_testWalkStepWorldSim.obj
 0001:000d14b0       _c9_testWalkStepWorldSim_method_dispatcher 100d24b0 f   c9_testWalkStepWorldSim.obj
 0001:000da470       _sf_c10_testWalkStepWorldSim_get_eml_resolved_functions_info 100db470 f   c10_testWalkStepWorldSim.obj
 0001:000da4c0       _sf_exported_auto_activate_c10_testWalkStepWorldSim_secs 100db4c0 f   c10_testWalkStepWorldSim.obj
 0001:000da550       _sf_exported_auto_incrementTemporalCounter_c10_testWalkStepWorldSim_secs 100db550 f   c10_testWalkStepWorldSim.obj
 0001:000da5b0       _sf_exported_auto_resetTemporalCounter_c10_testWalkStepWorldSim_secs 100db5b0 f   c10_testWalkStepWorldSim.obj
 0001:000da5f0       _sf_exported_auto_deactivate_c10_testWalkStepWorldSim_secs 100db5f0 f   c10_testWalkStepWorldSim.obj
 0001:000da680       _sf_exported_auto_isStablec10_testWalkStepWorldSim 100db680 f   c10_testWalkStepWorldSim.obj
 0001:000da6b0       _sf_exported_auto_duringc10_testWalkStepWorldSim 100db6b0 f   c10_testWalkStepWorldSim.obj
 0001:000dbd10       _sf_exported_auto_enterc10_testWalkStepWorldSim 100dcd10 f   c10_testWalkStepWorldSim.obj
 0001:000dc050       _sf_exported_auto_exitc10_testWalkStepWorldSim 100dd050 f   c10_testWalkStepWorldSim.obj
 0001:000dc460       _sf_exported_auto_gatewayc10_testWalkStepWorldSim 100dd460 f   c10_testWalkStepWorldSim.obj
 0001:000dc490       _sf_exported_auto_enablec10_testWalkStepWorldSim 100dd490 f   c10_testWalkStepWorldSim.obj
 0001:000dc4c0       _sf_exported_auto_disablec10_testWalkStepWorldSim 100dd4c0 f   c10_testWalkStepWorldSim.obj
 0001:000dc4f0       _sf_exported_auto_stepBuffersc10_testWalkStepWorldSim 100dd4f0 f   c10_testWalkStepWorldSim.obj
 0001:000dc510       _sf_exported_auto_initBuffersc10_testWalkStepWorldSim 100dd510 f   c10_testWalkStepWorldSim.obj
 0001:000dc530       _sf_exported_auto_activate_callc10_testWalkStepWorldSim 100dd530 f   c10_testWalkStepWorldSim.obj
 0001:000dc560       _sf_exported_auto_increment_call_counterc10_testWalkStepWorldSim 100dd560 f   c10_testWalkStepWorldSim.obj
 0001:000dc580       _sf_exported_auto_reset_call_counterc10_testWalkStepWorldSim 100dd580 f   c10_testWalkStepWorldSim.obj
 0001:000dc5a0       _sf_exported_auto_deactivate_callc10_testWalkStepWorldSim 100dd5a0 f   c10_testWalkStepWorldSim.obj
 0001:000dc5c0       _sf_exported_auto_initc10_testWalkStepWorldSim 100dd5c0 f   c10_testWalkStepWorldSim.obj
 0001:000dc680       _sf_exported_auto_getSimstatec10_testWalkStepWorldSim 100dd680 f   c10_testWalkStepWorldSim.obj
 0001:000dc6d0       _sf_exported_auto_setSimstatec10_testWalkStepWorldSim 100dd6d0 f   c10_testWalkStepWorldSim.obj
 0001:000dc710       _sf_exported_auto_check_state_inconsistency_c10_testWalkStepWorldSim 100dd710 f   c10_testWalkStepWorldSim.obj
 0001:000dc8c0       _sf_c10_testWalkStepWorldSim_get_check_sum 100dd8c0 f   c10_testWalkStepWorldSim.obj
 0001:000dc920       _sf_c10_testWalkStepWorldSim_get_autoinheritance_info 100dd920 f   c10_testWalkStepWorldSim.obj
 0001:000dcc30       _sf_c10_testWalkStepWorldSim_third_party_uses_info 100ddc30 f   c10_testWalkStepWorldSim.obj
 0001:000dcc50       _sf_c10_testWalkStepWorldSim_updateBuildInfo_args_info 100ddc50 f   c10_testWalkStepWorldSim.obj
 0001:000dcc70       _sf_internal_get_sim_state_c10_testWalkStepWorldSim 100ddc70 f   c10_testWalkStepWorldSim.obj
 0001:000dcfc0       _sf_internal_set_sim_state_c10_testWalkStepWorldSim 100ddfc0 f   c10_testWalkStepWorldSim.obj
 0001:000dd860       _c10_testWalkStepWorldSim_method_dispatcher 100de860 f   c10_testWalkStepWorldSim.obj
 0001:000dedb0       _sf_c11_testWalkStepWorldSim_get_eml_resolved_functions_info 100dfdb0 f   c11_testWalkStepWorldSim.obj
 0001:000df830       _sf_exported_auto_activate_c11_testWalkStepWorldSim_secs 100e0830 f   c11_testWalkStepWorldSim.obj
 0001:000df8c0       _sf_exported_auto_incrementTemporalCounter_c11_testWalkStepWorldSim_secs 100e08c0 f   c11_testWalkStepWorldSim.obj
 0001:000df920       _sf_exported_auto_resetTemporalCounter_c11_testWalkStepWorldSim_secs 100e0920 f   c11_testWalkStepWorldSim.obj
 0001:000df960       _sf_exported_auto_deactivate_c11_testWalkStepWorldSim_secs 100e0960 f   c11_testWalkStepWorldSim.obj
 0001:000df9f0       _sf_exported_auto_isStablec11_testWalkStepWorldSim 100e09f0 f   c11_testWalkStepWorldSim.obj
 0001:000dfa20       _sf_exported_auto_duringc11_testWalkStepWorldSim 100e0a20 f   c11_testWalkStepWorldSim.obj
 0001:000e1c70       _sf_exported_auto_enterc11_testWalkStepWorldSim 100e2c70 f   c11_testWalkStepWorldSim.obj
 0001:000e2ca0       _sf_exported_auto_exitc11_testWalkStepWorldSim 100e3ca0 f   c11_testWalkStepWorldSim.obj
 0001:000e30b0       _sf_exported_auto_gatewayc11_testWalkStepWorldSim 100e40b0 f   c11_testWalkStepWorldSim.obj
 0001:000e30e0       _sf_exported_auto_enablec11_testWalkStepWorldSim 100e40e0 f   c11_testWalkStepWorldSim.obj
 0001:000e3110       _sf_exported_auto_disablec11_testWalkStepWorldSim 100e4110 f   c11_testWalkStepWorldSim.obj
 0001:000e3140       _sf_exported_auto_stepBuffersc11_testWalkStepWorldSim 100e4140 f   c11_testWalkStepWorldSim.obj
 0001:000e3160       _sf_exported_auto_initBuffersc11_testWalkStepWorldSim 100e4160 f   c11_testWalkStepWorldSim.obj
 0001:000e3180       _sf_exported_auto_activate_callc11_testWalkStepWorldSim 100e4180 f   c11_testWalkStepWorldSim.obj
 0001:000e31b0       _sf_exported_auto_increment_call_counterc11_testWalkStepWorldSim 100e41b0 f   c11_testWalkStepWorldSim.obj
 0001:000e31d0       _sf_exported_auto_reset_call_counterc11_testWalkStepWorldSim 100e41d0 f   c11_testWalkStepWorldSim.obj
 0001:000e31f0       _sf_exported_auto_deactivate_callc11_testWalkStepWorldSim 100e41f0 f   c11_testWalkStepWorldSim.obj
 0001:000e3210       _sf_exported_auto_initc11_testWalkStepWorldSim 100e4210 f   c11_testWalkStepWorldSim.obj
 0001:000e32d0       _sf_exported_auto_getSimstatec11_testWalkStepWorldSim 100e42d0 f   c11_testWalkStepWorldSim.obj
 0001:000e3320       _sf_exported_auto_setSimstatec11_testWalkStepWorldSim 100e4320 f   c11_testWalkStepWorldSim.obj
 0001:000e3360       _sf_exported_auto_check_state_inconsistency_c11_testWalkStepWorldSim 100e4360 f   c11_testWalkStepWorldSim.obj
 0001:000e6070       _sf_exported_user_c11_testWalkStepWorldSim_insertQueue 100e7070 f   c11_testWalkStepWorldSim.obj
 0001:000e6130       _sf_exported_user_c11_testWalkStepWorldSim_smileTable 100e7130 f   c11_testWalkStepWorldSim.obj
 0001:000e65b0       _sf_c11_testWalkStepWorldSim_get_check_sum 100e75b0 f   c11_testWalkStepWorldSim.obj
 0001:000e6610       _sf_c11_testWalkStepWorldSim_get_autoinheritance_info 100e7610 f   c11_testWalkStepWorldSim.obj
 0001:000e6ea0       _sf_c11_testWalkStepWorldSim_third_party_uses_info 100e7ea0 f   c11_testWalkStepWorldSim.obj
 0001:000e6ec0       _sf_c11_testWalkStepWorldSim_updateBuildInfo_args_info 100e7ec0 f   c11_testWalkStepWorldSim.obj
 0001:000e6ee0       _sf_internal_get_sim_state_c11_testWalkStepWorldSim 100e7ee0 f   c11_testWalkStepWorldSim.obj
 0001:000e75c0       _sf_internal_set_sim_state_c11_testWalkStepWorldSim 100e85c0 f   c11_testWalkStepWorldSim.obj
 0001:000e8160       _c11_testWalkStepWorldSim_method_dispatcher 100e9160 f   c11_testWalkStepWorldSim.obj
 0001:000eafb0       _sf_c17_testWalkStepWorldSim_get_eml_resolved_functions_info 100ebfb0 f   c17_testWalkStepWorldSim.obj
 0001:000eb670       _sf_c17_testWalkStepWorldSim_get_check_sum 100ec670 f   c17_testWalkStepWorldSim.obj
 0001:000eb6d0       _sf_c17_testWalkStepWorldSim_get_autoinheritance_info 100ec6d0 f   c17_testWalkStepWorldSim.obj
 0001:000ec9f0       _sf_c17_testWalkStepWorldSim_third_party_uses_info 100ed9f0 f   c17_testWalkStepWorldSim.obj
 0001:000eca10       _sf_c17_testWalkStepWorldSim_updateBuildInfo_args_info 100eda10 f   c17_testWalkStepWorldSim.obj
 0001:000eca30       _sf_internal_get_sim_state_c17_testWalkStepWorldSim 100eda30 f   c17_testWalkStepWorldSim.obj
 0001:000ecd30       _sf_internal_set_sim_state_c17_testWalkStepWorldSim 100edd30 f   c17_testWalkStepWorldSim.obj
 0001:000ed0e0       _c17_testWalkStepWorldSim_method_dispatcher 100ee0e0 f   c17_testWalkStepWorldSim.obj
 0001:000f0280       _sf_c18_testWalkStepWorldSim_get_eml_resolved_functions_info 100f1280 f   c18_testWalkStepWorldSim.obj
 0001:000f02d0       _sf_c18_testWalkStepWorldSim_get_check_sum 100f12d0 f   c18_testWalkStepWorldSim.obj
 0001:000f0330       _sf_c18_testWalkStepWorldSim_get_autoinheritance_info 100f1330 f   c18_testWalkStepWorldSim.obj
 0001:000f0640       _sf_c18_testWalkStepWorldSim_third_party_uses_info 100f1640 f   c18_testWalkStepWorldSim.obj
 0001:000f0660       _sf_c18_testWalkStepWorldSim_updateBuildInfo_args_info 100f1660 f   c18_testWalkStepWorldSim.obj
 0001:000f0680       _sf_internal_get_sim_state_c18_testWalkStepWorldSim 100f1680 f   c18_testWalkStepWorldSim.obj
 0001:000f0920       _sf_internal_set_sim_state_c18_testWalkStepWorldSim 100f1920 f   c18_testWalkStepWorldSim.obj
 0001:000f0c10       _c18_testWalkStepWorldSim_method_dispatcher 100f1c10 f   c18_testWalkStepWorldSim.obj
 0001:000f2bc0       _sf_c20_testWalkStepWorldSim_get_eml_resolved_functions_info 100f3bc0 f   c20_testWalkStepWorldSim.obj
 0001:000f3a00       _sf_exported_auto_activate_c20_testWalkStepWorldSim_secs 100f4a00 f   c20_testWalkStepWorldSim.obj
 0001:000f3a90       _sf_exported_auto_incrementTemporalCounter_c20_testWalkStepWorldSim_secs 100f4a90 f   c20_testWalkStepWorldSim.obj
 0001:000f3af0       _sf_exported_auto_resetTemporalCounter_c20_testWalkStepWorldSim_secs 100f4af0 f   c20_testWalkStepWorldSim.obj
 0001:000f3b30       _sf_exported_auto_deactivate_c20_testWalkStepWorldSim_secs 100f4b30 f   c20_testWalkStepWorldSim.obj
 0001:000f3bc0       _sf_exported_auto_isStablec20_testWalkStepWorldSim 100f4bc0 f   c20_testWalkStepWorldSim.obj
 0001:000f3bf0       _sf_exported_auto_duringc20_testWalkStepWorldSim 100f4bf0 f   c20_testWalkStepWorldSim.obj
 0001:000f9d10       _sf_exported_auto_enterc20_testWalkStepWorldSim 100fad10 f   c20_testWalkStepWorldSim.obj
 0001:000fae40       _sf_exported_auto_exitc20_testWalkStepWorldSim 100fbe40 f   c20_testWalkStepWorldSim.obj
 0001:000fb420       _sf_exported_auto_gatewayc20_testWalkStepWorldSim 100fc420 f   c20_testWalkStepWorldSim.obj
 0001:000fb450       _sf_exported_auto_enablec20_testWalkStepWorldSim 100fc450 f   c20_testWalkStepWorldSim.obj
 0001:000fb480       _sf_exported_auto_disablec20_testWalkStepWorldSim 100fc480 f   c20_testWalkStepWorldSim.obj
 0001:000fb4b0       _sf_exported_auto_stepBuffersc20_testWalkStepWorldSim 100fc4b0 f   c20_testWalkStepWorldSim.obj
 0001:000fb4d0       _sf_exported_auto_initBuffersc20_testWalkStepWorldSim 100fc4d0 f   c20_testWalkStepWorldSim.obj
 0001:000fb4f0       _sf_exported_auto_activate_callc20_testWalkStepWorldSim 100fc4f0 f   c20_testWalkStepWorldSim.obj
 0001:000fb520       _sf_exported_auto_increment_call_counterc20_testWalkStepWorldSim 100fc520 f   c20_testWalkStepWorldSim.obj
 0001:000fb540       _sf_exported_auto_reset_call_counterc20_testWalkStepWorldSim 100fc540 f   c20_testWalkStepWorldSim.obj
 0001:000fb560       _sf_exported_auto_deactivate_callc20_testWalkStepWorldSim 100fc560 f   c20_testWalkStepWorldSim.obj
 0001:000fb580       _sf_exported_auto_initc20_testWalkStepWorldSim 100fc580 f   c20_testWalkStepWorldSim.obj
 0001:000fb690       _sf_exported_auto_getSimstatec20_testWalkStepWorldSim 100fc690 f   c20_testWalkStepWorldSim.obj
 0001:000fb6e0       _sf_exported_auto_setSimstatec20_testWalkStepWorldSim 100fc6e0 f   c20_testWalkStepWorldSim.obj
 0001:000fb720       _sf_exported_auto_check_state_inconsistency_c20_testWalkStepWorldSim 100fc720 f   c20_testWalkStepWorldSim.obj
 0001:00100a20       _sf_exported_user_c20_testWalkStepWorldSim_insertQueue 10101a20 f   c20_testWalkStepWorldSim.obj
 0001:00100b00       _sf_exported_user_c20_testWalkStepWorldSim_wavePoseBradTable 10101b00 f   c20_testWalkStepWorldSim.obj
 0001:001010a0       _sf_c20_testWalkStepWorldSim_get_check_sum 101020a0 f   c20_testWalkStepWorldSim.obj
 0001:00101100       _sf_c20_testWalkStepWorldSim_get_autoinheritance_info 10102100 f   c20_testWalkStepWorldSim.obj
 0001:00101aa0       _sf_c20_testWalkStepWorldSim_third_party_uses_info 10102aa0 f   c20_testWalkStepWorldSim.obj
 0001:00101ac0       _sf_c20_testWalkStepWorldSim_updateBuildInfo_args_info 10102ac0 f   c20_testWalkStepWorldSim.obj
 0001:00101ae0       _sf_internal_get_sim_state_c20_testWalkStepWorldSim 10102ae0 f   c20_testWalkStepWorldSim.obj
 0001:00102200       _sf_internal_set_sim_state_c20_testWalkStepWorldSim 10103200 f   c20_testWalkStepWorldSim.obj
 0001:00102f00       _c20_testWalkStepWorldSim_method_dispatcher 10103f00 f   c20_testWalkStepWorldSim.obj
 0001:00106860       _sf_process_check_sum_call 10107860 f   testWalkStepWorldSim_sfun_registry.obj
 0001:00106890       _sf_process_autoinheritance_call 10107890 f   testWalkStepWorldSim_sfun_registry.obj
 0001:001069d0       _sf_process_get_third_party_uses_info_call 101079d0 f   testWalkStepWorldSim_sfun_registry.obj
 0001:00106b10       _sf_process_get_updateBuildInfo_args_info_call 10107b10 f   testWalkStepWorldSim_sfun_registry.obj
 0001:00106c50       _sf_process_get_eml_resolved_functions_info_call 10107c50 f   testWalkStepWorldSim_sfun_registry.obj
 0001:00106d70       _sf_mex_unlock_call        10107d70 f   testWalkStepWorldSim_sfun_registry.obj
 0001:00106e00       _sf_machine_global_initializer_called 10107e00 f   testWalkStepWorldSim_sfun_registry.obj
 0001:00106e20       _sf_machine_global_method_dispatcher 10107e20 f   testWalkStepWorldSim_sfun_registry.obj
 0001:00106e60       _sf_machine_global_terminator 10107e60 f   testWalkStepWorldSim_sfun_registry.obj
 0001:00106ea0       _sf_register_machine_exported_symbols 10107ea0 f   testWalkStepWorldSim_sfun_registry.obj
 0001:00106ec0       _callCustomFcn             10107ec0 f   testWalkStepWorldSim_sfun_registry.obj
 0001:00106ed0       _sf_machine_global_initializer 10107ed0 f   testWalkStepWorldSim_sfun_registry.obj
 0001:00106f40       _mdlGetSimState            10107f40 f   testWalkStepWorldSim_sfun_registry.obj
 0001:00106fa0       _mdlSetSimState            10107fa0 f   testWalkStepWorldSim_sfun_registry.obj
 0001:00106fd0       __ssSetStateAbsTol         10107fd0 f   testWalkStepWorldSim_sfun_registry.obj
 0001:00107070       __ssGetAbsTol              10108070 f   testWalkStepWorldSim_sfun_registry.obj
 0001:001070c0       __ssSetInputPortMatrixDimensions 101080c0 f   testWalkStepWorldSim_sfun_registry.obj
 0001:00107170       __ssSetOutputPortMatrixDimensions 10108170 f   testWalkStepWorldSim_sfun_registry.obj
 0001:00107220       __ssSetInputPortVectorDimension 10108220 f   testWalkStepWorldSim_sfun_registry.obj
 0001:001072a0       __ssSetOutputPortVectorDimension 101082a0 f   testWalkStepWorldSim_sfun_registry.obj
 0001:00107320       _ssIsRunTimeParamTunable   10108320 f   testWalkStepWorldSim_sfun_registry.obj
 0001:00107380       _ssGetSFuncBlockHandle     10108380 f   testWalkStepWorldSim_sfun_registry.obj
 0001:001073d0       __ssGetCurrentInputPortWidth 101083d0 f   testWalkStepWorldSim_sfun_registry.obj
 0001:001074a0       __ssGetCurrentOutputPortWidth 101084a0 f   testWalkStepWorldSim_sfun_registry.obj
 0001:00107570       __ssGetCallSystemNumFcnCallDestinations 10108570 f   testWalkStepWorldSim_sfun_registry.obj
 0001:001075d0       _ssWarning                 101085d0 f   testWalkStepWorldSim_sfun_registry.obj
 0001:001076b0       _ssGetIsZeroCrossControlDisabled 101086b0 f   testWalkStepWorldSim_sfun_registry.obj
 0001:00107710       _ssSetIsInputPortUsedForContZcSignal 10108710 f   testWalkStepWorldSim_sfun_registry.obj
 0001:00107760       _ssSetZcSignalIsZcElementDisc 10108760 f   testWalkStepWorldSim_sfun_registry.obj
 0001:001077e0       _ssSetZcSignalName         101087e0 f   testWalkStepWorldSim_sfun_registry.obj
 0001:00107830       _ssSetZcSignalWidth        10108830 f   testWalkStepWorldSim_sfun_registry.obj
 0001:00107880       _ssSetZcSignalZcEventType  10108880 f   testWalkStepWorldSim_sfun_registry.obj
 0001:001078d0       _ssSetZcSignalType         101088d0 f   testWalkStepWorldSim_sfun_registry.obj
 0001:00107920       _ssSetZcSignalZcTol        10108920 f   testWalkStepWorldSim_sfun_registry.obj
 0001:00107970       _ssSetZcSignalNeedsEventNotification 10108970 f   testWalkStepWorldSim_sfun_registry.obj
 0001:001079c0       _ssCreateAndAddZcSignalInfo 101089c0 f   testWalkStepWorldSim_sfun_registry.obj
 0001:00107a20       _ssCloneAndAddZcSignalInfo 10108a20 f   testWalkStepWorldSim_sfun_registry.obj
 0001:00107a80       _ssGetNumZcSignals         10108a80 f   testWalkStepWorldSim_sfun_registry.obj
 0001:00107ae0       _ssGetZcSignalVector       10108ae0 f   testWalkStepWorldSim_sfun_registry.obj
 0001:00107b40       _ssGetZcSignalZcEvents     10108b40 f   testWalkStepWorldSim_sfun_registry.obj
 0001:00107ba0       _ssGetZcSignalName         10108ba0 f   testWalkStepWorldSim_sfun_registry.obj
 0001:00107c00       _ssGetZcSignalWidth        10108c00 f   testWalkStepWorldSim_sfun_registry.obj
 0001:00107c60       _ssGetZcSignalZcEventType  10108c60 f   testWalkStepWorldSim_sfun_registry.obj
 0001:00107cc0       _ssGetZcSignalType         10108cc0 f   testWalkStepWorldSim_sfun_registry.obj
 0001:00107d20       _ssGetZcSignalZcTol        10108d20 f   testWalkStepWorldSim_sfun_registry.obj
 0001:00107d80       _ssGetZcSignalNeedsEventNotification 10108d80 f   testWalkStepWorldSim_sfun_registry.obj
 0001:00107de0       _ssGetZcSignalIsZcElementDisc 10108de0 f   testWalkStepWorldSim_sfun_registry.obj
 0001:00107e60       _ssGetIsInputPortElementContinuous 10108e60 f   testWalkStepWorldSim_sfun_registry.obj
 0001:00107ee0       __ssGetInputPortSignalPtrsFcn 10108ee0 f   testWalkStepWorldSim_sfun_registry.obj
 0001:001080e0       __ssGetInputPortSignalFcn  101090e0 f   testWalkStepWorldSim_sfun_registry.obj
 0001:00108270       __ssSetInputPortDirectFeedThroughFcn 10109270 f   testWalkStepWorldSim_sfun_registry.obj
 0001:001083a0       __ssSetInputPortReusableFcn 101093a0 f   testWalkStepWorldSim_sfun_registry.obj
 0001:00108430       __ssSetOutputPortReusableFcn 10109430 f   testWalkStepWorldSim_sfun_registry.obj
 0001:001084c0       _ssGetDTypeIdFromMxArray   101094c0 f   testWalkStepWorldSim_sfun_registry.obj
 0001:001085b0       _ssWriteRTWStr             101095b0 f   testWalkStepWorldSim_sfun_registry.obj
 0001:001085f0       _ssWriteRTWMxVectParam     101095f0 f   testWalkStepWorldSim_sfun_registry.obj
 0001:00108630       _ssWriteRTWMx2dMatParam    10109630 f   testWalkStepWorldSim_sfun_registry.obj
 0001:00108670       _ssWriteRTWNameValuePair   10109670 f   testWalkStepWorldSim_sfun_registry.obj
 0001:001089e0       _ssWriteRTWParameters      101099e0 f   testWalkStepWorldSim_sfun_registry.obj
 0001:00108d80       _ssWriteRTWParamSettings   10109d80 f   testWalkStepWorldSim_sfun_registry.obj
 0001:00109230       _ssWriteRTWWorkVect        1010a230 f   testWalkStepWorldSim_sfun_registry.obj
 0001:001095c0       _mexFunction               1010a5c0 f   testWalkStepWorldSim_sfun_registry.obj
 0001:0010b310       _ProcessMexSfunctionEveryCall 1010c310 f   testWalkStepWorldSim_sfun_registry.obj
 0001:0010b42e       _sf_debug_set_machine_data_thresholds 1010c42e f   sf_runtime:sf_runtime.dll
 0001:0010b434       _sf_debug_set_machine_event_thresholds 1010c434 f   sf_runtime:sf_runtime.dll
 0001:0010b43a       _sf_debug_initialize_machine 1010c43a f   sf_runtime:sf_runtime.dll
 0001:0010b440       _sf_load_rtw_optimization_info 1010c440 f   sf_runtime:sf_runtime.dll
 0001:0010b446       _sf_mex_emlrtNameCapturePostProcessR2012a 1010c446 f   sf_runtime:sf_runtime.dll
 0001:0010b44c       _sf_mex_assign             1010c44c f   sf_runtime:sf_runtime.dll
 0001:0010b452       _sf_mex_createstruct       1010c452 f   sf_runtime:sf_runtime.dll
 0001:0010b458       _sf_mex_destroy            1010c458 f   sf_runtime:sf_runtime.dll
 0001:0010b45e       _sf_mex_duplicatearraysafe 1010c45e f   sf_runtime:sf_runtime.dll
 0001:0010b464       _sf_mex_createcellmatrix   1010c464 f   sf_runtime:sf_runtime.dll
 0001:0010b46a       _sf_mex_addfield           1010c46a f   sf_runtime:sf_runtime.dll
 0001:0010b470       _sf_mex_create             1010c470 f   sf_runtime:sf_runtime.dll
 0001:0010b476       _sf_mex_error_message      1010c476 f   sf_runtime:sf_runtime.dll
 0001:0010b47c       _sf_mex_call_matlab        1010c47c f   sf_runtime:sf_runtime.dll
 0001:0010b482       _sf_mex_dup                1010c482 f   sf_runtime:sf_runtime.dll
 0001:0010b488       _sf_mex_setcell            1010c488 f   sf_runtime:sf_runtime.dll
 0001:0010b48e       _sf_mex_decode_encoded_mx_struct_array 1010c48e f   sf_runtime:sf_runtime.dll
 0001:0010b494       _sf_mex_getcell            1010c494 f   sf_runtime:sf_runtime.dll
 0001:0010b49a       _sf_debug_animate          1010c49a f   sf_runtime:sf_runtime.dll
 0001:0010b4a0       _sf_debug_call             1010c4a0 f   sf_runtime:sf_runtime.dll
 0001:0010b4a6       _sf_debug_set_honor_breakpoints 1010c4a6 f   sf_runtime:sf_runtime.dll
 0001:0010b4ac       _sf_debug_set_animation    1010c4ac f   sf_runtime:sf_runtime.dll
 0001:0010b4b2       _sf_debug_get_animation    1010c4b2 f   sf_runtime:sf_runtime.dll
 0001:0010b4b8       _sf_mex_import             1010c4b8 f   sf_runtime:sf_runtime.dll
 0001:0010b4be       _sf_set_rtw_dwork_info     1010c4be f   sf_runtime:sf_runtime.dll
 0001:0010b4c4       _sf_mark_chart_reusable_outputs 1010c4c4 f   sf_runtime:sf_runtime.dll
 0001:0010b4ca       _sf_mark_chart_expressionable_inputs 1010c4ca f   sf_runtime:sf_runtime.dll
 0001:0010b4d0       _sf_mark_output_events_with_multiple_callers 1010c4d0 f   sf_runtime:sf_runtime.dll
 0001:0010b4d6       _sf_update_buildInfo       1010c4d6 f   sf_runtime:sf_runtime.dll
 0001:0010b4dc       _sf_rtw_info_uint_prop     1010c4dc f   sf_runtime:sf_runtime.dll
 0001:0010b4e2       _sf_is_chart_inlinable     1010c4e2 f   sf_runtime:sf_runtime.dll
 0001:0010b4e8       _sim_mode_is_external      1010c4e8 f   sf_runtime:sf_runtime.dll
 0001:0010b4ee       _sim_mode_is_rtw_gen       1010c4ee f   sf_runtime:sf_runtime.dll
 0001:0010b4f4       _sf_debug_reset_current_state_configuration 1010c4f4 f   sf_runtime:sf_runtime.dll
 0001:0010b4fa       _sf_debug_set_instance_data_value_ptr 1010c4fa f   sf_runtime:sf_runtime.dll
 0001:0010b500       _sf_debug_set_chart_data_compiled_props 1010c500 f   sf_runtime:sf_runtime.dll
 0001:0010b506       _cv_script_init_fcn        1010c506 f   sf_runtime:sf_runtime.dll
 0001:0010b50c       _cv_script_init_script     1010c50c f   sf_runtime:sf_runtime.dll
 0001:0010b512       _cv_eml_init_for           1010c512 f   sf_runtime:sf_runtime.dll
 0001:0010b518       _cv_eml_init_if            1010c518 f   sf_runtime:sf_runtime.dll
 0001:0010b51e       _cv_eml_init_fcn           1010c51e f   sf_runtime:sf_runtime.dll
 0001:0010b524       _cv_eml_init_script        1010c524 f   sf_runtime:sf_runtime.dll
 0001:0010b52a       _sf_debug_cv_init_trans    1010c52a f   sf_runtime:sf_runtime.dll
 0001:0010b530       _sf_debug_cv_init_state    1010c530 f   sf_runtime:sf_runtime.dll
 0001:0010b536       _sf_debug_cv_init_chart    1010c536 f   sf_runtime:sf_runtime.dll
 0001:0010b53c       _sf_debug_set_chart_state_substate_index 1010c53c f   sf_runtime:sf_runtime.dll
 0001:0010b542       _sf_debug_set_chart_state_substate_count 1010c542 f   sf_runtime:sf_runtime.dll
 0001:0010b548       _sf_debug_set_chart_substate_index 1010c548 f   sf_runtime:sf_runtime.dll
 0001:0010b54e       _sf_debug_set_chart_decomposition 1010c54e f   sf_runtime:sf_runtime.dll
 0001:0010b554       _sf_debug_set_chart_substate_count 1010c554 f   sf_runtime:sf_runtime.dll
 0001:0010b55a       _sf_debug_set_chart_state_info 1010c55a f   sf_runtime:sf_runtime.dll
 0001:0010b560       _sf_debug_set_chart_event_scope 1010c560 f   sf_runtime:sf_runtime.dll
 0001:0010b566       _sf_debug_set_chart_data_props 1010c566 f   sf_runtime:sf_runtime.dll
 0001:0010b56c       _sf_debug_set_chart_event_thresholds 1010c56c f   sf_runtime:sf_runtime.dll
 0001:0010b572       _sf_debug_set_chart_disable_implicit_casting 1010c572 f   sf_runtime:sf_runtime.dll
 0001:0010b578       _sf_debug_initialize_chart 1010c578 f   sf_runtime:sf_runtime.dll
 0001:0010b57e       _sf_debug_set_script_translation 1010c57e f   sf_runtime:sf_runtime.dll
 0001:0010b584       _sf_debug_get_script_id    1010c584 f   sf_runtime:sf_runtime.dll
 0001:0010b58a       _sf_get_output_port_reusable 1010c58a f   sf_runtime:sf_runtime.dll
 0001:0010b590       _sf_get_time               1010c590 f   sf_runtime:sf_runtime.dll
 0001:0010b596       _sf_call_output_fcn_enable 1010c596 f   sf_runtime:sf_runtime.dll
 0001:0010b59c       _sf_call_output_fcn_disable 1010c59c f   sf_runtime:sf_runtime.dll
 0001:0010b5a2       _sf_debug_check_for_state_inconsistency 1010c5a2 f   sf_runtime:sf_runtime.dll
 0001:0010b5a8       _sf_debug_symbol_scope_pop 1010c5a8 f   sf_runtime:sf_runtime.dll
 0001:0010b5ae       _sf_debug_data_range_wrapper 1010c5ae f   sf_runtime:sf_runtime.dll
 0001:0010b5b4       _sf_debug_symbol_scope_push 1010c5b4 f   sf_runtime:sf_runtime.dll
 0001:0010b5ba       _sf_mex_sub                1010c5ba f   sf_runtime:sf_runtime.dll
 0001:0010b5c0       _sf_debug_symbol_scope_add_eml_importable 1010c5c0 f   sf_runtime:sf_runtime.dll
 0001:0010b5c6       _sf_debug_symbol_scope_push_eml 1010c5c6 f   sf_runtime:sf_runtime.dll
 0001:0010b5cc       _cv_eml_eval               1010c5cc f   sf_runtime:sf_runtime.dll
 0001:0010b5d2       _cv_eval_point             1010c5d2 f   sf_runtime:sf_runtime.dll
 0001:0010b5d8       _sf_debug_unset_instance_data_value_ptr 1010c5d8 f   sf_runtime:sf_runtime.dll
 0001:0010b5de       _sf_call_output_fcn_call   1010c5de f   sf_runtime:sf_runtime.dll
 0001:0010b5e4       _sf_debug_symbol_scope_add_importable 1010c5e4 f   sf_runtime:sf_runtime.dll
 0001:0010b5ea       _eml_debug_line_call       1010c5ea f   sf_runtime:sf_runtime.dll
 0001:0010b5f0       _cv_script_eval            1010c5f0 f   sf_runtime:sf_runtime.dll
 0001:0010b5f6       _sf_debug_symbol_scope_add_eml 1010c5f6 f   sf_runtime:sf_runtime.dll
 0001:0010b5fc       _sf_mex_listen_for_ctrl_c  1010c5fc f   sf_runtime:sf_runtime.dll
 0001:0010b602       _sf_debug_eml_data_array_bounds_error_check 1010c602 f   sf_runtime:sf_runtime.dll
 0001:0010b608       _sf_debug_integer_check    1010c608 f   sf_runtime:sf_runtime.dll
 0001:0010b60e       _sf_debug_read_before_write_check 1010c60e f   sf_runtime:sf_runtime.dll
 0001:0010b614       _sf_clear_rtw_identifier   1010c614 f   sf_runtime:sf_runtime.dll
 0001:0010b61a       _sf_get_subchart_simstruct 1010c61a f   sf_runtime:sf_runtime.dll
 0001:0010b620       _sf_mex_call_debug         1010c620 f   sf_runtime:sf_runtime.dll
 0001:0010b626       _cv_eml_init_mcdc          1010c626 f   sf_runtime:sf_runtime.dll
 0001:0010b62c       _sf_debug_temporal_threshold 1010c62c f   sf_runtime:sf_runtime.dll
 0001:0010b632       _sf_debug_symbol_scope_add_eml_dyn_importable 1010c632 f   sf_runtime:sf_runtime.dll
 0001:0010b638       _sf_debug_sub_assign_size_check_nd 1010c638 f   sf_runtime:sf_runtime.dll
 0001:0010b63e       _sf_mex_import_vs          1010c63e f   sf_runtime:sf_runtime.dll
 0001:0010b644       _cv_script_init_mcdc       1010c644 f   sf_runtime:sf_runtime.dll
 0001:0010b64a       _cv_script_init_if         1010c64a f   sf_runtime:sf_runtime.dll
 0001:0010b650       _sf_debug_terminate        1010c650 f   sf_runtime:sf_runtime.dll
 0001:0010b656       _sf_debug_create_debug_instance_struct 1010c656 f   sf_runtime:sf_runtime.dll
 0001:0010b65c       _sf_debug_api              1010c65c f   sf_runtime:sf_runtime.dll
 0001:0010b662       _callMdlMethodAndReportError 1010c662 f   sf_runtime:sf_runtime.dll
 0001:0010b668       _call_sf_machine_global_method_dispatcher 1010c668 f   sf_runtime:sf_runtime.dll
 0001:0010b66e       _sf_clear_error_manager_info 1010c66e f   sf_runtime:sf_runtime.dll
 0001:0010b674       _sf_mex_error_direct_call  1010c674 f   sf_runtime:sf_runtime.dll
 0001:0010b67a       _mxGetScalar               1010c67a f   libmx:libmx.dll
 0001:0010b680       _mxGetPr                   1010c680 f   libmx:libmx.dll
 0001:0010b686       _mxCreateDoubleMatrix_730  1010c686 f   libmx:libmx.dll
 0001:0010b68c       _mxGetString_730           1010c68c f   libmx:libmx.dll
 0001:0010b692       _mxIsChar                  1010c692 f   libmx:libmx.dll
 0001:0010b698       _mxDestroyArray            1010c698 f   libmx:libmx.dll
 0001:0010b69e       _mxDuplicateArray          1010c69e f   libmx:libmx.dll
 0001:0010b6a4       _mxCreateDoubleScalar      1010c6a4 f   libmx:libmx.dll
 0001:0010b6aa       _mxSetField_730            1010c6aa f   libmx:libmx.dll
 0001:0010b6b0       _mxCreateString            1010c6b0 f   libmx:libmx.dll
 0001:0010b6b6       _mxCreateStructMatrix_730  1010c6b6 f   libmx:libmx.dll
 0001:0010b6bc       _mxCreateCellMatrix_730    1010c6bc f   libmx:libmx.dll
 0001:0010b6c2       _mxIsEmpty                 1010c6c2 f   libmx:libmx.dll
 0001:0010b6c8       _mxGetClassID              1010c6c8 f   libmx:libmx.dll
 0001:0010b6ce       _mxIsNumeric               1010c6ce f   libmx:libmx.dll
 0001:0010b6d4       _mxIsComplex               1010c6d4 f   libmx:libmx.dll
 0001:0010b6da       _mxGetN                    1010c6da f   libmx:libmx.dll
 0001:0010b6e0       _mxGetM                    1010c6e0 f   libmx:libmx.dll
 0001:0010b6e6       _mxCalloc                  1010c6e6 f   libmx:libmx.dll
 0001:0010b6ec       _mexMakeArrayPersistent    1010c6ec f   libmex:libmex.dll
 0001:0010b6f2       _mexUnlock                 1010c6f2 f   libmex:libmex.dll
 0001:0010b6f8       _mexIsLocked               1010c6f8 f   libmex:libmex.dll
 0001:0010b6fe       _mexWarnMsgTxt             1010c6fe f   libmex:libmex.dll
 0001:0010b704       _mexCallMATLAB             1010c704 f   libmex:libmex.dll
 0001:0010b70a       _mexErrMsgTxt              1010c70a f   libmex:libmex.dll
 0001:0010b710       _mexLock                   1010c710 f   libmex:libmex.dll
 0001:0010b716       _utMalloc                  1010c716 f   libut:libut.dll
 0001:0010b71c       _utFree                    1010c71c f   libut:libut.dll
 0001:0010b722       _muDoubleScalarFloor       1010c722 f   libmwmathutil:libmwmathutil.dll
 0001:0010b728       _muDoubleScalarRound       1010c728 f   libmwmathutil:libmwmathutil.dll
 0001:0010b72e       _muDoubleScalarLog         1010c72e f   libmwmathutil:libmwmathutil.dll
 0001:0010b734       _muDoubleScalarAbs         1010c734 f   libmwmathutil:libmwmathutil.dll
 0001:0010b73a       _strcmp                    1010c73a f   MSVCRT:MSVCR100.dll
 0001:0010b740       @__security_check_cookie@4 1010c740 f   MSVCRT:secchk.obj
 0001:0010b750       _strlen                    1010c750 f   MSVCRT:MSVCR100.dll
 0001:0010b760       __chkstk                   1010c760 f   MSVCRT:chkstk.obj
 0001:0010b760       __alloca_probe             1010c760     MSVCRT:chkstk.obj
 0001:0010b78c       _memset                    1010c78c f   MSVCRT:MSVCR100.dll
 0001:0010b7a0       __ftol2_sse                1010c7a0 f   MSVCRT:ftol2.obj
 0001:0010b7a9       __ftol2_pentium4           1010c7a9 f   MSVCRT:ftol2.obj
 0001:0010b7bc       __ftol2_sse_excpt          1010c7bc f   MSVCRT:ftol2.obj
 0001:0010b7d6       __ftol2                    1010c7d6 f   MSVCRT:ftol2.obj
 0001:0010b84c       _free                      1010c84c f   MSVCRT:MSVCR100.dll
 0001:0010b852       _sprintf                   1010c852 f   MSVCRT:MSVCR100.dll
 0001:0010b858       _malloc                    1010c858 f   MSVCRT:MSVCR100.dll
 0001:0010b85e       _strcat                    1010c85e f   MSVCRT:MSVCR100.dll
 0001:0010b864       _memcpy                    1010c864 f   MSVCRT:MSVCR100.dll
 0001:0010b86a       _NtCurrentTeb              1010c86a f i MSVCRT:crtdll.obj
 0001:0010b8bf       __CRT_INIT@12              1010c8bf f   MSVCRT:crtdll.obj
 0001:0010bbdf       __DllMainCRTStartup@12     1010cbdf f   MSVCRT:crtdll.obj
 0001:0010bc02       ___report_gsfailure        1010cc02 f   MSVCRT:gs_report.obj
 0001:0010bd08       ___sse2_available_init     1010cd08 f   MSVCRT:cpu_disp.obj
 0001:0010bd18       ___clean_type_info_names   1010cd18 f   MSVCRT:tncleanup.obj
 0001:0010bd24       __onexit                   1010cd24 f   MSVCRT:atonexit.obj
 0001:0010bdc5       _atexit                    1010cdc5 f   MSVCRT:atonexit.obj
 0001:0010bddc       __RTC_Initialize           1010cddc f   MSVCRT:_initsect_.obj
 0001:0010be02       __RTC_Terminate            1010ce02 f   MSVCRT:_initsect_.obj
 0001:0010be28       __malloc_crt               1010ce28 f   MSVCRT:MSVCR100.dll
 0001:0010be2e       __encoded_null             1010ce2e f   MSVCRT:MSVCR100.dll
 0001:0010be40       __ValidateImageBase        1010ce40 f   MSVCRT:pesect.obj
 0001:0010be80       __FindPESection            1010ce80 f   MSVCRT:pesect.obj
 0001:0010bed0       __IsNonwritableInCurrentImage 1010ced0 f   MSVCRT:pesect.obj
 0001:0010bf8c       __initterm                 1010cf8c f   MSVCRT:MSVCR100.dll
 0001:0010bf92       __initterm_e               1010cf92 f   MSVCRT:MSVCR100.dll
 0001:0010bf98       __amsg_exit                1010cf98 f   MSVCRT:MSVCR100.dll
 0001:0010bf9e       ___CppXcptFilter           1010cf9e f   MSVCRT:MSVCR100.dll
 0001:0010bfa4       _DllMain@12                1010cfa4 f   MSVCRT:dllmain.obj
 0001:0010bfd0       __SEH_prolog4              1010cfd0 f   MSVCRT:sehprolg4.obj
 0001:0010c015       __SEH_epilog4              1010d015 f   MSVCRT:sehprolg4.obj
 0001:0010c029       __except_handler4          1010d029 f   MSVCRT:chandler4gs.obj
 0001:0010c04e       ___security_init_cookie    1010d04e f   MSVCRT:gs_support.obj
 0001:0010c0ea       __crt_debugger_hook        1010d0ea f   MSVCRT:MSVCR100.dll
 0001:0010c0f0       ___clean_type_info_names_internal 1010d0f0 f   MSVCRT:MSVCR100.dll
 0001:0010c0f6       __unlock                   1010d0f6 f   MSVCRT:MSVCR100.dll
 0001:0010c0fc       ___dllonexit               1010d0fc f   MSVCRT:MSVCR100.dll
 0001:0010c102       __lock                     1010d102 f   MSVCRT:MSVCR100.dll
 0001:0010c108       __except_handler4_common   1010d108 f   MSVCRT:MSVCR100.dll
 0001:0010c10e       _EncodePointer@4           1010d10e f   kernel32:KERNEL32.dll
 0001:0010c114       _DecodePointer@4           1010d114 f   kernel32:KERNEL32.dll
 0001:0010c11a       _InterlockedExchange@8     1010d11a f   kernel32:KERNEL32.dll
 0001:0010c120       _Sleep@4                   1010d120 f   kernel32:KERNEL32.dll
 0001:0010c126       _InterlockedCompareExchange@12 1010d126 f   kernel32:KERNEL32.dll
 0001:0010c12c       _TerminateProcess@8        1010d12c f   kernel32:KERNEL32.dll
 0001:0010c132       _GetCurrentProcess@0       1010d132 f   kernel32:KERNEL32.dll
 0001:0010c138       _UnhandledExceptionFilter@4 1010d138 f   kernel32:KERNEL32.dll
 0001:0010c13e       _SetUnhandledExceptionFilter@4 1010d13e f   kernel32:KERNEL32.dll
 0001:0010c144       _IsDebuggerPresent@0       1010d144 f   kernel32:KERNEL32.dll
 0001:0010c14a       _IsProcessorFeaturePresent@4 1010d14a f   kernel32:KERNEL32.dll
 0001:0010c150       _DisableThreadLibraryCalls@4 1010d150 f   kernel32:KERNEL32.dll
 0001:0010c156       _QueryPerformanceCounter@4 1010d156 f   kernel32:KERNEL32.dll
 0001:0010c15c       _GetTickCount@0            1010d15c f   kernel32:KERNEL32.dll
 0001:0010c162       _GetCurrentThreadId@0      1010d162 f   kernel32:KERNEL32.dll
 0001:0010c168       _GetCurrentProcessId@0     1010d168 f   kernel32:KERNEL32.dll
 0001:0010c16e       _GetSystemTimeAsFileTime@4 1010d16e f   kernel32:KERNEL32.dll
 0002:00000000       __imp__GetCurrentProcessId@0 1010e000     kernel32:KERNEL32.dll
 0002:00000004       __imp__GetCurrentThreadId@0 1010e004     kernel32:KERNEL32.dll
 0002:00000008       __imp__GetTickCount@0      1010e008     kernel32:KERNEL32.dll
 0002:0000000c       __imp__QueryPerformanceCounter@4 1010e00c     kernel32:KERNEL32.dll
 0002:00000010       __imp__DisableThreadLibraryCalls@4 1010e010     kernel32:KERNEL32.dll
 0002:00000014       __imp__IsProcessorFeaturePresent@4 1010e014     kernel32:KERNEL32.dll
 0002:00000018       __imp__IsDebuggerPresent@0 1010e018     kernel32:KERNEL32.dll
 0002:0000001c       __imp__SetUnhandledExceptionFilter@4 1010e01c     kernel32:KERNEL32.dll
 0002:00000020       __imp__UnhandledExceptionFilter@4 1010e020     kernel32:KERNEL32.dll
 0002:00000024       __imp__GetCurrentProcess@0 1010e024     kernel32:KERNEL32.dll
 0002:00000028       __imp__TerminateProcess@8  1010e028     kernel32:KERNEL32.dll
 0002:0000002c       __imp__InterlockedCompareExchange@12 1010e02c     kernel32:KERNEL32.dll
 0002:00000030       __imp__Sleep@4             1010e030     kernel32:KERNEL32.dll
 0002:00000034       __imp__InterlockedExchange@8 1010e034     kernel32:KERNEL32.dll
 0002:00000038       __imp__DecodePointer@4     1010e038     kernel32:KERNEL32.dll
 0002:0000003c       __imp__EncodePointer@4     1010e03c     kernel32:KERNEL32.dll
 0002:00000040       __imp__GetSystemTimeAsFileTime@4 1010e040     kernel32:KERNEL32.dll
 0002:00000044       \177KERNEL32_NULL_THUNK_DATA 1010e044     kernel32:KERNEL32.dll
 0002:00000048       __imp___except_handler4_common 1010e048     MSVCRT:MSVCR100.dll
 0002:0000004c       __imp___lock               1010e04c     MSVCRT:MSVCR100.dll
 0002:00000050       __imp____dllonexit         1010e050     MSVCRT:MSVCR100.dll
 0002:00000054       __imp___unlock             1010e054     MSVCRT:MSVCR100.dll
 0002:00000058       __imp____clean_type_info_names_internal 1010e058     MSVCRT:MSVCR100.dll
 0002:0000005c       __imp___crt_debugger_hook  1010e05c     MSVCRT:MSVCR100.dll
 0002:00000060       __imp____CppXcptFilter     1010e060     MSVCRT:MSVCR100.dll
 0002:00000064       __imp___amsg_exit          1010e064     MSVCRT:MSVCR100.dll
 0002:00000068       __imp___initterm_e         1010e068     MSVCRT:MSVCR100.dll
 0002:0000006c       __imp___initterm           1010e06c     MSVCRT:MSVCR100.dll
 0002:00000070       __imp___encoded_null       1010e070     MSVCRT:MSVCR100.dll
 0002:00000074       __imp___malloc_crt         1010e074     MSVCRT:MSVCR100.dll
 0002:00000078       __imp__memcpy              1010e078     MSVCRT:MSVCR100.dll
 0002:0000007c       __imp__strcat              1010e07c     MSVCRT:MSVCR100.dll
 0002:00000080       __imp__malloc              1010e080     MSVCRT:MSVCR100.dll
 0002:00000084       __imp__sprintf             1010e084     MSVCRT:MSVCR100.dll
 0002:00000088       __imp__free                1010e088     MSVCRT:MSVCR100.dll
 0002:0000008c       __imp__memset              1010e08c     MSVCRT:MSVCR100.dll
 0002:00000090       __imp__strlen              1010e090     MSVCRT:MSVCR100.dll
 0002:00000094       __imp__strcmp              1010e094     MSVCRT:MSVCR100.dll
 0002:00000098       __imp___onexit             1010e098     MSVCRT:MSVCR100.dll
 0002:0000009c       \177MSVCR100_NULL_THUNK_DATA 1010e09c     MSVCRT:MSVCR100.dll
 0002:000000a0       __imp__mexErrMsgTxt        1010e0a0     libmex:libmex.dll
 0002:000000a4       __imp__mexUnlock           1010e0a4     libmex:libmex.dll
 0002:000000a8       __imp__mexIsLocked         1010e0a8     libmex:libmex.dll
 0002:000000ac       __imp__mexWarnMsgTxt       1010e0ac     libmex:libmex.dll
 0002:000000b0       __imp__mexLock             1010e0b0     libmex:libmex.dll
 0002:000000b4       __imp__mexMakeArrayPersistent 1010e0b4     libmex:libmex.dll
 0002:000000b8       __imp__mexCallMATLAB       1010e0b8     libmex:libmex.dll
 0002:000000bc       \177libmex_NULL_THUNK_DATA 1010e0bc     libmex:libmex.dll
 0002:000000c0       __imp__muDoubleScalarRound 1010e0c0     libmwmathutil:libmwmathutil.dll
 0002:000000c4       __imp__muDoubleScalarLog   1010e0c4     libmwmathutil:libmwmathutil.dll
 0002:000000c8       __imp__muDoubleScalarFloor 1010e0c8     libmwmathutil:libmwmathutil.dll
 0002:000000cc       __imp__muDoubleScalarAbs   1010e0cc     libmwmathutil:libmwmathutil.dll
 0002:000000d0       \177libmwmathutil_NULL_THUNK_DATA 1010e0d0     libmwmathutil:libmwmathutil.dll
 0002:000000d4       __imp__mxCreateStructMatrix_730 1010e0d4     libmx:libmx.dll
 0002:000000d8       __imp__mxGetPr             1010e0d8     libmx:libmx.dll
 0002:000000dc       __imp__mxCalloc            1010e0dc     libmx:libmx.dll
 0002:000000e0       __imp__mxGetM              1010e0e0     libmx:libmx.dll
 0002:000000e4       __imp__mxGetN              1010e0e4     libmx:libmx.dll
 0002:000000e8       __imp__mxIsComplex         1010e0e8     libmx:libmx.dll
 0002:000000ec       __imp__mxIsNumeric         1010e0ec     libmx:libmx.dll
 0002:000000f0       __imp__mxGetClassID        1010e0f0     libmx:libmx.dll
 0002:000000f4       __imp__mxIsEmpty           1010e0f4     libmx:libmx.dll
 0002:000000f8       __imp__mxCreateCellMatrix_730 1010e0f8     libmx:libmx.dll
 0002:000000fc       __imp__mxGetScalar         1010e0fc     libmx:libmx.dll
 0002:00000100       __imp__mxCreateString      1010e100     libmx:libmx.dll
 0002:00000104       __imp__mxSetField_730      1010e104     libmx:libmx.dll
 0002:00000108       __imp__mxCreateDoubleScalar 1010e108     libmx:libmx.dll
 0002:0000010c       __imp__mxDuplicateArray    1010e10c     libmx:libmx.dll
 0002:00000110       __imp__mxDestroyArray      1010e110     libmx:libmx.dll
 0002:00000114       __imp__mxIsChar            1010e114     libmx:libmx.dll
 0002:00000118       __imp__mxGetString_730     1010e118     libmx:libmx.dll
 0002:0000011c       __imp__mxCreateDoubleMatrix_730 1010e11c     libmx:libmx.dll
 0002:00000120       \177libmx_NULL_THUNK_DATA  1010e120     libmx:libmx.dll
 0002:00000124       __imp__utMalloc            1010e124     libut:libut.dll
 0002:00000128       __imp__utFree              1010e128     libut:libut.dll
 0002:0000012c       \177libut_NULL_THUNK_DATA  1010e12c     libut:libut.dll
 0002:00000130       __imp__sf_debug_symbol_scope_add_eml 1010e130     sf_runtime:sf_runtime.dll
 0002:00000134       __imp__sf_mex_listen_for_ctrl_c 1010e134     sf_runtime:sf_runtime.dll
 0002:00000138       __imp__sf_debug_eml_data_array_bounds_error_check 1010e138     sf_runtime:sf_runtime.dll
 0002:0000013c       __imp__sf_debug_integer_check 1010e13c     sf_runtime:sf_runtime.dll
 0002:00000140       __imp__sf_debug_read_before_write_check 1010e140     sf_runtime:sf_runtime.dll
 0002:00000144       __imp__sf_clear_rtw_identifier 1010e144     sf_runtime:sf_runtime.dll
 0002:00000148       __imp__sf_get_subchart_simstruct 1010e148     sf_runtime:sf_runtime.dll
 0002:0000014c       __imp__sf_mex_call_debug   1010e14c     sf_runtime:sf_runtime.dll
 0002:00000150       __imp__cv_eml_init_mcdc    1010e150     sf_runtime:sf_runtime.dll
 0002:00000154       __imp__sf_debug_temporal_threshold 1010e154     sf_runtime:sf_runtime.dll
 0002:00000158       __imp__sf_debug_symbol_scope_add_eml_dyn_importable 1010e158     sf_runtime:sf_runtime.dll
 0002:0000015c       __imp__sf_debug_set_chart_data_props 1010e15c     sf_runtime:sf_runtime.dll
 0002:00000160       __imp__sf_mex_import_vs    1010e160     sf_runtime:sf_runtime.dll
 0002:00000164       __imp__cv_script_init_mcdc 1010e164     sf_runtime:sf_runtime.dll
 0002:00000168       __imp__cv_script_init_if   1010e168     sf_runtime:sf_runtime.dll
 0002:0000016c       __imp__cv_script_eval      1010e16c     sf_runtime:sf_runtime.dll
 0002:00000170       __imp__sf_debug_create_debug_instance_struct 1010e170     sf_runtime:sf_runtime.dll
 0002:00000174       __imp__sf_debug_api        1010e174     sf_runtime:sf_runtime.dll
 0002:00000178       __imp__callMdlMethodAndReportError 1010e178     sf_runtime:sf_runtime.dll
 0002:0000017c       __imp__call_sf_machine_global_method_dispatcher 1010e17c     sf_runtime:sf_runtime.dll
 0002:00000180       __imp__sf_clear_error_manager_info 1010e180     sf_runtime:sf_runtime.dll
 0002:00000184       __imp__sf_mex_error_direct_call 1010e184     sf_runtime:sf_runtime.dll
 0002:00000188       __imp__eml_debug_line_call 1010e188     sf_runtime:sf_runtime.dll
 0002:0000018c       __imp__sf_debug_symbol_scope_add_importable 1010e18c     sf_runtime:sf_runtime.dll
 0002:00000190       __imp__sf_call_output_fcn_call 1010e190     sf_runtime:sf_runtime.dll
 0002:00000194       __imp__sf_debug_unset_instance_data_value_ptr 1010e194     sf_runtime:sf_runtime.dll
 0002:00000198       __imp__cv_eval_point       1010e198     sf_runtime:sf_runtime.dll
 0002:0000019c       __imp__cv_eml_eval         1010e19c     sf_runtime:sf_runtime.dll
 0002:000001a0       __imp__sf_debug_symbol_scope_push_eml 1010e1a0     sf_runtime:sf_runtime.dll
 0002:000001a4       __imp__sf_debug_symbol_scope_add_eml_importable 1010e1a4     sf_runtime:sf_runtime.dll
 0002:000001a8       __imp__sf_mex_sub          1010e1a8     sf_runtime:sf_runtime.dll
 0002:000001ac       __imp__sf_debug_symbol_scope_push 1010e1ac     sf_runtime:sf_runtime.dll
 0002:000001b0       __imp__sf_debug_data_range_wrapper 1010e1b0     sf_runtime:sf_runtime.dll
 0002:000001b4       __imp__sf_debug_symbol_scope_pop 1010e1b4     sf_runtime:sf_runtime.dll
 0002:000001b8       __imp__sf_debug_check_for_state_inconsistency 1010e1b8     sf_runtime:sf_runtime.dll
 0002:000001bc       __imp__sf_call_output_fcn_disable 1010e1bc     sf_runtime:sf_runtime.dll
 0002:000001c0       __imp__sf_call_output_fcn_enable 1010e1c0     sf_runtime:sf_runtime.dll
 0002:000001c4       __imp__sf_get_time         1010e1c4     sf_runtime:sf_runtime.dll
 0002:000001c8       __imp__sf_get_output_port_reusable 1010e1c8     sf_runtime:sf_runtime.dll
 0002:000001cc       __imp__sf_debug_get_script_id 1010e1cc     sf_runtime:sf_runtime.dll
 0002:000001d0       __imp__sf_debug_set_script_translation 1010e1d0     sf_runtime:sf_runtime.dll
 0002:000001d4       __imp__sf_debug_initialize_chart 1010e1d4     sf_runtime:sf_runtime.dll
 0002:000001d8       __imp__sf_debug_set_chart_event_scope 1010e1d8     sf_runtime:sf_runtime.dll
 0002:000001dc       __imp__sf_debug_set_chart_state_info 1010e1dc     sf_runtime:sf_runtime.dll
 0002:000001e0       __imp__sf_debug_set_chart_substate_count 1010e1e0     sf_runtime:sf_runtime.dll
 0002:000001e4       __imp__sf_debug_set_chart_decomposition 1010e1e4     sf_runtime:sf_runtime.dll
 0002:000001e8       __imp__sf_debug_set_chart_substate_index 1010e1e8     sf_runtime:sf_runtime.dll
 0002:000001ec       __imp__sf_debug_set_chart_state_substate_count 1010e1ec     sf_runtime:sf_runtime.dll
 0002:000001f0       __imp__sf_debug_set_chart_state_substate_index 1010e1f0     sf_runtime:sf_runtime.dll
 0002:000001f4       __imp__sf_debug_cv_init_chart 1010e1f4     sf_runtime:sf_runtime.dll
 0002:000001f8       __imp__sf_debug_set_chart_disable_implicit_casting 1010e1f8     sf_runtime:sf_runtime.dll
 0002:000001fc       __imp__sf_debug_terminate  1010e1fc     sf_runtime:sf_runtime.dll
 0002:00000200       __imp__sf_debug_set_chart_event_thresholds 1010e200     sf_runtime:sf_runtime.dll
 0002:00000204       __imp__sf_debug_cv_init_state 1010e204     sf_runtime:sf_runtime.dll
 0002:00000208       __imp__sf_debug_cv_init_trans 1010e208     sf_runtime:sf_runtime.dll
 0002:0000020c       __imp__cv_eml_init_script  1010e20c     sf_runtime:sf_runtime.dll
 0002:00000210       __imp__cv_eml_init_if      1010e210     sf_runtime:sf_runtime.dll
 0002:00000214       __imp__cv_eml_init_fcn     1010e214     sf_runtime:sf_runtime.dll
 0002:00000218       __imp__cv_eml_init_for     1010e218     sf_runtime:sf_runtime.dll
 0002:0000021c       __imp__cv_script_init_script 1010e21c     sf_runtime:sf_runtime.dll
 0002:00000220       __imp__cv_script_init_fcn  1010e220     sf_runtime:sf_runtime.dll
 0002:00000224       __imp__sf_debug_set_chart_data_compiled_props 1010e224     sf_runtime:sf_runtime.dll
 0002:00000228       __imp__sf_debug_set_instance_data_value_ptr 1010e228     sf_runtime:sf_runtime.dll
 0002:0000022c       __imp__sf_debug_reset_current_state_configuration 1010e22c     sf_runtime:sf_runtime.dll
 0002:00000230       __imp__sim_mode_is_rtw_gen 1010e230     sf_runtime:sf_runtime.dll
 0002:00000234       __imp__sim_mode_is_external 1010e234     sf_runtime:sf_runtime.dll
 0002:00000238       __imp__sf_is_chart_inlinable 1010e238     sf_runtime:sf_runtime.dll
 0002:0000023c       __imp__sf_rtw_info_uint_prop 1010e23c     sf_runtime:sf_runtime.dll
 0002:00000240       __imp__sf_update_buildInfo 1010e240     sf_runtime:sf_runtime.dll
 0002:00000244       __imp__sf_mark_output_events_with_multiple_callers 1010e244     sf_runtime:sf_runtime.dll
 0002:00000248       __imp__sf_mark_chart_expressionable_inputs 1010e248     sf_runtime:sf_runtime.dll
 0002:0000024c       __imp__sf_mark_chart_reusable_outputs 1010e24c     sf_runtime:sf_runtime.dll
 0002:00000250       __imp__sf_set_rtw_dwork_info 1010e250     sf_runtime:sf_runtime.dll
 0002:00000254       __imp__sf_mex_import       1010e254     sf_runtime:sf_runtime.dll
 0002:00000258       __imp__sf_debug_get_animation 1010e258     sf_runtime:sf_runtime.dll
 0002:0000025c       __imp__sf_debug_set_animation 1010e25c     sf_runtime:sf_runtime.dll
 0002:00000260       __imp__sf_debug_set_honor_breakpoints 1010e260     sf_runtime:sf_runtime.dll
 0002:00000264       __imp__sf_debug_call       1010e264     sf_runtime:sf_runtime.dll
 0002:00000268       __imp__sf_mex_getcell      1010e268     sf_runtime:sf_runtime.dll
 0002:0000026c       __imp__sf_debug_animate    1010e26c     sf_runtime:sf_runtime.dll
 0002:00000270       __imp__sf_mex_decode_encoded_mx_struct_array 1010e270     sf_runtime:sf_runtime.dll
 0002:00000274       __imp__sf_mex_setcell      1010e274     sf_runtime:sf_runtime.dll
 0002:00000278       __imp__sf_mex_dup          1010e278     sf_runtime:sf_runtime.dll
 0002:0000027c       __imp__sf_mex_call_matlab  1010e27c     sf_runtime:sf_runtime.dll
 0002:00000280       __imp__sf_mex_error_message 1010e280     sf_runtime:sf_runtime.dll
 0002:00000284       __imp__sf_mex_create       1010e284     sf_runtime:sf_runtime.dll
 0002:00000288       __imp__sf_mex_addfield     1010e288     sf_runtime:sf_runtime.dll
 0002:0000028c       __imp__sf_mex_createcellmatrix 1010e28c     sf_runtime:sf_runtime.dll
 0002:00000290       __imp__sf_mex_duplicatearraysafe 1010e290     sf_runtime:sf_runtime.dll
 0002:00000294       __imp__sf_mex_destroy      1010e294     sf_runtime:sf_runtime.dll
 0002:00000298       __imp__sf_mex_createstruct 1010e298     sf_runtime:sf_runtime.dll
 0002:0000029c       __imp__sf_mex_assign       1010e29c     sf_runtime:sf_runtime.dll
 0002:000002a0       __imp__sf_mex_emlrtNameCapturePostProcessR2012a 1010e2a0     sf_runtime:sf_runtime.dll
 0002:000002a4       __imp__sf_load_rtw_optimization_info 1010e2a4     sf_runtime:sf_runtime.dll
 0002:000002a8       __imp__sf_debug_initialize_machine 1010e2a8     sf_runtime:sf_runtime.dll
 0002:000002ac       __imp__sf_debug_set_machine_event_thresholds 1010e2ac     sf_runtime:sf_runtime.dll
 0002:000002b0       __imp__sf_debug_sub_assign_size_check_nd 1010e2b0     sf_runtime:sf_runtime.dll
 0002:000002b4       __imp__sf_debug_set_machine_data_thresholds 1010e2b4     sf_runtime:sf_runtime.dll
 0002:000002b8       \177sf_runtime_NULL_THUNK_DATA 1010e2b8     sf_runtime:sf_runtime.dll
 0002:000002bc       ___xc_a                    1010e2bc     MSVCRT:cinitexe.obj
 0002:000002c0       ___xc_z                    1010e2c0     MSVCRT:cinitexe.obj
 0002:000002c4       ___xi_a                    1010e2c4     MSVCRT:cinitexe.obj
 0002:000002d0       ___xi_z                    1010e2d0     MSVCRT:cinitexe.obj
 0002:000002d8       __real@41c8294448800000    1010e2d8     testWalkStepWorldSim_sfun.obj
 0002:000002e0       __real@41e4b124c4600000    1010e2e0     testWalkStepWorldSim_sfun.obj
 0002:000002e8       __real@41e4319e59c00000    1010e2e8     testWalkStepWorldSim_sfun.obj
 0002:000002f0       __real@41d2cd08bf000000    1010e2f0     testWalkStepWorldSim_sfun.obj
 0002:000002f8       __real@41b0fb04df000000    1010e2f8     testWalkStepWorldSim_sfun.obj
 0002:00000300       __real@41da14ed17400000    1010e300     testWalkStepWorldSim_sfun.obj
 0002:00000308       __real@41d47f2e8cc00000    1010e308     testWalkStepWorldSim_sfun.obj
 0002:00000310       __real@41eb0e6e75400000    1010e310     testWalkStepWorldSim_sfun.obj
 0002:00000318       __real@41db8917e6000000    1010e318     testWalkStepWorldSim_sfun.obj
 0002:00000320       __real@41ecfc0a54000000    1010e320     testWalkStepWorldSim_sfun.obj
 0002:00000328       __real@41b576448a000000    1010e328     testWalkStepWorldSim_sfun.obj
 0002:00000330       __real@41c624c3b7000000    1010e330     testWalkStepWorldSim_sfun.obj
 0002:00000338       __real@0000000000000000    1010e338     testWalkStepWorldSim_sfun.obj
 0002:00000340       __real@41ee260324e00000    1010e340     testWalkStepWorldSim_sfun.obj
 0002:00000348       __real@41d2aa2367c00000    1010e348     testWalkStepWorldSim_sfun.obj
 0002:00000350       __real@41d149eee3400000    1010e350     testWalkStepWorldSim_sfun.obj
 0002:00000358       __real@41d74f0c09c00000    1010e358     testWalkStepWorldSim_sfun.obj
 0002:00000360       __real@41d7883788800000    1010e360     c1_testWalkStepWorldSim.obj
 0002:00000368       __real@4192f344c4000000    1010e368     c1_testWalkStepWorldSim.obj
 0002:00000370       __real@41e9db70ae400000    1010e370     c1_testWalkStepWorldSim.obj
 0002:00000378       __real@41d283958a400000    1010e378     c1_testWalkStepWorldSim.obj
 0002:00000380       __real@4014000000000000    1010e380     c1_testWalkStepWorldSim.obj
 0002:00000388       __real@4070000000000000    1010e388     c1_testWalkStepWorldSim.obj
 0002:00000390       __real@4024000000000000    1010e390     c1_testWalkStepWorldSim.obj
 0002:00000398       __real@4030000000000000    1010e398     c1_testWalkStepWorldSim.obj
 0002:000003a0       __real@3ff0000000000000    1010e3a0     c1_testWalkStepWorldSim.obj
 0002:000003a8       __real@4018000000000000    1010e3a8     c1_testWalkStepWorldSim.obj
 0002:000003b0       __real@4010000000000000    1010e3b0     c1_testWalkStepWorldSim.obj
 0002:000003b8       __real@4008000000000000    1010e3b8     c1_testWalkStepWorldSim.obj
 0002:000003c0       __real@4000000000000000    1010e3c0     c1_testWalkStepWorldSim.obj
 0002:000003c8       __real@4040000000000000    1010e3c8     c1_testWalkStepWorldSim.obj
 0002:000003d0       __real@41ed3bfe59800000    1010e3d0     c2_testWalkStepWorldSim.obj
 0002:000003d8       __real@419da584fc000000    1010e3d8     c2_testWalkStepWorldSim.obj
 0002:000003e0       __real@41e3856f02e00000    1010e3e0     c2_testWalkStepWorldSim.obj
 0002:000003e8       __real@41a27472c2000000    1010e3e8     c2_testWalkStepWorldSim.obj
 0002:000003f0       __real@401c000000000000    1010e3f0     c2_testWalkStepWorldSim.obj
 0002:000003f8       __real@4020000000000000    1010e3f8     c4_testWalkStepWorldSim.obj
 0002:00000400       __real@3defffffffffffff    1010e400     c4_testWalkStepWorldSim.obj
 0002:00000408       __real@3e00000000200000    1010e408     c4_testWalkStepWorldSim.obj
 0002:00000410       __real@40b5710000000000    1010e410     c4_testWalkStepWorldSim.obj
 0002:00000418       __real@4036000000000000    1010e418     c4_testWalkStepWorldSim.obj
 0002:00000420       __real@4035000000000000    1010e420     c4_testWalkStepWorldSim.obj
 0002:00000428       __real@4034000000000000    1010e428     c4_testWalkStepWorldSim.obj
 0002:00000430       __real@4033000000000000    1010e430     c4_testWalkStepWorldSim.obj
 0002:00000438       __real@4032000000000000    1010e438     c4_testWalkStepWorldSim.obj
 0002:00000440       __real@4031000000000000    1010e440     c4_testWalkStepWorldSim.obj
 0002:00000448       __real@402e000000000000    1010e448     c4_testWalkStepWorldSim.obj
 0002:00000450       __real@402c000000000000    1010e450     c4_testWalkStepWorldSim.obj
 0002:00000458       __real@402a000000000000    1010e458     c4_testWalkStepWorldSim.obj
 0002:00000460       __real@4028000000000000    1010e460     c4_testWalkStepWorldSim.obj
 0002:00000468       __real@4026000000000000    1010e468     c4_testWalkStepWorldSim.obj
 0002:00000470       __real@4022000000000000    1010e470     c4_testWalkStepWorldSim.obj
 0002:00000478       __real@405b000000000000    1010e478     c4_testWalkStepWorldSim.obj
 0002:00000480       __real@405a000000000000    1010e480     c4_testWalkStepWorldSim.obj
 0002:00000488       __real@405a800000000000    1010e488     c4_testWalkStepWorldSim.obj
 0002:00000490       __real@4062a00000000000    1010e490     c4_testWalkStepWorldSim.obj
 0002:00000498       __real@4056c00000000000    1010e498     c4_testWalkStepWorldSim.obj
 0002:000004a0       __real@405a400000000000    1010e4a0     c4_testWalkStepWorldSim.obj
 0002:000004a8       __real@4063400000000000    1010e4a8     c4_testWalkStepWorldSim.obj
 0002:000004b0       __real@4057400000000000    1010e4b0     c4_testWalkStepWorldSim.obj
 0002:000004b8       __real@4057000000000000    1010e4b8     c4_testWalkStepWorldSim.obj
 0002:000004c0       __real@405b400000000000    1010e4c0     c4_testWalkStepWorldSim.obj
 0002:000004c8       __real@405ac00000000000    1010e4c8     c4_testWalkStepWorldSim.obj
 0002:000004d0       __real@405cc00000000000    1010e4d0     c4_testWalkStepWorldSim.obj
 0002:000004d8       __real@4061200000000000    1010e4d8     c4_testWalkStepWorldSim.obj
 0002:000004e0       __real@4061800000000000    1010e4e0     c4_testWalkStepWorldSim.obj
 0002:000004e8       __real@4061600000000000    1010e4e8     c4_testWalkStepWorldSim.obj
 0002:000004f0       __real@41f0000000000000    1010e4f0     c4_testWalkStepWorldSim.obj
 0002:000004f8       __real@3ca0000000000000    1010e4f8     c4_testWalkStepWorldSim.obj
 0002:00000500       __real@4190000000000000    1010e500     c4_testWalkStepWorldSim.obj
 0002:00000508       __real@406c800000000000    1010e508     c4_testWalkStepWorldSim.obj
 0002:00000510       __real@4078d00000000000    1010e510     c4_testWalkStepWorldSim.obj
 0002:00000518       __real@4083880000000000    1010e518     c4_testWalkStepWorldSim.obj
 0002:00000520       __real@41eeaf58fec00000    1010e520     c4_testWalkStepWorldSim.obj
 0002:00000528       __real@41ebc42bd6a00000    1010e528     c4_testWalkStepWorldSim.obj
 0002:00000530       __real@41e34c035d200000    1010e530     c4_testWalkStepWorldSim.obj
[...]
 0001:000ecf40       _c17_update_debugger_state_c17_testWalkStepWorldSim 100edf40 f   c17_testWalkStepWorldSim.obj
 0001:000ecf50       _c17_emlrt_marshallIn      100edf50 f   c17_testWalkStepWorldSim.obj
 0001:000ecfa0       _c17_b_emlrt_marshallIn    100edfa0 f   c17_testWalkStepWorldSim.obj
 0001:000ed040       _c17_e_emlrt_marshallIn    100ee040 f   c17_testWalkStepWorldSim.obj
 0001:000ed090       _c17_f_emlrt_marshallIn    100ee090 f   c17_testWalkStepWorldSim.obj
 0001:000ed140       _mdlProcessParameters_c17_testWalkStepWorldSim 100ee140 f   c17_testWalkStepWorldSim.obj
 0001:000ed1f0       _initialize_params_c17_testWalkStepWorldSim 100ee1f0 f   c17_testWalkStepWorldSim.obj
 0001:000ed200       _mdlSetWorkWidths_c17_testWalkStepWorldSim 100ee200 f   c17_testWalkStepWorldSim.obj
 0001:000ed7a0       _sf_get_instance_specialization 100ee7a0 f   c17_testWalkStepWorldSim.obj
 0001:000ed7b0       _mdlStart_c17_testWalkStepWorldSim 100ee7b0 f   c17_testWalkStepWorldSim.obj
 0001:000ed950       _init_dsm_address_info     100ee950 f   c17_testWalkStepWorldSim.obj
 0001:000ed960       _chart_debug_initialization 100ee960 f   c17_testWalkStepWorldSim.obj
 0001:000ee930       _init_script_number_translation 100ef930 f   c17_testWalkStepWorldSim.obj
 0001:000ee940       _c17_sf_marshallOut        100ef940 f   c17_testWalkStepWorldSim.obj
 0001:000eea40       _c17_sf_marshallIn         100efa40 f   c17_testWalkStepWorldSim.obj
 0001:000eeb00       _c17_b_sf_marshallOut      100efb00 f   c17_testWalkStepWorldSim.obj
 0001:000eeb80       _sf_opaque_initialize_c17_testWalkStepWorldSim 100efb80 f   c17_testWalkStepWorldSim.obj
 0001:000eebb0       _initialize_c17_testWalkStepWorldSim 100efbb0 f   c17_testWalkStepWorldSim.obj
 0001:000eebe0       _sf_opaque_enable_c17_testWalkStepWorldSim 100efbe0 f   c17_testWalkStepWorldSim.obj
 0001:000eec00       _enable_c17_testWalkStepWorldSim 100efc00 f   c17_testWalkStepWorldSim.obj
 0001:000eec20       _sf_opaque_disable_c17_testWalkStepWorldSim 100efc20 f   c17_testWalkStepWorldSim.obj
 0001:000eec40       _disable_c17_testWalkStepWorldSim 100efc40 f   c17_testWalkStepWorldSim.obj
 0001:000eec60       _sf_opaque_gateway_c17_testWalkStepWorldSim 100efc60 f   c17_testWalkStepWorldSim.obj
 0001:000eec80       _sf_gateway_c17_testWalkStepWorldSim 100efc80 f   c17_testWalkStepWorldSim.obj
 0001:000f0070       _c17_b_sf_marshallIn       100f1070 f   c17_testWalkStepWorldSim.obj
 0001:000f00f0       _c17_c_emlrt_marshallIn    100f10f0 f   c17_testWalkStepWorldSim.obj
 0001:000f0140       _sf_opaque_get_sim_state_c17_testWalkStepWorldSim 100f1140 f   c17_testWalkStepWorldSim.obj
 0001:000f0160       _sf_opaque_set_sim_state_c17_testWalkStepWorldSim 100f1160 f   c17_testWalkStepWorldSim.obj
 0001:000f0180       _sf_opaque_terminate_c17_testWalkStepWorldSim 100f1180 f   c17_testWalkStepWorldSim.obj
 0001:000f0210       _finalize_c17_testWalkStepWorldSim 100f1210 f   c17_testWalkStepWorldSim.obj
 0001:000f0220       _sf_opaque_init_subchart_simstructs 100f1220 f   c17_testWalkStepWorldSim.obj
 0001:000f0240       _initSimStructsc17_testWalkStepWorldSim 100f1240 f   c17_testWalkStepWorldSim.obj
 0001:000f0250       _mdlRTW_c17_testWalkStepWorldSim 100f1250 f   c17_testWalkStepWorldSim.obj
 0001:000f0760       _get_sim_state_c18_testWalkStepWorldSim 100f1760 f   c18_testWalkStepWorldSim.obj
 0001:000f0880       _sf_get_sim_state_info_c18_testWalkStepWorldSim 100f1880 f   c18_testWalkStepWorldSim.obj
 0001:000f0a00       _set_sim_state_c18_testWalkStepWorldSim 100f1a00 f   c18_testWalkStepWorldSim.obj
 0001:000f0ac0       _c18_update_debugger_state_c18_testWalkStepWorldSim 100f1ac0 f   c18_testWalkStepWorldSim.obj
 0001:000f0ad0       _c18_emlrt_marshallIn      100f1ad0 f   c18_testWalkStepWorldSim.obj
 0001:000f0b20       _c18_b_emlrt_marshallIn    100f1b20 f   c18_testWalkStepWorldSim.obj
 0001:000f0b70       _c18_e_emlrt_marshallIn    100f1b70 f   c18_testWalkStepWorldSim.obj
 0001:000f0bc0       _c18_f_emlrt_marshallIn    100f1bc0 f   c18_testWalkStepWorldSim.obj
 0001:000f0c70       _mdlProcessParameters_c18_testWalkStepWorldSim 100f1c70 f   c18_testWalkStepWorldSim.obj
 0001:000f0d20       _initialize_params_c18_testWalkStepWorldSim 100f1d20 f   c18_testWalkStepWorldSim.obj
 0001:000f0d30       _mdlSetWorkWidths_c18_testWalkStepWorldSim 100f1d30 f   c18_testWalkStepWorldSim.obj
 0001:000f10b0       _sf_get_instance_specialization 100f20b0 f   c18_testWalkStepWorldSim.obj
 0001:000f10c0       _mdlStart_c18_testWalkStepWorldSim 100f20c0 f   c18_testWalkStepWorldSim.obj
 0001:000f1260       _init_dsm_address_info     100f2260 f   c18_testWalkStepWorldSim.obj
 0001:000f1270       _chart_debug_initialization 100f2270 f   c18_testWalkStepWorldSim.obj
 0001:000f18c0       _init_script_number_translation 100f28c0 f   c18_testWalkStepWorldSim.obj
 0001:000f18d0       _c18_sf_marshallOut        100f28d0 f   c18_testWalkStepWorldSim.obj
 0001:000f1950       _c18_sf_marshallIn         100f2950 f   c18_testWalkStepWorldSim.obj
 0001:000f19d0       _sf_opaque_initialize_c18_testWalkStepWorldSim 100f29d0 f   c18_testWalkStepWorldSim.obj
 0001:000f1a00       _initialize_c18_testWalkStepWorldSim 100f2a00 f   c18_testWalkStepWorldSim.obj
 0001:000f1a30       _sf_opaque_enable_c18_testWalkStepWorldSim 100f2a30 f   c18_testWalkStepWorldSim.obj
 0001:000f1a50       _enable_c18_testWalkStepWorldSim 100f2a50 f   c18_testWalkStepWorldSim.obj
 0001:000f1a70       _sf_opaque_disable_c18_testWalkStepWorldSim 100f2a70 f   c18_testWalkStepWorldSim.obj
 0001:000f1a90       _disable_c18_testWalkStepWorldSim 100f2a90 f   c18_testWalkStepWorldSim.obj
 0001:000f1ab0       _sf_opaque_gateway_c18_testWalkStepWorldSim 100f2ab0 f   c18_testWalkStepWorldSim.obj
 0001:000f1ad0       _sf_gateway_c18_testWalkStepWorldSim 100f2ad0 f   c18_testWalkStepWorldSim.obj
 0001:000f2920       _c18_b_sf_marshallOut      100f3920 f   c18_testWalkStepWorldSim.obj
 0001:000f29a0       _c18_b_sf_marshallIn       100f39a0 f   c18_testWalkStepWorldSim.obj
 0001:000f2a20       _c18_c_emlrt_marshallIn    100f3a20 f   c18_testWalkStepWorldSim.obj
 0001:000f2a70       _sf_opaque_get_sim_state_c18_testWalkStepWorldSim 100f3a70 f   c18_testWalkStepWorldSim.obj
 0001:000f2a90       _sf_opaque_set_sim_state_c18_testWalkStepWorldSim 100f3a90 f   c18_testWalkStepWorldSim.obj
 0001:000f2ab0       _sf_opaque_terminate_c18_testWalkStepWorldSim 100f3ab0 f   c18_testWalkStepWorldSim.obj
 0001:000f2b40       _finalize_c18_testWalkStepWorldSim 100f3b40 f   c18_testWalkStepWorldSim.obj
 0001:000f2b50       _sf_opaque_init_subchart_simstructs 100f3b50 f   c18_testWalkStepWorldSim.obj
 0001:000f2b70       _initSimStructsc18_testWalkStepWorldSim 100f3b70 f   c18_testWalkStepWorldSim.obj
 0001:000f2b80       _mdlRTW_c18_testWalkStepWorldSim 100f3b80 f   c18_testWalkStepWorldSim.obj
 0001:000f2c20       _c20_info_helper           100f3c20 f   c20_testWalkStepWorldSim.obj
 0001:000f3950       _c20_emlrt_marshallOut     100f4950 f   c20_testWalkStepWorldSim.obj
 0001:000f39b0       _c20_b_emlrt_marshallOut   100f49b0 f   c20_testWalkStepWorldSim.obj
 0001:000f3a30       _c20_activate_secsc20_testWalkStepWorldSim 100f4a30 f   c20_testWalkStepWorldSim.obj
 0001:000f3ac0       _c20_increment_counters_secsc20_testWalkStepWorldSim 100f4ac0 f   c20_testWalkStepWorldSim.obj
 0001:000f3b20       _c20_reset_counters_secsc20_testWalkStepWorldSim 100f4b20 f   c20_testWalkStepWorldSim.obj
 0001:000f3b60       _c20_deactivate_secsc20_testWalkStepWorldSim 100f4b60 f   c20_testWalkStepWorldSim.obj
 0001:000f3c20       _c20_c20_testWalkStepWorldSim 100f4c20 f   c20_testWalkStepWorldSim.obj
 0001:000f5420       _c20_gazeCamera            100f6420 f   c20_testWalkStepWorldSim.obj
 0001:000f5b50       _c20_wave                  100f6b50 f   c20_testWalkStepWorldSim.obj
 0001:000f7d00       _c20_enter_atomic_gazeCamera 100f8d00 f   c20_testWalkStepWorldSim.obj
 0001:000f8170       _c20_enter_atomic_gazeCamera1 100f9170 f   c20_testWalkStepWorldSim.obj
 0001:000f85d0       _c20_gazeCamera1           100f95d0 f   c20_testWalkStepWorldSim.obj
 0001:000f8d60       _c20_enter_atomic_waveLeftHand 100f9d60 f   c20_testWalkStepWorldSim.obj
 0001:000f91a0       _c20_enter_atomic_waveBothHands 100fa1a0 f   c20_testWalkStepWorldSim.obj
 0001:000f9610       _c20_enter_atomic_gazeCamera2 100fa610 f   c20_testWalkStepWorldSim.obj
 0001:000f9a70       _c20_b_sf_marshallOut      100faa70 f   c20_testWalkStepWorldSim.obj
 0001:000f9af0       _c20_b_sf_marshallIn       100faaf0 f   c20_testWalkStepWorldSim.obj
 0001:000f9b70       _c20_d_emlrt_marshallIn    100fab70 f   c20_testWalkStepWorldSim.obj
 0001:000f9bc0       _c20_c_sf_marshallOut      100fabc0 f   c20_testWalkStepWorldSim.obj
 0001:000f9c40       _c20_c_sf_marshallIn       100fac40 f   c20_testWalkStepWorldSim.obj
 0001:000f9cc0       _c20_e_emlrt_marshallIn    100facc0 f   c20_testWalkStepWorldSim.obj
 0001:000f9d60       _c20_enter_atomic_c20_testWalkStepWorldSim 100fad60 f   c20_testWalkStepWorldSim.obj
 0001:000f9e10       _c20_enter_internal_c20_testWalkStepWorldSim 100fae10 f   c20_testWalkStepWorldSim.obj
 0001:000fab30       _c20_d_sf_marshallOut      100fbb30 f   c20_testWalkStepWorldSim.obj
 0001:000fac60       _c20_d_sf_marshallIn       100fbc60 f   c20_testWalkStepWorldSim.obj
 0001:000fad30       _c20_g_emlrt_marshallIn    100fbd30 f   c20_testWalkStepWorldSim.obj
 0001:000fadc0       _c20_p_sf_marshallOut      100fbdc0 f   c20_testWalkStepWorldSim.obj
 0001:000fae80       _c20_exit_internal_c20_testWalkStepWorldSim 100fbe80 f   c20_testWalkStepWorldSim.obj
 0001:000fb5b0       _c20_initc20_testWalkStepWorldSim 100fc5b0 f   c20_testWalkStepWorldSim.obj
 0001:000fb770       _c20_wavePoseBradTablec20_testWalkStepWorldSim 100fc770 f   c20_testWalkStepWorldSim.obj
 0001:000fd330       _c20_encStr2Arr            100fe330 f   c20_testWalkStepWorldSim.obj
 0001:000fd870       _c20_b_encStr2Arr          100fe870 f   c20_testWalkStepWorldSim.obj
 0001:000fddd0       _c20_c_encStr2Arr          100fedd0 f   c20_testWalkStepWorldSim.obj
 0001:000fe320       _c20_d_encStr2Arr          100ff320 f   c20_testWalkStepWorldSim.obj
 0001:000fe870       _c20_sf_marshallOut        100ff870 f   c20_testWalkStepWorldSim.obj
 0001:000fe9a0       _c20_sf_marshallIn         100ff9a0 f   c20_testWalkStepWorldSim.obj
 0001:000fea70       _c20_b_emlrt_marshallIn    100ffa70 f   c20_testWalkStepWorldSim.obj
 0001:000feb00       _c20_e_sf_marshallOut      100ffb00 f   c20_testWalkStepWorldSim.obj
 0001:000fec10       _c20_f_sf_marshallOut      100ffc10 f   c20_testWalkStepWorldSim.obj
 0001:000fed40       _c20_g_sf_marshallOut      100ffd40 f   c20_testWalkStepWorldSim.obj
 0001:000fee50       _c20_h_sf_marshallOut      100ffe50 f   c20_testWalkStepWorldSim.obj
 0001:000fef80       _c20_i_sf_marshallOut      100fff80 f   c20_testWalkStepWorldSim.obj
 0001:000ff090       _c20_j_sf_marshallOut      10100090 f   c20_testWalkStepWorldSim.obj
 0001:000ff1c0       _c20_k_sf_marshallOut      101001c0 f   c20_testWalkStepWorldSim.obj
 0001:000ff2d0       _c20_l_sf_marshallOut      101002d0 f   c20_testWalkStepWorldSim.obj
 0001:000ff400       _c20_m_sf_marshallOut      10100400 f   c20_testWalkStepWorldSim.obj
 0001:000ff510       _c20_n_sf_marshallOut      10100510 f   c20_testWalkStepWorldSim.obj
 0001:000ff640       _c20_insertQueuec20_testWalkStepWorldSim 10100640 f   c20_testWalkStepWorldSim.obj
 0001:001006d0       _c20_o_sf_marshallOut      101016d0 f   c20_testWalkStepWorldSim.obj
 0001:00100880       _c20_e_sf_marshallIn       10101880 f   c20_testWalkStepWorldSim.obj
 0001:00100980       _c20_i_emlrt_marshallIn    10101980 f   c20_testWalkStepWorldSim.obj
 0001:00100b50       _c20_updateDataWrittenToVector 10101b50 f   c20_testWalkStepWorldSim.obj
 0001:00100ba0       _c20_errorIfDataNotWrittenToFcn 10101ba0 f   c20_testWalkStepWorldSim.obj
 0001:00100c20       _c20_set_P                 10101c20 f   c20_testWalkStepWorldSim.obj
 0001:00100cb0       _c20_set_STATE_BEFORE      10101cb0 f   c20_testWalkStepWorldSim.obj
 0001:00100d40       _c20_get_STATE_OVER        10101d40 f   c20_testWalkStepWorldSim.obj
 0001:00100dd0       _c20_set_STATE_OVER        10101dd0 f   c20_testWalkStepWorldSim.obj
 0001:00100e60       _c20_get_avert             10101e60 f   c20_testWalkStepWorldSim.obj
 0001:00100ef0       _c20_set_avert             10101ef0 f   c20_testWalkStepWorldSim.obj
 0001:00100f80       _c20_get_bmlsM             10101f80 f   c20_testWalkStepWorldSim.obj
 0001:00101010       _c20_set_bmlsM             10102010 f   c20_testWalkStepWorldSim.obj
 0001:00101bc0       _get_sim_state_c20_testWalkStepWorldSim 10102bc0 f   c20_testWalkStepWorldSim.obj
 0001:00102160       _sf_get_sim_state_info_c20_testWalkStepWorldSim 10103160 f   c20_testWalkStepWorldSim.obj
 0001:001022e0       _set_sim_state_c20_testWalkStepWorldSim 101032e0 f   c20_testWalkStepWorldSim.obj
 0001:00102640       _c20_update_debugger_state_c20_testWalkStepWorldSim 10103640 f   c20_testWalkStepWorldSim.obj
 0001:00102c80       _c20_emlrt_marshallIn      10103c80 f   c20_testWalkStepWorldSim.obj
 0001:00102cd0       _c20_c_emlrt_marshallIn    10103cd0 f   c20_testWalkStepWorldSim.obj
 0001:00102d20       _c20_f_emlrt_marshallIn    10103d20 f   c20_testWalkStepWorldSim.obj
 0001:00102d70       _c20_h_emlrt_marshallIn    10103d70 f   c20_testWalkStepWorldSim.obj
 0001:00102dc0       _c20_l_emlrt_marshallIn    10103dc0 f   c20_testWalkStepWorldSim.obj
 0001:00102e10       _c20_m_emlrt_marshallIn    10103e10 f   c20_testWalkStepWorldSim.obj
 0001:00102e60       _c20_n_emlrt_marshallIn    10103e60 f   c20_testWalkStepWorldSim.obj
 0001:00102ec0       _c20_o_emlrt_marshallIn    10103ec0 f   c20_testWalkStepWorldSim.obj
 0001:00102f60       _mdlProcessParameters_c20_testWalkStepWorldSim 10103f60 f   c20_testWalkStepWorldSim.obj
 0001:00103010       _initialize_params_c20_testWalkStepWorldSim 10104010 f   c20_testWalkStepWorldSim.obj
 0001:00103020       _mdlSetWorkWidths_c20_testWalkStepWorldSim 10104020 f   c20_testWalkStepWorldSim.obj
 0001:001033c0       _sf_get_instance_specialization 101043c0 f   c20_testWalkStepWorldSim.obj
 0001:001033d0       _mdlStart_c20_testWalkStepWorldSim 101043d0 f   c20_testWalkStepWorldSim.obj
 0001:00103570       _init_dsm_address_info     10104570 f   c20_testWalkStepWorldSim.obj
 0001:00103940       _chart_debug_initialization 10104940 f   c20_testWalkStepWorldSim.obj
 0001:00106350       _init_script_number_translation 10107350 f   c20_testWalkStepWorldSim.obj
 0001:00106390       _sf_opaque_initialize_c20_testWalkStepWorldSim 10107390 f   c20_testWalkStepWorldSim.obj
 0001:001063c0       _initialize_c20_testWalkStepWorldSim 101073c0 f   c20_testWalkStepWorldSim.obj
 0001:001063d0       _sf_opaque_enable_c20_testWalkStepWorldSim 101073d0 f   c20_testWalkStepWorldSim.obj
 0001:001063f0       _enable_c20_testWalkStepWorldSim 101073f0 f   c20_testWalkStepWorldSim.obj
 0001:00106400       _sf_opaque_disable_c20_testWalkStepWorldSim 10107400 f   c20_testWalkStepWorldSim.obj
 0001:00106420       _disable_c20_testWalkStepWorldSim 10107420 f   c20_testWalkStepWorldSim.obj
 0001:00106430       _sf_opaque_gateway_c20_testWalkStepWorldSim 10107430 f   c20_testWalkStepWorldSim.obj
 0001:00106450       _sf_gateway_c20_testWalkStepWorldSim 10107450 f   c20_testWalkStepWorldSim.obj
 0001:00106470       _c20_set_sim_state_side_effects_c20_testWalkStepWorldSim 10107470 f   c20_testWalkStepWorldSim.obj
 0001:00106710       _sf_opaque_get_sim_state_c20_testWalkStepWorldSim 10107710 f   c20_testWalkStepWorldSim.obj
 0001:00106720       _sf_opaque_set_sim_state_c20_testWalkStepWorldSim 10107720 f   c20_testWalkStepWorldSim.obj
 0001:00106730       _sf_opaque_terminate_c20_testWalkStepWorldSim 10107730 f   c20_testWalkStepWorldSim.obj
 0001:001067c0       _finalize_c20_testWalkStepWorldSim 101077c0 f   c20_testWalkStepWorldSim.obj
 0001:001067e0       _sf_opaque_init_subchart_simstructs 101077e0 f   c20_testWalkStepWorldSim.obj
 0001:00106800       _initSimStructsc20_testWalkStepWorldSim 10107800 f   c20_testWalkStepWorldSim.obj
 0001:00106810       _mdlRTW_c20_testWalkStepWorldSim 10107810 f   c20_testWalkStepWorldSim.obj
 0001:00106f70       _getChartInfoFromSimStruct 10107f70 f   testWalkStepWorldSim_sfun_registry.obj
 0001:00108070       __ssFatalError             10109070 f   testWalkStepWorldSim_sfun_registry.obj
 0001:0010a3d0       _ProcessMexSfunctionCmdLineCall 1010b3d0 f   testWalkStepWorldSim_sfun_registry.obj
 0001:0010a4f0       _sf_debug_api_wrapper      1010b4f0 f   testWalkStepWorldSim_sfun_registry.obj
 0001:0010a520       _mdlStart                  1010b520 f   testWalkStepWorldSim_sfun_registry.obj
 0001:0010a540       _mdl_start_processing      1010b540 f   testWalkStepWorldSim_sfun_registry.obj
 0001:0010a5b0       _mdlTerminate              1010b5b0 f   testWalkStepWorldSim_sfun_registry.obj
 0001:0010a5d0       _mdl_terminate_processing  1010b5d0 f   testWalkStepWorldSim_sfun_registry.obj
 0001:0010a640       _mdlInitializeSampleTimes  1010b640 f   testWalkStepWorldSim_sfun_registry.obj
 0001:0010a660       _mdlZeroCrossings          1010b660 f   testWalkStepWorldSim_sfun_registry.obj
 0001:0010a680       _mdl_zeroCrossings_processing 1010b680 f   testWalkStepWorldSim_sfun_registry.obj
 0001:0010a6b0       _mdlDerivatives            1010b6b0 f   testWalkStepWorldSim_sfun_registry.obj
 0001:0010a6d0       _mdl_derivatives_processing 1010b6d0 f   testWalkStepWorldSim_sfun_registry.obj
 0001:0010a710       _mdlInitializeConditions   1010b710 f   testWalkStepWorldSim_sfun_registry.obj
 0001:0010a730       _mdl_initialize_conditions_processing 1010b730 f   testWalkStepWorldSim_sfun_registry.obj
 0001:0010a770       _mdlEnable                 1010b770 f   testWalkStepWorldSim_sfun_registry.obj
 0001:0010a790       _mdl_enable_processing     1010b790 f   testWalkStepWorldSim_sfun_registry.obj
 0001:0010a7c0       _mdlDisable                1010b7c0 f   testWalkStepWorldSim_sfun_registry.obj
 0001:0010a7e0       _mdl_disable_processing    1010b7e0 f   testWalkStepWorldSim_sfun_registry.obj
 0001:0010a810       _mdlOutputs                1010b810 f   testWalkStepWorldSim_sfun_registry.obj
 0001:0010a830       _mdl_outputs_processing    1010b830 f   testWalkStepWorldSim_sfun_registry.obj
 0001:0010a900       _mdl_outputs_continuous_legacy 1010b900 f   testWalkStepWorldSim_sfun_registry.obj
 0001:0010a9d0       _mdlGetTimeOfNextVarHit    1010b9d0 f   testWalkStepWorldSim_sfun_registry.obj
 0001:0010aa10       __ProcessMexSfunctionCmdLineCall 1010ba10 f   testWalkStepWorldSim_sfun_registry.obj
 0001:0010b030       _mdlSetWorkWidths          1010c030 f   testWalkStepWorldSim_sfun_registry.obj
 0001:0010b050       _mdlProcessParameters      1010c050 f   testWalkStepWorldSim_sfun_registry.obj
 0001:0010b070       _mdlInitializeSizes        1010c070 f   testWalkStepWorldSim_sfun_registry.obj
 0001:0010b090       _mdlExtModeExec            1010c090 f   testWalkStepWorldSim_sfun_registry.obj
 0001:0010b0b0       _mdl_ext_mode_exec_processing 1010c0b0 f   testWalkStepWorldSim_sfun_registry.obj
 0001:0010b0f0       _mdlRTW                    1010c0f0 f   testWalkStepWorldSim_sfun_registry.obj
 0001:0010b120       __CreateSimStruct          1010c120 f   testWalkStepWorldSim_sfun_registry.obj
 0001:0010b250       __RegNumInputPortsCB       1010c250 f   testWalkStepWorldSim_sfun_registry.obj
 0001:0010b2b0       __RegNumOutputPortsCB      1010c2b0 f   testWalkStepWorldSim_sfun_registry.obj
 0001:0010b871       _pre_c_init                1010c871 f   MSVCRT:crtdll.obj
 0001:0010bac9       ___DllMainCRTStartup       1010cac9 f   MSVCRT:crtdll.obj
