 ARP_02_RPSsmile_WirelessGlove_sfun

 Timestamp is 5507500b (Mon Mar 16 14:50:03 2015)

 Preferred load address is 10000000

 Start         Length     Name                   Class
 0001:00000000 0005cbe4H .text                   CODE
 0002:00000000 00000294H .idata$5                DATA
 0002:00000294 00000004H .CRT$XCA                DATA
 0002:00000298 00000004H .CRT$XCZ                DATA
 0002:0000029c 00000004H .CRT$XIA                DATA
 0002:000002a0 00000004H .CRT$XIAA               DATA
 0002:000002a4 00000004H .CRT$XIC                DATA
 0002:000002a8 00000004H .CRT$XIZ                DATA
 0002:000002b0 00000958H .rdata                  DATA
 0002:00000c10 00000004H .rdata$sxdata           DATA
 0002:00000c14 00000004H .rtc$IAA                DATA
 0002:00000c18 00000004H .rtc$IZZ                DATA
 0002:00000c1c 00000004H .rtc$TAA                DATA
 0002:00000c20 00000004H .rtc$TZZ                DATA
 0002:00000c28 00000064H .xdata$x                DATA
 0002:00000c8c 0000008cH .idata$2                DATA
 0002:00000d18 00000014H .idata$3                DATA
 0002:00000d2c 00000294H .idata$4                DATA
 0002:00000fc0 00000ef6H .idata$6                DATA
 0002:00001ec0 00000068H .edata                  DATA
 0003:00000000 00019d70H .data                   DATA
 0003:00019d70 000004a8H .bss                    DATA

  Address         Publics by Value              Rva+Base       Lib:Object

 0000:00000000       __except_list              00000000     <absolute>
 0000:00000001       ___safe_se_handler_count   00000001     <absolute>
 0000:00009876       __ldused                   00009876     <absolute>
 0000:00009876       __fltused                  00009876     <absolute>
 0000:00000000       ___ImageBase               10000000     <linker-defined>
 0001:00000000       _ARP_02_RPSsmile_WirelessGlove_initializer 10001000 f   ARP_02_RPSsmile_WirelessGlove_sfun.obj
 0001:00000010       _ARP_02_RPSsmile_WirelessGlove_terminator 10001010 f   ARP_02_RPSsmile_WirelessGlove_sfun.obj
 0001:00000020       _sf_ARP_02_RPSsmile_WirelessGlove_method_dispatcher 10001020 f   ARP_02_RPSsmile_WirelessGlove_sfun.obj
 0001:00000090       _sf_ARP_02_RPSsmile_WirelessGlove_process_check_sum_call 10001090 f   ARP_02_RPSsmile_WirelessGlove_sfun.obj
 0001:00000460       _sf_ARP_02_RPSsmile_WirelessGlove_autoinheritance_info 10001460 f   ARP_02_RPSsmile_WirelessGlove_sfun.obj
 0001:00000600       _sf_ARP_02_RPSsmile_WirelessGlove_get_eml_resolved_functions_info 10001600 f   ARP_02_RPSsmile_WirelessGlove_sfun.obj
 0001:00000750       _sf_ARP_02_RPSsmile_WirelessGlove_third_party_uses_info 10001750 f   ARP_02_RPSsmile_WirelessGlove_sfun.obj
 0001:000008e0       _sf_ARP_02_RPSsmile_WirelessGlove_updateBuildInfo_args_info 100018e0 f   ARP_02_RPSsmile_WirelessGlove_sfun.obj
 0001:00000a70       _ARP_02_RPSsmile_WirelessGlove_debug_initialize 10001a70 f   ARP_02_RPSsmile_WirelessGlove_sfun.obj
 0001:00000ad0       _ARP_02_RPSsmile_WirelessGlove_register_exported_symbols 10001ad0 f   ARP_02_RPSsmile_WirelessGlove_sfun.obj
 0001:00000ae0       _load_ARP_02_RPSsmile_WirelessGlove_optimization_info 10001ae0 f   ARP_02_RPSsmile_WirelessGlove_sfun.obj
 0001:00000b20       _unload_ARP_02_RPSsmile_WirelessGlove_optimization_info 10001b20 f   ARP_02_RPSsmile_WirelessGlove_sfun.obj
 0001:00000b90       _sf_c1_ARP_02_RPSsmile_WirelessGlove_get_eml_resolved_functions_info 10001b90 f   c1_ARP_02_RPSsmile_WirelessGlove.obj
 0001:00005820       _sf_c1_ARP_02_RPSsmile_WirelessGlove_get_check_sum 10006820 f   c1_ARP_02_RPSsmile_WirelessGlove.obj
 0001:00005880       _sf_c1_ARP_02_RPSsmile_WirelessGlove_get_autoinheritance_info 10006880 f   c1_ARP_02_RPSsmile_WirelessGlove.obj
 0001:00007aa0       _sf_c1_ARP_02_RPSsmile_WirelessGlove_third_party_uses_info 10008aa0 f   c1_ARP_02_RPSsmile_WirelessGlove.obj
 0001:00007ac0       _sf_c1_ARP_02_RPSsmile_WirelessGlove_updateBuildInfo_args_info 10008ac0 f   c1_ARP_02_RPSsmile_WirelessGlove.obj
 0001:00007ae0       _sf_internal_get_sim_state_c1_ARP_02_RPSsmile_WirelessGlove 10008ae0 f   c1_ARP_02_RPSsmile_WirelessGlove.obj
 0001:00009230       _sf_internal_set_sim_state_c1_ARP_02_RPSsmile_WirelessGlove 1000a230 f   c1_ARP_02_RPSsmile_WirelessGlove.obj
 0001:0000ba10       _c1_ARP_02_RPSsmile_WirelessGlove_method_dispatcher 1000ca10 f   c1_ARP_02_RPSsmile_WirelessGlove.obj
 0001:00052060       _sf_c2_ARP_02_RPSsmile_WirelessGlove_get_eml_resolved_functions_info 10053060 f   c2_ARP_02_RPSsmile_WirelessGlove.obj
 0001:00052360       _sf_c2_ARP_02_RPSsmile_WirelessGlove_get_check_sum 10053360 f   c2_ARP_02_RPSsmile_WirelessGlove.obj
 0001:000523c0       _sf_c2_ARP_02_RPSsmile_WirelessGlove_get_autoinheritance_info 100533c0 f   c2_ARP_02_RPSsmile_WirelessGlove.obj
 0001:00052bd0       _sf_c2_ARP_02_RPSsmile_WirelessGlove_third_party_uses_info 10053bd0 f   c2_ARP_02_RPSsmile_WirelessGlove.obj
 0001:00052bf0       _sf_c2_ARP_02_RPSsmile_WirelessGlove_updateBuildInfo_args_info 10053bf0 f   c2_ARP_02_RPSsmile_WirelessGlove.obj
 0001:00052c10       _sf_internal_get_sim_state_c2_ARP_02_RPSsmile_WirelessGlove 10053c10 f   c2_ARP_02_RPSsmile_WirelessGlove.obj
 0001:00052e50       _sf_internal_set_sim_state_c2_ARP_02_RPSsmile_WirelessGlove 10053e50 f   c2_ARP_02_RPSsmile_WirelessGlove.obj
 0001:00053060       _c2_ARP_02_RPSsmile_WirelessGlove_method_dispatcher 10054060 f   c2_ARP_02_RPSsmile_WirelessGlove.obj
 0001:00055400       _sf_c3_ARP_02_RPSsmile_WirelessGlove_get_eml_resolved_functions_info 10056400 f   c3_ARP_02_RPSsmile_WirelessGlove.obj
 0001:00055450       _sf_c3_ARP_02_RPSsmile_WirelessGlove_get_check_sum 10056450 f   c3_ARP_02_RPSsmile_WirelessGlove.obj
 0001:000554b0       _sf_c3_ARP_02_RPSsmile_WirelessGlove_get_autoinheritance_info 100564b0 f   c3_ARP_02_RPSsmile_WirelessGlove.obj
 0001:000557c0       _sf_c3_ARP_02_RPSsmile_WirelessGlove_third_party_uses_info 100567c0 f   c3_ARP_02_RPSsmile_WirelessGlove.obj
 0001:000557e0       _sf_c3_ARP_02_RPSsmile_WirelessGlove_updateBuildInfo_args_info 100567e0 f   c3_ARP_02_RPSsmile_WirelessGlove.obj
 0001:00055800       _sf_internal_get_sim_state_c3_ARP_02_RPSsmile_WirelessGlove 10056800 f   c3_ARP_02_RPSsmile_WirelessGlove.obj
 0001:00055aa0       _sf_internal_set_sim_state_c3_ARP_02_RPSsmile_WirelessGlove 10056aa0 f   c3_ARP_02_RPSsmile_WirelessGlove.obj
 0001:00055d90       _c3_ARP_02_RPSsmile_WirelessGlove_method_dispatcher 10056d90 f   c3_ARP_02_RPSsmile_WirelessGlove.obj
 0001:00057310       _sf_process_check_sum_call 10058310 f   ARP_02_RPSsmile_WirelessGlove_sfun_registry.obj
 0001:00057340       _sf_process_autoinheritance_call 10058340 f   ARP_02_RPSsmile_WirelessGlove_sfun_registry.obj
 0001:00057480       _sf_process_get_third_party_uses_info_call 10058480 f   ARP_02_RPSsmile_WirelessGlove_sfun_registry.obj
 0001:000575c0       _sf_process_get_updateBuildInfo_args_info_call 100585c0 f   ARP_02_RPSsmile_WirelessGlove_sfun_registry.obj
 0001:00057700       _sf_process_get_eml_resolved_functions_info_call 10058700 f   ARP_02_RPSsmile_WirelessGlove_sfun_registry.obj
 0001:00057820       _sf_mex_unlock_call        10058820 f   ARP_02_RPSsmile_WirelessGlove_sfun_registry.obj
 0001:000578b0       _sf_machine_global_initializer_called 100588b0 f   ARP_02_RPSsmile_WirelessGlove_sfun_registry.obj
 0001:000578d0       _sf_machine_global_method_dispatcher 100588d0 f   ARP_02_RPSsmile_WirelessGlove_sfun_registry.obj
 0001:00057910       _sf_machine_global_terminator 10058910 f   ARP_02_RPSsmile_WirelessGlove_sfun_registry.obj
 0001:00057950       _sf_register_machine_exported_symbols 10058950 f   ARP_02_RPSsmile_WirelessGlove_sfun_registry.obj
 0001:00057970       _callCustomFcn             10058970 f   ARP_02_RPSsmile_WirelessGlove_sfun_registry.obj
 0001:00057980       _sf_machine_global_initializer 10058980 f   ARP_02_RPSsmile_WirelessGlove_sfun_registry.obj
 0001:000579f0       _mdlGetSimState            100589f0 f   ARP_02_RPSsmile_WirelessGlove_sfun_registry.obj
 0001:00057a50       _mdlSetSimState            10058a50 f   ARP_02_RPSsmile_WirelessGlove_sfun_registry.obj
 0001:00057a80       __ssSetStateAbsTol         10058a80 f   ARP_02_RPSsmile_WirelessGlove_sfun_registry.obj
 0001:00057b20       __ssGetAbsTol              10058b20 f   ARP_02_RPSsmile_WirelessGlove_sfun_registry.obj
 0001:00057b70       __ssSetInputPortMatrixDimensions 10058b70 f   ARP_02_RPSsmile_WirelessGlove_sfun_registry.obj
 0001:00057c20       __ssSetOutputPortMatrixDimensions 10058c20 f   ARP_02_RPSsmile_WirelessGlove_sfun_registry.obj
 0001:00057cd0       __ssSetInputPortVectorDimension 10058cd0 f   ARP_02_RPSsmile_WirelessGlove_sfun_registry.obj
 0001:00057d50       __ssSetOutputPortVectorDimension 10058d50 f   ARP_02_RPSsmile_WirelessGlove_sfun_registry.obj
 0001:00057dd0       _ssIsRunTimeParamTunable   10058dd0 f   ARP_02_RPSsmile_WirelessGlove_sfun_registry.obj
 0001:00057e30       _ssGetSFuncBlockHandle     10058e30 f   ARP_02_RPSsmile_WirelessGlove_sfun_registry.obj
 0001:00057e80       __ssGetCurrentInputPortWidth 10058e80 f   ARP_02_RPSsmile_WirelessGlove_sfun_registry.obj
 0001:00057f50       __ssGetCurrentOutputPortWidth 10058f50 f   ARP_02_RPSsmile_WirelessGlove_sfun_registry.obj
 0001:00058020       __ssGetCallSystemNumFcnCallDestinations 10059020 f   ARP_02_RPSsmile_WirelessGlove_sfun_registry.obj
 0001:00058080       _ssWarning                 10059080 f   ARP_02_RPSsmile_WirelessGlove_sfun_registry.obj
 0001:00058160       _ssGetIsZeroCrossControlDisabled 10059160 f   ARP_02_RPSsmile_WirelessGlove_sfun_registry.obj
 0001:000581c0       _ssSetIsInputPortUsedForContZcSignal 100591c0 f   ARP_02_RPSsmile_WirelessGlove_sfun_registry.obj
 0001:00058210       _ssSetZcSignalIsZcElementDisc 10059210 f   ARP_02_RPSsmile_WirelessGlove_sfun_registry.obj
 0001:00058290       _ssSetZcSignalName         10059290 f   ARP_02_RPSsmile_WirelessGlove_sfun_registry.obj
 0001:000582e0       _ssSetZcSignalWidth        100592e0 f   ARP_02_RPSsmile_WirelessGlove_sfun_registry.obj
 0001:00058330       _ssSetZcSignalZcEventType  10059330 f   ARP_02_RPSsmile_WirelessGlove_sfun_registry.obj
 0001:00058380       _ssSetZcSignalType         10059380 f   ARP_02_RPSsmile_WirelessGlove_sfun_registry.obj
 0001:000583d0       _ssSetZcSignalZcTol        100593d0 f   ARP_02_RPSsmile_WirelessGlove_sfun_registry.obj
 0001:00058420       _ssSetZcSignalNeedsEventNotification 10059420 f   ARP_02_RPSsmile_WirelessGlove_sfun_registry.obj
 0001:00058470       _ssCreateAndAddZcSignalInfo 10059470 f   ARP_02_RPSsmile_WirelessGlove_sfun_registry.obj
 0001:000584d0       _ssCloneAndAddZcSignalInfo 100594d0 f   ARP_02_RPSsmile_WirelessGlove_sfun_registry.obj
 0001:00058530       _ssGetNumZcSignals         10059530 f   ARP_02_RPSsmile_WirelessGlove_sfun_registry.obj
 0001:00058590       _ssGetZcSignalVector       10059590 f   ARP_02_RPSsmile_WirelessGlove_sfun_registry.obj
 0001:000585f0       _ssGetZcSignalZcEvents     100595f0 f   ARP_02_RPSsmile_WirelessGlove_sfun_registry.obj
 0001:00058650       _ssGetZcSignalName         10059650 f   ARP_02_RPSsmile_WirelessGlove_sfun_registry.obj
 0001:000586b0       _ssGetZcSignalWidth        100596b0 f   ARP_02_RPSsmile_WirelessGlove_sfun_registry.obj
 0001:00058710       _ssGetZcSignalZcEventType  10059710 f   ARP_02_RPSsmile_WirelessGlove_sfun_registry.obj
 0001:00058770       _ssGetZcSignalType         10059770 f   ARP_02_RPSsmile_WirelessGlove_sfun_registry.obj
 0001:000587d0       _ssGetZcSignalZcTol        100597d0 f   ARP_02_RPSsmile_WirelessGlove_sfun_registry.obj
 0001:00058830       _ssGetZcSignalNeedsEventNotification 10059830 f   ARP_02_RPSsmile_WirelessGlove_sfun_registry.obj
 0001:00058890       _ssGetZcSignalIsZcElementDisc 10059890 f   ARP_02_RPSsmile_WirelessGlove_sfun_registry.obj
 0001:00058910       _ssGetIsInputPortElementContinuous 10059910 f   ARP_02_RPSsmile_WirelessGlove_sfun_registry.obj
 0001:00058990       __ssGetInputPortSignalPtrsFcn 10059990 f   ARP_02_RPSsmile_WirelessGlove_sfun_registry.obj
 0001:00058b90       __ssGetInputPortSignalFcn  10059b90 f   ARP_02_RPSsmile_WirelessGlove_sfun_registry.obj
 0001:00058d20       __ssSetInputPortDirectFeedThroughFcn 10059d20 f   ARP_02_RPSsmile_WirelessGlove_sfun_registry.obj
 0001:00058e50       __ssSetInputPortReusableFcn 10059e50 f   ARP_02_RPSsmile_WirelessGlove_sfun_registry.obj
 0001:00058ee0       __ssSetOutputPortReusableFcn 10059ee0 f   ARP_02_RPSsmile_WirelessGlove_sfun_registry.obj
 0001:00058f70       _ssGetDTypeIdFromMxArray   10059f70 f   ARP_02_RPSsmile_WirelessGlove_sfun_registry.obj
 0001:00059060       _ssWriteRTWStr             1005a060 f   ARP_02_RPSsmile_WirelessGlove_sfun_registry.obj
 0001:000590a0       _ssWriteRTWMxVectParam     1005a0a0 f   ARP_02_RPSsmile_WirelessGlove_sfun_registry.obj
 0001:000590e0       _ssWriteRTWMx2dMatParam    1005a0e0 f   ARP_02_RPSsmile_WirelessGlove_sfun_registry.obj
 0001:00059120       _ssWriteRTWNameValuePair   1005a120 f   ARP_02_RPSsmile_WirelessGlove_sfun_registry.obj
 0001:00059490       _ssWriteRTWParameters      1005a490 f   ARP_02_RPSsmile_WirelessGlove_sfun_registry.obj
 0001:00059830       _ssWriteRTWParamSettings   1005a830 f   ARP_02_RPSsmile_WirelessGlove_sfun_registry.obj
 0001:00059ce0       _ssWriteRTWWorkVect        1005ace0 f   ARP_02_RPSsmile_WirelessGlove_sfun_registry.obj
 0001:0005a070       _mexFunction               1005b070 f   ARP_02_RPSsmile_WirelessGlove_sfun_registry.obj
 0001:0005bdc0       _ProcessMexSfunctionEveryCall 1005cdc0 f   ARP_02_RPSsmile_WirelessGlove_sfun_registry.obj
 0001:0005bede       _sf_debug_set_machine_data_thresholds 1005cede f   sf_runtime:sf_runtime.dll
 0001:0005bee4       _sf_debug_set_machine_event_thresholds 1005cee4 f   sf_runtime:sf_runtime.dll
 0001:0005beea       _sf_debug_initialize_machine 1005ceea f   sf_runtime:sf_runtime.dll
 0001:0005bef0       _sf_load_rtw_optimization_info 1005cef0 f   sf_runtime:sf_runtime.dll
 0001:0005bef6       _sf_mex_emlrtNameCapturePostProcessR2012a 1005cef6 f   sf_runtime:sf_runtime.dll
 0001:0005befc       _sf_mex_assign             1005cefc f   sf_runtime:sf_runtime.dll
 0001:0005bf02       _sf_mex_createstruct       1005cf02 f   sf_runtime:sf_runtime.dll
 0001:0005bf08       _sf_mex_destroy            1005cf08 f   sf_runtime:sf_runtime.dll
 0001:0005bf0e       _sf_mex_duplicatearraysafe 1005cf0e f   sf_runtime:sf_runtime.dll
 0001:0005bf14       _sf_mex_createcellmatrix   1005cf14 f   sf_runtime:sf_runtime.dll
 0001:0005bf1a       _sf_mex_addfield           1005cf1a f   sf_runtime:sf_runtime.dll
 0001:0005bf20       _sf_mex_create             1005cf20 f   sf_runtime:sf_runtime.dll
 0001:0005bf26       _sf_mex_error_message      1005cf26 f   sf_runtime:sf_runtime.dll
 0001:0005bf2c       _sf_mex_call_matlab        1005cf2c f   sf_runtime:sf_runtime.dll
 0001:0005bf32       _sf_mex_setcell            1005cf32 f   sf_runtime:sf_runtime.dll
 0001:0005bf38       _sf_mex_decode_encoded_mx_struct_array 1005cf38 f   sf_runtime:sf_runtime.dll
 0001:0005bf3e       _sf_mex_getcell            1005cf3e f   sf_runtime:sf_runtime.dll
 0001:0005bf44       _sf_mex_dup                1005cf44 f   sf_runtime:sf_runtime.dll
 0001:0005bf4a       _sf_debug_animate          1005cf4a f   sf_runtime:sf_runtime.dll
 0001:0005bf50       _sf_debug_call             1005cf50 f   sf_runtime:sf_runtime.dll
 0001:0005bf56       _sf_debug_set_honor_breakpoints 1005cf56 f   sf_runtime:sf_runtime.dll
 0001:0005bf5c       _sf_debug_set_animation    1005cf5c f   sf_runtime:sf_runtime.dll
 0001:0005bf62       _sf_debug_get_animation    1005cf62 f   sf_runtime:sf_runtime.dll
 0001:0005bf68       _sf_mex_import             1005cf68 f   sf_runtime:sf_runtime.dll
 0001:0005bf6e       _sf_set_rtw_dwork_info     1005cf6e f   sf_runtime:sf_runtime.dll
 0001:0005bf74       _sf_mark_chart_reusable_outputs 1005cf74 f   sf_runtime:sf_runtime.dll
 0001:0005bf7a       _sf_mark_chart_expressionable_inputs 1005cf7a f   sf_runtime:sf_runtime.dll
 0001:0005bf80       _sf_mark_output_events_with_multiple_callers 1005cf80 f   sf_runtime:sf_runtime.dll
 0001:0005bf86       _sf_update_buildInfo       1005cf86 f   sf_runtime:sf_runtime.dll
 0001:0005bf8c       _sf_rtw_info_uint_prop     1005cf8c f   sf_runtime:sf_runtime.dll
 0001:0005bf92       _sf_is_chart_inlinable     1005cf92 f   sf_runtime:sf_runtime.dll
 0001:0005bf98       _sim_mode_is_external      1005cf98 f   sf_runtime:sf_runtime.dll
 0001:0005bf9e       _sim_mode_is_rtw_gen       1005cf9e f   sf_runtime:sf_runtime.dll
 0001:0005bfa4       _sf_debug_reset_current_state_configuration 1005cfa4 f   sf_runtime:sf_runtime.dll
 0001:0005bfaa       _sf_debug_set_instance_data_value_ptr 1005cfaa f   sf_runtime:sf_runtime.dll
 0001:0005bfb0       _sf_debug_set_chart_data_compiled_props 1005cfb0 f   sf_runtime:sf_runtime.dll
 0001:0005bfb6       _cv_eml_init_mcdc          1005cfb6 f   sf_runtime:sf_runtime.dll
 0001:0005bfbc       _cv_script_init_fcn        1005cfbc f   sf_runtime:sf_runtime.dll
 0001:0005bfc2       _cv_script_init_script     1005cfc2 f   sf_runtime:sf_runtime.dll
 0001:0005bfc8       _cv_eml_init_if            1005cfc8 f   sf_runtime:sf_runtime.dll
 0001:0005bfce       _cv_eml_init_fcn           1005cfce f   sf_runtime:sf_runtime.dll
 0001:0005bfd4       _cv_eml_init_script        1005cfd4 f   sf_runtime:sf_runtime.dll
 0001:0005bfda       _sf_debug_cv_init_trans    1005cfda f   sf_runtime:sf_runtime.dll
 0001:0005bfe0       _sf_debug_cv_init_state    1005cfe0 f   sf_runtime:sf_runtime.dll
 0001:0005bfe6       _sf_debug_cv_init_chart    1005cfe6 f   sf_runtime:sf_runtime.dll
 0001:0005bfec       _sf_debug_set_chart_state_substate_index 1005cfec f   sf_runtime:sf_runtime.dll
 0001:0005bff2       _sf_debug_set_chart_state_substate_count 1005cff2 f   sf_runtime:sf_runtime.dll
 0001:0005bff8       _sf_debug_set_chart_substate_index 1005cff8 f   sf_runtime:sf_runtime.dll
 0001:0005bffe       _sf_debug_set_chart_decomposition 1005cffe f   sf_runtime:sf_runtime.dll
 0001:0005c004       _sf_debug_set_chart_substate_count 1005d004 f   sf_runtime:sf_runtime.dll
 0001:0005c00a       _sf_debug_set_chart_state_info 1005d00a f   sf_runtime:sf_runtime.dll
 0001:0005c010       _sf_debug_set_chart_event_scope 1005d010 f   sf_runtime:sf_runtime.dll
 0001:0005c016       _sf_debug_set_chart_data_props 1005d016 f   sf_runtime:sf_runtime.dll
 0001:0005c01c       _sf_debug_set_chart_event_thresholds 1005d01c f   sf_runtime:sf_runtime.dll
 0001:0005c022       _sf_debug_set_chart_disable_implicit_casting 1005d022 f   sf_runtime:sf_runtime.dll
 0001:0005c028       _sf_debug_initialize_chart 1005d028 f   sf_runtime:sf_runtime.dll
 0001:0005c02e       _sf_debug_set_script_translation 1005d02e f   sf_runtime:sf_runtime.dll
 0001:0005c034       _sf_debug_get_script_id    1005d034 f   sf_runtime:sf_runtime.dll
 0001:0005c03a       _sf_get_time               1005d03a f   sf_runtime:sf_runtime.dll
 0001:0005c040       _sf_call_output_fcn_enable 1005d040 f   sf_runtime:sf_runtime.dll
 0001:0005c046       _sf_call_output_fcn_disable 1005d046 f   sf_runtime:sf_runtime.dll
 0001:0005c04c       _sf_debug_check_for_state_inconsistency 1005d04c f   sf_runtime:sf_runtime.dll
 0001:0005c052       _sf_debug_symbol_scope_pop 1005d052 f   sf_runtime:sf_runtime.dll
 0001:0005c058       _sf_debug_data_range_wrapper 1005d058 f   sf_runtime:sf_runtime.dll
 0001:0005c05e       _sf_debug_symbol_scope_push 1005d05e f   sf_runtime:sf_runtime.dll
 0001:0005c064       _sf_mex_sub                1005d064 f   sf_runtime:sf_runtime.dll
 0001:0005c06a       _cv_eml_eval               1005d06a f   sf_runtime:sf_runtime.dll
 0001:0005c070       _cv_eval_point             1005d070 f   sf_runtime:sf_runtime.dll
 0001:0005c076       _sf_mex_call_debug         1005d076 f   sf_runtime:sf_runtime.dll
 0001:0005c07c       _sf_mex_printf             1005d07c f   sf_runtime:sf_runtime.dll
 0001:0005c082       _sf_debug_unset_instance_data_value_ptr 1005d082 f   sf_runtime:sf_runtime.dll
 0001:0005c088       _sf_call_output_fcn_call   1005d088 f   sf_runtime:sf_runtime.dll
 0001:0005c08e       _sf_debug_symbol_scope_add_importable 1005d08e f   sf_runtime:sf_runtime.dll
 0001:0005c094       _sf_debug_symbol_scope_add_eml_importable 1005d094 f   sf_runtime:sf_runtime.dll
 0001:0005c09a       _sf_debug_symbol_scope_push_eml 1005d09a f   sf_runtime:sf_runtime.dll
 0001:0005c0a0       _cv_script_eval            1005d0a0 f   sf_runtime:sf_runtime.dll
 0001:0005c0a6       _sf_debug_symbol_scope_add_eml 1005d0a6 f   sf_runtime:sf_runtime.dll
 0001:0005c0ac       _eml_debug_line_call       1005d0ac f   sf_runtime:sf_runtime.dll
 0001:0005c0b2       _sf_debug_temporal_threshold 1005d0b2 f   sf_runtime:sf_runtime.dll
 0001:0005c0b8       _sf_debug_eml_data_array_bounds_error_check 1005d0b8 f   sf_runtime:sf_runtime.dll
 0001:0005c0be       _sf_debug_read_before_write_check 1005d0be f   sf_runtime:sf_runtime.dll
 0001:0005c0c4       _sf_debug_integer_check    1005d0c4 f   sf_runtime:sf_runtime.dll
 0001:0005c0ca       _sf_clear_rtw_identifier   1005d0ca f   sf_runtime:sf_runtime.dll
 0001:0005c0d0       _sf_debug_terminate        1005d0d0 f   sf_runtime:sf_runtime.dll
 0001:0005c0d6       _sf_debug_create_debug_instance_struct 1005d0d6 f   sf_runtime:sf_runtime.dll
 0001:0005c0dc       _sf_debug_api              1005d0dc f   sf_runtime:sf_runtime.dll
 0001:0005c0e2       _callMdlMethodAndReportError 1005d0e2 f   sf_runtime:sf_runtime.dll
 0001:0005c0e8       _call_sf_machine_global_method_dispatcher 1005d0e8 f   sf_runtime:sf_runtime.dll
 0001:0005c0ee       _sf_clear_error_manager_info 1005d0ee f   sf_runtime:sf_runtime.dll
 0001:0005c0f4       _sf_mex_error_direct_call  1005d0f4 f   sf_runtime:sf_runtime.dll
 0001:0005c0fa       _mxGetScalar               1005d0fa f   libmx:libmx.dll
 0001:0005c100       _mxGetPr                   1005d100 f   libmx:libmx.dll
 0001:0005c106       _mxCreateDoubleMatrix_730  1005d106 f   libmx:libmx.dll
 0001:0005c10c       _mxGetString_730           1005d10c f   libmx:libmx.dll
 0001:0005c112       _mxIsChar                  1005d112 f   libmx:libmx.dll
 0001:0005c118       _mxDestroyArray            1005d118 f   libmx:libmx.dll
 0001:0005c11e       _mxDuplicateArray          1005d11e f   libmx:libmx.dll
 0001:0005c124       _mxCreateDoubleScalar      1005d124 f   libmx:libmx.dll
 0001:0005c12a       _mxSetField_730            1005d12a f   libmx:libmx.dll
 0001:0005c130       _mxCreateString            1005d130 f   libmx:libmx.dll
 0001:0005c136       _mxCreateStructMatrix_730  1005d136 f   libmx:libmx.dll
 0001:0005c13c       _mxCreateCellMatrix_730    1005d13c f   libmx:libmx.dll
 0001:0005c142       _mxIsEmpty                 1005d142 f   libmx:libmx.dll
 0001:0005c148       _mxGetClassID              1005d148 f   libmx:libmx.dll
 0001:0005c14e       _mxIsNumeric               1005d14e f   libmx:libmx.dll
 0001:0005c154       _mxIsComplex               1005d154 f   libmx:libmx.dll
 0001:0005c15a       _mxGetN                    1005d15a f   libmx:libmx.dll
 0001:0005c160       _mxGetM                    1005d160 f   libmx:libmx.dll
 0001:0005c166       _mxCalloc                  1005d166 f   libmx:libmx.dll
 0001:0005c16c       _mexMakeArrayPersistent    1005d16c f   libmex:libmex.dll
 0001:0005c172       _mexUnlock                 1005d172 f   libmex:libmex.dll
 0001:0005c178       _mexIsLocked               1005d178 f   libmex:libmex.dll
 0001:0005c17e       _mexWarnMsgTxt             1005d17e f   libmex:libmex.dll
 0001:0005c184       _mexCallMATLAB             1005d184 f   libmex:libmex.dll
 0001:0005c18a       _mexErrMsgTxt              1005d18a f   libmex:libmex.dll
 0001:0005c190       _mexLock                   1005d190 f   libmex:libmex.dll
 0001:0005c196       _utMalloc                  1005d196 f   libut:libut.dll
 0001:0005c19c       _utFree                    1005d19c f   libut:libut.dll
 0001:0005c1a2       _muDoubleScalarFloor       1005d1a2 f   libmwmathutil:libmwmathutil.dll
 0001:0005c1a8       _muDoubleScalarRound       1005d1a8 f   libmwmathutil:libmwmathutil.dll
 0001:0005c1ae       _strcmp                    1005d1ae f   MSVCRT:MSVCR100.dll
 0001:0005c1c0       @__security_check_cookie@4 1005d1c0 f   MSVCRT:secchk.obj
 0001:0005c1d0       _strlen                    1005d1d0 f   MSVCRT:MSVCR100.dll
 0001:0005c1d6       _memset                    1005d1d6 f   MSVCRT:MSVCR100.dll
 0001:0005c1e0       __alloca_probe             1005d1e0     MSVCRT:chkstk.obj
 0001:0005c1e0       __chkstk                   1005d1e0 f   MSVCRT:chkstk.obj
 0001:0005c210       __ftol2_sse                1005d210 f   MSVCRT:ftol2.obj
 0001:0005c219       __ftol2_pentium4           1005d219 f   MSVCRT:ftol2.obj
 0001:0005c22c       __ftol2_sse_excpt          1005d22c f   MSVCRT:ftol2.obj
 0001:0005c246       __ftol2                    1005d246 f   MSVCRT:ftol2.obj
 0001:0005c2bc       _free                      1005d2bc f   MSVCRT:MSVCR100.dll
 0001:0005c2c2       _sprintf                   1005d2c2 f   MSVCRT:MSVCR100.dll
 0001:0005c2c8       _malloc                    1005d2c8 f   MSVCRT:MSVCR100.dll
 0001:0005c2ce       _strcat                    1005d2ce f   MSVCRT:MSVCR100.dll
 0001:0005c2d4       _memcpy                    1005d2d4 f   MSVCRT:MSVCR100.dll
 0001:0005c2da       _NtCurrentTeb              1005d2da f i MSVCRT:crtdll.obj
 0001:0005c32f       __CRT_INIT@12              1005d32f f   MSVCRT:crtdll.obj
 0001:0005c64f       __DllMainCRTStartup@12     1005d64f f   MSVCRT:crtdll.obj
 0001:0005c672       ___report_gsfailure        1005d672 f   MSVCRT:gs_report.obj
 0001:0005c778       ___sse2_available_init     1005d778 f   MSVCRT:cpu_disp.obj
 0001:0005c788       ___clean_type_info_names   1005d788 f   MSVCRT:tncleanup.obj
 0001:0005c794       __onexit                   1005d794 f   MSVCRT:atonexit.obj
 0001:0005c835       _atexit                    1005d835 f   MSVCRT:atonexit.obj
 0001:0005c84c       __RTC_Initialize           1005d84c f   MSVCRT:_initsect_.obj
 0001:0005c872       __RTC_Terminate            1005d872 f   MSVCRT:_initsect_.obj
 0001:0005c898       __malloc_crt               1005d898 f   MSVCRT:MSVCR100.dll
 0001:0005c89e       __encoded_null             1005d89e f   MSVCRT:MSVCR100.dll
 0001:0005c8b0       __ValidateImageBase        1005d8b0 f   MSVCRT:pesect.obj
 0001:0005c8f0       __FindPESection            1005d8f0 f   MSVCRT:pesect.obj
 0001:0005c940       __IsNonwritableInCurrentImage 1005d940 f   MSVCRT:pesect.obj
 0001:0005c9fc       __initterm                 1005d9fc f   MSVCRT:MSVCR100.dll
 0001:0005ca02       __initterm_e               1005da02 f   MSVCRT:MSVCR100.dll
 0001:0005ca08       __amsg_exit                1005da08 f   MSVCRT:MSVCR100.dll
 0001:0005ca0e       ___CppXcptFilter           1005da0e f   MSVCRT:MSVCR100.dll
 0001:0005ca14       _DllMain@12                1005da14 f   MSVCRT:dllmain.obj
 0001:0005ca40       __SEH_prolog4              1005da40 f   MSVCRT:sehprolg4.obj
 0001:0005ca85       __SEH_epilog4              1005da85 f   MSVCRT:sehprolg4.obj
 0001:0005ca99       __except_handler4          1005da99 f   MSVCRT:chandler4gs.obj
 0001:0005cabe       ___security_init_cookie    1005dabe f   MSVCRT:gs_support.obj
 0001:0005cb5a       __crt_debugger_hook        1005db5a f   MSVCRT:MSVCR100.dll
 0001:0005cb60       ___clean_type_info_names_internal 1005db60 f   MSVCRT:MSVCR100.dll
 0001:0005cb66       __unlock                   1005db66 f   MSVCRT:MSVCR100.dll
 0001:0005cb6c       ___dllonexit               1005db6c f   MSVCRT:MSVCR100.dll
 0001:0005cb72       __lock                     1005db72 f   MSVCRT:MSVCR100.dll
 0001:0005cb78       __except_handler4_common   1005db78 f   MSVCRT:MSVCR100.dll
 0001:0005cb7e       _EncodePointer@4           1005db7e f   kernel32:KERNEL32.dll
 0001:0005cb84       _DecodePointer@4           1005db84 f   kernel32:KERNEL32.dll
 0001:0005cb8a       _InterlockedExchange@8     1005db8a f   kernel32:KERNEL32.dll
 0001:0005cb90       _Sleep@4                   1005db90 f   kernel32:KERNEL32.dll
 0001:0005cb96       _InterlockedCompareExchange@12 1005db96 f   kernel32:KERNEL32.dll
 0001:0005cb9c       _TerminateProcess@8        1005db9c f   kernel32:KERNEL32.dll
 0001:0005cba2       _GetCurrentProcess@0       1005dba2 f   kernel32:KERNEL32.dll
 0001:0005cba8       _UnhandledExceptionFilter@4 1005dba8 f   kernel32:KERNEL32.dll
 0001:0005cbae       _SetUnhandledExceptionFilter@4 1005dbae f   kernel32:KERNEL32.dll
 0001:0005cbb4       _IsDebuggerPresent@0       1005dbb4 f   kernel32:KERNEL32.dll
 0001:0005cbba       _IsProcessorFeaturePresent@4 1005dbba f   kernel32:KERNEL32.dll
 0001:0005cbc0       _DisableThreadLibraryCalls@4 1005dbc0 f   kernel32:KERNEL32.dll
 0001:0005cbc6       _QueryPerformanceCounter@4 1005dbc6 f   kernel32:KERNEL32.dll
 0001:0005cbcc       _GetTickCount@0            1005dbcc f   kernel32:KERNEL32.dll
 0001:0005cbd2       _GetCurrentThreadId@0      1005dbd2 f   kernel32:KERNEL32.dll
 0001:0005cbd8       _GetCurrentProcessId@0     1005dbd8 f   kernel32:KERNEL32.dll
 0001:0005cbde       _GetSystemTimeAsFileTime@4 1005dbde f   kernel32:KERNEL32.dll
 0002:00000000       __imp__GetCurrentProcessId@0 1005e000     kernel32:KERNEL32.dll
 0002:00000004       __imp__GetCurrentThreadId@0 1005e004     kernel32:KERNEL32.dll
 0002:00000008       __imp__GetTickCount@0      1005e008     kernel32:KERNEL32.dll
 0002:0000000c       __imp__QueryPerformanceCounter@4 1005e00c     kernel32:KERNEL32.dll
 0002:00000010       __imp__DisableThreadLibraryCalls@4 1005e010     kernel32:KERNEL32.dll
 0002:00000014       __imp__IsProcessorFeaturePresent@4 1005e014     kernel32:KERNEL32.dll
 0002:00000018       __imp__IsDebuggerPresent@0 1005e018     kernel32:KERNEL32.dll
 0002:0000001c       __imp__SetUnhandledExceptionFilter@4 1005e01c     kernel32:KERNEL32.dll
 0002:00000020       __imp__UnhandledExceptionFilter@4 1005e020     kernel32:KERNEL32.dll
 0002:00000024       __imp__GetCurrentProcess@0 1005e024     kernel32:KERNEL32.dll
 0002:00000028       __imp__TerminateProcess@8  1005e028     kernel32:KERNEL32.dll
 0002:0000002c       __imp__InterlockedCompareExchange@12 1005e02c     kernel32:KERNEL32.dll
 0002:00000030       __imp__Sleep@4             1005e030     kernel32:KERNEL32.dll
 0002:00000034       __imp__InterlockedExchange@8 1005e034     kernel32:KERNEL32.dll
 0002:00000038       __imp__DecodePointer@4     1005e038     kernel32:KERNEL32.dll
 0002:0000003c       __imp__EncodePointer@4     1005e03c     kernel32:KERNEL32.dll
 0002:00000040       __imp__GetSystemTimeAsFileTime@4 1005e040     kernel32:KERNEL32.dll
 0002:00000044       \177KERNEL32_NULL_THUNK_DATA 1005e044     kernel32:KERNEL32.dll
 0002:00000048       __imp___except_handler4_common 1005e048     MSVCRT:MSVCR100.dll
 0002:0000004c       __imp___onexit             1005e04c     MSVCRT:MSVCR100.dll
 0002:00000050       __imp___lock               1005e050     MSVCRT:MSVCR100.dll
 0002:00000054       __imp____dllonexit         1005e054     MSVCRT:MSVCR100.dll
 0002:00000058       __imp___unlock             1005e058     MSVCRT:MSVCR100.dll
 0002:0000005c       __imp____clean_type_info_names_internal 1005e05c     MSVCRT:MSVCR100.dll
 0002:00000060       __imp___crt_debugger_hook  1005e060     MSVCRT:MSVCR100.dll
 0002:00000064       __imp____CppXcptFilter     1005e064     MSVCRT:MSVCR100.dll
 0002:00000068       __imp___amsg_exit          1005e068     MSVCRT:MSVCR100.dll
 0002:0000006c       __imp___initterm_e         1005e06c     MSVCRT:MSVCR100.dll
 0002:00000070       __imp___initterm           1005e070     MSVCRT:MSVCR100.dll
 0002:00000074       __imp___encoded_null       1005e074     MSVCRT:MSVCR100.dll
 0002:00000078       __imp___malloc_crt         1005e078     MSVCRT:MSVCR100.dll
 0002:0000007c       __imp__memcpy              1005e07c     MSVCRT:MSVCR100.dll
 0002:00000080       __imp__strcat              1005e080     MSVCRT:MSVCR100.dll
 0002:00000084       __imp__malloc              1005e084     MSVCRT:MSVCR100.dll
 0002:00000088       __imp__sprintf             1005e088     MSVCRT:MSVCR100.dll
 0002:0000008c       __imp__free                1005e08c     MSVCRT:MSVCR100.dll
 0002:00000090       __imp__memset              1005e090     MSVCRT:MSVCR100.dll
 0002:00000094       __imp__strlen              1005e094     MSVCRT:MSVCR100.dll
 0002:00000098       __imp__strcmp              1005e098     MSVCRT:MSVCR100.dll
 0002:0000009c       \177MSVCR100_NULL_THUNK_DATA 1005e09c     MSVCRT:MSVCR100.dll
 0002:000000a0       __imp__mexErrMsgTxt        1005e0a0     libmex:libmex.dll
 0002:000000a4       __imp__mexUnlock           1005e0a4     libmex:libmex.dll
 0002:000000a8       __imp__mexIsLocked         1005e0a8     libmex:libmex.dll
 0002:000000ac       __imp__mexLock             1005e0ac     libmex:libmex.dll
 0002:000000b0       __imp__mexMakeArrayPersistent 1005e0b0     libmex:libmex.dll
 0002:000000b4       __imp__mexCallMATLAB       1005e0b4     libmex:libmex.dll
 0002:000000b8       __imp__mexWarnMsgTxt       1005e0b8     libmex:libmex.dll
 0002:000000bc       \177libmex_NULL_THUNK_DATA 1005e0bc     libmex:libmex.dll
 0002:000000c0       __imp__muDoubleScalarRound 1005e0c0     libmwmathutil:libmwmathutil.dll
 0002:000000c4       __imp__muDoubleScalarFloor 1005e0c4     libmwmathutil:libmwmathutil.dll
 0002:000000c8       \177libmwmathutil_NULL_THUNK_DATA 1005e0c8     libmwmathutil:libmwmathutil.dll
 0002:000000cc       __imp__mxCalloc            1005e0cc     libmx:libmx.dll
 0002:000000d0       __imp__mxGetM              1005e0d0     libmx:libmx.dll
 0002:000000d4       __imp__mxGetN              1005e0d4     libmx:libmx.dll
 0002:000000d8       __imp__mxIsComplex         1005e0d8     libmx:libmx.dll
 0002:000000dc       __imp__mxIsNumeric         1005e0dc     libmx:libmx.dll
 0002:000000e0       __imp__mxGetClassID        1005e0e0     libmx:libmx.dll
 0002:000000e4       __imp__mxIsEmpty           1005e0e4     libmx:libmx.dll
 0002:000000e8       __imp__mxCreateCellMatrix_730 1005e0e8     libmx:libmx.dll
 0002:000000ec       __imp__mxCreateStructMatrix_730 1005e0ec     libmx:libmx.dll
 0002:000000f0       __imp__mxCreateString      1005e0f0     libmx:libmx.dll
 0002:000000f4       __imp__mxSetField_730      1005e0f4     libmx:libmx.dll
 0002:000000f8       __imp__mxCreateDoubleScalar 1005e0f8     libmx:libmx.dll
 0002:000000fc       __imp__mxDuplicateArray    1005e0fc     libmx:libmx.dll
 0002:00000100       __imp__mxDestroyArray      1005e100     libmx:libmx.dll
 0002:00000104       __imp__mxIsChar            1005e104     libmx:libmx.dll
 0002:00000108       __imp__mxGetString_730     1005e108     libmx:libmx.dll
 0002:0000010c       __imp__mxCreateDoubleMatrix_730 1005e10c     libmx:libmx.dll
 0002:00000110       __imp__mxGetPr             1005e110     libmx:libmx.dll
 0002:00000114       __imp__mxGetScalar         1005e114     libmx:libmx.dll
 0002:00000118       \177libmx_NULL_THUNK_DATA  1005e118     libmx:libmx.dll
 0002:0000011c       __imp__utMalloc            1005e11c     libut:libut.dll
 0002:00000120       __imp__utFree              1005e120     libut:libut.dll
 0002:00000124       \177libut_NULL_THUNK_DATA  1005e124     libut:libut.dll
 0002:00000128       __imp__sf_debug_symbol_scope_push_eml 1005e128     sf_runtime:sf_runtime.dll
 0002:0000012c       __imp__cv_script_eval      1005e12c     sf_runtime:sf_runtime.dll
 0002:00000130       __imp__sf_debug_symbol_scope_add_eml 1005e130     sf_runtime:sf_runtime.dll
 0002:00000134       __imp__eml_debug_line_call 1005e134     sf_runtime:sf_runtime.dll
 0002:00000138       __imp__sf_debug_temporal_threshold 1005e138     sf_runtime:sf_runtime.dll
 0002:0000013c       __imp__sf_debug_eml_data_array_bounds_error_check 1005e13c     sf_runtime:sf_runtime.dll
 0002:00000140       __imp__sf_debug_read_before_write_check 1005e140     sf_runtime:sf_runtime.dll
 0002:00000144       __imp__sf_debug_integer_check 1005e144     sf_runtime:sf_runtime.dll
 0002:00000148       __imp__sf_debug_unset_instance_data_value_ptr 1005e148     sf_runtime:sf_runtime.dll
 0002:0000014c       __imp__sf_debug_terminate  1005e14c     sf_runtime:sf_runtime.dll
 0002:00000150       __imp__sf_debug_create_debug_instance_struct 1005e150     sf_runtime:sf_runtime.dll
 0002:00000154       __imp__sf_debug_api        1005e154     sf_runtime:sf_runtime.dll
 0002:00000158       __imp__callMdlMethodAndReportError 1005e158     sf_runtime:sf_runtime.dll
 0002:0000015c       __imp__call_sf_machine_global_method_dispatcher 1005e15c     sf_runtime:sf_runtime.dll
 0002:00000160       __imp__sf_clear_error_manager_info 1005e160     sf_runtime:sf_runtime.dll
 0002:00000164       __imp__sf_mex_error_direct_call 1005e164     sf_runtime:sf_runtime.dll
 0002:00000168       __imp__sf_debug_animate    1005e168     sf_runtime:sf_runtime.dll
 0002:0000016c       __imp__sf_mex_printf       1005e16c     sf_runtime:sf_runtime.dll
 0002:00000170       __imp__sf_mex_call_debug   1005e170     sf_runtime:sf_runtime.dll
 0002:00000174       __imp__cv_eval_point       1005e174     sf_runtime:sf_runtime.dll
 0002:00000178       __imp__cv_eml_eval         1005e178     sf_runtime:sf_runtime.dll
 0002:0000017c       __imp__sf_debug_symbol_scope_add_eml_importable 1005e17c     sf_runtime:sf_runtime.dll
 0002:00000180       __imp__sf_debug_symbol_scope_push 1005e180     sf_runtime:sf_runtime.dll
 0002:00000184       __imp__sf_debug_data_range_wrapper 1005e184     sf_runtime:sf_runtime.dll
 0002:00000188       __imp__sf_debug_symbol_scope_pop 1005e188     sf_runtime:sf_runtime.dll
 0002:0000018c       __imp__sf_debug_check_for_state_inconsistency 1005e18c     sf_runtime:sf_runtime.dll
 0002:00000190       __imp__sf_call_output_fcn_disable 1005e190     sf_runtime:sf_runtime.dll
 0002:00000194       __imp__sf_call_output_fcn_enable 1005e194     sf_runtime:sf_runtime.dll
 0002:00000198       __imp__sf_get_time         1005e198     sf_runtime:sf_runtime.dll
 0002:0000019c       __imp__sf_debug_get_script_id 1005e19c     sf_runtime:sf_runtime.dll
 0002:000001a0       __imp__sf_debug_set_script_translation 1005e1a0     sf_runtime:sf_runtime.dll
 0002:000001a4       __imp__sf_debug_initialize_chart 1005e1a4     sf_runtime:sf_runtime.dll
 0002:000001a8       __imp__sf_debug_set_chart_disable_implicit_casting 1005e1a8     sf_runtime:sf_runtime.dll
 0002:000001ac       __imp__sf_debug_set_chart_event_thresholds 1005e1ac     sf_runtime:sf_runtime.dll
 0002:000001b0       __imp__sf_debug_set_chart_data_props 1005e1b0     sf_runtime:sf_runtime.dll
 0002:000001b4       __imp__sf_debug_set_chart_event_scope 1005e1b4     sf_runtime:sf_runtime.dll
 0002:000001b8       __imp__sf_debug_set_chart_state_info 1005e1b8     sf_runtime:sf_runtime.dll
 0002:000001bc       __imp__sf_debug_set_chart_substate_count 1005e1bc     sf_runtime:sf_runtime.dll
 0002:000001c0       __imp__sf_debug_set_chart_decomposition 1005e1c0     sf_runtime:sf_runtime.dll
 0002:000001c4       __imp__sf_debug_set_chart_substate_index 1005e1c4     sf_runtime:sf_runtime.dll
 0002:000001c8       __imp__sf_debug_set_chart_state_substate_count 1005e1c8     sf_runtime:sf_runtime.dll
 0002:000001cc       __imp__sf_debug_set_chart_state_substate_index 1005e1cc     sf_runtime:sf_runtime.dll
 0002:000001d0       __imp__sf_debug_cv_init_chart 1005e1d0     sf_runtime:sf_runtime.dll
 0002:000001d4       __imp__sf_debug_cv_init_state 1005e1d4     sf_runtime:sf_runtime.dll
 0002:000001d8       __imp__sf_debug_symbol_scope_add_importable 1005e1d8     sf_runtime:sf_runtime.dll
 0002:000001dc       __imp__sf_mex_sub          1005e1dc     sf_runtime:sf_runtime.dll
 0002:000001e0       __imp__sf_call_output_fcn_call 1005e1e0     sf_runtime:sf_runtime.dll
 0002:000001e4       __imp__sf_debug_cv_init_trans 1005e1e4     sf_runtime:sf_runtime.dll
 0002:000001e8       __imp__cv_eml_init_script  1005e1e8     sf_runtime:sf_runtime.dll
 0002:000001ec       __imp__cv_eml_init_fcn     1005e1ec     sf_runtime:sf_runtime.dll
 0002:000001f0       __imp__cv_eml_init_if      1005e1f0     sf_runtime:sf_runtime.dll
 0002:000001f4       __imp__cv_script_init_script 1005e1f4     sf_runtime:sf_runtime.dll
 0002:000001f8       __imp__cv_script_init_fcn  1005e1f8     sf_runtime:sf_runtime.dll
 0002:000001fc       __imp__cv_eml_init_mcdc    1005e1fc     sf_runtime:sf_runtime.dll
 0002:00000200       __imp__sf_debug_set_chart_data_compiled_props 1005e200     sf_runtime:sf_runtime.dll
 0002:00000204       __imp__sf_debug_set_instance_data_value_ptr 1005e204     sf_runtime:sf_runtime.dll
 0002:00000208       __imp__sf_debug_reset_current_state_configuration 1005e208     sf_runtime:sf_runtime.dll
 0002:0000020c       __imp__sim_mode_is_rtw_gen 1005e20c     sf_runtime:sf_runtime.dll
 0002:00000210       __imp__sim_mode_is_external 1005e210     sf_runtime:sf_runtime.dll
 0002:00000214       __imp__sf_is_chart_inlinable 1005e214     sf_runtime:sf_runtime.dll
 0002:00000218       __imp__sf_rtw_info_uint_prop 1005e218     sf_runtime:sf_runtime.dll
 0002:0000021c       __imp__sf_update_buildInfo 1005e21c     sf_runtime:sf_runtime.dll
 0002:00000220       __imp__sf_mark_output_events_with_multiple_callers 1005e220     sf_runtime:sf_runtime.dll
 0002:00000224       __imp__sf_mark_chart_expressionable_inputs 1005e224     sf_runtime:sf_runtime.dll
 0002:00000228       __imp__sf_mark_chart_reusable_outputs 1005e228     sf_runtime:sf_runtime.dll
 0002:0000022c       __imp__sf_set_rtw_dwork_info 1005e22c     sf_runtime:sf_runtime.dll
 0002:00000230       __imp__sf_mex_import       1005e230     sf_runtime:sf_runtime.dll
 0002:00000234       __imp__sf_debug_get_animation 1005e234     sf_runtime:sf_runtime.dll
 0002:00000238       __imp__sf_debug_set_animation 1005e238     sf_runtime:sf_runtime.dll
 0002:0000023c       __imp__sf_debug_set_honor_breakpoints 1005e23c     sf_runtime:sf_runtime.dll
 0002:00000240       __imp__sf_debug_call       1005e240     sf_runtime:sf_runtime.dll
 0002:00000244       __imp__sf_mex_dup          1005e244     sf_runtime:sf_runtime.dll
 0002:00000248       __imp__sf_mex_getcell      1005e248     sf_runtime:sf_runtime.dll
 0002:0000024c       __imp__sf_mex_decode_encoded_mx_struct_array 1005e24c     sf_runtime:sf_runtime.dll
 0002:00000250       __imp__sf_mex_setcell      1005e250     sf_runtime:sf_runtime.dll
 0002:00000254       __imp__sf_mex_call_matlab  1005e254     sf_runtime:sf_runtime.dll
 0002:00000258       __imp__sf_mex_error_message 1005e258     sf_runtime:sf_runtime.dll
 0002:0000025c       __imp__sf_mex_create       1005e25c     sf_runtime:sf_runtime.dll
 0002:00000260       __imp__sf_mex_addfield     1005e260     sf_runtime:sf_runtime.dll
 0002:00000264       __imp__sf_mex_createcellmatrix 1005e264     sf_runtime:sf_runtime.dll
 0002:00000268       __imp__sf_mex_duplicatearraysafe 1005e268     sf_runtime:sf_runtime.dll
 0002:0000026c       __imp__sf_mex_destroy      1005e26c     sf_runtime:sf_runtime.dll
 0002:00000270       __imp__sf_mex_createstruct 1005e270     sf_runtime:sf_runtime.dll
 0002:00000274       __imp__sf_mex_assign       1005e274     sf_runtime:sf_runtime.dll
 0002:00000278       __imp__sf_mex_emlrtNameCapturePostProcessR2012a 1005e278     sf_runtime:sf_runtime.dll
 0002:0000027c       __imp__sf_load_rtw_optimization_info 1005e27c     sf_runtime:sf_runtime.dll
 0002:00000280       __imp__sf_debug_initialize_machine 1005e280     sf_runtime:sf_runtime.dll
 0002:00000284       __imp__sf_debug_set_machine_event_thresholds 1005e284     sf_runtime:sf_runtime.dll
 0002:00000288       __imp__sf_clear_rtw_identifier 1005e288     sf_runtime:sf_runtime.dll
 0002:0000028c       __imp__sf_debug_set_machine_data_thresholds 1005e28c     sf_runtime:sf_runtime.dll
 0002:00000290       \177sf_runtime_NULL_THUNK_DATA 1005e290     sf_runtime:sf_runtime.dll
 0002:00000294       ___xc_a                    1005e294     MSVCRT:cinitexe.obj
 0002:00000298       ___xc_z                    1005e298     MSVCRT:cinitexe.obj
 0002:0000029c       ___xi_a                    1005e29c     MSVCRT:cinitexe.obj
 0002:000002a8       ___xi_z                    1005e2a8     MSVCRT:cinitexe.obj
 0002:000002b0       __real@41cf0115b5000000    1005e2b0     ARP_02_RPSsmile_WirelessGlove_sfun.obj
 0002:000002b8       __real@41cc09981f800000    1005e2b8     ARP_02_RPSsmile_WirelessGlove_sfun.obj
 0002:000002c0       __real@419f85e68c000000    1005e2c0     ARP_02_RPSsmile_WirelessGlove_sfun.obj
 0002:000002c8       __real@41db6f87ec800000    1005e2c8     ARP_02_RPSsmile_WirelessGlove_sfun.obj
 0002:000002d0       __real@41b0fb04df000000    1005e2d0     ARP_02_RPSsmile_WirelessGlove_sfun.obj
 0002:000002d8       __real@41da14ed17400000    1005e2d8     ARP_02_RPSsmile_WirelessGlove_sfun.obj
 0002:000002e0       __real@41d47f2e8cc00000    1005e2e0     ARP_02_RPSsmile_WirelessGlove_sfun.obj
 0002:000002e8       __real@41eb0e6e75400000    1005e2e8     ARP_02_RPSsmile_WirelessGlove_sfun.obj
 0002:000002f0       __real@41ed2d63cc200000    1005e2f0     ARP_02_RPSsmile_WirelessGlove_sfun.obj
 0002:000002f8       __real@41ed4a8a57200000    1005e2f8     ARP_02_RPSsmile_WirelessGlove_sfun.obj
 0002:00000300       __real@41dfbba45c400000    1005e300     ARP_02_RPSsmile_WirelessGlove_sfun.obj
 0002:00000308       __real@41e8bd9dd2e00000    1005e308     ARP_02_RPSsmile_WirelessGlove_sfun.obj
 0002:00000310       __real@0000000000000000    1005e310     ARP_02_RPSsmile_WirelessGlove_sfun.obj
 0002:00000318       __real@41d902a874c00000    1005e318     ARP_02_RPSsmile_WirelessGlove_sfun.obj
 0002:00000320       __real@41e2bb9cd6800000    1005e320     ARP_02_RPSsmile_WirelessGlove_sfun.obj
 0002:00000328       __real@41d44a2cab800000    1005e328     ARP_02_RPSsmile_WirelessGlove_sfun.obj
 0002:00000330       __real@41cb4ca02c000000    1005e330     ARP_02_RPSsmile_WirelessGlove_sfun.obj
 0002:00000338       __real@41b7b3665d000000    1005e338     c1_ARP_02_RPSsmile_WirelessGlove.obj
 0002:00000340       __real@41e74c61efa00000    1005e340     c1_ARP_02_RPSsmile_WirelessGlove.obj
 0002:00000348       __real@41d189d969800000    1005e348     c1_ARP_02_RPSsmile_WirelessGlove.obj
 0002:00000350       __real@41eec866fe600000    1005e350     c1_ARP_02_RPSsmile_WirelessGlove.obj
 0002:00000358       __real@4024000000000000    1005e358     c1_ARP_02_RPSsmile_WirelessGlove.obj
 0002:00000360       __real@3ff0000000000000    1005e360     c1_ARP_02_RPSsmile_WirelessGlove.obj
 0002:00000368       __real@4008000000000000    1005e368     c1_ARP_02_RPSsmile_WirelessGlove.obj
 0002:00000370       __real@4000000000000000    1005e370     c1_ARP_02_RPSsmile_WirelessGlove.obj
 0002:00000378       __real@4018000000000000    1005e378     c1_ARP_02_RPSsmile_WirelessGlove.obj
 0002:00000380       __real@4020000000000000    1005e380     c1_ARP_02_RPSsmile_WirelessGlove.obj
 0002:00000388       __real@4014000000000000    1005e388     c1_ARP_02_RPSsmile_WirelessGlove.obj
 0002:00000390       __real@4057800000000000    1005e390     c1_ARP_02_RPSsmile_WirelessGlove.obj
 0002:00000398       __real@4070000000000000    1005e398     c1_ARP_02_RPSsmile_WirelessGlove.obj
 0002:000003a0       __real@4010000000000000    1005e3a0     c1_ARP_02_RPSsmile_WirelessGlove.obj
 0002:000003a8       __real@4031000000000000    1005e3a8     c1_ARP_02_RPSsmile_WirelessGlove.obj
 0002:000003b0       __real@4030000000000000    1005e3b0     c1_ARP_02_RPSsmile_WirelessGlove.obj
 0002:000003b8       __real@4032000000000000    1005e3b8     c1_ARP_02_RPSsmile_WirelessGlove.obj
 0002:000003c0       __real@402e000000000000    1005e3c0     c1_ARP_02_RPSsmile_WirelessGlove.obj
 0002:000003c8       __real@402c000000000000    1005e3c8     c1_ARP_02_RPSsmile_WirelessGlove.obj
 0002:000003d0       __real@402a000000000000    1005e3d0     c1_ARP_02_RPSsmile_WirelessGlove.obj
 0002:000003d8       __real@4028000000000000    1005e3d8     c1_ARP_02_RPSsmile_WirelessGlove.obj
 0002:000003e0       __real@4026000000000000    1005e3e0     c1_ARP_02_RPSsmile_WirelessGlove.obj
 0002:000003e8       __real@4022000000000000    1005e3e8     c1_ARP_02_RPSsmile_WirelessGlove.obj
 0002:000003f0       __real@401c000000000000    1005e3f0     c1_ARP_02_RPSsmile_WirelessGlove.obj
 0002:000003f8       __real@4056000000000000    1005e3f8     c1_ARP_02_RPSsmile_WirelessGlove.obj
 0002:00000400       __real@4055800000000000    1005e400     c1_ARP_02_RPSsmile_WirelessGlove.obj
 0002:00000408       __real@3defffffffffffff    1005e408     c1_ARP_02_RPSsmile_WirelessGlove.obj
 0002:00000410       __real@3e00000000200000    1005e410     c1_ARP_02_RPSsmile_WirelessGlove.obj
 0002:00000418       __real@40b5710000000000    1005e418     c1_ARP_02_RPSsmile_WirelessGlove.obj
 0002:00000420       __real@4056c00000000000    1005e420     c1_ARP_02_RPSsmile_WirelessGlove.obj
 0002:00000428       __real@4055c00000000000    1005e428     c1_ARP_02_RPSsmile_WirelessGlove.obj
 0002:00000430       __real@4057400000000000    1005e430     c1_ARP_02_RPSsmile_WirelessGlove.obj
 0002:00000438       __real@4057c00000000000    1005e438     c1_ARP_02_RPSsmile_WirelessGlove.obj
 0002:00000440       __real@4058400000000000    1005e440     c1_ARP_02_RPSsmile_WirelessGlove.obj
 0002:00000448       __real@4057000000000000    1005e448     c1_ARP_02_RPSsmile_WirelessGlove.obj
 0002:00000450       __real@4054400000000000    1005e450     c1_ARP_02_RPSsmile_WirelessGlove.obj
 0002:00000458       __real@4064200000000000    1005e458     c1_ARP_02_RPSsmile_WirelessGlove.obj
 0002:00000460       __real@4063a00000000000    1005e460     c1_ARP_02_RPSsmile_WirelessGlove.obj
 0002:00000468       __real@4056400000000000    1005e468     c1_ARP_02_RPSsmile_WirelessGlove.obj
 0002:00000470       __real@4053800000000000    1005e470     c1_ARP_02_RPSsmile_WirelessGlove.obj
 0002:00000478       __real@4051000000000000    1005e478     c1_ARP_02_RPSsmile_WirelessGlove.obj
 0002:00000480       __real@4062600000000000    1005e480     c1_ARP_02_RPSsmile_WirelessGlove.obj
 0002:00000488       __real@4064800000000000    1005e488     c1_ARP_02_RPSsmile_WirelessGlove.obj
 0002:00000490       __real@406be00000000000    1005e490     c1_ARP_02_RPSsmile_WirelessGlove.obj
 0002:00000498       __real@406c200000000000    1005e498     c1_ARP_02_RPSsmile_WirelessGlove.obj
 0002:000004a0       __real@4040800000000000    1005e4a0     c1_ARP_02_RPSsmile_WirelessGlove.obj
 0002:000004a8       __real@4040000000000000    1005e4a8     c1_ARP_02_RPSsmile_WirelessGlove.obj
 0002:000004b0       __real@403f000000000000    1005e4b0     c1_ARP_02_RPSsmile_WirelessGlove.obj
 0002:000004b8       __real@403e000000000000    1005e4b8     c1_ARP_02_RPSsmile_WirelessGlove.obj
 0002:000004c0       __real@403d000000000000    1005e4c0     c1_ARP_02_RPSsmile_WirelessGlove.obj
 0002:000004c8       __real@403c000000000000    1005e4c8     c1_ARP_02_RPSsmile_WirelessGlove.obj
 0002:000004d0       __real@403b000000000000    1005e4d0     c1_ARP_02_RPSsmile_WirelessGlove.obj
 0002:000004d8       __real@403a000000000000    1005e4d8     c1_ARP_02_RPSsmile_WirelessGlove.obj
 0002:000004e0       __real@4039000000000000    1005e4e0     c1_ARP_02_RPSsmile_WirelessGlove.obj
 0002:000004e8       __real@4038000000000000    1005e4e8     c1_ARP_02_RPSsmile_WirelessGlove.obj
 0002:000004f0       __real@4037000000000000    1005e4f0     c1_ARP_02_RPSsmile_WirelessGlove.obj
 0002:000004f8       __real@4036000000000000    1005e4f8     c1_ARP_02_RPSsmile_WirelessGlove.obj
 0002:00000500       __real@4035000000000000    1005e500     c1_ARP_02_RPSsmile_WirelessGlove.obj
 0002:00000508       __real@4034000000000000    1005e508     c1_ARP_02_RPSsmile_WirelessGlove.obj
 0002:00000510       __real@4033000000000000    1005e510     c1_ARP_02_RPSsmile_WirelessGlove.obj
 0002:00000518       __real@405d800000000000    1005e518     c1_ARP_02_RPSsmile_WirelessGlove.obj
 0002:00000520       __real@405dc00000000000    1005e520     c1_ARP_02_RPSsmile_WirelessGlove.obj
 0002:00000528       __real@405d000000000000    1005e528     c1_ARP_02_RPSsmile_WirelessGlove.obj
 0002:00000530       __real@405e000000000000    1005e530     c1_ARP_02_RPSsmile_WirelessGlove.obj
 0002:00000538       __real@405e400000000000    1005e538     c1_ARP_02_RPSsmile_WirelessGlove.obj
 0002:00000540       __real@405e800000000000    1005e540     c1_ARP_02_RPSsmile_WirelessGlove.obj
 0002:00000548       __real@405ec00000000000    1005e548     c1_ARP_02_RPSsmile_WirelessGlove.obj
 0002:00000550       __real@4061400000000000    1005e550     c1_ARP_02_RPSsmile_WirelessGlove.obj
 0002:00000558       __real@4061600000000000    1005e558     c1_ARP_02_RPSsmile_WirelessGlove.obj
 0002:00000560       __real@4061000000000000    1005e560     c1_ARP_02_RPSsmile_WirelessGlove.obj
 0002:00000568       __real@4061800000000000    1005e568     c1_ARP_02_RPSsmile_WirelessGlove.obj
 0002:00000570       __real@4061a00000000000    1005e570     c1_ARP_02_RPSsmile_WirelessGlove.obj
 0002:00000578       __real@4061c00000000000    1005e578     c1_ARP_02_RPSsmile_WirelessGlove.obj
 0002:00000580       __real@4061e00000000000    1005e580     c1_ARP_02_RPSsmile_WirelessGlove.obj
 0002:00000588       __real@4060e00000000000    1005e588     c1_ARP_02_RPSsmile_WirelessGlove.obj
 0002:00000590       __real@4060800000000000    1005e590     c1_ARP_02_RPSsmile_WirelessGlove.obj
 0002:00000598       __real@4061200000000000    1005e598     c1_ARP_02_RPSsmile_WirelessGlove.obj
 0002:000005a0       __real@4060c00000000000    1005e5a0     c1_ARP_02_RPSsmile_WirelessGlove.obj
 0002:000005a8       __real@4060400000000000    1005e5a8     c1_ARP_02_RPSsmile_WirelessGlove.obj
 0002:000005b0       __real@41f0000000000000    1005e5b0     c1_ARP_02_RPSsmile_WirelessGlove.obj
 0002:000005b8       __real@3ca0000000000000    1005e5b8     c1_ARP_02_RPSsmile_WirelessGlove.obj
 0002:000005c0       __real@4190000000000000    1005e5c0     c1_ARP_02_RPSsmile_WirelessGlove.obj
 0002:000005c8       __real@406c800000000000    1005e5c8     c1_ARP_02_RPSsmile_WirelessGlove.obj
 0002:000005d0       __real@4078d00000000000    1005e5d0     c1_ARP_02_RPSsmile_WirelessGlove.obj
 0002:000005d8       __real@4083880000000000    1005e5d8     c1_ARP_02_RPSsmile_WirelessGlove.obj
 0002:000005e0       __real@41edffda21a00000    1005e5e0     c2_ARP_02_RPSsmile_WirelessGlove.obj
 0002:000005e8       __real@41e5d15328400000    1005e5e8     c2_ARP_02_RPSsmile_WirelessGlove.obj
 0002:000005f0       __real@41e0d74987200000    1005e5f0     c2_ARP_02_RPSsmile_WirelessGlove.obj
 0002:000005f8       __real@41e1b101ef600000    1005e5f8     c2_ARP_02_RPSsmile_WirelessGlove.obj
 0002:00000600       __real@41e1718ddc600000    1005e600     c3_ARP_02_RPSsmile_WirelessGlove.obj
 0002:00000608       __real@41e3672189400000    1005e608     c3_ARP_02_RPSsmile_WirelessGlove.obj
 0002:00000610       __real@41d6704ccd800000    1005e610     c3_ARP_02_RPSsmile_WirelessGlove.obj
 0002:00000618       __real@41e8f197c6600000    1005e618     c3_ARP_02_RPSsmile_WirelessGlove.obj
 0002:00000620       _DYNAMIC_DIMENSION_DEF     1005e620     ARP_02_RPSsmile_WirelessGlove_sfun_registry.obj
 0002:00000630       __ssBadLevel2InputAccessMsg 1005e630     ARP_02_RPSsmile_WirelessGlove_sfun_registry.obj
 0002:000007b8       __ssBadLevel2DirectFeedMsg 1005e7b8     ARP_02_RPSsmile_WirelessGlove_sfun_registry.obj
 0002:000008f8       __ssBadLevel2DirectFeedSolutionMsg 1005e8f8     ARP_02_RPSsmile_WirelessGlove_sfun_registry.obj
 0002:00000968       __ssBadLevel2ZeroDirectFeedMsg 1005e968     ARP_02_RPSsmile_WirelessGlove_sfun_registry.obj
 0002:00000aa8       __ssBadLevel2ZeroDirectFeedMsg2 1005eaa8     ARP_02_RPSsmile_WirelessGlove_sfun_registry.obj
 0002:00000b90       __real@bff0000000000000    1005eb90     ARP_02_RPSsmile_WirelessGlove_sfun_registry.obj
 0002:00000b98       __real@4153d65940000000    1005eb98     ARP_02_RPSsmile_WirelessGlove_sfun_registry.obj
 0002:00000ba0       __pRawDllMain              1005eba0     MSVCRT:crtdll.obj
 0002:00000ba0       __pDefaultRawDllMain       1005eba0     MSVCRT:crtdll.obj
 0002:00000bac       ?ProcessDetach@NativeDll@<CrtImplementationDetails>@@0IB 1005ebac     MSVCRT:tncleanup.obj
 0002:00000bb0       ?ProcessAttach@NativeDll@<CrtImplementationDetails>@@0IB 1005ebb0     MSVCRT:tncleanup.obj
 0002:00000bb4       ?ThreadAttach@NativeDll@<CrtImplementationDetails>@@0IB 1005ebb4     MSVCRT:tncleanup.obj
 0002:00000bb8       ?ThreadDetach@NativeDll@<CrtImplementationDetails>@@0IB 1005ebb8     MSVCRT:tncleanup.obj
 0002:00000bbc       ?ProcessVerifier@NativeDll@<CrtImplementationDetails>@@0IB 1005ebbc     MSVCRT:tncleanup.obj
 0002:00000bc0       __load_config_used         1005ebc0     MSVCRT:loadcfg.obj
 0002:00000c10       ___safe_se_handler_table   1005ec10     <linker-defined>
 0002:00000c14       ___rtc_iaa                 1005ec14     MSVCRT:_initsect_.obj
 0002:00000c18       ___rtc_izz                 1005ec18     MSVCRT:_initsect_.obj
 0002:00000c1c       ___rtc_taa                 1005ec1c     MSVCRT:_initsect_.obj
 0002:00000c20       ___rtc_tzz                 1005ec20     MSVCRT:_initsect_.obj
 0002:00000c8c       __IMPORT_DESCRIPTOR_sf_runtime 1005ec8c     sf_runtime:sf_runtime.dll
 0002:00000ca0       __IMPORT_DESCRIPTOR_libmx  1005eca0     libmx:libmx.dll
 0002:00000cb4       __IMPORT_DESCRIPTOR_libmex 1005ecb4     libmex:libmex.dll
 0002:00000cc8       __IMPORT_DESCRIPTOR_libut  1005ecc8     libut:libut.dll
 0002:00000cdc       __IMPORT_DESCRIPTOR_libmwmathutil 1005ecdc     libmwmathutil:libmwmathutil.dll
 0002:00000cf0       __IMPORT_DESCRIPTOR_MSVCR100 1005ecf0     MSVCRT:MSVCR100.dll
 0002:00000d04       __IMPORT_DESCRIPTOR_KERNEL32 1005ed04     kernel32:KERNEL32.dll
 0002:00000d18       __NULL_IMPORT_DESCRIPTOR   1005ed18     sf_runtime:sf_runtime.dll
 0003:000191c4       _DYNAMIC_DIMENSION         100791c4     ARP_02_RPSsmile_WirelessGlove_sfun_registry.obj
 0003:00019d50       ___security_cookie         10079d50     MSVCRT:gs_cookie.obj
 0003:00019d54       ___security_cookie_complement 10079d54     MSVCRT:gs_cookie.obj
 0003:00019d60       ___native_dllmain_reason   10079d60     MSVCRT:natstart.obj
 0003:00019d64       ___native_vcclrit_reason   10079d64     MSVCRT:natstart.obj
 0003:00019ec0       _sfGlobalDebugInstanceStruct 10079ec0     ARP_02_RPSsmile_WirelessGlove_sfun_registry.obj
 0003:0001a1f4       ?__type_info_root_node@@3U__type_info_node@@A 1007a1f4     MSVCRT:tncleanup.obj
 0003:0001a1fc       __ARP_02_RPSsmile_WirelessGloveMachineNumber_ 1007a1fc     <common>
 0003:0001a200       ___native_startup_state    1007a200     <common>
 0003:0001a204       ___native_startup_lock     1007a204     <common>
 0003:0001a208       ___onexitend               1007a208     <common>
 0003:0001a20c       ___onexitbegin             1007a20c     <common>
 0003:0001a210       ___sse2_available          1007a210     <common>
 0003:0001a214       ___dyn_tls_init_callback   1007a214     <common>

 entry point at        0001:0005c64f

 Static symbols

 0001:00000bf0       _c1_info_helper            10001bf0 f   c1_ARP_02_RPSsmile_WirelessGlove.obj
 0001:00005770       _c1_emlrt_marshallOut      10006770 f   c1_ARP_02_RPSsmile_WirelessGlove.obj
 0001:000057d0       _c1_b_emlrt_marshallOut    100067d0 f   c1_ARP_02_RPSsmile_WirelessGlove.obj
 0001:00007bc0       _get_sim_state_c1_ARP_02_RPSsmile_WirelessGlove 10008bc0 f   c1_ARP_02_RPSsmile_WirelessGlove.obj
 0001:00009180       _sf_get_sim_state_info_c1_ARP_02_RPSsmile_WirelessGlove 1000a180 f   c1_ARP_02_RPSsmile_WirelessGlove.obj
 0001:00009310       _set_sim_state_c1_ARP_02_RPSsmile_WirelessGlove 1000a310 f   c1_ARP_02_RPSsmile_WirelessGlove.obj
 0001:00009d00       _c1_update_debugger_state_c1_ARP_02_RPSsmile_WirelessGlove 1000ad00 f   c1_ARP_02_RPSsmile_WirelessGlove.obj
 0001:0000b3f0       _c1_b_emlrt_marshallIn     1000c3f0 f   c1_ARP_02_RPSsmile_WirelessGlove.obj
 0001:0000b440       _c1_c_emlrt_marshallIn     1000c440 f   c1_ARP_02_RPSsmile_WirelessGlove.obj
 0001:0000b490       _c1_h_emlrt_marshallIn     1000c490 f   c1_ARP_02_RPSsmile_WirelessGlove.obj
 0001:0000b4e0       _c1_i_emlrt_marshallIn     1000c4e0 f   c1_ARP_02_RPSsmile_WirelessGlove.obj
 0001:0000b530       _c1_j_emlrt_marshallIn     1000c530 f   c1_ARP_02_RPSsmile_WirelessGlove.obj
 0001:0000b580       _c1_k_emlrt_marshallIn     1000c580 f   c1_ARP_02_RPSsmile_WirelessGlove.obj
 0001:0000b600       _c1_l_emlrt_marshallIn     1000c600 f   c1_ARP_02_RPSsmile_WirelessGlove.obj
 0001:0000b650       _c1_m_emlrt_marshallIn     1000c650 f   c1_ARP_02_RPSsmile_WirelessGlove.obj
 0001:0000b6d0       _c1_n_emlrt_marshallIn     1000c6d0 f   c1_ARP_02_RPSsmile_WirelessGlove.obj
 0001:0000b720       _c1_o_emlrt_marshallIn     1000c720 f   c1_ARP_02_RPSsmile_WirelessGlove.obj
 0001:0000b7e0       _c1_p_emlrt_marshallIn     1000c7e0 f   c1_ARP_02_RPSsmile_WirelessGlove.obj
 0001:0000b830       _c1_q_emlrt_marshallIn     1000c830 f   c1_ARP_02_RPSsmile_WirelessGlove.obj
 0001:0000b8d0       _c1_r_emlrt_marshallIn     1000c8d0 f   c1_ARP_02_RPSsmile_WirelessGlove.obj
 0001:0000b920       _c1_s_emlrt_marshallIn     1000c920 f   c1_ARP_02_RPSsmile_WirelessGlove.obj
 0001:0000b970       _c1_t_emlrt_marshallIn     1000c970 f   c1_ARP_02_RPSsmile_WirelessGlove.obj
 0001:0000b9d0       _c1_u_emlrt_marshallIn     1000c9d0 f   c1_ARP_02_RPSsmile_WirelessGlove.obj
 0001:0000ba70       _mdlProcessParameters_c1_ARP_02_RPSsmile_WirelessGlove 1000ca70 f   c1_ARP_02_RPSsmile_WirelessGlove.obj
 0001:0000bb20       _initialize_params_c1_ARP_02_RPSsmile_WirelessGlove 1000cb20 f   c1_ARP_02_RPSsmile_WirelessGlove.obj
 0001:0000bb30       _mdlSetWorkWidths_c1_ARP_02_RPSsmile_WirelessGlove 1000cb30 f   c1_ARP_02_RPSsmile_WirelessGlove.obj
 0001:0000bef0       _sf_get_instance_specialization 1000cef0 f   c1_ARP_02_RPSsmile_WirelessGlove.obj
 0001:0000bf00       _mdlStart_c1_ARP_02_RPSsmile_WirelessGlove 1000cf00 f   c1_ARP_02_RPSsmile_WirelessGlove.obj
 0001:0000c0a0       _init_dsm_address_info     1000d0a0 f   c1_ARP_02_RPSsmile_WirelessGlove.obj
 0001:0000c0b0       _chart_debug_initialization 1000d0b0 f   c1_ARP_02_RPSsmile_WirelessGlove.obj
 0001:00015730       _init_script_number_translation 10016730 f   c1_ARP_02_RPSsmile_WirelessGlove.obj
 0001:00015770       _c1_sf_marshallOut         10016770 f   c1_ARP_02_RPSsmile_WirelessGlove.obj
 0001:000158a0       _c1_sf_marshallIn          100168a0 f   c1_ARP_02_RPSsmile_WirelessGlove.obj
 0001:00015980       _c1_emlrt_marshallIn       10016980 f   c1_ARP_02_RPSsmile_WirelessGlove.obj
 0001:00015a10       _c1_b_sf_marshallOut       10016a10 f   c1_ARP_02_RPSsmile_WirelessGlove.obj
 0001:00015a90       _c1_b_sf_marshallIn        10016a90 f   c1_ARP_02_RPSsmile_WirelessGlove.obj
 0001:00015b10       _sf_opaque_initialize_c1_ARP_02_RPSsmile_WirelessGlove 10016b10 f   c1_ARP_02_RPSsmile_WirelessGlove.obj
 0001:00015b40       _initialize_c1_ARP_02_RPSsmile_WirelessGlove 10016b40 f   c1_ARP_02_RPSsmile_WirelessGlove.obj
 0001:00015dc0       _sf_opaque_enable_c1_ARP_02_RPSsmile_WirelessGlove 10016dc0 f   c1_ARP_02_RPSsmile_WirelessGlove.obj
 0001:00015de0       _enable_c1_ARP_02_RPSsmile_WirelessGlove 10016de0 f   c1_ARP_02_RPSsmile_WirelessGlove.obj
 0001:00015e30       _sf_opaque_disable_c1_ARP_02_RPSsmile_WirelessGlove 10016e30 f   c1_ARP_02_RPSsmile_WirelessGlove.obj
 0001:00015e50       _disable_c1_ARP_02_RPSsmile_WirelessGlove 10016e50 f   c1_ARP_02_RPSsmile_WirelessGlove.obj
 0001:00015ea0       _sf_opaque_gateway_c1_ARP_02_RPSsmile_WirelessGlove 10016ea0 f   c1_ARP_02_RPSsmile_WirelessGlove.obj
 0001:00015ec0       _sf_gateway_c1_ARP_02_RPSsmile_WirelessGlove 10016ec0 f   c1_ARP_02_RPSsmile_WirelessGlove.obj
 0001:00016830       _c1_set_sim_state_side_effects_c1_ARP_02_RPSsmile_WirelessGlove 10017830 f   c1_ARP_02_RPSsmile_WirelessGlove.obj
 0001:00016fc0       _c1_chartstep_c1_ARP_02_RPSsmile_WirelessGlove 10017fc0 f   c1_ARP_02_RPSsmile_WirelessGlove.obj
 0001:000197a0       _c1_stateGame              1001a7a0 f   c1_ARP_02_RPSsmile_WirelessGlove.obj
 0001:0001c040       _c1_enter_atomic_stateReady 1001d040 f   c1_ARP_02_RPSsmile_WirelessGlove.obj
 0001:0001c320       _c1_stateReady             1001d320 f   c1_ARP_02_RPSsmile_WirelessGlove.obj
 0001:0001cb30       _c1_stateRandom            1001db30 f   c1_ARP_02_RPSsmile_WirelessGlove.obj
 0001:0001dbc0       _c1_enter_atomic_statePoseReady 1001ebc0 f   c1_ARP_02_RPSsmile_WirelessGlove.obj
 0001:0001e3f0       _c1_statePoseReady         1001f3f0 f   c1_ARP_02_RPSsmile_WirelessGlove.obj
 0001:0001e9d0       _c1_statePoseSmile         1001f9d0 f   c1_ARP_02_RPSsmile_WirelessGlove.obj
 0001:0001f0f0       _c1_enter_atomic_stateWristRotate 100200f0 f   c1_ARP_02_RPSsmile_WirelessGlove.obj
 0001:0001f580       _c1_stateWristRotate       10020580 f   c1_ARP_02_RPSsmile_WirelessGlove.obj
 0001:0001f820       _c1_stateRandomHand        10020820 f   c1_ARP_02_RPSsmile_WirelessGlove.obj
 0001:000228e0       _c1_statePoseRock          100238e0 f   c1_ARP_02_RPSsmile_WirelessGlove.obj
 0001:00022ea0       _c1_statePoseFingersCLose  10023ea0 f   c1_ARP_02_RPSsmile_WirelessGlove.obj
 0001:00023f20       _c1_stateReadUserHand      10024f20 f   c1_ARP_02_RPSsmile_WirelessGlove.obj
 0001:00025030       _c1_statePoseScissors      10026030 f   c1_ARP_02_RPSsmile_WirelessGlove.obj
 0001:000255f0       _c1_stateShowHands         100265f0 f   c1_ARP_02_RPSsmile_WirelessGlove.obj
 0001:00025980       _c1_statePoseReturnFinger  10026980 f   c1_ARP_02_RPSsmile_WirelessGlove.obj
 0001:00025f90       _c1_enter_atomic_statePoseReturnWrist 10026f90 f   c1_ARP_02_RPSsmile_WirelessGlove.obj
 0001:000263f0       _c1_statePoseReturnWrist   100273f0 f   c1_ARP_02_RPSsmile_WirelessGlove.obj
 0001:00026770       _c1_stateUserWin           10027770 f   c1_ARP_02_RPSsmile_WirelessGlove.obj
 0001:00026aa0       _c1_enter_atomic_stateRandom1 10027aa0 f   c1_ARP_02_RPSsmile_WirelessGlove.obj
 0001:00026c10       _c1_stateRandom1           10027c10 f   c1_ARP_02_RPSsmile_WirelessGlove.obj
 0001:00027780       _c1_statePoseSmileWin      10028780 f   c1_ARP_02_RPSsmile_WirelessGlove.obj
 0001:00027b70       _c1_stateShowResult        10028b70 f   c1_ARP_02_RPSsmile_WirelessGlove.obj
 0001:00028240       _c1_stateIdleGaze          10029240 f   c1_ARP_02_RPSsmile_WirelessGlove.obj
 0001:00029330       _c1_enter_atomic_stateInitial 1002a330 f   c1_ARP_02_RPSsmile_WirelessGlove.obj
 0001:00029730       _c1_stateInitial           1002a730 f   c1_ARP_02_RPSsmile_WirelessGlove.obj
 0001:0002af80       _c1_enter_atomic_stateBoredPose 1002bf80 f   c1_ARP_02_RPSsmile_WirelessGlove.obj
 0001:0002f4a0       _c1_encStr2Arr             100304a0 f   c1_ARP_02_RPSsmile_WirelessGlove.obj
 0001:0002f9c0       _c1_b_encStr2Arr           100309c0 f   c1_ARP_02_RPSsmile_WirelessGlove.obj
 0001:0002fef0       _c1_c_encStr2Arr           10030ef0 f   c1_ARP_02_RPSsmile_WirelessGlove.obj
 0001:00030420       _c1_randi                  10031420 f   c1_ARP_02_RPSsmile_WirelessGlove.obj
 0001:00030550       _c1_rand                   10031550 f   c1_ARP_02_RPSsmile_WirelessGlove.obj
 0001:00030570       _c1_eml_rand               10031570 f   c1_ARP_02_RPSsmile_WirelessGlove.obj
 0001:000308f0       _c1_eml_rand_mt19937ar     100318f0 f   c1_ARP_02_RPSsmile_WirelessGlove.obj
 0001:00030950       _c1_b_randi                10031950 f   c1_ARP_02_RPSsmile_WirelessGlove.obj
 0001:000309a0       _c1_c_randi                100319a0 f   c1_ARP_02_RPSsmile_WirelessGlove.obj
 0001:000309e0       _c1_d_randi                100319e0 f   c1_ARP_02_RPSsmile_WirelessGlove.obj
 0001:00030a30       _c1_nb_encStr2Arr          10031a30 f   c1_ARP_02_RPSsmile_WirelessGlove.obj
 0001:00030f50       _c1_ob_encStr2Arr          10031f50 f   c1_ARP_02_RPSsmile_WirelessGlove.obj
 0001:00031490       _c1_pb_encStr2Arr          10032490 f   c1_ARP_02_RPSsmile_WirelessGlove.obj
 0001:000319d0       _c1_qb_encStr2Arr          100329d0 f   c1_ARP_02_RPSsmile_WirelessGlove.obj
 0001:00031f20       _c1_rb_encStr2Arr          10032f20 f   c1_ARP_02_RPSsmile_WirelessGlove.obj
 0001:00032440       _c1_sb_encStr2Arr          10033440 f   c1_ARP_02_RPSsmile_WirelessGlove.obj
 0001:00032970       _c1_tb_encStr2Arr          10033970 f   c1_ARP_02_RPSsmile_WirelessGlove.obj
 0001:00032eb0       _c1_ub_encStr2Arr          10033eb0 f   c1_ARP_02_RPSsmile_WirelessGlove.obj
 0001:000333f0       _c1_vb_encStr2Arr          100343f0 f   c1_ARP_02_RPSsmile_WirelessGlove.obj
 0001:00033930       _c1_wb_encStr2Arr          10034930 f   c1_ARP_02_RPSsmile_WirelessGlove.obj
 0001:00033e60       _c1_xb_encStr2Arr          10034e60 f   c1_ARP_02_RPSsmile_WirelessGlove.obj
 0001:00034390       _c1_c_sf_marshallOut       10035390 f   c1_ARP_02_RPSsmile_WirelessGlove.obj
 0001:00034410       _c1_c_sf_marshallIn        10035410 f   c1_ARP_02_RPSsmile_WirelessGlove.obj
 0001:00034490       _c1_d_emlrt_marshallIn     10035490 f   c1_ARP_02_RPSsmile_WirelessGlove.obj
 0001:000344e0       _c1_d_sf_marshallOut       100354e0 f   c1_ARP_02_RPSsmile_WirelessGlove.obj
 0001:00034610       _c1_d_sf_marshallIn        10035610 f   c1_ARP_02_RPSsmile_WirelessGlove.obj
 0001:000346f0       _c1_e_emlrt_marshallIn     100356f0 f   c1_ARP_02_RPSsmile_WirelessGlove.obj
 0001:00034790       _c1_e_sf_marshallOut       10035790 f   c1_ARP_02_RPSsmile_WirelessGlove.obj
 0001:00034870       _c1_f_sf_marshallOut       10035870 f   c1_ARP_02_RPSsmile_WirelessGlove.obj
 0001:00034980       _c1_g_sf_marshallOut       10035980 f   c1_ARP_02_RPSsmile_WirelessGlove.obj
 0001:00034a80       _c1_h_sf_marshallOut       10035a80 f   c1_ARP_02_RPSsmile_WirelessGlove.obj
 0001:00034ba0       _c1_i_sf_marshallOut       10035ba0 f   c1_ARP_02_RPSsmile_WirelessGlove.obj
 0001:00034ca0       _c1_j_sf_marshallOut       10035ca0 f   c1_ARP_02_RPSsmile_WirelessGlove.obj
 0001:00034dc0       _c1_o_sf_marshallOut       10035dc0 f   c1_ARP_02_RPSsmile_WirelessGlove.obj
 0001:00034ed0       _c1_p_sf_marshallOut       10035ed0 f   c1_ARP_02_RPSsmile_WirelessGlove.obj
 0001:00034fe0       _c1_hb_sf_marshallOut      10035fe0 f   c1_ARP_02_RPSsmile_WirelessGlove.obj
 0001:000350c0       _c1_ib_sf_marshallOut      100360c0 f   c1_ARP_02_RPSsmile_WirelessGlove.obj
 0001:000351d0       _c1_wc_sf_marshallOut      100361d0 f   c1_ARP_02_RPSsmile_WirelessGlove.obj
 0001:000352d0       _c1_xc_sf_marshallOut      100362d0 f   c1_ARP_02_RPSsmile_WirelessGlove.obj
 0001:000353f0       _c1_yc_sf_marshallOut      100363f0 f   c1_ARP_02_RPSsmile_WirelessGlove.obj
 0001:000354f0       _c1_ad_sf_marshallOut      100364f0 f   c1_ARP_02_RPSsmile_WirelessGlove.obj
 0001:00035610       _c1_bd_sf_marshallOut      10036610 f   c1_ARP_02_RPSsmile_WirelessGlove.obj
 0001:000356f0       _c1_cd_sf_marshallOut      100366f0 f   c1_ARP_02_RPSsmile_WirelessGlove.obj
 0001:00035810       _c1_dd_sf_marshallOut      10036810 f   c1_ARP_02_RPSsmile_WirelessGlove.obj
 0001:000358f0       _c1_ed_sf_marshallOut      100368f0 f   c1_ARP_02_RPSsmile_WirelessGlove.obj
 0001:00035a00       _c1_sendBML                10036a00 f   c1_ARP_02_RPSsmile_WirelessGlove.obj
 0001:00035cf0       _c1_handPoseSB             10036cf0 f   c1_ARP_02_RPSsmile_WirelessGlove.obj
 0001:00037bf0       _c1_d_encStr2Arr           10038bf0 f   c1_ARP_02_RPSsmile_WirelessGlove.obj
 0001:00038120       _c1_e_encStr2Arr           10039120 f   c1_ARP_02_RPSsmile_WirelessGlove.obj
 0001:00038650       _c1_f_encStr2Arr           10039650 f   c1_ARP_02_RPSsmile_WirelessGlove.obj
 0001:00038b90       _c1_g_encStr2Arr           10039b90 f   c1_ARP_02_RPSsmile_WirelessGlove.obj
 0001:000390c0       _c1_h_encStr2Arr           1003a0c0 f   c1_ARP_02_RPSsmile_WirelessGlove.obj
 0001:00039610       _c1_k_sf_marshallOut       1003a610 f   c1_ARP_02_RPSsmile_WirelessGlove.obj
 0001:00039730       _c1_l_sf_marshallOut       1003a730 f   c1_ARP_02_RPSsmile_WirelessGlove.obj
 0001:00039840       _c1_m_sf_marshallOut       1003a840 f   c1_ARP_02_RPSsmile_WirelessGlove.obj
 0001:00039960       _c1_n_sf_marshallOut       1003a960 f   c1_ARP_02_RPSsmile_WirelessGlove.obj
 0001:00039a80       _c1_q_sf_marshallOut       1003aa80 f   c1_ARP_02_RPSsmile_WirelessGlove.obj
 0001:00039b80       _c1_r_sf_marshallOut       1003ab80 f   c1_ARP_02_RPSsmile_WirelessGlove.obj
 0001:00039ca0       _c1_s_sf_marshallOut       1003aca0 f   c1_ARP_02_RPSsmile_WirelessGlove.obj
 0001:00039da0       _c1_t_sf_marshallOut       1003ada0 f   c1_ARP_02_RPSsmile_WirelessGlove.obj
 0001:00039ec0       _c1_u_sf_marshallOut       1003aec0 f   c1_ARP_02_RPSsmile_WirelessGlove.obj
 0001:00039fa0       _c1_v_sf_marshallOut       1003afa0 f   c1_ARP_02_RPSsmile_WirelessGlove.obj
 0001:0003a0b0       _c1_idlePose               1003b0b0 f   c1_ARP_02_RPSsmile_WirelessGlove.obj
 0001:0003c6e0       _c1_i_encStr2Arr           1003d6e0 f   c1_ARP_02_RPSsmile_WirelessGlove.obj
 0001:0003cc20       _c1_j_encStr2Arr           1003dc20 f   c1_ARP_02_RPSsmile_WirelessGlove.obj
 0001:0003d160       _c1_k_encStr2Arr           1003e160 f   c1_ARP_02_RPSsmile_WirelessGlove.obj
 0001:0003d690       _c1_l_encStr2Arr           1003e690 f   c1_ARP_02_RPSsmile_WirelessGlove.obj
 0001:0003dbe0       _c1_m_encStr2Arr           1003ebe0 f   c1_ARP_02_RPSsmile_WirelessGlove.obj
 0001:0003e100       _c1_n_encStr2Arr           1003f100 f   c1_ARP_02_RPSsmile_WirelessGlove.obj
 0001:0003e630       _c1_o_encStr2Arr           1003f630 f   c1_ARP_02_RPSsmile_WirelessGlove.obj
 0001:0003eb70       _c1_w_sf_marshallOut       1003fb70 f   c1_ARP_02_RPSsmile_WirelessGlove.obj
 0001:0003ec90       _c1_x_sf_marshallOut       1003fc90 f   c1_ARP_02_RPSsmile_WirelessGlove.obj
 0001:0003edb0       _c1_y_sf_marshallOut       1003fdb0 f   c1_ARP_02_RPSsmile_WirelessGlove.obj
 0001:0003eed0       _c1_ab_sf_marshallOut      1003fed0 f   c1_ARP_02_RPSsmile_WirelessGlove.obj
 0001:0003efe0       _c1_bb_sf_marshallOut      1003ffe0 f   c1_ARP_02_RPSsmile_WirelessGlove.obj
 0001:0003f0c0       _c1_cb_sf_marshallOut      100400c0 f   c1_ARP_02_RPSsmile_WirelessGlove.obj
 0001:0003f1d0       _c1_db_sf_marshallOut      100401d0 f   c1_ARP_02_RPSsmile_WirelessGlove.obj
 0001:0003f2e0       _c1_eb_sf_marshallOut      100402e0 f   c1_ARP_02_RPSsmile_WirelessGlove.obj
 0001:0003f3f0       _c1_fb_sf_marshallOut      100403f0 f   c1_ARP_02_RPSsmile_WirelessGlove.obj
 0001:0003f510       _c1_gb_sf_marshallOut      10040510 f   c1_ARP_02_RPSsmile_WirelessGlove.obj
 0001:0003f620       _c1_boredGaze              10040620 f   c1_ARP_02_RPSsmile_WirelessGlove.obj
 0001:00047050       _c1_p_encStr2Arr           10048050 f   c1_ARP_02_RPSsmile_WirelessGlove.obj
 0001:00047570       _c1_q_encStr2Arr           10048570 f   c1_ARP_02_RPSsmile_WirelessGlove.obj
 0001:00047ab0       _c1_r_encStr2Arr           10048ab0 f   c1_ARP_02_RPSsmile_WirelessGlove.obj
 0001:00047ff0       _c1_s_encStr2Arr           10048ff0 f   c1_ARP_02_RPSsmile_WirelessGlove.obj
 0001:00048520       _c1_t_encStr2Arr           10049520 f   c1_ARP_02_RPSsmile_WirelessGlove.obj
 0001:00048a40       _c1_u_encStr2Arr           10049a40 f   c1_ARP_02_RPSsmile_WirelessGlove.obj
 0001:00048f60       _c1_v_encStr2Arr           10049f60 f   c1_ARP_02_RPSsmile_WirelessGlove.obj
 0001:000494b0       _c1_w_encStr2Arr           1004a4b0 f   c1_ARP_02_RPSsmile_WirelessGlove.obj
 0001:000499e0       _c1_x_encStr2Arr           1004a9e0 f   c1_ARP_02_RPSsmile_WirelessGlove.obj
 0001:00049f20       _c1_y_encStr2Arr           1004af20 f   c1_ARP_02_RPSsmile_WirelessGlove.obj
 0001:0004a450       _c1_ab_encStr2Arr          1004b450 f   c1_ARP_02_RPSsmile_WirelessGlove.obj
 0001:0004a990       _c1_bb_encStr2Arr          1004b990 f   c1_ARP_02_RPSsmile_WirelessGlove.obj
 0001:0004aed0       _c1_cb_encStr2Arr          1004bed0 f   c1_ARP_02_RPSsmile_WirelessGlove.obj
 0001:0004b3f0       _c1_db_encStr2Arr          1004c3f0 f   c1_ARP_02_RPSsmile_WirelessGlove.obj
 0001:0004b910       _c1_eb_encStr2Arr          1004c910 f   c1_ARP_02_RPSsmile_WirelessGlove.obj
 0001:0004be30       _c1_fb_encStr2Arr          1004ce30 f   c1_ARP_02_RPSsmile_WirelessGlove.obj
 0001:0004c350       _c1_gb_encStr2Arr          1004d350 f   c1_ARP_02_RPSsmile_WirelessGlove.obj
 0001:0004c880       _c1_hb_encStr2Arr          1004d880 f   c1_ARP_02_RPSsmile_WirelessGlove.obj
 0001:0004cdc0       _c1_ib_encStr2Arr          1004ddc0 f   c1_ARP_02_RPSsmile_WirelessGlove.obj
 0001:0004d2f0       _c1_jb_encStr2Arr          1004e2f0 f   c1_ARP_02_RPSsmile_WirelessGlove.obj
 0001:0004d820       _c1_kb_encStr2Arr          1004e820 f   c1_ARP_02_RPSsmile_WirelessGlove.obj
 0001:0004dd40       _c1_lb_encStr2Arr          1004ed40 f   c1_ARP_02_RPSsmile_WirelessGlove.obj
 0001:0004e270       _c1_mb_encStr2Arr          1004f270 f   c1_ARP_02_RPSsmile_WirelessGlove.obj
 0001:0004e7a0       _c1_jb_sf_marshallOut      1004f7a0 f   c1_ARP_02_RPSsmile_WirelessGlove.obj
 0001:0004e8b0       _c1_kb_sf_marshallOut      1004f8b0 f   c1_ARP_02_RPSsmile_WirelessGlove.obj
 0001:0004e9d0       _c1_lb_sf_marshallOut      1004f9d0 f   c1_ARP_02_RPSsmile_WirelessGlove.obj
 0001:0004eae0       _c1_mb_sf_marshallOut      1004fae0 f   c1_ARP_02_RPSsmile_WirelessGlove.obj
 0001:0004ec00       _c1_nb_sf_marshallOut      1004fc00 f   c1_ARP_02_RPSsmile_WirelessGlove.obj
 0001:0004ed10       _c1_ob_sf_marshallOut      1004fd10 f   c1_ARP_02_RPSsmile_WirelessGlove.obj
 0001:0004ee20       _c1_pb_sf_marshallOut      1004fe20 f   c1_ARP_02_RPSsmile_WirelessGlove.obj
 0001:0004ef30       _c1_qb_sf_marshallOut      1004ff30 f   c1_ARP_02_RPSsmile_WirelessGlove.obj
 0001:0004f050       _c1_rb_sf_marshallOut      10050050 f   c1_ARP_02_RPSsmile_WirelessGlove.obj
 0001:0004f170       _c1_sb_sf_marshallOut      10050170 f   c1_ARP_02_RPSsmile_WirelessGlove.obj
 0001:0004f280       _c1_tb_sf_marshallOut      10050280 f   c1_ARP_02_RPSsmile_WirelessGlove.obj
 0001:0004f3a0       _c1_ub_sf_marshallOut      100503a0 f   c1_ARP_02_RPSsmile_WirelessGlove.obj
 0001:0004f4c0       _c1_vb_sf_marshallOut      100504c0 f   c1_ARP_02_RPSsmile_WirelessGlove.obj
 0001:0004f5e0       _c1_wb_sf_marshallOut      100505e0 f   c1_ARP_02_RPSsmile_WirelessGlove.obj
 0001:0004f700       _c1_xb_sf_marshallOut      10050700 f   c1_ARP_02_RPSsmile_WirelessGlove.obj
 0001:0004f820       _c1_yb_sf_marshallOut      10050820 f   c1_ARP_02_RPSsmile_WirelessGlove.obj
 0001:0004f940       _c1_ac_sf_marshallOut      10050940 f   c1_ARP_02_RPSsmile_WirelessGlove.obj
 0001:0004fa50       _c1_bc_sf_marshallOut      10050a50 f   c1_ARP_02_RPSsmile_WirelessGlove.obj
 0001:0004fb70       _c1_cc_sf_marshallOut      10050b70 f   c1_ARP_02_RPSsmile_WirelessGlove.obj
 0001:0004fc90       _c1_dc_sf_marshallOut      10050c90 f   c1_ARP_02_RPSsmile_WirelessGlove.obj
 0001:0004fdb0       _c1_ec_sf_marshallOut      10050db0 f   c1_ARP_02_RPSsmile_WirelessGlove.obj
 0001:0004fec0       _c1_fc_sf_marshallOut      10050ec0 f   c1_ARP_02_RPSsmile_WirelessGlove.obj
 0001:0004ffe0       _c1_gc_sf_marshallOut      10050fe0 f   c1_ARP_02_RPSsmile_WirelessGlove.obj
 0001:00050100       _c1_hc_sf_marshallOut      10051100 f   c1_ARP_02_RPSsmile_WirelessGlove.obj
 0001:00050220       _c1_ic_sf_marshallOut      10051220 f   c1_ARP_02_RPSsmile_WirelessGlove.obj
 0001:00050330       _c1_jc_sf_marshallOut      10051330 f   c1_ARP_02_RPSsmile_WirelessGlove.obj
 0001:00050450       _c1_kc_sf_marshallOut      10051450 f   c1_ARP_02_RPSsmile_WirelessGlove.obj
 0001:00050570       _c1_lc_sf_marshallOut      10051570 f   c1_ARP_02_RPSsmile_WirelessGlove.obj
 0001:00050690       _c1_mc_sf_marshallOut      10051690 f   c1_ARP_02_RPSsmile_WirelessGlove.obj
 0001:000507b0       _c1_nc_sf_marshallOut      100517b0 f   c1_ARP_02_RPSsmile_WirelessGlove.obj
 0001:000508d0       _c1_oc_sf_marshallOut      100518d0 f   c1_ARP_02_RPSsmile_WirelessGlove.obj
 0001:000509e0       _c1_pc_sf_marshallOut      100519e0 f   c1_ARP_02_RPSsmile_WirelessGlove.obj
 0001:00050b00       _c1_qc_sf_marshallOut      10051b00 f   c1_ARP_02_RPSsmile_WirelessGlove.obj
 0001:00050c20       _c1_rc_sf_marshallOut      10051c20 f   c1_ARP_02_RPSsmile_WirelessGlove.obj
 0001:00050d30       _c1_sc_sf_marshallOut      10051d30 f   c1_ARP_02_RPSsmile_WirelessGlove.obj
 0001:00050e50       _c1_tc_sf_marshallOut      10051e50 f   c1_ARP_02_RPSsmile_WirelessGlove.obj
 0001:00050f60       _c1_uc_sf_marshallOut      10051f60 f   c1_ARP_02_RPSsmile_WirelessGlove.obj
 0001:00051070       _c1_vc_sf_marshallOut      10052070 f   c1_ARP_02_RPSsmile_WirelessGlove.obj
 0001:00051190       _c1_updateDataWrittenToVector 10052190 f   c1_ARP_02_RPSsmile_WirelessGlove.obj
 0001:000511e0       _c1_errorIfDataNotWrittenToFcn 100521e0 f   c1_ARP_02_RPSsmile_WirelessGlove.obj
 0001:00051260       _c1_b_twister_state_vector 10052260 f   c1_ARP_02_RPSsmile_WirelessGlove.obj
 0001:00051440       _c1_c_eml_rand_mt19937ar   10052440 f   c1_ARP_02_RPSsmile_WirelessGlove.obj
 0001:00051e40       _c1_eml_error              10052e40 f   c1_ARP_02_RPSsmile_WirelessGlove.obj
 0001:00051f00       _sf_opaque_get_sim_state_c1_ARP_02_RPSsmile_WirelessGlove 10052f00 f   c1_ARP_02_RPSsmile_WirelessGlove.obj
 0001:00051f20       _sf_opaque_set_sim_state_c1_ARP_02_RPSsmile_WirelessGlove 10052f20 f   c1_ARP_02_RPSsmile_WirelessGlove.obj
 0001:00051f40       _sf_opaque_terminate_c1_ARP_02_RPSsmile_WirelessGlove 10052f40 f   c1_ARP_02_RPSsmile_WirelessGlove.obj
 0001:00051fd0       _finalize_c1_ARP_02_RPSsmile_WirelessGlove 10052fd0 f   c1_ARP_02_RPSsmile_WirelessGlove.obj
 0001:00051ff0       _sf_opaque_init_subchart_simstructs 10052ff0 f   c1_ARP_02_RPSsmile_WirelessGlove.obj
 0001:00052010       _initSimStructsc1_ARP_02_RPSsmile_WirelessGlove 10053010 f   c1_ARP_02_RPSsmile_WirelessGlove.obj
 0001:00052020       _mdlRTW_c1_ARP_02_RPSsmile_WirelessGlove 10053020 f   c1_ARP_02_RPSsmile_WirelessGlove.obj
 0001:000520c0       _c2_info_helper            100530c0 f   c2_ARP_02_RPSsmile_WirelessGlove.obj
 0001:000522b0       _c2_emlrt_marshallOut      100532b0 f   c2_ARP_02_RPSsmile_WirelessGlove.obj
 0001:00052310       _c2_b_emlrt_marshallOut    10053310 f   c2_ARP_02_RPSsmile_WirelessGlove.obj
 0001:00052cf0       _get_sim_state_c2_ARP_02_RPSsmile_WirelessGlove 10053cf0 f   c2_ARP_02_RPSsmile_WirelessGlove.obj
 0001:00052db0       _sf_get_sim_state_info_c2_ARP_02_RPSsmile_WirelessGlove 10053db0 f   c2_ARP_02_RPSsmile_WirelessGlove.obj
 0001:00052f30       _set_sim_state_c2_ARP_02_RPSsmile_WirelessGlove 10053f30 f   c2_ARP_02_RPSsmile_WirelessGlove.obj
 0001:00052fb0       _c2_update_debugger_state_c2_ARP_02_RPSsmile_WirelessGlove 10053fb0 f   c2_ARP_02_RPSsmile_WirelessGlove.obj
 0001:00052fc0       _c2_c_emlrt_marshallIn     10053fc0 f   c2_ARP_02_RPSsmile_WirelessGlove.obj
 0001:00053010       _c2_d_emlrt_marshallIn     10054010 f   c2_ARP_02_RPSsmile_WirelessGlove.obj
 0001:000530c0       _mdlProcessParameters_c2_ARP_02_RPSsmile_WirelessGlove 100540c0 f   c2_ARP_02_RPSsmile_WirelessGlove.obj
 0001:00053170       _initialize_params_c2_ARP_02_RPSsmile_WirelessGlove 10054170 f   c2_ARP_02_RPSsmile_WirelessGlove.obj
 0001:00053180       _mdlSetWorkWidths_c2_ARP_02_RPSsmile_WirelessGlove 10054180 f   c2_ARP_02_RPSsmile_WirelessGlove.obj
 0001:000535c0       _sf_get_instance_specialization 100545c0 f   c2_ARP_02_RPSsmile_WirelessGlove.obj
 0001:000535d0       _mdlStart_c2_ARP_02_RPSsmile_WirelessGlove 100545d0 f   c2_ARP_02_RPSsmile_WirelessGlove.obj
 0001:00053770       _init_dsm_address_info     10054770 f   c2_ARP_02_RPSsmile_WirelessGlove.obj
 0001:00053780       _chart_debug_initialization 10054780 f   c2_ARP_02_RPSsmile_WirelessGlove.obj
 0001:00053fb0       _init_script_number_translation 10054fb0 f   c2_ARP_02_RPSsmile_WirelessGlove.obj
 0001:00053fc0       _c2_sf_marshallOut         10054fc0 f   c2_ARP_02_RPSsmile_WirelessGlove.obj
 0001:00054040       _sf_opaque_initialize_c2_ARP_02_RPSsmile_WirelessGlove 10055040 f   c2_ARP_02_RPSsmile_WirelessGlove.obj
 0001:00054070       _initialize_c2_ARP_02_RPSsmile_WirelessGlove 10055070 f   c2_ARP_02_RPSsmile_WirelessGlove.obj
 0001:000540a0       _sf_opaque_enable_c2_ARP_02_RPSsmile_WirelessGlove 100550a0 f   c2_ARP_02_RPSsmile_WirelessGlove.obj
 0001:000540c0       _enable_c2_ARP_02_RPSsmile_WirelessGlove 100550c0 f   c2_ARP_02_RPSsmile_WirelessGlove.obj
 0001:000540e0       _sf_opaque_disable_c2_ARP_02_RPSsmile_WirelessGlove 100550e0 f   c2_ARP_02_RPSsmile_WirelessGlove.obj
 0001:00054100       _disable_c2_ARP_02_RPSsmile_WirelessGlove 10055100 f   c2_ARP_02_RPSsmile_WirelessGlove.obj
 0001:00054120       _sf_opaque_gateway_c2_ARP_02_RPSsmile_WirelessGlove 10055120 f   c2_ARP_02_RPSsmile_WirelessGlove.obj
 0001:00054140       _sf_gateway_c2_ARP_02_RPSsmile_WirelessGlove 10055140 f   c2_ARP_02_RPSsmile_WirelessGlove.obj
 0001:000551f0       _c2_sf_marshallIn          100561f0 f   c2_ARP_02_RPSsmile_WirelessGlove.obj
 0001:00055270       _c2_emlrt_marshallIn       10056270 f   c2_ARP_02_RPSsmile_WirelessGlove.obj
 0001:000552c0       _sf_opaque_get_sim_state_c2_ARP_02_RPSsmile_WirelessGlove 100562c0 f   c2_ARP_02_RPSsmile_WirelessGlove.obj
 0001:000552e0       _sf_opaque_set_sim_state_c2_ARP_02_RPSsmile_WirelessGlove 100562e0 f   c2_ARP_02_RPSsmile_WirelessGlove.obj
 0001:00055300       _sf_opaque_terminate_c2_ARP_02_RPSsmile_WirelessGlove 10056300 f   c2_ARP_02_RPSsmile_WirelessGlove.obj
 0001:00055390       _finalize_c2_ARP_02_RPSsmile_WirelessGlove 10056390 f   c2_ARP_02_RPSsmile_WirelessGlove.obj
 0001:000553a0       _sf_opaque_init_subchart_simstructs 100563a0 f   c2_ARP_02_RPSsmile_WirelessGlove.obj
 0001:000553c0       _initSimStructsc2_ARP_02_RPSsmile_WirelessGlove 100563c0 f   c2_ARP_02_RPSsmile_WirelessGlove.obj
 0001:000553d0       _mdlRTW_c2_ARP_02_RPSsmile_WirelessGlove 100563d0 f   c2_ARP_02_RPSsmile_WirelessGlove.obj
 0001:000558e0       _get_sim_state_c3_ARP_02_RPSsmile_WirelessGlove 100568e0 f   c3_ARP_02_RPSsmile_WirelessGlove.obj
 0001:00055a00       _sf_get_sim_state_info_c3_ARP_02_RPSsmile_WirelessGlove 10056a00 f   c3_ARP_02_RPSsmile_WirelessGlove.obj
 0001:00055b80       _set_sim_state_c3_ARP_02_RPSsmile_WirelessGlove 10056b80 f   c3_ARP_02_RPSsmile_WirelessGlove.obj
 0001:00055c40       _c3_update_debugger_state_c3_ARP_02_RPSsmile_WirelessGlove 10056c40 f   c3_ARP_02_RPSsmile_WirelessGlove.obj
 0001:00055c50       _c3_emlrt_marshallIn       10056c50 f   c3_ARP_02_RPSsmile_WirelessGlove.obj
 0001:00055ca0       _c3_b_emlrt_marshallIn     10056ca0 f   c3_ARP_02_RPSsmile_WirelessGlove.obj
 0001:00055cf0       _c3_d_emlrt_marshallIn     10056cf0 f   c3_ARP_02_RPSsmile_WirelessGlove.obj
 0001:00055d40       _c3_e_emlrt_marshallIn     10056d40 f   c3_ARP_02_RPSsmile_WirelessGlove.obj
 0001:00055df0       _mdlProcessParameters_c3_ARP_02_RPSsmile_WirelessGlove 10056df0 f   c3_ARP_02_RPSsmile_WirelessGlove.obj
 0001:00055ea0       _initialize_params_c3_ARP_02_RPSsmile_WirelessGlove 10056ea0 f   c3_ARP_02_RPSsmile_WirelessGlove.obj
 0001:00055eb0       _mdlSetWorkWidths_c3_ARP_02_RPSsmile_WirelessGlove 10056eb0 f   c3_ARP_02_RPSsmile_WirelessGlove.obj
 0001:00056230       _sf_get_instance_specialization 10057230 f   c3_ARP_02_RPSsmile_WirelessGlove.obj
 0001:00056240       _mdlStart_c3_ARP_02_RPSsmile_WirelessGlove 10057240 f   c3_ARP_02_RPSsmile_WirelessGlove.obj
 0001:000563e0       _init_dsm_address_info     100573e0 f   c3_ARP_02_RPSsmile_WirelessGlove.obj
 0001:000563f0       _chart_debug_initialization 100573f0 f   c3_ARP_02_RPSsmile_WirelessGlove.obj
 0001:00056900       _init_script_number_translation 10057900 f   c3_ARP_02_RPSsmile_WirelessGlove.obj
 0001:00056910       _c3_sf_marshallOut         10057910 f   c3_ARP_02_RPSsmile_WirelessGlove.obj
 0001:00056990       _c3_sf_marshallIn          10057990 f   c3_ARP_02_RPSsmile_WirelessGlove.obj
 0001:00056a10       _sf_opaque_initialize_c3_ARP_02_RPSsmile_WirelessGlove 10057a10 f   c3_ARP_02_RPSsmile_WirelessGlove.obj
 0001:00056a40       _initialize_c3_ARP_02_RPSsmile_WirelessGlove 10057a40 f   c3_ARP_02_RPSsmile_WirelessGlove.obj
 0001:00056a70       _sf_opaque_enable_c3_ARP_02_RPSsmile_WirelessGlove 10057a70 f   c3_ARP_02_RPSsmile_WirelessGlove.obj
 0001:00056a90       _enable_c3_ARP_02_RPSsmile_WirelessGlove 10057a90 f   c3_ARP_02_RPSsmile_WirelessGlove.obj
 0001:00056ab0       _sf_opaque_disable_c3_ARP_02_RPSsmile_WirelessGlove 10057ab0 f   c3_ARP_02_RPSsmile_WirelessGlove.obj
 0001:00056ad0       _disable_c3_ARP_02_RPSsmile_WirelessGlove 10057ad0 f   c3_ARP_02_RPSsmile_WirelessGlove.obj
 0001:00056af0       _sf_opaque_gateway_c3_ARP_02_RPSsmile_WirelessGlove 10057af0 f   c3_ARP_02_RPSsmile_WirelessGlove.obj
 0001:00056b10       _sf_gateway_c3_ARP_02_RPSsmile_WirelessGlove 10057b10 f   c3_ARP_02_RPSsmile_WirelessGlove.obj
 0001:000571d0       _sf_opaque_get_sim_state_c3_ARP_02_RPSsmile_WirelessGlove 100581d0 f   c3_ARP_02_RPSsmile_WirelessGlove.obj
 0001:000571f0       _sf_opaque_set_sim_state_c3_ARP_02_RPSsmile_WirelessGlove 100581f0 f   c3_ARP_02_RPSsmile_WirelessGlove.obj
 0001:00057210       _sf_opaque_terminate_c3_ARP_02_RPSsmile_WirelessGlove 10058210 f   c3_ARP_02_RPSsmile_WirelessGlove.obj
 0001:000572a0       _finalize_c3_ARP_02_RPSsmile_WirelessGlove 100582a0 f   c3_ARP_02_RPSsmile_WirelessGlove.obj
 0001:000572b0       _sf_opaque_init_subchart_simstructs 100582b0 f   c3_ARP_02_RPSsmile_WirelessGlove.obj
 0001:000572d0       _initSimStructsc3_ARP_02_RPSsmile_WirelessGlove 100582d0 f   c3_ARP_02_RPSsmile_WirelessGlove.obj
 0001:000572e0       _mdlRTW_c3_ARP_02_RPSsmile_WirelessGlove 100582e0 f   c3_ARP_02_RPSsmile_WirelessGlove.obj
 0001:00057a20       _getChartInfoFromSimStruct 10058a20 f   ARP_02_RPSsmile_WirelessGlove_sfun_registry.obj
 0001:00058b20       __ssFatalError             10059b20 f   ARP_02_RPSsmile_WirelessGlove_sfun_registry.obj
 0001:0005ae80       _ProcessMexSfunctionCmdLineCall 1005be80 f   ARP_02_RPSsmile_WirelessGlove_sfun_registry.obj
 0001:0005afa0       _sf_debug_api_wrapper      1005bfa0 f   ARP_02_RPSsmile_WirelessGlove_sfun_registry.obj
 0001:0005afd0       _mdlStart                  1005bfd0 f   ARP_02_RPSsmile_WirelessGlove_sfun_registry.obj
 0001:0005aff0       _mdl_start_processing      1005bff0 f   ARP_02_RPSsmile_WirelessGlove_sfun_registry.obj
 0001:0005b060       _mdlTerminate              1005c060 f   ARP_02_RPSsmile_WirelessGlove_sfun_registry.obj
 0001:0005b080       _mdl_terminate_processing  1005c080 f   ARP_02_RPSsmile_WirelessGlove_sfun_registry.obj
 0001:0005b0f0       _mdlInitializeSampleTimes  1005c0f0 f   ARP_02_RPSsmile_WirelessGlove_sfun_registry.obj
 0001:0005b110       _mdlZeroCrossings          1005c110 f   ARP_02_RPSsmile_WirelessGlove_sfun_registry.obj
 0001:0005b130       _mdl_zeroCrossings_processing 1005c130 f   ARP_02_RPSsmile_WirelessGlove_sfun_registry.obj
 0001:0005b160       _mdlDerivatives            1005c160 f   ARP_02_RPSsmile_WirelessGlove_sfun_registry.obj
 0001:0005b180       _mdl_derivatives_processing 1005c180 f   ARP_02_RPSsmile_WirelessGlove_sfun_registry.obj
 0001:0005b1c0       _mdlInitializeConditions   1005c1c0 f   ARP_02_RPSsmile_WirelessGlove_sfun_registry.obj
 0001:0005b1e0       _mdl_initialize_conditions_processing 1005c1e0 f   ARP_02_RPSsmile_WirelessGlove_sfun_registry.obj
 0001:0005b220       _mdlEnable                 1005c220 f   ARP_02_RPSsmile_WirelessGlove_sfun_registry.obj
 0001:0005b240       _mdl_enable_processing     1005c240 f   ARP_02_RPSsmile_WirelessGlove_sfun_registry.obj
 0001:0005b270       _mdlDisable                1005c270 f   ARP_02_RPSsmile_WirelessGlove_sfun_registry.obj
 0001:0005b290       _mdl_disable_processing    1005c290 f   ARP_02_RPSsmile_WirelessGlove_sfun_registry.obj
 0001:0005b2c0       _mdlOutputs                1005c2c0 f   ARP_02_RPSsmile_WirelessGlove_sfun_registry.obj
 0001:0005b2e0       _mdl_outputs_processing    1005c2e0 f   ARP_02_RPSsmile_WirelessGlove_sfun_registry.obj
 0001:0005b3b0       _mdl_outputs_continuous_legacy 1005c3b0 f   ARP_02_RPSsmile_WirelessGlove_sfun_registry.obj
 0001:0005b480       _mdlGetTimeOfNextVarHit    1005c480 f   ARP_02_RPSsmile_WirelessGlove_sfun_registry.obj
 0001:0005b4c0       __ProcessMexSfunctionCmdLineCall 1005c4c0 f   ARP_02_RPSsmile_WirelessGlove_sfun_registry.obj
 0001:0005bae0       _mdlSetWorkWidths          1005cae0 f   ARP_02_RPSsmile_WirelessGlove_sfun_registry.obj
 0001:0005bb00       _mdlProcessParameters      1005cb00 f   ARP_02_RPSsmile_WirelessGlove_sfun_registry.obj
 0001:0005bb20       _mdlInitializeSizes        1005cb20 f   ARP_02_RPSsmile_WirelessGlove_sfun_registry.obj
 0001:0005bb40       _mdlExtModeExec            1005cb40 f   ARP_02_RPSsmile_WirelessGlove_sfun_registry.obj
 0001:0005bb60       _mdl_ext_mode_exec_processing 1005cb60 f   ARP_02_RPSsmile_WirelessGlove_sfun_registry.obj
 0001:0005bba0       _mdlRTW                    1005cba0 f   ARP_02_RPSsmile_WirelessGlove_sfun_registry.obj
 0001:0005bbd0       __CreateSimStruct          1005cbd0 f   ARP_02_RPSsmile_WirelessGlove_sfun_registry.obj
 0001:0005bd00       __RegNumInputPortsCB       1005cd00 f   ARP_02_RPSsmile_WirelessGlove_sfun_registry.obj
 0001:0005bd60       __RegNumOutputPortsCB      1005cd60 f   ARP_02_RPSsmile_WirelessGlove_sfun_registry.obj
 0001:0005c2e1       _pre_c_init                1005d2e1 f   MSVCRT:crtdll.obj
 0001:0005c539       ___DllMainCRTStartup       1005d539 f   MSVCRT:crtdll.obj
