 testAtomicGaze_sfun

 Timestamp is 5452ccd7 (Thu Oct 30 16:42:15 2014)

 Preferred load address is 10000000

 Start         Length     Name                   Class
 0001:00000000 00010914H .text                   CODE
 0002:00000000 00000284H .idata$5                DATA
 0002:00000284 00000004H .CRT$XCA                DATA
 0002:00000288 00000004H .CRT$XCZ                DATA
 0002:0000028c 00000004H .CRT$XIA                DATA
 0002:00000290 00000004H .CRT$XIAA               DATA
 0002:00000294 00000004H .CRT$XIC                DATA
 0002:00000298 00000004H .CRT$XIZ                DATA
 0002:000002a0 00000720H .rdata                  DATA
 0002:000009c0 00000004H .rdata$sxdata           DATA
 0002:000009c4 00000004H .rtc$IAA                DATA
 0002:000009c8 00000004H .rtc$IZZ                DATA
 0002:000009cc 00000004H .rtc$TAA                DATA
 0002:000009d0 00000004H .rtc$TZZ                DATA
 0002:000009d8 00000064H .xdata$x                DATA
 0002:00000a3c 0000008cH .idata$2                DATA
 0002:00000ac8 00000014H .idata$3                DATA
 0002:00000adc 00000284H .idata$4                DATA
 0002:00000d60 00000e98H .idata$6                DATA
 0002:00001c00 00000059H .edata                  DATA
 0003:00000000 00003610H .data                   DATA
 0003:00003610 00000448H .bss                    DATA

  Address         Publics by Value              Rva+Base       Lib:Object

 0000:00000000       __except_list              00000000     <absolute>
 0000:00000001       ___safe_se_handler_count   00000001     <absolute>
 0000:00009876       __fltused                  00009876     <absolute>
 0000:00009876       __ldused                   00009876     <absolute>
 0000:00000000       ___ImageBase               10000000     <linker-defined>
 0001:00000000       _testAtomicGaze_initializer 10001000 f   testAtomicGaze_sfun.obj
 0001:00000010       _testAtomicGaze_terminator 10001010 f   testAtomicGaze_sfun.obj
 0001:00000020       _sf_testAtomicGaze_method_dispatcher 10001020 f   testAtomicGaze_sfun.obj
 0001:00000070       _sf_testAtomicGaze_process_check_sum_call 10001070 f   testAtomicGaze_sfun.obj
 0001:00000430       _sf_testAtomicGaze_autoinheritance_info 10001430 f   testAtomicGaze_sfun.obj
 0001:00000590       _sf_testAtomicGaze_get_eml_resolved_functions_info 10001590 f   testAtomicGaze_sfun.obj
 0001:000006b0       _sf_testAtomicGaze_third_party_uses_info 100016b0 f   testAtomicGaze_sfun.obj
 0001:00000810       _sf_testAtomicGaze_updateBuildInfo_args_info 10001810 f   testAtomicGaze_sfun.obj
 0001:00000970       _testAtomicGaze_debug_initialize 10001970 f   testAtomicGaze_sfun.obj
 0001:000009d0       _testAtomicGaze_register_exported_symbols 100019d0 f   testAtomicGaze_sfun.obj
 0001:000009e0       _load_testAtomicGaze_optimization_info 100019e0 f   testAtomicGaze_sfun.obj
 0001:00000a20       _unload_testAtomicGaze_optimization_info 10001a20 f   testAtomicGaze_sfun.obj
 0001:00000a50       _sf_c1_testAtomicGaze_get_eml_resolved_functions_info 10001a50 f   c1_testAtomicGaze.obj
 0001:00000d50       _sf_c1_testAtomicGaze_get_check_sum 10001d50 f   c1_testAtomicGaze.obj
 0001:00000db0       _sf_c1_testAtomicGaze_get_autoinheritance_info 10001db0 f   c1_testAtomicGaze.obj
 0001:00000eb0       _sf_c1_testAtomicGaze_third_party_uses_info 10001eb0 f   c1_testAtomicGaze.obj
 0001:00000ed0       _sf_c1_testAtomicGaze_updateBuildInfo_args_info 10001ed0 f   c1_testAtomicGaze.obj
 0001:00000ef0       _sf_internal_get_sim_state_c1_testAtomicGaze 10001ef0 f   c1_testAtomicGaze.obj
 0001:000011e0       _sf_internal_set_sim_state_c1_testAtomicGaze 100021e0 f   c1_testAtomicGaze.obj
 0001:00001810       _c1_testAtomicGaze_method_dispatcher 10002810 f   c1_testAtomicGaze.obj
 0001:00005310       _sf_c3_testAtomicGaze_get_eml_resolved_functions_info 10006310 f   c3_testAtomicGaze.obj
 0001:00006e80       _sf_c3_testAtomicGaze_get_check_sum 10007e80 f   c3_testAtomicGaze.obj
 0001:00006ee0       _sf_c3_testAtomicGaze_get_autoinheritance_info 10007ee0 f   c3_testAtomicGaze.obj
 0001:000072e0       _sf_c3_testAtomicGaze_third_party_uses_info 100082e0 f   c3_testAtomicGaze.obj
 0001:00007300       _sf_c3_testAtomicGaze_updateBuildInfo_args_info 10008300 f   c3_testAtomicGaze.obj
 0001:00007320       _sf_internal_get_sim_state_c3_testAtomicGaze 10008320 f   c3_testAtomicGaze.obj
 0001:00007620       _sf_internal_set_sim_state_c3_testAtomicGaze 10008620 f   c3_testAtomicGaze.obj
 0001:000079a0       _c3_testAtomicGaze_method_dispatcher 100089a0 f   c3_testAtomicGaze.obj
 0001:0000b060       _sf_process_check_sum_call 1000c060 f   testAtomicGaze_sfun_registry.obj
 0001:0000b090       _sf_process_autoinheritance_call 1000c090 f   testAtomicGaze_sfun_registry.obj
 0001:0000b1d0       _sf_process_get_third_party_uses_info_call 1000c1d0 f   testAtomicGaze_sfun_registry.obj
 0001:0000b310       _sf_process_get_updateBuildInfo_args_info_call 1000c310 f   testAtomicGaze_sfun_registry.obj
 0001:0000b450       _sf_process_get_eml_resolved_functions_info_call 1000c450 f   testAtomicGaze_sfun_registry.obj
 0001:0000b570       _sf_mex_unlock_call        1000c570 f   testAtomicGaze_sfun_registry.obj
 0001:0000b600       _sf_machine_global_initializer_called 1000c600 f   testAtomicGaze_sfun_registry.obj
 0001:0000b620       _sf_machine_global_method_dispatcher 1000c620 f   testAtomicGaze_sfun_registry.obj
 0001:0000b660       _sf_machine_global_terminator 1000c660 f   testAtomicGaze_sfun_registry.obj
 0001:0000b6a0       _sf_register_machine_exported_symbols 1000c6a0 f   testAtomicGaze_sfun_registry.obj
 0001:0000b6c0       _callCustomFcn             1000c6c0 f   testAtomicGaze_sfun_registry.obj
 0001:0000b6d0       _sf_machine_global_initializer 1000c6d0 f   testAtomicGaze_sfun_registry.obj
 0001:0000b740       _mdlGetSimState            1000c740 f   testAtomicGaze_sfun_registry.obj
 0001:0000b7a0       _mdlSetSimState            1000c7a0 f   testAtomicGaze_sfun_registry.obj
 0001:0000b7d0       __ssSetStateAbsTol         1000c7d0 f   testAtomicGaze_sfun_registry.obj
 0001:0000b870       __ssGetAbsTol              1000c870 f   testAtomicGaze_sfun_registry.obj
 0001:0000b8c0       __ssSetInputPortMatrixDimensions 1000c8c0 f   testAtomicGaze_sfun_registry.obj
 0001:0000b970       __ssSetOutputPortMatrixDimensions 1000c970 f   testAtomicGaze_sfun_registry.obj
 0001:0000ba20       __ssSetInputPortVectorDimension 1000ca20 f   testAtomicGaze_sfun_registry.obj
 0001:0000baa0       __ssSetOutputPortVectorDimension 1000caa0 f   testAtomicGaze_sfun_registry.obj
 0001:0000bb20       _ssIsRunTimeParamTunable   1000cb20 f   testAtomicGaze_sfun_registry.obj
 0001:0000bb80       _ssGetSFuncBlockHandle     1000cb80 f   testAtomicGaze_sfun_registry.obj
 0001:0000bbd0       __ssGetCurrentInputPortWidth 1000cbd0 f   testAtomicGaze_sfun_registry.obj
 0001:0000bca0       __ssGetCurrentOutputPortWidth 1000cca0 f   testAtomicGaze_sfun_registry.obj
 0001:0000bd70       __ssGetCallSystemNumFcnCallDestinations 1000cd70 f   testAtomicGaze_sfun_registry.obj
 0001:0000bdd0       _ssWarning                 1000cdd0 f   testAtomicGaze_sfun_registry.obj
 0001:0000beb0       _ssGetIsZeroCrossControlDisabled 1000ceb0 f   testAtomicGaze_sfun_registry.obj
 0001:0000bf10       _ssSetIsInputPortUsedForContZcSignal 1000cf10 f   testAtomicGaze_sfun_registry.obj
 0001:0000bf60       _ssSetZcSignalIsZcElementDisc 1000cf60 f   testAtomicGaze_sfun_registry.obj
 0001:0000bfe0       _ssSetZcSignalName         1000cfe0 f   testAtomicGaze_sfun_registry.obj
 0001:0000c030       _ssSetZcSignalWidth        1000d030 f   testAtomicGaze_sfun_registry.obj
 0001:0000c080       _ssSetZcSignalZcEventType  1000d080 f   testAtomicGaze_sfun_registry.obj
 0001:0000c0d0       _ssSetZcSignalType         1000d0d0 f   testAtomicGaze_sfun_registry.obj
 0001:0000c120       _ssSetZcSignalZcTol        1000d120 f   testAtomicGaze_sfun_registry.obj
 0001:0000c170       _ssSetZcSignalNeedsEventNotification 1000d170 f   testAtomicGaze_sfun_registry.obj
 0001:0000c1c0       _ssCreateAndAddZcSignalInfo 1000d1c0 f   testAtomicGaze_sfun_registry.obj
 0001:0000c220       _ssCloneAndAddZcSignalInfo 1000d220 f   testAtomicGaze_sfun_registry.obj
 0001:0000c280       _ssGetNumZcSignals         1000d280 f   testAtomicGaze_sfun_registry.obj
 0001:0000c2e0       _ssGetZcSignalVector       1000d2e0 f   testAtomicGaze_sfun_registry.obj
 0001:0000c340       _ssGetZcSignalZcEvents     1000d340 f   testAtomicGaze_sfun_registry.obj
 0001:0000c3a0       _ssGetZcSignalName         1000d3a0 f   testAtomicGaze_sfun_registry.obj
 0001:0000c400       _ssGetZcSignalWidth        1000d400 f   testAtomicGaze_sfun_registry.obj
 0001:0000c460       _ssGetZcSignalZcEventType  1000d460 f   testAtomicGaze_sfun_registry.obj
 0001:0000c4c0       _ssGetZcSignalType         1000d4c0 f   testAtomicGaze_sfun_registry.obj
 0001:0000c520       _ssGetZcSignalZcTol        1000d520 f   testAtomicGaze_sfun_registry.obj
 0001:0000c580       _ssGetZcSignalNeedsEventNotification 1000d580 f   testAtomicGaze_sfun_registry.obj
 0001:0000c5e0       _ssGetZcSignalIsZcElementDisc 1000d5e0 f   testAtomicGaze_sfun_registry.obj
 0001:0000c660       _ssGetIsInputPortElementContinuous 1000d660 f   testAtomicGaze_sfun_registry.obj
 0001:0000c6e0       __ssGetInputPortSignalPtrsFcn 1000d6e0 f   testAtomicGaze_sfun_registry.obj
 0001:0000c8e0       __ssGetInputPortSignalFcn  1000d8e0 f   testAtomicGaze_sfun_registry.obj
 0001:0000ca70       __ssSetInputPortDirectFeedThroughFcn 1000da70 f   testAtomicGaze_sfun_registry.obj
 0001:0000cba0       __ssSetInputPortReusableFcn 1000dba0 f   testAtomicGaze_sfun_registry.obj
 0001:0000cc30       __ssSetOutputPortReusableFcn 1000dc30 f   testAtomicGaze_sfun_registry.obj
 0001:0000ccc0       _ssGetDTypeIdFromMxArray   1000dcc0 f   testAtomicGaze_sfun_registry.obj
 0001:0000cdb0       _ssWriteRTWStr             1000ddb0 f   testAtomicGaze_sfun_registry.obj
 0001:0000cdf0       _ssWriteRTWMxVectParam     1000ddf0 f   testAtomicGaze_sfun_registry.obj
 0001:0000ce30       _ssWriteRTWMx2dMatParam    1000de30 f   testAtomicGaze_sfun_registry.obj
 0001:0000ce70       _ssWriteRTWNameValuePair   1000de70 f   testAtomicGaze_sfun_registry.obj
 0001:0000d1e0       _ssWriteRTWParameters      1000e1e0 f   testAtomicGaze_sfun_registry.obj
 0001:0000d580       _ssWriteRTWParamSettings   1000e580 f   testAtomicGaze_sfun_registry.obj
 0001:0000da30       _ssWriteRTWWorkVect        1000ea30 f   testAtomicGaze_sfun_registry.obj
 0001:0000ddc0       _mexFunction               1000edc0 f   testAtomicGaze_sfun_registry.obj
 0001:0000fb10       _ProcessMexSfunctionEveryCall 10010b10 f   testAtomicGaze_sfun_registry.obj
 0001:0000fc2e       _sf_debug_set_machine_data_thresholds 10010c2e f   sf_runtime:sf_runtime.dll
 0001:0000fc34       _sf_debug_set_machine_event_thresholds 10010c34 f   sf_runtime:sf_runtime.dll
 0001:0000fc3a       _sf_debug_initialize_machine 10010c3a f   sf_runtime:sf_runtime.dll
 0001:0000fc40       _sf_load_rtw_optimization_info 10010c40 f   sf_runtime:sf_runtime.dll
 0001:0000fc46       _sf_mex_emlrtNameCapturePostProcessR2012a 10010c46 f   sf_runtime:sf_runtime.dll
 0001:0000fc4c       _sf_mex_assign             10010c4c f   sf_runtime:sf_runtime.dll
 0001:0000fc52       _sf_mex_createstruct       10010c52 f   sf_runtime:sf_runtime.dll
 0001:0000fc58       _sf_mex_destroy            10010c58 f   sf_runtime:sf_runtime.dll
 0001:0000fc5e       _sf_mex_duplicatearraysafe 10010c5e f   sf_runtime:sf_runtime.dll
 0001:0000fc64       _sf_mex_createcellmatrix   10010c64 f   sf_runtime:sf_runtime.dll
 0001:0000fc6a       _sf_mex_addfield           10010c6a f   sf_runtime:sf_runtime.dll
 0001:0000fc70       _sf_mex_create             10010c70 f   sf_runtime:sf_runtime.dll
 0001:0000fc76       _sf_mex_error_message      10010c76 f   sf_runtime:sf_runtime.dll
 0001:0000fc7c       _sf_mex_call_matlab        10010c7c f   sf_runtime:sf_runtime.dll
 0001:0000fc82       _sf_mex_setcell            10010c82 f   sf_runtime:sf_runtime.dll
 0001:0000fc88       _sf_mex_decode_encoded_mx_struct_array 10010c88 f   sf_runtime:sf_runtime.dll
 0001:0000fc8e       _sf_mex_getcell            10010c8e f   sf_runtime:sf_runtime.dll
 0001:0000fc94       _sf_mex_dup                10010c94 f   sf_runtime:sf_runtime.dll
 0001:0000fc9a       _sf_debug_animate          10010c9a f   sf_runtime:sf_runtime.dll
 0001:0000fca0       _sf_debug_call             10010ca0 f   sf_runtime:sf_runtime.dll
 0001:0000fca6       _sf_debug_set_honor_breakpoints 10010ca6 f   sf_runtime:sf_runtime.dll
 0001:0000fcac       _sf_debug_set_animation    10010cac f   sf_runtime:sf_runtime.dll
 0001:0000fcb2       _sf_debug_get_animation    10010cb2 f   sf_runtime:sf_runtime.dll
 0001:0000fcb8       _sf_mex_import             10010cb8 f   sf_runtime:sf_runtime.dll
 0001:0000fcbe       _sf_set_rtw_dwork_info     10010cbe f   sf_runtime:sf_runtime.dll
 0001:0000fcc4       _sf_mark_output_events_with_multiple_callers 10010cc4 f   sf_runtime:sf_runtime.dll
 0001:0000fcca       _sf_update_buildInfo       10010cca f   sf_runtime:sf_runtime.dll
 0001:0000fcd0       _sf_rtw_info_uint_prop     10010cd0 f   sf_runtime:sf_runtime.dll
 0001:0000fcd6       _sf_is_chart_inlinable     10010cd6 f   sf_runtime:sf_runtime.dll
 0001:0000fcdc       _sim_mode_is_external      10010cdc f   sf_runtime:sf_runtime.dll
 0001:0000fce2       _sim_mode_is_rtw_gen       10010ce2 f   sf_runtime:sf_runtime.dll
 0001:0000fce8       _sf_debug_reset_current_state_configuration 10010ce8 f   sf_runtime:sf_runtime.dll
 0001:0000fcee       _sf_debug_set_instance_data_value_ptr 10010cee f   sf_runtime:sf_runtime.dll
 0001:0000fcf4       _sf_debug_set_chart_data_compiled_props 10010cf4 f   sf_runtime:sf_runtime.dll
 0001:0000fcfa       _cv_eml_init_if            10010cfa f   sf_runtime:sf_runtime.dll
 0001:0000fd00       _cv_eml_init_script        10010d00 f   sf_runtime:sf_runtime.dll
 0001:0000fd06       _cv_script_init_fcn        10010d06 f   sf_runtime:sf_runtime.dll
 0001:0000fd0c       _cv_script_init_script     10010d0c f   sf_runtime:sf_runtime.dll
 0001:0000fd12       _sf_debug_cv_init_trans    10010d12 f   sf_runtime:sf_runtime.dll
 0001:0000fd18       _sf_debug_cv_init_state    10010d18 f   sf_runtime:sf_runtime.dll
 0001:0000fd1e       _sf_debug_cv_init_chart    10010d1e f   sf_runtime:sf_runtime.dll
 0001:0000fd24       _sf_debug_set_chart_state_substate_count 10010d24 f   sf_runtime:sf_runtime.dll
 0001:0000fd2a       _sf_debug_set_chart_substate_index 10010d2a f   sf_runtime:sf_runtime.dll
 0001:0000fd30       _sf_debug_set_chart_decomposition 10010d30 f   sf_runtime:sf_runtime.dll
 0001:0000fd36       _sf_debug_set_chart_substate_count 10010d36 f   sf_runtime:sf_runtime.dll
 0001:0000fd3c       _sf_debug_set_chart_state_info 10010d3c f   sf_runtime:sf_runtime.dll
 0001:0000fd42       _sf_debug_set_chart_data_props 10010d42 f   sf_runtime:sf_runtime.dll
 0001:0000fd48       _sf_debug_set_chart_event_thresholds 10010d48 f   sf_runtime:sf_runtime.dll
 0001:0000fd4e       _sf_debug_set_chart_disable_implicit_casting 10010d4e f   sf_runtime:sf_runtime.dll
 0001:0000fd54       _sf_debug_initialize_chart 10010d54 f   sf_runtime:sf_runtime.dll
 0001:0000fd5a       _sf_debug_set_script_translation 10010d5a f   sf_runtime:sf_runtime.dll
 0001:0000fd60       _sf_debug_get_script_id    10010d60 f   sf_runtime:sf_runtime.dll
 0001:0000fd66       _sf_get_time               10010d66 f   sf_runtime:sf_runtime.dll
 0001:0000fd6c       _sf_call_output_fcn_enable 10010d6c f   sf_runtime:sf_runtime.dll
 0001:0000fd72       _sf_call_output_fcn_disable 10010d72 f   sf_runtime:sf_runtime.dll
 0001:0000fd78       _sf_debug_check_for_state_inconsistency 10010d78 f   sf_runtime:sf_runtime.dll
 0001:0000fd7e       _sf_debug_unset_instance_data_value_ptr 10010d7e f   sf_runtime:sf_runtime.dll
 0001:0000fd84       _sf_call_output_fcn_call   10010d84 f   sf_runtime:sf_runtime.dll
 0001:0000fd8a       _sf_debug_symbol_scope_add_importable 10010d8a f   sf_runtime:sf_runtime.dll
 0001:0000fd90       _sf_debug_data_range_wrapper 10010d90 f   sf_runtime:sf_runtime.dll
 0001:0000fd96       _eml_debug_line_call       10010d96 f   sf_runtime:sf_runtime.dll
 0001:0000fd9c       _cv_script_eval            10010d9c f   sf_runtime:sf_runtime.dll
 0001:0000fda2       _sf_debug_symbol_scope_add_eml 10010da2 f   sf_runtime:sf_runtime.dll
 0001:0000fda8       _sf_debug_symbol_scope_pop 10010da8 f   sf_runtime:sf_runtime.dll
 0001:0000fdae       _cv_eml_eval               10010dae f   sf_runtime:sf_runtime.dll
 0001:0000fdb4       _sf_debug_symbol_scope_add_eml_importable 10010db4 f   sf_runtime:sf_runtime.dll
 0001:0000fdba       _sf_debug_symbol_scope_push_eml 10010dba f   sf_runtime:sf_runtime.dll
 0001:0000fdc0       _cv_eval_point             10010dc0 f   sf_runtime:sf_runtime.dll
 0001:0000fdc6       _sf_debug_symbol_scope_push 10010dc6 f   sf_runtime:sf_runtime.dll
 0001:0000fdcc       _sf_mex_sub                10010dcc f   sf_runtime:sf_runtime.dll
 0001:0000fdd2       _sf_clear_rtw_identifier   10010dd2 f   sf_runtime:sf_runtime.dll
 0001:0000fdd8       _sf_mark_chart_reusable_outputs 10010dd8 f   sf_runtime:sf_runtime.dll
 0001:0000fdde       _sf_mark_chart_expressionable_inputs 10010dde f   sf_runtime:sf_runtime.dll
 0001:0000fde4       _cv_script_init_mcdc       10010de4 f   sf_runtime:sf_runtime.dll
 0001:0000fdea       _cv_script_init_if         10010dea f   sf_runtime:sf_runtime.dll
 0001:0000fdf0       _cv_eml_init_fcn           10010df0 f   sf_runtime:sf_runtime.dll
 0001:0000fdf6       _sf_debug_sub_assign_size_check_nd 10010df6 f   sf_runtime:sf_runtime.dll
 0001:0000fdfc       _sf_debug_eml_data_array_bounds_error_check 10010dfc f   sf_runtime:sf_runtime.dll
 0001:0000fe02       _sf_mex_call_debug         10010e02 f   sf_runtime:sf_runtime.dll
 0001:0000fe08       _sf_debug_symbol_scope_add_eml_dyn_importable 10010e08 f   sf_runtime:sf_runtime.dll
 0001:0000fe0e       _sf_mex_import_vs          10010e0e f   sf_runtime:sf_runtime.dll
 0001:0000fe14       _sf_debug_terminate        10010e14 f   sf_runtime:sf_runtime.dll
 0001:0000fe1a       _sf_debug_create_debug_instance_struct 10010e1a f   sf_runtime:sf_runtime.dll
 0001:0000fe20       _sf_debug_api              10010e20 f   sf_runtime:sf_runtime.dll
 0001:0000fe26       _callMdlMethodAndReportError 10010e26 f   sf_runtime:sf_runtime.dll
 0001:0000fe2c       _call_sf_machine_global_method_dispatcher 10010e2c f   sf_runtime:sf_runtime.dll
 0001:0000fe32       _sf_clear_error_manager_info 10010e32 f   sf_runtime:sf_runtime.dll
 0001:0000fe38       _sf_mex_error_direct_call  10010e38 f   sf_runtime:sf_runtime.dll
 0001:0000fe3e       _mxGetScalar               10010e3e f   libmx:libmx.dll
 0001:0000fe44       _mxGetPr                   10010e44 f   libmx:libmx.dll
 0001:0000fe4a       _mxCreateDoubleMatrix_730  10010e4a f   libmx:libmx.dll
 0001:0000fe50       _mxGetString_730           10010e50 f   libmx:libmx.dll
 0001:0000fe56       _mxIsChar                  10010e56 f   libmx:libmx.dll
 0001:0000fe5c       _mxDestroyArray            10010e5c f   libmx:libmx.dll
 0001:0000fe62       _mxDuplicateArray          10010e62 f   libmx:libmx.dll
 0001:0000fe68       _mxSetField_730            10010e68 f   libmx:libmx.dll
 0001:0000fe6e       _mxCreateString            10010e6e f   libmx:libmx.dll
 0001:0000fe74       _mxCreateStructMatrix_730  10010e74 f   libmx:libmx.dll
 0001:0000fe7a       _mxCreateCellMatrix_730    10010e7a f   libmx:libmx.dll
 0001:0000fe80       _mxCreateDoubleScalar      10010e80 f   libmx:libmx.dll
 0001:0000fe86       _mxGetClassID              10010e86 f   libmx:libmx.dll
 0001:0000fe8c       _mxIsNumeric               10010e8c f   libmx:libmx.dll
 0001:0000fe92       _mxIsComplex               10010e92 f   libmx:libmx.dll
 0001:0000fe98       _mxGetN                    10010e98 f   libmx:libmx.dll
 0001:0000fe9e       _mxGetM                    10010e9e f   libmx:libmx.dll
 0001:0000fea4       _mxCalloc                  10010ea4 f   libmx:libmx.dll
 0001:0000feaa       _mexMakeArrayPersistent    10010eaa f   libmex:libmex.dll
 0001:0000feb0       _mexUnlock                 10010eb0 f   libmex:libmex.dll
 0001:0000feb6       _mexIsLocked               10010eb6 f   libmex:libmex.dll
 0001:0000febc       _mexWarnMsgTxt             10010ebc f   libmex:libmex.dll
 0001:0000fec2       _mexCallMATLAB             10010ec2 f   libmex:libmex.dll
 0001:0000fec8       _mexErrMsgTxt              10010ec8 f   libmex:libmex.dll
 0001:0000fece       _mexLock                   10010ece f   libmex:libmex.dll
 0001:0000fed4       _utMalloc                  10010ed4 f   libut:libut.dll
 0001:0000feda       _utFree                    10010eda f   libut:libut.dll
 0001:0000fee0       _muDoubleScalarAbs         10010ee0 f   libmwmathutil:libmwmathutil.dll
 0001:0000fee6       _strcmp                    10010ee6 f   MSVCRT:MSVCR100.dll
 0001:0000fef0       @__security_check_cookie@4 10010ef0 f   MSVCRT:secchk.obj
 0001:0000ff00       _strlen                    10010f00 f   MSVCRT:MSVCR100.dll
 0001:0000ff06       _memset                    10010f06 f   MSVCRT:MSVCR100.dll
 0001:0000ff10       __alloca_probe             10010f10     MSVCRT:chkstk.obj
 0001:0000ff10       __chkstk                   10010f10 f   MSVCRT:chkstk.obj
 0001:0000ff40       __ftol2_sse                10010f40 f   MSVCRT:ftol2.obj
 0001:0000ff49       __ftol2_pentium4           10010f49 f   MSVCRT:ftol2.obj
 0001:0000ff5c       __ftol2_sse_excpt          10010f5c f   MSVCRT:ftol2.obj
 0001:0000ff76       __ftol2                    10010f76 f   MSVCRT:ftol2.obj
 0001:0000ffec       _free                      10010fec f   MSVCRT:MSVCR100.dll
 0001:0000fff2       _sprintf                   10010ff2 f   MSVCRT:MSVCR100.dll
 0001:0000fff8       _malloc                    10010ff8 f   MSVCRT:MSVCR100.dll
 0001:0000fffe       _strcat                    10010ffe f   MSVCRT:MSVCR100.dll
 0001:00010004       _memcpy                    10011004 f   MSVCRT:MSVCR100.dll
 0001:0001000a       _NtCurrentTeb              1001100a f i MSVCRT:crtdll.obj
 0001:0001005f       __CRT_INIT@12              1001105f f   MSVCRT:crtdll.obj
 0001:0001037f       __DllMainCRTStartup@12     1001137f f   MSVCRT:crtdll.obj
 0001:000103a2       ___report_gsfailure        100113a2 f   MSVCRT:gs_report.obj
 0001:000104a8       ___sse2_available_init     100114a8 f   MSVCRT:cpu_disp.obj
 0001:000104b8       ___clean_type_info_names   100114b8 f   MSVCRT:tncleanup.obj
 0001:000104c4       __onexit                   100114c4 f   MSVCRT:atonexit.obj
 0001:00010565       _atexit                    10011565 f   MSVCRT:atonexit.obj
 0001:0001057c       __RTC_Initialize           1001157c f   MSVCRT:_initsect_.obj
 0001:000105a2       __RTC_Terminate            100115a2 f   MSVCRT:_initsect_.obj
 0001:000105c8       __malloc_crt               100115c8 f   MSVCRT:MSVCR100.dll
 0001:000105ce       __encoded_null             100115ce f   MSVCRT:MSVCR100.dll
 0001:000105e0       __ValidateImageBase        100115e0 f   MSVCRT:pesect.obj
 0001:00010620       __FindPESection            10011620 f   MSVCRT:pesect.obj
 0001:00010670       __IsNonwritableInCurrentImage 10011670 f   MSVCRT:pesect.obj
 0001:0001072c       __initterm                 1001172c f   MSVCRT:MSVCR100.dll
 0001:00010732       __initterm_e               10011732 f   MSVCRT:MSVCR100.dll
 0001:00010738       __amsg_exit                10011738 f   MSVCRT:MSVCR100.dll
 0001:0001073e       ___CppXcptFilter           1001173e f   MSVCRT:MSVCR100.dll
 0001:00010744       _DllMain@12                10011744 f   MSVCRT:dllmain.obj
 0001:00010770       __SEH_prolog4              10011770 f   MSVCRT:sehprolg4.obj
 0001:000107b5       __SEH_epilog4              100117b5 f   MSVCRT:sehprolg4.obj
 0001:000107c9       __except_handler4          100117c9 f   MSVCRT:chandler4gs.obj
 0001:000107ee       ___security_init_cookie    100117ee f   MSVCRT:gs_support.obj
 0001:0001088a       __crt_debugger_hook        1001188a f   MSVCRT:MSVCR100.dll
 0001:00010890       ___clean_type_info_names_internal 10011890 f   MSVCRT:MSVCR100.dll
 0001:00010896       __unlock                   10011896 f   MSVCRT:MSVCR100.dll
 0001:0001089c       ___dllonexit               1001189c f   MSVCRT:MSVCR100.dll
 0001:000108a2       __lock                     100118a2 f   MSVCRT:MSVCR100.dll
 0001:000108a8       __except_handler4_common   100118a8 f   MSVCRT:MSVCR100.dll
 0001:000108ae       _EncodePointer@4           100118ae f   kernel32:KERNEL32.dll
 0001:000108b4       _DecodePointer@4           100118b4 f   kernel32:KERNEL32.dll
 0001:000108ba       _InterlockedExchange@8     100118ba f   kernel32:KERNEL32.dll
 0001:000108c0       _Sleep@4                   100118c0 f   kernel32:KERNEL32.dll
 0001:000108c6       _InterlockedCompareExchange@12 100118c6 f   kernel32:KERNEL32.dll
 0001:000108cc       _TerminateProcess@8        100118cc f   kernel32:KERNEL32.dll
 0001:000108d2       _GetCurrentProcess@0       100118d2 f   kernel32:KERNEL32.dll
 0001:000108d8       _UnhandledExceptionFilter@4 100118d8 f   kernel32:KERNEL32.dll
 0001:000108de       _SetUnhandledExceptionFilter@4 100118de f   kernel32:KERNEL32.dll
 0001:000108e4       _IsDebuggerPresent@0       100118e4 f   kernel32:KERNEL32.dll
 0001:000108ea       _IsProcessorFeaturePresent@4 100118ea f   kernel32:KERNEL32.dll
 0001:000108f0       _DisableThreadLibraryCalls@4 100118f0 f   kernel32:KERNEL32.dll
 0001:000108f6       _QueryPerformanceCounter@4 100118f6 f   kernel32:KERNEL32.dll
 0001:000108fc       _GetTickCount@0            100118fc f   kernel32:KERNEL32.dll
 0001:00010902       _GetCurrentThreadId@0      10011902 f   kernel32:KERNEL32.dll
 0001:00010908       _GetCurrentProcessId@0     10011908 f   kernel32:KERNEL32.dll
 0001:0001090e       _GetSystemTimeAsFileTime@4 1001190e f   kernel32:KERNEL32.dll
 0002:00000000       __imp__GetCurrentProcessId@0 10012000     kernel32:KERNEL32.dll
 0002:00000004       __imp__GetCurrentThreadId@0 10012004     kernel32:KERNEL32.dll
 0002:00000008       __imp__GetTickCount@0      10012008     kernel32:KERNEL32.dll
 0002:0000000c       __imp__QueryPerformanceCounter@4 1001200c     kernel32:KERNEL32.dll
 0002:00000010       __imp__DisableThreadLibraryCalls@4 10012010     kernel32:KERNEL32.dll
 0002:00000014       __imp__IsProcessorFeaturePresent@4 10012014     kernel32:KERNEL32.dll
 0002:00000018       __imp__IsDebuggerPresent@0 10012018     kernel32:KERNEL32.dll
 0002:0000001c       __imp__SetUnhandledExceptionFilter@4 1001201c     kernel32:KERNEL32.dll
 0002:00000020       __imp__UnhandledExceptionFilter@4 10012020     kernel32:KERNEL32.dll
 0002:00000024       __imp__GetCurrentProcess@0 10012024     kernel32:KERNEL32.dll
 0002:00000028       __imp__TerminateProcess@8  10012028     kernel32:KERNEL32.dll
 0002:0000002c       __imp__InterlockedCompareExchange@12 1001202c     kernel32:KERNEL32.dll
 0002:00000030       __imp__Sleep@4             10012030     kernel32:KERNEL32.dll
 0002:00000034       __imp__InterlockedExchange@8 10012034     kernel32:KERNEL32.dll
 0002:00000038       __imp__DecodePointer@4     10012038     kernel32:KERNEL32.dll
 0002:0000003c       __imp__EncodePointer@4     1001203c     kernel32:KERNEL32.dll
 0002:00000040       __imp__GetSystemTimeAsFileTime@4 10012040     kernel32:KERNEL32.dll
 0002:00000044       \177KERNEL32_NULL_THUNK_DATA 10012044     kernel32:KERNEL32.dll
 0002:00000048       __imp___except_handler4_common 10012048     MSVCRT:MSVCR100.dll
 0002:0000004c       __imp___onexit             1001204c     MSVCRT:MSVCR100.dll
 0002:00000050       __imp___lock               10012050     MSVCRT:MSVCR100.dll
 0002:00000054       __imp____dllonexit         10012054     MSVCRT:MSVCR100.dll
 0002:00000058       __imp___unlock             10012058     MSVCRT:MSVCR100.dll
 0002:0000005c       __imp____clean_type_info_names_internal 1001205c     MSVCRT:MSVCR100.dll
 0002:00000060       __imp___crt_debugger_hook  10012060     MSVCRT:MSVCR100.dll
 0002:00000064       __imp____CppXcptFilter     10012064     MSVCRT:MSVCR100.dll
 0002:00000068       __imp___amsg_exit          10012068     MSVCRT:MSVCR100.dll
 0002:0000006c       __imp___initterm_e         1001206c     MSVCRT:MSVCR100.dll
 0002:00000070       __imp___initterm           10012070     MSVCRT:MSVCR100.dll
 0002:00000074       __imp___encoded_null       10012074     MSVCRT:MSVCR100.dll
 0002:00000078       __imp___malloc_crt         10012078     MSVCRT:MSVCR100.dll
 0002:0000007c       __imp__memcpy              1001207c     MSVCRT:MSVCR100.dll
 0002:00000080       __imp__strcat              10012080     MSVCRT:MSVCR100.dll
 0002:00000084       __imp__malloc              10012084     MSVCRT:MSVCR100.dll
 0002:00000088       __imp__sprintf             10012088     MSVCRT:MSVCR100.dll
 0002:0000008c       __imp__free                1001208c     MSVCRT:MSVCR100.dll
 0002:00000090       __imp__memset              10012090     MSVCRT:MSVCR100.dll
 0002:00000094       __imp__strlen              10012094     MSVCRT:MSVCR100.dll
 0002:00000098       __imp__strcmp              10012098     MSVCRT:MSVCR100.dll
 0002:0000009c       \177MSVCR100_NULL_THUNK_DATA 1001209c     MSVCRT:MSVCR100.dll
 0002:000000a0       __imp__mexCallMATLAB       100120a0     libmex:libmex.dll
 0002:000000a4       __imp__mexUnlock           100120a4     libmex:libmex.dll
 0002:000000a8       __imp__mexLock             100120a8     libmex:libmex.dll
 0002:000000ac       __imp__mexErrMsgTxt        100120ac     libmex:libmex.dll
 0002:000000b0       __imp__mexMakeArrayPersistent 100120b0     libmex:libmex.dll
 0002:000000b4       __imp__mexWarnMsgTxt       100120b4     libmex:libmex.dll
 0002:000000b8       __imp__mexIsLocked         100120b8     libmex:libmex.dll
 0002:000000bc       \177libmex_NULL_THUNK_DATA 100120bc     libmex:libmex.dll
 0002:000000c0       __imp__muDoubleScalarAbs   100120c0     libmwmathutil:libmwmathutil.dll
 0002:000000c4       \177libmwmathutil_NULL_THUNK_DATA 100120c4     libmwmathutil:libmwmathutil.dll
 0002:000000c8       __imp__mxCalloc            100120c8     libmx:libmx.dll
 0002:000000cc       __imp__mxGetM              100120cc     libmx:libmx.dll
 0002:000000d0       __imp__mxGetN              100120d0     libmx:libmx.dll
 0002:000000d4       __imp__mxIsComplex         100120d4     libmx:libmx.dll
 0002:000000d8       __imp__mxIsNumeric         100120d8     libmx:libmx.dll
 0002:000000dc       __imp__mxGetClassID        100120dc     libmx:libmx.dll
 0002:000000e0       __imp__mxCreateDoubleScalar 100120e0     libmx:libmx.dll
 0002:000000e4       __imp__mxCreateCellMatrix_730 100120e4     libmx:libmx.dll
 0002:000000e8       __imp__mxCreateStructMatrix_730 100120e8     libmx:libmx.dll
 0002:000000ec       __imp__mxCreateString      100120ec     libmx:libmx.dll
 0002:000000f0       __imp__mxSetField_730      100120f0     libmx:libmx.dll
 0002:000000f4       __imp__mxDuplicateArray    100120f4     libmx:libmx.dll
 0002:000000f8       __imp__mxDestroyArray      100120f8     libmx:libmx.dll
 0002:000000fc       __imp__mxIsChar            100120fc     libmx:libmx.dll
 0002:00000100       __imp__mxGetString_730     10012100     libmx:libmx.dll
 0002:00000104       __imp__mxCreateDoubleMatrix_730 10012104     libmx:libmx.dll
 0002:00000108       __imp__mxGetPr             10012108     libmx:libmx.dll
 0002:0000010c       __imp__mxGetScalar         1001210c     libmx:libmx.dll
 0002:00000110       \177libmx_NULL_THUNK_DATA  10012110     libmx:libmx.dll
 0002:00000114       __imp__utMalloc            10012114     libut:libut.dll
 0002:00000118       __imp__utFree              10012118     libut:libut.dll
 0002:0000011c       \177libut_NULL_THUNK_DATA  1001211c     libut:libut.dll
 0002:00000120       __imp__sf_mark_chart_expressionable_inputs 10012120     sf_runtime:sf_runtime.dll
 0002:00000124       __imp__cv_script_init_mcdc 10012124     sf_runtime:sf_runtime.dll
 0002:00000128       __imp__cv_script_init_if   10012128     sf_runtime:sf_runtime.dll
 0002:0000012c       __imp__cv_eml_init_fcn     1001212c     sf_runtime:sf_runtime.dll
 0002:00000130       __imp__sf_debug_sub_assign_size_check_nd 10012130     sf_runtime:sf_runtime.dll
 0002:00000134       __imp__sf_debug_eml_data_array_bounds_error_check 10012134     sf_runtime:sf_runtime.dll
 0002:00000138       __imp__sf_mex_call_debug   10012138     sf_runtime:sf_runtime.dll
 0002:0000013c       __imp__sf_debug_symbol_scope_add_eml_dyn_importable 1001213c     sf_runtime:sf_runtime.dll
 0002:00000140       __imp__sf_debug_symbol_scope_push 10012140     sf_runtime:sf_runtime.dll
 0002:00000144       __imp__sf_debug_terminate  10012144     sf_runtime:sf_runtime.dll
 0002:00000148       __imp__sf_debug_create_debug_instance_struct 10012148     sf_runtime:sf_runtime.dll
 0002:0000014c       __imp__sf_debug_api        1001214c     sf_runtime:sf_runtime.dll
 0002:00000150       __imp__callMdlMethodAndReportError 10012150     sf_runtime:sf_runtime.dll
 0002:00000154       __imp__call_sf_machine_global_method_dispatcher 10012154     sf_runtime:sf_runtime.dll
 0002:00000158       __imp__sf_clear_error_manager_info 10012158     sf_runtime:sf_runtime.dll
 0002:0000015c       __imp__sf_mex_error_direct_call 1001215c     sf_runtime:sf_runtime.dll
 0002:00000160       __imp__sf_debug_animate    10012160     sf_runtime:sf_runtime.dll
 0002:00000164       __imp__cv_eval_point       10012164     sf_runtime:sf_runtime.dll
 0002:00000168       __imp__sf_debug_symbol_scope_push_eml 10012168     sf_runtime:sf_runtime.dll
 0002:0000016c       __imp__sf_debug_symbol_scope_add_eml_importable 1001216c     sf_runtime:sf_runtime.dll
 0002:00000170       __imp__sf_mark_chart_reusable_outputs 10012170     sf_runtime:sf_runtime.dll
 0002:00000174       __imp__sf_debug_symbol_scope_pop 10012174     sf_runtime:sf_runtime.dll
 0002:00000178       __imp__sf_debug_symbol_scope_add_eml 10012178     sf_runtime:sf_runtime.dll
 0002:0000017c       __imp__cv_script_eval      1001217c     sf_runtime:sf_runtime.dll
 0002:00000180       __imp__eml_debug_line_call 10012180     sf_runtime:sf_runtime.dll
 0002:00000184       __imp__sf_debug_data_range_wrapper 10012184     sf_runtime:sf_runtime.dll
 0002:00000188       __imp__sf_debug_symbol_scope_add_importable 10012188     sf_runtime:sf_runtime.dll
 0002:0000018c       __imp__sf_call_output_fcn_call 1001218c     sf_runtime:sf_runtime.dll
 0002:00000190       __imp__sf_debug_unset_instance_data_value_ptr 10012190     sf_runtime:sf_runtime.dll
 0002:00000194       __imp__sf_debug_check_for_state_inconsistency 10012194     sf_runtime:sf_runtime.dll
 0002:00000198       __imp__sf_call_output_fcn_disable 10012198     sf_runtime:sf_runtime.dll
 0002:0000019c       __imp__sf_call_output_fcn_enable 1001219c     sf_runtime:sf_runtime.dll
 0002:000001a0       __imp__sf_get_time         100121a0     sf_runtime:sf_runtime.dll
 0002:000001a4       __imp__sf_debug_get_script_id 100121a4     sf_runtime:sf_runtime.dll
 0002:000001a8       __imp__sf_debug_set_script_translation 100121a8     sf_runtime:sf_runtime.dll
 0002:000001ac       __imp__sf_debug_initialize_chart 100121ac     sf_runtime:sf_runtime.dll
 0002:000001b0       __imp__sf_debug_set_chart_disable_implicit_casting 100121b0     sf_runtime:sf_runtime.dll
 0002:000001b4       __imp__sf_debug_set_chart_event_thresholds 100121b4     sf_runtime:sf_runtime.dll
 0002:000001b8       __imp__sf_debug_set_chart_data_props 100121b8     sf_runtime:sf_runtime.dll
 0002:000001bc       __imp__sf_debug_set_chart_state_info 100121bc     sf_runtime:sf_runtime.dll
 0002:000001c0       __imp__sf_debug_set_chart_substate_count 100121c0     sf_runtime:sf_runtime.dll
 0002:000001c4       __imp__sf_debug_set_chart_decomposition 100121c4     sf_runtime:sf_runtime.dll
 0002:000001c8       __imp__sf_debug_set_chart_substate_index 100121c8     sf_runtime:sf_runtime.dll
 0002:000001cc       __imp__sf_clear_rtw_identifier 100121cc     sf_runtime:sf_runtime.dll
 0002:000001d0       __imp__cv_eml_eval         100121d0     sf_runtime:sf_runtime.dll
 0002:000001d4       __imp__sf_mex_sub          100121d4     sf_runtime:sf_runtime.dll
 0002:000001d8       __imp__sf_debug_set_chart_state_substate_count 100121d8     sf_runtime:sf_runtime.dll
 0002:000001dc       __imp__sf_debug_cv_init_chart 100121dc     sf_runtime:sf_runtime.dll
 0002:000001e0       __imp__sf_debug_cv_init_state 100121e0     sf_runtime:sf_runtime.dll
 0002:000001e4       __imp__sf_debug_cv_init_trans 100121e4     sf_runtime:sf_runtime.dll
 0002:000001e8       __imp__cv_script_init_script 100121e8     sf_runtime:sf_runtime.dll
 0002:000001ec       __imp__cv_script_init_fcn  100121ec     sf_runtime:sf_runtime.dll
 0002:000001f0       __imp__cv_eml_init_script  100121f0     sf_runtime:sf_runtime.dll
 0002:000001f4       __imp__cv_eml_init_if      100121f4     sf_runtime:sf_runtime.dll
 0002:000001f8       __imp__sf_debug_set_chart_data_compiled_props 100121f8     sf_runtime:sf_runtime.dll
 0002:000001fc       __imp__sf_debug_set_instance_data_value_ptr 100121fc     sf_runtime:sf_runtime.dll
 0002:00000200       __imp__sf_debug_reset_current_state_configuration 10012200     sf_runtime:sf_runtime.dll
 0002:00000204       __imp__sim_mode_is_rtw_gen 10012204     sf_runtime:sf_runtime.dll
 0002:00000208       __imp__sim_mode_is_external 10012208     sf_runtime:sf_runtime.dll
 0002:0000020c       __imp__sf_is_chart_inlinable 1001220c     sf_runtime:sf_runtime.dll
 0002:00000210       __imp__sf_rtw_info_uint_prop 10012210     sf_runtime:sf_runtime.dll
 0002:00000214       __imp__sf_update_buildInfo 10012214     sf_runtime:sf_runtime.dll
 0002:00000218       __imp__sf_mark_output_events_with_multiple_callers 10012218     sf_runtime:sf_runtime.dll
 0002:0000021c       __imp__sf_set_rtw_dwork_info 1001221c     sf_runtime:sf_runtime.dll
 0002:00000220       __imp__sf_mex_import       10012220     sf_runtime:sf_runtime.dll
 0002:00000224       __imp__sf_debug_get_animation 10012224     sf_runtime:sf_runtime.dll
 0002:00000228       __imp__sf_debug_set_animation 10012228     sf_runtime:sf_runtime.dll
 0002:0000022c       __imp__sf_debug_set_honor_breakpoints 1001222c     sf_runtime:sf_runtime.dll
 0002:00000230       __imp__sf_debug_call       10012230     sf_runtime:sf_runtime.dll
 0002:00000234       __imp__sf_mex_dup          10012234     sf_runtime:sf_runtime.dll
 0002:00000238       __imp__sf_mex_getcell      10012238     sf_runtime:sf_runtime.dll
 0002:0000023c       __imp__sf_mex_decode_encoded_mx_struct_array 1001223c     sf_runtime:sf_runtime.dll
 0002:00000240       __imp__sf_mex_setcell      10012240     sf_runtime:sf_runtime.dll
 0002:00000244       __imp__sf_mex_call_matlab  10012244     sf_runtime:sf_runtime.dll
 0002:00000248       __imp__sf_mex_error_message 10012248     sf_runtime:sf_runtime.dll
 0002:0000024c       __imp__sf_mex_create       1001224c     sf_runtime:sf_runtime.dll
 0002:00000250       __imp__sf_mex_addfield     10012250     sf_runtime:sf_runtime.dll
 0002:00000254       __imp__sf_mex_createcellmatrix 10012254     sf_runtime:sf_runtime.dll
 0002:00000258       __imp__sf_mex_duplicatearraysafe 10012258     sf_runtime:sf_runtime.dll
 0002:0000025c       __imp__sf_mex_destroy      1001225c     sf_runtime:sf_runtime.dll
 0002:00000260       __imp__sf_mex_createstruct 10012260     sf_runtime:sf_runtime.dll
 0002:00000264       __imp__sf_mex_assign       10012264     sf_runtime:sf_runtime.dll
 0002:00000268       __imp__sf_mex_emlrtNameCapturePostProcessR2012a 10012268     sf_runtime:sf_runtime.dll
 0002:0000026c       __imp__sf_load_rtw_optimization_info 1001226c     sf_runtime:sf_runtime.dll
 0002:00000270       __imp__sf_debug_initialize_machine 10012270     sf_runtime:sf_runtime.dll
 0002:00000274       __imp__sf_debug_set_machine_event_thresholds 10012274     sf_runtime:sf_runtime.dll
 0002:00000278       __imp__sf_mex_import_vs    10012278     sf_runtime:sf_runtime.dll
 0002:0000027c       __imp__sf_debug_set_machine_data_thresholds 1001227c     sf_runtime:sf_runtime.dll
 0002:00000280       \177sf_runtime_NULL_THUNK_DATA 10012280     sf_runtime:sf_runtime.dll
 0002:00000284       ___xc_a                    10012284     MSVCRT:cinitexe.obj
 0002:00000288       ___xc_z                    10012288     MSVCRT:cinitexe.obj
 0002:0000028c       ___xi_a                    1001228c     MSVCRT:cinitexe.obj
 0002:00000298       ___xi_z                    10012298     MSVCRT:cinitexe.obj
 0002:000002a0       __real@41e5fc2609800000    100122a0     testAtomicGaze_sfun.obj
 0002:000002a8       __real@41d9cc3404000000    100122a8     testAtomicGaze_sfun.obj
 0002:000002b0       __real@41ebc94159200000    100122b0     testAtomicGaze_sfun.obj
 0002:000002b8       __real@4178f2c6b0000000    100122b8     testAtomicGaze_sfun.obj
 0002:000002c0       __real@41d187d0c8400000    100122c0     testAtomicGaze_sfun.obj
 0002:000002c8       __real@41cff744e8000000    100122c8     testAtomicGaze_sfun.obj
 0002:000002d0       __real@41b7e1066f000000    100122d0     testAtomicGaze_sfun.obj
 0002:000002d8       __real@41c845d7be800000    100122d8     testAtomicGaze_sfun.obj
 0002:000002e0       __real@41eea29642400000    100122e0     testAtomicGaze_sfun.obj
 0002:000002e8       __real@41ced60910800000    100122e8     testAtomicGaze_sfun.obj
 0002:000002f0       __real@4195d5ab58000000    100122f0     testAtomicGaze_sfun.obj
 0002:000002f8       __real@41d99cb16fc00000    100122f8     testAtomicGaze_sfun.obj
 0002:00000300       __real@0000000000000000    10012300     testAtomicGaze_sfun.obj
 0002:00000308       __real@41e81e1746a00000    10012308     testAtomicGaze_sfun.obj
 0002:00000310       __real@41d9858bb6400000    10012310     testAtomicGaze_sfun.obj
 0002:00000318       __real@41ca69313d000000    10012318     testAtomicGaze_sfun.obj
 0002:00000320       __real@41eb5ee36ae00000    10012320     testAtomicGaze_sfun.obj
 0002:00000328       __real@41e5dbe1eaa00000    10012328     c1_testAtomicGaze.obj
 0002:00000330       __real@41d186c9c0c00000    10012330     c1_testAtomicGaze.obj
 0002:00000338       __real@41e4523ffa800000    10012338     c1_testAtomicGaze.obj
 0002:00000340       __real@41e44c4953400000    10012340     c1_testAtomicGaze.obj
 0002:00000348       __real@3ff0000000000000    10012348     c1_testAtomicGaze.obj
 0002:00000350       __real@4058c00000000000    10012350     c1_testAtomicGaze.obj
 0002:00000358       __real@4070000000000000    10012358     c1_testAtomicGaze.obj
 0002:00000360       __real@4041800000000000    10012360     c1_testAtomicGaze.obj
 0002:00000368       __real@41eb7d9f3fa00000    10012368     c3_testAtomicGaze.obj
 0002:00000370       __real@41eb5b653e800000    10012370     c3_testAtomicGaze.obj
 0002:00000378       __real@41c3de9512800000    10012378     c3_testAtomicGaze.obj
 0002:00000380       __real@41d0717787000000    10012380     c3_testAtomicGaze.obj
 0002:00000388       __real@4024000000000000    10012388     c3_testAtomicGaze.obj
 0002:00000390       __real@3ffb333333333333    10012390     c3_testAtomicGaze.obj
 0002:00000398       __real@4050800000000000    10012398     c3_testAtomicGaze.obj
 0002:000003a0       __real@4008000000000000    100123a0     c3_testAtomicGaze.obj
 0002:000003a8       __real@408f380000000000    100123a8     c3_testAtomicGaze.obj
 0002:000003b0       __real@4059000000000000    100123b0     c3_testAtomicGaze.obj
 0002:000003b8       __real@4022000000000000    100123b8     c3_testAtomicGaze.obj
 0002:000003c0       __real@4072c00000000000    100123c0     c3_testAtomicGaze.obj
 0002:000003c8       __real@4065400000000000    100123c8     c3_testAtomicGaze.obj
 0002:000003d0       __real@4000000000000000    100123d0     c3_testAtomicGaze.obj
 0002:000003d8       _DYNAMIC_DIMENSION_DEF     100123d8     testAtomicGaze_sfun_registry.obj
 0002:000003e8       __ssBadLevel2InputAccessMsg 100123e8     testAtomicGaze_sfun_registry.obj
 0002:00000570       __ssBadLevel2DirectFeedMsg 10012570     testAtomicGaze_sfun_registry.obj
 0002:000006b0       __ssBadLevel2DirectFeedSolutionMsg 100126b0     testAtomicGaze_sfun_registry.obj
 0002:00000720       __ssBadLevel2ZeroDirectFeedMsg 10012720     testAtomicGaze_sfun_registry.obj
 0002:00000860       __ssBadLevel2ZeroDirectFeedMsg2 10012860     testAtomicGaze_sfun_registry.obj
 0002:00000948       __real@bff0000000000000    10012948     testAtomicGaze_sfun_registry.obj
 0002:00000950       __real@4153d65940000000    10012950     testAtomicGaze_sfun_registry.obj
 0002:00000958       __pDefaultRawDllMain       10012958     MSVCRT:crtdll.obj
 0002:00000958       __pRawDllMain              10012958     MSVCRT:crtdll.obj
 0002:00000964       ?ProcessDetach@NativeDll@<CrtImplementationDetails>@@0IB 10012964     MSVCRT:tncleanup.obj
 0002:00000968       ?ProcessAttach@NativeDll@<CrtImplementationDetails>@@0IB 10012968     MSVCRT:tncleanup.obj
 0002:0000096c       ?ThreadAttach@NativeDll@<CrtImplementationDetails>@@0IB 1001296c     MSVCRT:tncleanup.obj
 0002:00000970       ?ThreadDetach@NativeDll@<CrtImplementationDetails>@@0IB 10012970     MSVCRT:tncleanup.obj
 0002:00000974       ?ProcessVerifier@NativeDll@<CrtImplementationDetails>@@0IB 10012974     MSVCRT:tncleanup.obj
 0002:00000978       __load_config_used         10012978     MSVCRT:loadcfg.obj
 0002:000009c0       ___safe_se_handler_table   100129c0     <linker-defined>
 0002:000009c4       ___rtc_iaa                 100129c4     MSVCRT:_initsect_.obj
 0002:000009c8       ___rtc_izz                 100129c8     MSVCRT:_initsect_.obj
 0002:000009cc       ___rtc_taa                 100129cc     MSVCRT:_initsect_.obj
 0002:000009d0       ___rtc_tzz                 100129d0     MSVCRT:_initsect_.obj
 0002:00000a3c       __IMPORT_DESCRIPTOR_sf_runtime 10012a3c     sf_runtime:sf_runtime.dll
 0002:00000a50       __IMPORT_DESCRIPTOR_libmx  10012a50     libmx:libmx.dll
 0002:00000a64       __IMPORT_DESCRIPTOR_libmex 10012a64     libmex:libmex.dll
 0002:00000a78       __IMPORT_DESCRIPTOR_libut  10012a78     libut:libut.dll
 0002:00000a8c       __IMPORT_DESCRIPTOR_libmwmathutil 10012a8c     libmwmathutil:libmwmathutil.dll
 0002:00000aa0       __IMPORT_DESCRIPTOR_MSVCR100 10012aa0     MSVCRT:MSVCR100.dll
 0002:00000ab4       __IMPORT_DESCRIPTOR_KERNEL32 10012ab4     kernel32:KERNEL32.dll
 0002:00000ac8       __NULL_IMPORT_DESCRIPTOR   10012ac8     sf_runtime:sf_runtime.dll
 0003:00002a6c       _DYNAMIC_DIMENSION         10016a6c     testAtomicGaze_sfun_registry.obj
 0003:000035f8       ___security_cookie         100175f8     MSVCRT:gs_cookie.obj
 0003:000035fc       ___security_cookie_complement 100175fc     MSVCRT:gs_cookie.obj
 0003:00003600       ___native_dllmain_reason   10017600     MSVCRT:natstart.obj
 0003:00003604       ___native_vcclrit_reason   10017604     MSVCRT:natstart.obj
 0003:00003700       _sfGlobalDebugInstanceStruct 10017700     testAtomicGaze_sfun_registry.obj
 0003:00003a34       ?__type_info_root_node@@3U__type_info_node@@A 10017a34     MSVCRT:tncleanup.obj
 0003:00003a3c       __testAtomicGazeMachineNumber_ 10017a3c     <common>
 0003:00003a40       ___native_startup_state    10017a40     <common>
 0003:00003a44       ___native_startup_lock     10017a44     <common>
 0003:00003a48       ___onexitend               10017a48     <common>
 0003:00003a4c       ___onexitbegin             10017a4c     <common>
 0003:00003a50       ___sse2_available          10017a50     <common>
 0003:00003a54       ___dyn_tls_init_callback   10017a54     <common>

 entry point at        0001:0001037f

 Static symbols

 0001:00000ab0       _c1_info_helper            10001ab0 f   c1_testAtomicGaze.obj
 0001:00000ca0       _c1_emlrt_marshallOut      10001ca0 f   c1_testAtomicGaze.obj
 0001:00000d00       _c1_b_emlrt_marshallOut    10001d00 f   c1_testAtomicGaze.obj
 0001:00000fd0       _get_sim_state_c1_testAtomicGaze 10001fd0 f   c1_testAtomicGaze.obj
 0001:00001140       _sf_get_sim_state_info_c1_testAtomicGaze 10002140 f   c1_testAtomicGaze.obj
 0001:000012c0       _set_sim_state_c1_testAtomicGaze 100022c0 f   c1_testAtomicGaze.obj
 0001:000013e0       _c1_update_debugger_state_c1_testAtomicGaze 100023e0 f   c1_testAtomicGaze.obj
 0001:000016d0       _c1_e_emlrt_marshallIn     100026d0 f   c1_testAtomicGaze.obj
 0001:00001720       _c1_f_emlrt_marshallIn     10002720 f   c1_testAtomicGaze.obj
 0001:00001770       _c1_h_emlrt_marshallIn     10002770 f   c1_testAtomicGaze.obj
 0001:000017d0       _c1_i_emlrt_marshallIn     100027d0 f   c1_testAtomicGaze.obj
 0001:00001870       _mdlProcessParameters_c1_testAtomicGaze 10002870 f   c1_testAtomicGaze.obj
 0001:00001920       _initialize_params_c1_testAtomicGaze 10002920 f   c1_testAtomicGaze.obj
 0001:00001930       _mdlSetWorkWidths_c1_testAtomicGaze 10002930 f   c1_testAtomicGaze.obj
 0001:00001bd0       _sf_get_instance_specialization 10002bd0 f   c1_testAtomicGaze.obj
 0001:00001be0       _mdlStart_c1_testAtomicGaze 10002be0 f   c1_testAtomicGaze.obj
 0001:00001d80       _init_dsm_address_info     10002d80 f   c1_testAtomicGaze.obj
 0001:00001d90       _chart_debug_initialization 10002d90 f   c1_testAtomicGaze.obj
 0001:00002600       _init_script_number_translation 10003600 f   c1_testAtomicGaze.obj
 0001:00002640       _c1_j_sf_marshallOut       10003640 f   c1_testAtomicGaze.obj
 0001:00002760       _c1_f_sf_marshallIn        10003760 f   c1_testAtomicGaze.obj
 0001:00002830       _c1_g_emlrt_marshallIn     10003830 f   c1_testAtomicGaze.obj
 0001:000028e0       _sf_opaque_initialize_c1_testAtomicGaze 100038e0 f   c1_testAtomicGaze.obj
 0001:00002910       _initialize_c1_testAtomicGaze 10003910 f   c1_testAtomicGaze.obj
 0001:000029a0       _sf_opaque_enable_c1_testAtomicGaze 100039a0 f   c1_testAtomicGaze.obj
 0001:000029c0       _enable_c1_testAtomicGaze  100039c0 f   c1_testAtomicGaze.obj
 0001:00002a10       _sf_opaque_disable_c1_testAtomicGaze 10003a10 f   c1_testAtomicGaze.obj
 0001:00002a30       _disable_c1_testAtomicGaze 10003a30 f   c1_testAtomicGaze.obj
 0001:00002a80       _sf_opaque_gateway_c1_testAtomicGaze 10003a80 f   c1_testAtomicGaze.obj
 0001:00002aa0       _sf_gateway_c1_testAtomicGaze 10003aa0 f   c1_testAtomicGaze.obj
 0001:00003bb0       _c1_set_sim_state_side_effects_c1_testAtomicGaze 10004bb0 f   c1_testAtomicGaze.obj
 0001:00003ca0       _c1_idle                   10004ca0 f   c1_testAtomicGaze.obj
 0001:000048a0       _c1_sf_marshallOut         100058a0 f   c1_testAtomicGaze.obj
 0001:00004920       _c1_sf_marshallIn          10005920 f   c1_testAtomicGaze.obj
 0001:000049a0       _c1_emlrt_marshallIn       100059a0 f   c1_testAtomicGaze.obj
 0001:000049f0       _c1_b_sf_marshallOut       100059f0 f   c1_testAtomicGaze.obj
 0001:00004b00       _c1_b_sf_marshallIn        10005b00 f   c1_testAtomicGaze.obj
 0001:00004be0       _c1_b_emlrt_marshallIn     10005be0 f   c1_testAtomicGaze.obj
 0001:00004c70       _c1_c_sf_marshallOut       10005c70 f   c1_testAtomicGaze.obj
 0001:00004d50       _c1_d_sf_marshallOut       10005d50 f   c1_testAtomicGaze.obj
 0001:00004e70       _c1_e_sf_marshallOut       10005e70 f   c1_testAtomicGaze.obj
 0001:00004f50       _c1_f_sf_marshallOut       10005f50 f   c1_testAtomicGaze.obj
 0001:00005070       _c1_g_sf_marshallOut       10006070 f   c1_testAtomicGaze.obj
 0001:000050f0       _c1_c_sf_marshallIn        100060f0 f   c1_testAtomicGaze.obj
 0001:00005170       _c1_c_emlrt_marshallIn     10006170 f   c1_testAtomicGaze.obj
 0001:000051c0       _sf_opaque_get_sim_state_c1_testAtomicGaze 100061c0 f   c1_testAtomicGaze.obj
 0001:000051e0       _sf_opaque_set_sim_state_c1_testAtomicGaze 100061e0 f   c1_testAtomicGaze.obj
 0001:00005200       _sf_opaque_terminate_c1_testAtomicGaze 10006200 f   c1_testAtomicGaze.obj
 0001:00005290       _finalize_c1_testAtomicGaze 10006290 f   c1_testAtomicGaze.obj
 0001:000052b0       _sf_opaque_init_subchart_simstructs 100062b0 f   c1_testAtomicGaze.obj
 0001:000052d0       _initSimStructsc1_testAtomicGaze 100062d0 f   c1_testAtomicGaze.obj
 0001:000052e0       _mdlRTW_c1_testAtomicGaze  100062e0 f   c1_testAtomicGaze.obj
 0001:00005370       _c3_info_helper            10006370 f   c3_testAtomicGaze.obj
 0001:00006dd0       _c3_emlrt_marshallOut      10007dd0 f   c3_testAtomicGaze.obj
 0001:00006e30       _c3_b_emlrt_marshallOut    10007e30 f   c3_testAtomicGaze.obj
 0001:00007400       _get_sim_state_c3_testAtomicGaze 10008400 f   c3_testAtomicGaze.obj
 0001:00007580       _sf_get_sim_state_info_c3_testAtomicGaze 10008580 f   c3_testAtomicGaze.obj
 0001:00007700       _set_sim_state_c3_testAtomicGaze 10008700 f   c3_testAtomicGaze.obj
 0001:00007810       _c3_update_debugger_state_c3_testAtomicGaze 10008810 f   c3_testAtomicGaze.obj
 0001:00007820       _c3_c_emlrt_marshallIn     10008820 f   c3_testAtomicGaze.obj
 0001:00007870       _c3_d_emlrt_marshallIn     10008870 f   c3_testAtomicGaze.obj
 0001:00007900       _c3_i_emlrt_marshallIn     10008900 f   c3_testAtomicGaze.obj
 0001:00007950       _c3_j_emlrt_marshallIn     10008950 f   c3_testAtomicGaze.obj
 0001:00007a00       _mdlProcessParameters_c3_testAtomicGaze 10008a00 f   c3_testAtomicGaze.obj
 0001:00007ab0       _initialize_params_c3_testAtomicGaze 10008ab0 f   c3_testAtomicGaze.obj
 0001:00007ac0       _mdlSetWorkWidths_c3_testAtomicGaze 10008ac0 f   c3_testAtomicGaze.obj
 0001:00007e60       _sf_get_instance_specialization 10008e60 f   c3_testAtomicGaze.obj
 0001:00007e70       _mdlStart_c3_testAtomicGaze 10008e70 f   c3_testAtomicGaze.obj
 0001:00008010       _init_dsm_address_info     10009010 f   c3_testAtomicGaze.obj
 0001:00008020       _chart_debug_initialization 10009020 f   c3_testAtomicGaze.obj
 0001:00008800       _init_script_number_translation 10009800 f   c3_testAtomicGaze.obj
 0001:00008860       _c3_sf_marshallOut         10009860 f   c3_testAtomicGaze.obj
 0001:00008970       _c3_sf_marshallIn          10009970 f   c3_testAtomicGaze.obj
 0001:00008a30       _c3_b_sf_marshallOut       10009a30 f   c3_testAtomicGaze.obj
 0001:00008ab0       _sf_opaque_initialize_c3_testAtomicGaze 10009ab0 f   c3_testAtomicGaze.obj
 0001:00008ae0       _initialize_c3_testAtomicGaze 10009ae0 f   c3_testAtomicGaze.obj
 0001:00008b10       _sf_opaque_enable_c3_testAtomicGaze 10009b10 f   c3_testAtomicGaze.obj
 0001:00008b30       _enable_c3_testAtomicGaze  10009b30 f   c3_testAtomicGaze.obj
 0001:00008b50       _sf_opaque_disable_c3_testAtomicGaze 10009b50 f   c3_testAtomicGaze.obj
 0001:00008b70       _disable_c3_testAtomicGaze 10009b70 f   c3_testAtomicGaze.obj
 0001:00008b90       _sf_opaque_gateway_c3_testAtomicGaze 10009b90 f   c3_testAtomicGaze.obj
 0001:00008bb0       _sf_gateway_c3_testAtomicGaze 10009bb0 f   c3_testAtomicGaze.obj
 0001:00008d90       _c3_chartstep_c3_testAtomicGaze 10009d90 f   c3_testAtomicGaze.obj
 0001:0000a690       _c3_emlrt_marshallIn       1000b690 f   c3_testAtomicGaze.obj
 0001:0000a6e0       _c3_b_emlrt_marshallIn     1000b6e0 f   c3_testAtomicGaze.obj
 0001:0000a7f0       _c3_b_sf_marshallIn        1000b7f0 f   c3_testAtomicGaze.obj
 0001:0000a870       _c3_e_emlrt_marshallIn     1000b870 f   c3_testAtomicGaze.obj
 0001:0000a8c0       _c3_c_sf_marshallOut       1000b8c0 f   c3_testAtomicGaze.obj
 0001:0000aa10       _c3_c_sf_marshallIn        1000ba10 f   c3_testAtomicGaze.obj
 0001:0000aaf0       _c3_f_emlrt_marshallIn     1000baf0 f   c3_testAtomicGaze.obj
 0001:0000ac00       _c3_d_sf_marshallOut       1000bc00 f   c3_testAtomicGaze.obj
 0001:0000ad60       _c3_d_sf_marshallIn        1000bd60 f   c3_testAtomicGaze.obj
 0001:0000ae50       _c3_g_emlrt_marshallIn     1000be50 f   c3_testAtomicGaze.obj
 0001:0000af10       _sf_opaque_get_sim_state_c3_testAtomicGaze 1000bf10 f   c3_testAtomicGaze.obj
 0001:0000af30       _sf_opaque_set_sim_state_c3_testAtomicGaze 1000bf30 f   c3_testAtomicGaze.obj
 0001:0000af50       _sf_opaque_terminate_c3_testAtomicGaze 1000bf50 f   c3_testAtomicGaze.obj
 0001:0000afe0       _finalize_c3_testAtomicGaze 1000bfe0 f   c3_testAtomicGaze.obj
 0001:0000aff0       _sf_opaque_init_subchart_simstructs 1000bff0 f   c3_testAtomicGaze.obj
 0001:0000b010       _initSimStructsc3_testAtomicGaze 1000c010 f   c3_testAtomicGaze.obj
 0001:0000b020       _mdlRTW_c3_testAtomicGaze  1000c020 f   c3_testAtomicGaze.obj
 0001:0000b770       _getChartInfoFromSimStruct 1000c770 f   testAtomicGaze_sfun_registry.obj
 0001:0000c870       __ssFatalError             1000d870 f   testAtomicGaze_sfun_registry.obj
 0001:0000ebd0       _ProcessMexSfunctionCmdLineCall 1000fbd0 f   testAtomicGaze_sfun_registry.obj
 0001:0000ecf0       _sf_debug_api_wrapper      1000fcf0 f   testAtomicGaze_sfun_registry.obj
 0001:0000ed20       _mdlStart                  1000fd20 f   testAtomicGaze_sfun_registry.obj
 0001:0000ed40       _mdl_start_processing      1000fd40 f   testAtomicGaze_sfun_registry.obj
 0001:0000edb0       _mdlTerminate              1000fdb0 f   testAtomicGaze_sfun_registry.obj
 0001:0000edd0       _mdl_terminate_processing  1000fdd0 f   testAtomicGaze_sfun_registry.obj
 0001:0000ee40       _mdlInitializeSampleTimes  1000fe40 f   testAtomicGaze_sfun_registry.obj
 0001:0000ee60       _mdlZeroCrossings          1000fe60 f   testAtomicGaze_sfun_registry.obj
 0001:0000ee80       _mdl_zeroCrossings_processing 1000fe80 f   testAtomicGaze_sfun_registry.obj
 0001:0000eeb0       _mdlDerivatives            1000feb0 f   testAtomicGaze_sfun_registry.obj
 0001:0000eed0       _mdl_derivatives_processing 1000fed0 f   testAtomicGaze_sfun_registry.obj
 0001:0000ef10       _mdlInitializeConditions   1000ff10 f   testAtomicGaze_sfun_registry.obj
 0001:0000ef30       _mdl_initialize_conditions_processing 1000ff30 f   testAtomicGaze_sfun_registry.obj
 0001:0000ef70       _mdlEnable                 1000ff70 f   testAtomicGaze_sfun_registry.obj
 0001:0000ef90       _mdl_enable_processing     1000ff90 f   testAtomicGaze_sfun_registry.obj
 0001:0000efc0       _mdlDisable                1000ffc0 f   testAtomicGaze_sfun_registry.obj
 0001:0000efe0       _mdl_disable_processing    1000ffe0 f   testAtomicGaze_sfun_registry.obj
 0001:0000f010       _mdlOutputs                10010010 f   testAtomicGaze_sfun_registry.obj
 0001:0000f030       _mdl_outputs_processing    10010030 f   testAtomicGaze_sfun_registry.obj
 0001:0000f100       _mdl_outputs_continuous_legacy 10010100 f   testAtomicGaze_sfun_registry.obj
 0001:0000f1d0       _mdlGetTimeOfNextVarHit    100101d0 f   testAtomicGaze_sfun_registry.obj
 0001:0000f210       __ProcessMexSfunctionCmdLineCall 10010210 f   testAtomicGaze_sfun_registry.obj
 0001:0000f830       _mdlSetWorkWidths          10010830 f   testAtomicGaze_sfun_registry.obj
 0001:0000f850       _mdlProcessParameters      10010850 f   testAtomicGaze_sfun_registry.obj
 0001:0000f870       _mdlInitializeSizes        10010870 f   testAtomicGaze_sfun_registry.obj
 0001:0000f890       _mdlExtModeExec            10010890 f   testAtomicGaze_sfun_registry.obj
 0001:0000f8b0       _mdl_ext_mode_exec_processing 100108b0 f   testAtomicGaze_sfun_registry.obj
 0001:0000f8f0       _mdlRTW                    100108f0 f   testAtomicGaze_sfun_registry.obj
 0001:0000f920       __CreateSimStruct          10010920 f   testAtomicGaze_sfun_registry.obj
 0001:0000fa50       __RegNumInputPortsCB       10010a50 f   testAtomicGaze_sfun_registry.obj
 0001:0000fab0       __RegNumOutputPortsCB      10010ab0 f   testAtomicGaze_sfun_registry.obj
 0001:00010011       _pre_c_init                10011011 f   MSVCRT:crtdll.obj
 0001:00010269       ___DllMainCRTStartup       10011269 f   MSVCRT:crtdll.obj
