 testBradImitateSmile_sfun

 Timestamp is 555d1665 (Wed May 20 16:19:01 2015)

 Preferred load address is 10000000

 Start         Length     Name                   Class
 0001:00000000 00014a5aH .text                   CODE
 0002:00000000 00000274H .idata$5                DATA
 0002:00000274 00000004H .CRT$XCA                DATA
 0002:00000278 00000004H .CRT$XCZ                DATA
 0002:0000027c 00000004H .CRT$XIA                DATA
 0002:00000280 00000004H .CRT$XIAA               DATA
 0002:00000284 00000004H .CRT$XIC                DATA
 0002:00000288 00000004H .CRT$XIZ                DATA
 0002:00000290 00000770H .rdata                  DATA
 0002:00000a00 00000004H .rdata$sxdata           DATA
 0002:00000a04 00000004H .rtc$IAA                DATA
 0002:00000a08 00000004H .rtc$IZZ                DATA
 0002:00000a0c 00000004H .rtc$TAA                DATA
 0002:00000a10 00000004H .rtc$TZZ                DATA
 0002:00000a18 00000064H .xdata$x                DATA
 0002:00000a7c 00000078H .idata$2                DATA
 0002:00000af4 00000014H .idata$3                DATA
 0002:00000b08 00000274H .idata$4                DATA
 0002:00000d7c 00000e44H .idata$6                DATA
 0002:00001bc0 0000005fH .edata                  DATA
 0003:00000000 000058e0H .data                   DATA
 0003:000058e0 0000045cH .bss                    DATA

  Address         Publics by Value              Rva+Base       Lib:Object

 0000:00000000       __except_list              00000000     <absolute>
 0000:00000001       ___safe_se_handler_count   00000001     <absolute>
 0000:00009876       __ldused                   00009876     <absolute>
 0000:00009876       __fltused                  00009876     <absolute>
 0000:00000000       ___ImageBase               10000000     <linker-defined>
 0001:00000000       _testBradImitateSmile_initializer 10001000 f   testBradImitateSmile_sfun.obj
 0001:00000010       _testBradImitateSmile_terminator 10001010 f   testBradImitateSmile_sfun.obj
 0001:00000020       _sf_testBradImitateSmile_method_dispatcher 10001020 f   testBradImitateSmile_sfun.obj
 0001:00000070       _sf_testBradImitateSmile_process_check_sum_call 10001070 f   testBradImitateSmile_sfun.obj
 0001:00000430       _sf_testBradImitateSmile_autoinheritance_info 10001430 f   testBradImitateSmile_sfun.obj
 0001:00000590       _sf_testBradImitateSmile_get_eml_resolved_functions_info 10001590 f   testBradImitateSmile_sfun.obj
 0001:000006b0       _sf_testBradImitateSmile_third_party_uses_info 100016b0 f   testBradImitateSmile_sfun.obj
 0001:00000810       _sf_testBradImitateSmile_updateBuildInfo_args_info 10001810 f   testBradImitateSmile_sfun.obj
 0001:00000970       _testBradImitateSmile_debug_initialize 10001970 f   testBradImitateSmile_sfun.obj
 0001:000009d0       _testBradImitateSmile_register_exported_symbols 100019d0 f   testBradImitateSmile_sfun.obj
 0001:000009e0       _load_testBradImitateSmile_optimization_info 100019e0 f   testBradImitateSmile_sfun.obj
 0001:00000a20       _unload_testBradImitateSmile_optimization_info 10001a20 f   testBradImitateSmile_sfun.obj
 0001:00000a50       _sf_c3_testBradImitateSmile_get_eml_resolved_functions_info 10001a50 f   c3_testBradImitateSmile.obj
 0001:00000aa0       _sf_c3_testBradImitateSmile_get_check_sum 10001aa0 f   c3_testBradImitateSmile.obj
 0001:00000b00       _sf_c3_testBradImitateSmile_get_autoinheritance_info 10001b00 f   c3_testBradImitateSmile.obj
 0001:00000d10       _sf_c3_testBradImitateSmile_third_party_uses_info 10001d10 f   c3_testBradImitateSmile.obj
 0001:00000d30       _sf_c3_testBradImitateSmile_updateBuildInfo_args_info 10001d30 f   c3_testBradImitateSmile.obj
 0001:00000d50       _sf_internal_get_sim_state_c3_testBradImitateSmile 10001d50 f   c3_testBradImitateSmile.obj
 0001:00001060       _sf_internal_set_sim_state_c3_testBradImitateSmile 10002060 f   c3_testBradImitateSmile.obj
 0001:00001560       _c3_testBradImitateSmile_method_dispatcher 10002560 f   c3_testBradImitateSmile.obj
 0001:000027b0       _sf_c4_testBradImitateSmile_get_eml_resolved_functions_info 100037b0 f   c4_testBradImitateSmile.obj
 0001:00002ab0       _sf_exported_auto_isStablec4_testBradImitateSmile 10003ab0 f   c4_testBradImitateSmile.obj
 0001:00002ae0       _sf_exported_auto_duringc4_testBradImitateSmile 10003ae0 f   c4_testBradImitateSmile.obj
 0001:00003a60       _sf_exported_auto_enterc4_testBradImitateSmile 10004a60 f   c4_testBradImitateSmile.obj
 0001:00003c80       _sf_exported_auto_exitc4_testBradImitateSmile 10004c80 f   c4_testBradImitateSmile.obj
 0001:00003f60       _sf_exported_auto_gatewayc4_testBradImitateSmile 10004f60 f   c4_testBradImitateSmile.obj
 0001:00003f90       _sf_exported_auto_enablec4_testBradImitateSmile 10004f90 f   c4_testBradImitateSmile.obj
 0001:00003fd0       _sf_exported_auto_disablec4_testBradImitateSmile 10004fd0 f   c4_testBradImitateSmile.obj
 0001:00004010       _sf_exported_auto_stepBuffersc4_testBradImitateSmile 10005010 f   c4_testBradImitateSmile.obj
 0001:00004030       _sf_exported_auto_initBuffersc4_testBradImitateSmile 10005030 f   c4_testBradImitateSmile.obj
 0001:00004050       _sf_exported_auto_activate_callc4_testBradImitateSmile 10005050 f   c4_testBradImitateSmile.obj
 0001:00004080       _sf_exported_auto_increment_call_counterc4_testBradImitateSmile 10005080 f   c4_testBradImitateSmile.obj
 0001:000040a0       _sf_exported_auto_reset_call_counterc4_testBradImitateSmile 100050a0 f   c4_testBradImitateSmile.obj
 0001:000040c0       _sf_exported_auto_deactivate_callc4_testBradImitateSmile 100050c0 f   c4_testBradImitateSmile.obj
 0001:000040e0       _sf_exported_auto_initc4_testBradImitateSmile 100050e0 f   c4_testBradImitateSmile.obj
 0001:00004180       _sf_exported_auto_getSimstatec4_testBradImitateSmile 10005180 f   c4_testBradImitateSmile.obj
 0001:000041d0       _sf_exported_auto_setSimstatec4_testBradImitateSmile 100051d0 f   c4_testBradImitateSmile.obj
 0001:00004210       _sf_exported_auto_check_state_inconsistency_c4_testBradImitateSmile 10005210 f   c4_testBradImitateSmile.obj
 0001:0000a5f0       _sf_exported_user_c4_testBradImitateSmile_idlePose 1000b5f0 f   c4_testBradImitateSmile.obj
 0001:0000a630       _sf_exported_user_c4_testBradImitateSmile_sendBML 1000b630 f   c4_testBradImitateSmile.obj
 0001:0000a780       _sf_c4_testBradImitateSmile_get_check_sum 1000b780 f   c4_testBradImitateSmile.obj
 0001:0000a7e0       _sf_c4_testBradImitateSmile_get_autoinheritance_info 1000b7e0 f   c4_testBradImitateSmile.obj
 0001:0000a9f0       _sf_c4_testBradImitateSmile_third_party_uses_info 1000b9f0 f   c4_testBradImitateSmile.obj
 0001:0000aa10       _sf_c4_testBradImitateSmile_updateBuildInfo_args_info 1000ba10 f   c4_testBradImitateSmile.obj
 0001:0000aa30       _sf_internal_get_sim_state_c4_testBradImitateSmile 1000ba30 f   c4_testBradImitateSmile.obj
 0001:0000acc0       _sf_internal_set_sim_state_c4_testBradImitateSmile 1000bcc0 f   c4_testBradImitateSmile.obj
 0001:0000b2c0       _c4_testBradImitateSmile_method_dispatcher 1000c2c0 f   c4_testBradImitateSmile.obj
 0001:0000cae0       _sf_process_check_sum_call 1000dae0 f   testBradImitateSmile_sfun_registry.obj
 0001:0000cb30       _sf_process_autoinheritance_call 1000db30 f   testBradImitateSmile_sfun_registry.obj
 0001:0000cce0       _sf_process_get_third_party_uses_info_call 1000dce0 f   testBradImitateSmile_sfun_registry.obj
 0001:0000ce90       _sf_process_get_updateBuildInfo_args_info_call 1000de90 f   testBradImitateSmile_sfun_registry.obj
 0001:0000d040       _sf_process_get_eml_resolved_functions_info_call 1000e040 f   testBradImitateSmile_sfun_registry.obj
 0001:0000d1c0       _sf_mex_unlock_call        1000e1c0 f   testBradImitateSmile_sfun_registry.obj
 0001:0000d250       _sf_machine_global_initializer_called 1000e250 f   testBradImitateSmile_sfun_registry.obj
 0001:0000d270       _sf_machine_global_method_dispatcher 1000e270 f   testBradImitateSmile_sfun_registry.obj
 0001:0000d2e0       _sf_machine_global_terminator 1000e2e0 f   testBradImitateSmile_sfun_registry.obj
 0001:0000d320       _sf_register_machine_exported_symbols 1000e320 f   testBradImitateSmile_sfun_registry.obj
 0001:0000d340       _callCustomFcn             1000e340 f   testBradImitateSmile_sfun_registry.obj
 0001:0000d350       _sf_machine_global_initializer 1000e350 f   testBradImitateSmile_sfun_registry.obj
 0001:0000d3e0       _mdlGetSimState            1000e3e0 f   testBradImitateSmile_sfun_registry.obj
 0001:0000d440       _mdlSetSimState            1000e440 f   testBradImitateSmile_sfun_registry.obj
 0001:0000d470       __ssSetStateAbsTol         1000e470 f   testBradImitateSmile_sfun_registry.obj
 0001:0000d510       __ssGetAbsTol              1000e510 f   testBradImitateSmile_sfun_registry.obj
 0001:0000d560       __ssSetInputPortMatrixDimensions 1000e560 f   testBradImitateSmile_sfun_registry.obj
 0001:0000d610       __ssSetOutputPortMatrixDimensions 1000e610 f   testBradImitateSmile_sfun_registry.obj
 0001:0000d6c0       __ssSetInputPortVectorDimension 1000e6c0 f   testBradImitateSmile_sfun_registry.obj
 0001:0000d740       __ssSetOutputPortVectorDimension 1000e740 f   testBradImitateSmile_sfun_registry.obj
 0001:0000d7c0       _ssIsRunTimeParamTunable   1000e7c0 f   testBradImitateSmile_sfun_registry.obj
 0001:0000d820       _ssGetSFuncBlockHandle     1000e820 f   testBradImitateSmile_sfun_registry.obj
 0001:0000d870       __ssGetCurrentInputPortWidth 1000e870 f   testBradImitateSmile_sfun_registry.obj
 0001:0000d940       __ssGetCurrentOutputPortWidth 1000e940 f   testBradImitateSmile_sfun_registry.obj
 0001:0000da10       __ssGetCallSystemNumFcnCallDestinations 1000ea10 f   testBradImitateSmile_sfun_registry.obj
 0001:0000da70       _ssWarning                 1000ea70 f   testBradImitateSmile_sfun_registry.obj
 0001:0000db50       _ssGetIsZeroCrossControlDisabled 1000eb50 f   testBradImitateSmile_sfun_registry.obj
 0001:0000dbb0       _ssSetIsInputPortUsedForContZcSignal 1000ebb0 f   testBradImitateSmile_sfun_registry.obj
 0001:0000dc00       _ssSetZcSignalIsZcElementDisc 1000ec00 f   testBradImitateSmile_sfun_registry.obj
 0001:0000dc80       _ssSetZcSignalName         1000ec80 f   testBradImitateSmile_sfun_registry.obj
 0001:0000dcd0       _ssSetZcSignalWidth        1000ecd0 f   testBradImitateSmile_sfun_registry.obj
 0001:0000dd20       _ssSetZcSignalZcEventType  1000ed20 f   testBradImitateSmile_sfun_registry.obj
 0001:0000dd70       _ssSetZcSignalType         1000ed70 f   testBradImitateSmile_sfun_registry.obj
 0001:0000ddc0       _ssSetZcSignalZcTol        1000edc0 f   testBradImitateSmile_sfun_registry.obj
 0001:0000de10       _ssSetZcSignalNeedsEventNotification 1000ee10 f   testBradImitateSmile_sfun_registry.obj
 0001:0000de60       _ssCreateAndAddZcSignalInfo 1000ee60 f   testBradImitateSmile_sfun_registry.obj
 0001:0000dec0       _ssCloneAndAddZcSignalInfo 1000eec0 f   testBradImitateSmile_sfun_registry.obj
 0001:0000df20       _ssGetNumZcSignals         1000ef20 f   testBradImitateSmile_sfun_registry.obj
 0001:0000df80       _ssGetZcSignalVector       1000ef80 f   testBradImitateSmile_sfun_registry.obj
 0001:0000dfe0       _ssGetZcSignalZcEvents     1000efe0 f   testBradImitateSmile_sfun_registry.obj
 0001:0000e040       _ssGetZcSignalName         1000f040 f   testBradImitateSmile_sfun_registry.obj
 0001:0000e0a0       _ssGetZcSignalWidth        1000f0a0 f   testBradImitateSmile_sfun_registry.obj
 0001:0000e100       _ssGetZcSignalZcEventType  1000f100 f   testBradImitateSmile_sfun_registry.obj
 0001:0000e160       _ssGetZcSignalType         1000f160 f   testBradImitateSmile_sfun_registry.obj
 0001:0000e1c0       _ssGetZcSignalZcTol        1000f1c0 f   testBradImitateSmile_sfun_registry.obj
 0001:0000e220       _ssGetZcSignalNeedsEventNotification 1000f220 f   testBradImitateSmile_sfun_registry.obj
 0001:0000e280       _ssGetZcSignalIsZcElementDisc 1000f280 f   testBradImitateSmile_sfun_registry.obj
 0001:0000e300       _ssGetIsInputPortElementContinuous 1000f300 f   testBradImitateSmile_sfun_registry.obj
 0001:0000e380       __ssGetInputPortSignalPtrsFcn 1000f380 f   testBradImitateSmile_sfun_registry.obj
 0001:0000e580       __ssGetInputPortSignalFcn  1000f580 f   testBradImitateSmile_sfun_registry.obj
 0001:0000e710       __ssSetInputPortDirectFeedThroughFcn 1000f710 f   testBradImitateSmile_sfun_registry.obj
 0001:0000e840       __ssSetInputPortReusableFcn 1000f840 f   testBradImitateSmile_sfun_registry.obj
 0001:0000e8d0       __ssSetOutputPortReusableFcn 1000f8d0 f   testBradImitateSmile_sfun_registry.obj
 0001:0000e960       _ssGetDTypeIdFromMxArray   1000f960 f   testBradImitateSmile_sfun_registry.obj
 0001:0000ea50       _ssWriteRTWStr             1000fa50 f   testBradImitateSmile_sfun_registry.obj
 0001:0000ea90       _ssWriteRTWMxVectParam     1000fa90 f   testBradImitateSmile_sfun_registry.obj
 0001:0000ead0       _ssWriteRTWMx2dMatParam    1000fad0 f   testBradImitateSmile_sfun_registry.obj
 0001:0000eb10       _ssWriteRTWNameValuePair   1000fb10 f   testBradImitateSmile_sfun_registry.obj
 0001:0000ee80       _ssWriteRTWParameters      1000fe80 f   testBradImitateSmile_sfun_registry.obj
 0001:0000f220       _ssWriteRTWParamSettings   10010220 f   testBradImitateSmile_sfun_registry.obj
 0001:0000f6d0       _ssWriteRTWWorkVect        100106d0 f   testBradImitateSmile_sfun_registry.obj
 0001:0000fa60       _mexFunction               10010a60 f   testBradImitateSmile_sfun_registry.obj
 0001:000117b0       _ProcessMexSfunctionEveryCall 100127b0 f   testBradImitateSmile_sfun_registry.obj
 0001:000118ce       _sf_debug_set_machine_data_thresholds 100128ce f   sf_runtime:sf_runtime.dll
 0001:000118d4       _sf_debug_set_machine_event_thresholds 100128d4 f   sf_runtime:sf_runtime.dll
 0001:000118da       _sf_debug_initialize_machine 100128da f   sf_runtime:sf_runtime.dll
 0001:000118e0       _sf_load_rtw_optimization_info 100128e0 f   sf_runtime:sf_runtime.dll
 0001:000118e6       _sf_mex_assign             100128e6 f   sf_runtime:sf_runtime.dll
 0001:000118ec       _sf_mex_create             100128ec f   sf_runtime:sf_runtime.dll
 0001:000118f2       _sf_mex_error_message      100128f2 f   sf_runtime:sf_runtime.dll
 0001:000118f8       _sf_mex_call_matlab        100128f8 f   sf_runtime:sf_runtime.dll
 0001:000118fe       _sf_mex_destroy            100128fe f   sf_runtime:sf_runtime.dll
 0001:00011904       _sf_mex_duplicatearraysafe 10012904 f   sf_runtime:sf_runtime.dll
 0001:0001190a       _sf_mex_dup                1001290a f   sf_runtime:sf_runtime.dll
 0001:00011910       _sf_mex_setcell            10012910 f   sf_runtime:sf_runtime.dll
 0001:00011916       _sf_mex_createcellmatrix   10012916 f   sf_runtime:sf_runtime.dll
 0001:0001191c       _sf_mex_decode_encoded_mx_struct_array 1001291c f   sf_runtime:sf_runtime.dll
 0001:00011922       _sf_mex_getcell            10012922 f   sf_runtime:sf_runtime.dll
 0001:00011928       _sf_debug_animate          10012928 f   sf_runtime:sf_runtime.dll
 0001:0001192e       _sf_debug_call             1001292e f   sf_runtime:sf_runtime.dll
 0001:00011934       _sf_debug_set_honor_breakpoints 10012934 f   sf_runtime:sf_runtime.dll
 0001:0001193a       _sf_debug_set_animation    1001293a f   sf_runtime:sf_runtime.dll
 0001:00011940       _sf_debug_get_animation    10012940 f   sf_runtime:sf_runtime.dll
 0001:00011946       _sf_mex_import             10012946 f   sf_runtime:sf_runtime.dll
 0001:0001194c       _sf_set_rtw_dwork_info     1001294c f   sf_runtime:sf_runtime.dll
 0001:00011952       _sf_mark_chart_expressionable_inputs 10012952 f   sf_runtime:sf_runtime.dll
 0001:00011958       _sf_update_buildInfo       10012958 f   sf_runtime:sf_runtime.dll
 0001:0001195e       _sf_rtw_info_uint_prop     1001295e f   sf_runtime:sf_runtime.dll
 0001:00011964       _sf_is_chart_inlinable     10012964 f   sf_runtime:sf_runtime.dll
 0001:0001196a       _sim_mode_is_external      1001296a f   sf_runtime:sf_runtime.dll
 0001:00011970       _sim_mode_is_rtw_gen       10012970 f   sf_runtime:sf_runtime.dll
 0001:00011976       _sf_debug_reset_current_state_configuration 10012976 f   sf_runtime:sf_runtime.dll
 0001:0001197c       _sf_debug_set_instance_data_value_ptr 1001297c f   sf_runtime:sf_runtime.dll
 0001:00011982       _sf_debug_set_chart_data_compiled_props 10012982 f   sf_runtime:sf_runtime.dll
 0001:00011988       _sf_debug_cv_init_state    10012988 f   sf_runtime:sf_runtime.dll
 0001:0001198e       _sf_debug_cv_init_chart    1001298e f   sf_runtime:sf_runtime.dll
 0001:00011994       _sf_debug_set_chart_state_substate_count 10012994 f   sf_runtime:sf_runtime.dll
 0001:0001199a       _sf_debug_set_chart_substate_index 1001299a f   sf_runtime:sf_runtime.dll
 0001:000119a0       _sf_debug_set_chart_decomposition 100129a0 f   sf_runtime:sf_runtime.dll
 0001:000119a6       _sf_debug_set_chart_substate_count 100129a6 f   sf_runtime:sf_runtime.dll
 0001:000119ac       _sf_debug_set_chart_state_info 100129ac f   sf_runtime:sf_runtime.dll
 0001:000119b2       _sf_debug_set_chart_event_scope 100129b2 f   sf_runtime:sf_runtime.dll
 0001:000119b8       _sf_debug_set_chart_data_props 100129b8 f   sf_runtime:sf_runtime.dll
 0001:000119be       _sf_debug_set_chart_event_thresholds 100129be f   sf_runtime:sf_runtime.dll
 0001:000119c4       _sf_debug_set_chart_disable_implicit_casting 100129c4 f   sf_runtime:sf_runtime.dll
 0001:000119ca       _sf_debug_initialize_chart 100129ca f   sf_runtime:sf_runtime.dll
 0001:000119d0       _sf_get_time               100129d0 f   sf_runtime:sf_runtime.dll
 0001:000119d6       _sf_debug_check_for_state_inconsistency 100129d6 f   sf_runtime:sf_runtime.dll
 0001:000119dc       _sf_debug_symbol_scope_pop 100129dc f   sf_runtime:sf_runtime.dll
 0001:000119e2       _sf_debug_data_range_wrapper 100129e2 f   sf_runtime:sf_runtime.dll
 0001:000119e8       _sf_debug_symbol_scope_push 100129e8 f   sf_runtime:sf_runtime.dll
 0001:000119ee       _sf_clear_rtw_identifier   100129ee f   sf_runtime:sf_runtime.dll
 0001:000119f4       _sf_get_subchart_simstruct 100129f4 f   sf_runtime:sf_runtime.dll
 0001:000119fa       _sf_mex_emlrtNameCapturePostProcessR2012a 100129fa f   sf_runtime:sf_runtime.dll
 0001:00011a00       _sf_mex_createstruct       10012a00 f   sf_runtime:sf_runtime.dll
 0001:00011a06       _sf_mex_addfield           10012a06 f   sf_runtime:sf_runtime.dll
 0001:00011a0c       _cv_eml_eval               10012a0c f   sf_runtime:sf_runtime.dll
 0001:00011a12       _sf_debug_symbol_scope_add_eml_importable 10012a12 f   sf_runtime:sf_runtime.dll
 0001:00011a18       _sf_debug_symbol_scope_push_eml 10012a18 f   sf_runtime:sf_runtime.dll
 0001:00011a1e       _cv_eval_point             10012a1e f   sf_runtime:sf_runtime.dll
 0001:00011a24       _sf_debug_unset_instance_data_value_ptr 10012a24 f   sf_runtime:sf_runtime.dll
 0001:00011a2a       _sf_call_output_fcn_call   10012a2a f   sf_runtime:sf_runtime.dll
 0001:00011a30       _sf_debug_symbol_scope_add_importable 10012a30 f   sf_runtime:sf_runtime.dll
 0001:00011a36       _cv_script_eval            10012a36 f   sf_runtime:sf_runtime.dll
 0001:00011a3c       _sf_debug_symbol_scope_add_eml 10012a3c f   sf_runtime:sf_runtime.dll
 0001:00011a42       _sf_mex_call_debug         10012a42 f   sf_runtime:sf_runtime.dll
 0001:00011a48       _sf_mex_printf             10012a48 f   sf_runtime:sf_runtime.dll
 0001:00011a4e       _eml_debug_line_call       10012a4e f   sf_runtime:sf_runtime.dll
 0001:00011a54       _sf_call_output_fcn_enable 10012a54 f   sf_runtime:sf_runtime.dll
 0001:00011a5a       _sf_call_output_fcn_disable 10012a5a f   sf_runtime:sf_runtime.dll
 0001:00011a60       _sf_debug_eml_data_array_bounds_error_check 10012a60 f   sf_runtime:sf_runtime.dll
 0001:00011a66       _sf_debug_read_before_write_check 10012a66 f   sf_runtime:sf_runtime.dll
 0001:00011a6c       _sf_mark_output_events_with_multiple_callers 10012a6c f   sf_runtime:sf_runtime.dll
 0001:00011a72       _cv_script_init_fcn        10012a72 f   sf_runtime:sf_runtime.dll
 0001:00011a78       _cv_script_init_script     10012a78 f   sf_runtime:sf_runtime.dll
 0001:00011a7e       _cv_eml_init_if            10012a7e f   sf_runtime:sf_runtime.dll
 0001:00011a84       _cv_eml_init_fcn           10012a84 f   sf_runtime:sf_runtime.dll
 0001:00011a8a       _cv_eml_init_script        10012a8a f   sf_runtime:sf_runtime.dll
 0001:00011a90       _sf_debug_cv_init_trans    10012a90 f   sf_runtime:sf_runtime.dll
 0001:00011a96       _sf_debug_set_script_translation 10012a96 f   sf_runtime:sf_runtime.dll
 0001:00011a9c       _sf_debug_get_script_id    10012a9c f   sf_runtime:sf_runtime.dll
 0001:00011aa2       _sf_debug_terminate        10012aa2 f   sf_runtime:sf_runtime.dll
 0001:00011aa8       _sf_debug_create_debug_instance_struct 10012aa8 f   sf_runtime:sf_runtime.dll
 0001:00011aae       _sf_debug_api              10012aae f   sf_runtime:sf_runtime.dll
 0001:00011ab4       _callMdlMethodAndReportError 10012ab4 f   sf_runtime:sf_runtime.dll
 0001:00011aba       _call_sf_machine_global_method_dispatcher 10012aba f   sf_runtime:sf_runtime.dll
 0001:00011ac0       _sf_clear_error_manager_info 10012ac0 f   sf_runtime:sf_runtime.dll
 0001:00011ac6       _sf_mex_error_direct_call  10012ac6 f   sf_runtime:sf_runtime.dll
 0001:00011acc       _mxGetScalar               10012acc f   libmx:libmx.dll
 0001:00011ad2       _mxGetPr                   10012ad2 f   libmx:libmx.dll
 0001:00011ad8       _mxCreateDoubleMatrix_730  10012ad8 f   libmx:libmx.dll
 0001:00011ade       _mxGetString_730           10012ade f   libmx:libmx.dll
 0001:00011ae4       _mxIsChar                  10012ae4 f   libmx:libmx.dll
 0001:00011aea       _mxDestroyArray            10012aea f   libmx:libmx.dll
 0001:00011af0       _mxDuplicateArray          10012af0 f   libmx:libmx.dll
 0001:00011af6       _mxCreateDoubleScalar      10012af6 f   libmx:libmx.dll
 0001:00011afc       _mxSetField_730            10012afc f   libmx:libmx.dll
 0001:00011b02       _mxCreateString            10012b02 f   libmx:libmx.dll
 0001:00011b08       _mxCreateStructMatrix_730  10012b08 f   libmx:libmx.dll
 0001:00011b0e       _mxCreateCellMatrix_730    10012b0e f   libmx:libmx.dll
 0001:00011b14       _mxGetClassID              10012b14 f   libmx:libmx.dll
 0001:00011b1a       _mxIsNumeric               10012b1a f   libmx:libmx.dll
 0001:00011b20       _mxIsComplex               10012b20 f   libmx:libmx.dll
 0001:00011b26       _mxGetN                    10012b26 f   libmx:libmx.dll
 0001:00011b2c       _mxGetM                    10012b2c f   libmx:libmx.dll
 0001:00011b32       _mxCalloc                  10012b32 f   libmx:libmx.dll
 0001:00011b38       _mexMakeArrayPersistent    10012b38 f   libmex:libmex.dll
 0001:00011b3e       _mexUnlock                 10012b3e f   libmex:libmex.dll
 0001:00011b44       _mexIsLocked               10012b44 f   libmex:libmex.dll
 0001:00011b4a       _mexWarnMsgTxt             10012b4a f   libmex:libmex.dll
 0001:00011b50       _mexCallMATLAB             10012b50 f   libmex:libmex.dll
 0001:00011b56       _mexErrMsgTxt              10012b56 f   libmex:libmex.dll
 0001:00011b5c       _mexLock                   10012b5c f   libmex:libmex.dll
 0001:00011b62       _utMalloc                  10012b62 f   libut:libut.dll
 0001:00011b68       _utFree                    10012b68 f   libut:libut.dll
 0001:00011b70       _lib_affectiveChar_input_initializer 10012b70 f   lib_affectiveChar_input_sfun:lib_affectiveChar_input_sfun.obj
 0001:00011b80       _lib_affectiveChar_input_terminator 10012b80 f   lib_affectiveChar_input_sfun:lib_affectiveChar_input_sfun.obj
 0001:00011b90       _sf_lib_affectiveChar_input_method_dispatcher 10012b90 f   lib_affectiveChar_input_sfun:lib_affectiveChar_input_sfun.obj
 0001:00011bc0       _sf_lib_affectiveChar_input_process_check_sum_call 10012bc0 f   lib_affectiveChar_input_sfun:lib_affectiveChar_input_sfun.obj
 0001:00011e20       _sf_lib_affectiveChar_input_autoinheritance_info 10012e20 f   lib_affectiveChar_input_sfun:lib_affectiveChar_input_sfun.obj
 0001:00011f40       _sf_lib_affectiveChar_input_get_eml_resolved_functions_info 10012f40 f   lib_affectiveChar_input_sfun:lib_affectiveChar_input_sfun.obj
 0001:00012030       _sf_lib_affectiveChar_input_third_party_uses_info 10013030 f   lib_affectiveChar_input_sfun:lib_affectiveChar_input_sfun.obj
 0001:00012160       _sf_lib_affectiveChar_input_updateBuildInfo_args_info 10013160 f   lib_affectiveChar_input_sfun:lib_affectiveChar_input_sfun.obj
 0001:00012290       _lib_affectiveChar_input_debug_initialize 10013290 f   lib_affectiveChar_input_sfun:lib_affectiveChar_input_sfun.obj
 0001:000122f0       _lib_affectiveChar_input_register_exported_symbols 100132f0 f   lib_affectiveChar_input_sfun:lib_affectiveChar_input_sfun.obj
 0001:00012300       _load_lib_affectiveChar_input_optimization_info 10013300 f   lib_affectiveChar_input_sfun:lib_affectiveChar_input_sfun.obj
 0001:00012340       _unload_lib_affectiveChar_input_optimization_info 10013340 f   lib_affectiveChar_input_sfun:lib_affectiveChar_input_sfun.obj
 0001:00012370       _sf_c6_lib_affectiveChar_input_get_eml_resolved_functions_info 10013370 f   lib_affectiveChar_input_sfun:c6_lib_affectiveChar_input.obj
 0001:000123c0       _sf_c6_lib_affectiveChar_input_get_check_sum 100133c0 f   lib_affectiveChar_input_sfun:c6_lib_affectiveChar_input.obj
 0001:00012420       _sf_c6_lib_affectiveChar_input_get_autoinheritance_info 10013420 f   lib_affectiveChar_input_sfun:c6_lib_affectiveChar_input.obj
 0001:00012730       _sf_c6_lib_affectiveChar_input_third_party_uses_info 10013730 f   lib_affectiveChar_input_sfun:c6_lib_affectiveChar_input.obj
 0001:00012750       _sf_c6_lib_affectiveChar_input_updateBuildInfo_args_info 10013750 f   lib_affectiveChar_input_sfun:c6_lib_affectiveChar_input.obj
 0001:00012770       _sf_internal_get_sim_state_c6_lib_affectiveChar_input 10013770 f   lib_affectiveChar_input_sfun:c6_lib_affectiveChar_input.obj
 0001:00012a10       _sf_internal_set_sim_state_c6_lib_affectiveChar_input 10013a10 f   lib_affectiveChar_input_sfun:c6_lib_affectiveChar_input.obj
 0001:00012d00       _c6_lib_affectiveChar_input_method_dispatcher 10013d00 f   lib_affectiveChar_input_sfun:c6_lib_affectiveChar_input.obj
 0001:0001401e       _strcmp                    1001501e f   MSVCRT:MSVCR100.dll
 0001:00014030       @__security_check_cookie@4 10015030 f   MSVCRT:secchk.obj
 0001:00014040       _memset                    10015040 f   MSVCRT:MSVCR100.dll
 0001:00014046       _strlen                    10015046 f   MSVCRT:MSVCR100.dll
 0001:00014050       __chkstk                   10015050 f   MSVCRT:chkstk.obj
 0001:00014050       __alloca_probe             10015050     MSVCRT:chkstk.obj
 0001:0001407c       _free                      1001507c f   MSVCRT:MSVCR100.dll
 0001:00014082       _sprintf                   10015082 f   MSVCRT:MSVCR100.dll
 0001:00014088       _malloc                    10015088 f   MSVCRT:MSVCR100.dll
 0001:0001408e       _strcat                    1001508e f   MSVCRT:MSVCR100.dll
 0001:000140a0       __ftol2_sse                100150a0 f   MSVCRT:ftol2.obj
 0001:000140a9       __ftol2_pentium4           100150a9 f   MSVCRT:ftol2.obj
 0001:000140bc       __ftol2_sse_excpt          100150bc f   MSVCRT:ftol2.obj
 0001:000140d6       __ftol2                    100150d6 f   MSVCRT:ftol2.obj
 0001:0001414c       _memcpy                    1001514c f   MSVCRT:MSVCR100.dll
 0001:00014152       _NtCurrentTeb              10015152 f i MSVCRT:crtdll.obj
 0001:000141a7       __CRT_INIT@12              100151a7 f   MSVCRT:crtdll.obj
 0001:000144c7       __DllMainCRTStartup@12     100154c7 f   MSVCRT:crtdll.obj
 0001:000144ea       ___report_gsfailure        100154ea f   MSVCRT:gs_report.obj
 0001:000145f0       ___sse2_available_init     100155f0 f   MSVCRT:cpu_disp.obj
 0001:00014600       ___clean_type_info_names   10015600 f   MSVCRT:tncleanup.obj
 0001:0001460c       __onexit                   1001560c f   MSVCRT:atonexit.obj
 0001:000146ad       _atexit                    100156ad f   MSVCRT:atonexit.obj
 0001:000146c4       __RTC_Initialize           100156c4 f   MSVCRT:_initsect_.obj
 0001:000146ea       __RTC_Terminate            100156ea f   MSVCRT:_initsect_.obj
 0001:00014710       __malloc_crt               10015710 f   MSVCRT:MSVCR100.dll
 0001:00014716       __encoded_null             10015716 f   MSVCRT:MSVCR100.dll
 0001:00014720       __ValidateImageBase        10015720 f   MSVCRT:pesect.obj
 0001:00014760       __FindPESection            10015760 f   MSVCRT:pesect.obj
 0001:000147b0       __IsNonwritableInCurrentImage 100157b0 f   MSVCRT:pesect.obj
 0001:0001486c       __initterm                 1001586c f   MSVCRT:MSVCR100.dll
 0001:00014872       __initterm_e               10015872 f   MSVCRT:MSVCR100.dll
 0001:00014878       __amsg_exit                10015878 f   MSVCRT:MSVCR100.dll
 0001:0001487e       ___CppXcptFilter           1001587e f   MSVCRT:MSVCR100.dll
 0001:00014884       _DllMain@12                10015884 f   MSVCRT:dllmain.obj
 0001:000148b0       __SEH_prolog4              100158b0 f   MSVCRT:sehprolg4.obj
 0001:000148f5       __SEH_epilog4              100158f5 f   MSVCRT:sehprolg4.obj
 0001:00014909       __except_handler4          10015909 f   MSVCRT:chandler4gs.obj
 0001:0001492e       ___security_init_cookie    1001592e f   MSVCRT:gs_support.obj
 0001:000149ca       __crt_debugger_hook        100159ca f   MSVCRT:MSVCR100.dll
 0001:000149d0       ___clean_type_info_names_internal 100159d0 f   MSVCRT:MSVCR100.dll
 0001:000149d6       __unlock                   100159d6 f   MSVCRT:MSVCR100.dll
 0001:000149dc       ___dllonexit               100159dc f   MSVCRT:MSVCR100.dll
 0001:000149e2       __lock                     100159e2 f   MSVCRT:MSVCR100.dll
 0001:000149e8       __except_handler4_common   100159e8 f   MSVCRT:MSVCR100.dll
 0001:000149ee       _EncodePointer@4           100159ee f   kernel32:KERNEL32.dll
 0001:000149f4       _DecodePointer@4           100159f4 f   kernel32:KERNEL32.dll
 0001:000149fa       _InterlockedExchange@8     100159fa f   kernel32:KERNEL32.dll
 0001:00014a00       _Sleep@4                   10015a00 f   kernel32:KERNEL32.dll
 0001:00014a06       _InterlockedCompareExchange@12 10015a06 f   kernel32:KERNEL32.dll
 0001:00014a0c       _TerminateProcess@8        10015a0c f   kernel32:KERNEL32.dll
 0001:00014a12       _GetCurrentProcess@0       10015a12 f   kernel32:KERNEL32.dll
 0001:00014a18       _UnhandledExceptionFilter@4 10015a18 f   kernel32:KERNEL32.dll
 0001:00014a1e       _SetUnhandledExceptionFilter@4 10015a1e f   kernel32:KERNEL32.dll
 0001:00014a24       _IsDebuggerPresent@0       10015a24 f   kernel32:KERNEL32.dll
 0001:00014a2a       _IsProcessorFeaturePresent@4 10015a2a f   kernel32:KERNEL32.dll
 0001:00014a30       _DisableThreadLibraryCalls@4 10015a30 f   kernel32:KERNEL32.dll
 0001:00014a36       _QueryPerformanceCounter@4 10015a36 f   kernel32:KERNEL32.dll
 0001:00014a3c       _GetTickCount@0            10015a3c f   kernel32:KERNEL32.dll
 0001:00014a42       _GetCurrentThreadId@0      10015a42 f   kernel32:KERNEL32.dll
 0001:00014a48       _GetCurrentProcessId@0     10015a48 f   kernel32:KERNEL32.dll
 0001:00014a4e       _GetSystemTimeAsFileTime@4 10015a4e f   kernel32:KERNEL32.dll
 0001:00014a54       _sf_mark_chart_reusable_outputs 10015a54 f   sf_runtime:sf_runtime.dll
 0002:00000000       __imp__GetCurrentProcessId@0 10016000     kernel32:KERNEL32.dll
 0002:00000004       __imp__GetCurrentThreadId@0 10016004     kernel32:KERNEL32.dll
 0002:00000008       __imp__GetTickCount@0      10016008     kernel32:KERNEL32.dll
 0002:0000000c       __imp__QueryPerformanceCounter@4 1001600c     kernel32:KERNEL32.dll
 0002:00000010       __imp__DisableThreadLibraryCalls@4 10016010     kernel32:KERNEL32.dll
 0002:00000014       __imp__IsProcessorFeaturePresent@4 10016014     kernel32:KERNEL32.dll
 0002:00000018       __imp__IsDebuggerPresent@0 10016018     kernel32:KERNEL32.dll
 0002:0000001c       __imp__SetUnhandledExceptionFilter@4 1001601c     kernel32:KERNEL32.dll
 0002:00000020       __imp__UnhandledExceptionFilter@4 10016020     kernel32:KERNEL32.dll
 0002:00000024       __imp__GetCurrentProcess@0 10016024     kernel32:KERNEL32.dll
 0002:00000028       __imp__TerminateProcess@8  10016028     kernel32:KERNEL32.dll
 0002:0000002c       __imp__InterlockedCompareExchange@12 1001602c     kernel32:KERNEL32.dll
 0002:00000030       __imp__Sleep@4             10016030     kernel32:KERNEL32.dll
 0002:00000034       __imp__InterlockedExchange@8 10016034     kernel32:KERNEL32.dll
 0002:00000038       __imp__DecodePointer@4     10016038     kernel32:KERNEL32.dll
 0002:0000003c       __imp__EncodePointer@4     1001603c     kernel32:KERNEL32.dll
 0002:00000040       __imp__GetSystemTimeAsFileTime@4 10016040     kernel32:KERNEL32.dll
 0002:00000044       \177KERNEL32_NULL_THUNK_DATA 10016044     kernel32:KERNEL32.dll
 0002:00000048       __imp___except_handler4_common 10016048     MSVCRT:MSVCR100.dll
 0002:0000004c       __imp___onexit             1001604c     MSVCRT:MSVCR100.dll
 0002:00000050       __imp___lock               10016050     MSVCRT:MSVCR100.dll
 0002:00000054       __imp____dllonexit         10016054     MSVCRT:MSVCR100.dll
 0002:00000058       __imp___unlock             10016058     MSVCRT:MSVCR100.dll
 0002:0000005c       __imp____clean_type_info_names_internal 1001605c     MSVCRT:MSVCR100.dll
 0002:00000060       __imp___crt_debugger_hook  10016060     MSVCRT:MSVCR100.dll
 0002:00000064       __imp____CppXcptFilter     10016064     MSVCRT:MSVCR100.dll
 0002:00000068       __imp___amsg_exit          10016068     MSVCRT:MSVCR100.dll
 0002:0000006c       __imp___initterm_e         1001606c     MSVCRT:MSVCR100.dll
 0002:00000070       __imp___initterm           10016070     MSVCRT:MSVCR100.dll
 0002:00000074       __imp___encoded_null       10016074     MSVCRT:MSVCR100.dll
 0002:00000078       __imp___malloc_crt         10016078     MSVCRT:MSVCR100.dll
 0002:0000007c       __imp__memcpy              1001607c     MSVCRT:MSVCR100.dll
 0002:00000080       __imp__strcat              10016080     MSVCRT:MSVCR100.dll
 0002:00000084       __imp__malloc              10016084     MSVCRT:MSVCR100.dll
 0002:00000088       __imp__sprintf             10016088     MSVCRT:MSVCR100.dll
 0002:0000008c       __imp__free                1001608c     MSVCRT:MSVCR100.dll
 0002:00000090       __imp__strlen              10016090     MSVCRT:MSVCR100.dll
 0002:00000094       __imp__memset              10016094     MSVCRT:MSVCR100.dll
 0002:00000098       __imp__strcmp              10016098     MSVCRT:MSVCR100.dll
 0002:0000009c       \177MSVCR100_NULL_THUNK_DATA 1001609c     MSVCRT:MSVCR100.dll
 0002:000000a0       __imp__mexLock             100160a0     libmex:libmex.dll
 0002:000000a4       __imp__mexErrMsgTxt        100160a4     libmex:libmex.dll
 0002:000000a8       __imp__mexCallMATLAB       100160a8     libmex:libmex.dll
 0002:000000ac       __imp__mexWarnMsgTxt       100160ac     libmex:libmex.dll
 0002:000000b0       __imp__mexIsLocked         100160b0     libmex:libmex.dll
 0002:000000b4       __imp__mexUnlock           100160b4     libmex:libmex.dll
 0002:000000b8       __imp__mexMakeArrayPersistent 100160b8     libmex:libmex.dll
 0002:000000bc       \177libmex_NULL_THUNK_DATA 100160bc     libmex:libmex.dll
 0002:000000c0       __imp__mxCalloc            100160c0     libmx:libmx.dll
 0002:000000c4       __imp__mxGetM              100160c4     libmx:libmx.dll
 0002:000000c8       __imp__mxGetN              100160c8     libmx:libmx.dll
 0002:000000cc       __imp__mxIsComplex         100160cc     libmx:libmx.dll
 0002:000000d0       __imp__mxIsNumeric         100160d0     libmx:libmx.dll
 0002:000000d4       __imp__mxGetClassID        100160d4     libmx:libmx.dll
 0002:000000d8       __imp__mxCreateCellMatrix_730 100160d8     libmx:libmx.dll
 0002:000000dc       __imp__mxCreateStructMatrix_730 100160dc     libmx:libmx.dll
 0002:000000e0       __imp__mxCreateString      100160e0     libmx:libmx.dll
 0002:000000e4       __imp__mxSetField_730      100160e4     libmx:libmx.dll
 0002:000000e8       __imp__mxCreateDoubleScalar 100160e8     libmx:libmx.dll
 0002:000000ec       __imp__mxDuplicateArray    100160ec     libmx:libmx.dll
 0002:000000f0       __imp__mxDestroyArray      100160f0     libmx:libmx.dll
 0002:000000f4       __imp__mxIsChar            100160f4     libmx:libmx.dll
 0002:000000f8       __imp__mxGetString_730     100160f8     libmx:libmx.dll
 0002:000000fc       __imp__mxCreateDoubleMatrix_730 100160fc     libmx:libmx.dll
 0002:00000100       __imp__mxGetPr             10016100     libmx:libmx.dll
 0002:00000104       __imp__mxGetScalar         10016104     libmx:libmx.dll
 0002:00000108       \177libmx_NULL_THUNK_DATA  10016108     libmx:libmx.dll
 0002:0000010c       __imp__utMalloc            1001610c     libut:libut.dll
 0002:00000110       __imp__utFree              10016110     libut:libut.dll
 0002:00000114       \177libut_NULL_THUNK_DATA  10016114     libut:libut.dll
 0002:00000118       __imp__cv_script_init_fcn  10016118     sf_runtime:sf_runtime.dll
 0002:0000011c       __imp__cv_script_init_script 1001611c     sf_runtime:sf_runtime.dll
 0002:00000120       __imp__cv_eml_init_if      10016120     sf_runtime:sf_runtime.dll
 0002:00000124       __imp__cv_eml_init_fcn     10016124     sf_runtime:sf_runtime.dll
 0002:00000128       __imp__cv_eml_init_script  10016128     sf_runtime:sf_runtime.dll
 0002:0000012c       __imp__sf_debug_cv_init_trans 1001612c     sf_runtime:sf_runtime.dll
 0002:00000130       __imp__sf_debug_set_script_translation 10016130     sf_runtime:sf_runtime.dll
 0002:00000134       __imp__sf_debug_set_honor_breakpoints 10016134     sf_runtime:sf_runtime.dll
 0002:00000138       __imp__sf_call_output_fcn_disable 10016138     sf_runtime:sf_runtime.dll
 0002:0000013c       __imp__sf_debug_create_debug_instance_struct 1001613c     sf_runtime:sf_runtime.dll
 0002:00000140       __imp__sf_debug_api        10016140     sf_runtime:sf_runtime.dll
 0002:00000144       __imp__callMdlMethodAndReportError 10016144     sf_runtime:sf_runtime.dll
 0002:00000148       __imp__call_sf_machine_global_method_dispatcher 10016148     sf_runtime:sf_runtime.dll
 0002:0000014c       __imp__sf_clear_error_manager_info 1001614c     sf_runtime:sf_runtime.dll
 0002:00000150       __imp__sf_mex_error_direct_call 10016150     sf_runtime:sf_runtime.dll
 0002:00000154       __imp__sf_debug_set_animation 10016154     sf_runtime:sf_runtime.dll
 0002:00000158       __imp__sf_call_output_fcn_enable 10016158     sf_runtime:sf_runtime.dll
 0002:0000015c       __imp__eml_debug_line_call 1001615c     sf_runtime:sf_runtime.dll
 0002:00000160       __imp__sf_mex_printf       10016160     sf_runtime:sf_runtime.dll
 0002:00000164       __imp__sf_mex_call_debug   10016164     sf_runtime:sf_runtime.dll
 0002:00000168       __imp__sf_mark_output_events_with_multiple_callers 10016168     sf_runtime:sf_runtime.dll
 0002:0000016c       __imp__cv_script_eval      1001616c     sf_runtime:sf_runtime.dll
 0002:00000170       __imp__sf_debug_symbol_scope_add_importable 10016170     sf_runtime:sf_runtime.dll
 0002:00000174       __imp__sf_call_output_fcn_call 10016174     sf_runtime:sf_runtime.dll
 0002:00000178       __imp__sf_debug_unset_instance_data_value_ptr 10016178     sf_runtime:sf_runtime.dll
 0002:0000017c       __imp__cv_eval_point       1001617c     sf_runtime:sf_runtime.dll
 0002:00000180       __imp__sf_debug_symbol_scope_push_eml 10016180     sf_runtime:sf_runtime.dll
 0002:00000184       __imp__sf_debug_symbol_scope_add_eml_importable 10016184     sf_runtime:sf_runtime.dll
 0002:00000188       __imp__cv_eml_eval         10016188     sf_runtime:sf_runtime.dll
 0002:0000018c       __imp__sf_mex_addfield     1001618c     sf_runtime:sf_runtime.dll
 0002:00000190       __imp__sf_mex_createstruct 10016190     sf_runtime:sf_runtime.dll
 0002:00000194       __imp__sf_mex_emlrtNameCapturePostProcessR2012a 10016194     sf_runtime:sf_runtime.dll
 0002:00000198       __imp__sf_get_subchart_simstruct 10016198     sf_runtime:sf_runtime.dll
 0002:0000019c       __imp__sf_clear_rtw_identifier 1001619c     sf_runtime:sf_runtime.dll
 0002:000001a0       __imp__sf_debug_symbol_scope_push 100161a0     sf_runtime:sf_runtime.dll
 0002:000001a4       __imp__sf_debug_data_range_wrapper 100161a4     sf_runtime:sf_runtime.dll
 0002:000001a8       __imp__sf_debug_symbol_scope_pop 100161a8     sf_runtime:sf_runtime.dll
 0002:000001ac       __imp__sf_debug_check_for_state_inconsistency 100161ac     sf_runtime:sf_runtime.dll
 0002:000001b0       __imp__sf_get_time         100161b0     sf_runtime:sf_runtime.dll
 0002:000001b4       __imp__sf_debug_initialize_chart 100161b4     sf_runtime:sf_runtime.dll
 0002:000001b8       __imp__sf_debug_set_chart_disable_implicit_casting 100161b8     sf_runtime:sf_runtime.dll
 0002:000001bc       __imp__sf_debug_set_chart_event_thresholds 100161bc     sf_runtime:sf_runtime.dll
 0002:000001c0       __imp__sf_debug_read_before_write_check 100161c0     sf_runtime:sf_runtime.dll
 0002:000001c4       __imp__sf_debug_symbol_scope_add_eml 100161c4     sf_runtime:sf_runtime.dll
 0002:000001c8       __imp__sf_debug_eml_data_array_bounds_error_check 100161c8     sf_runtime:sf_runtime.dll
 0002:000001cc       __imp__sf_debug_set_chart_data_props 100161cc     sf_runtime:sf_runtime.dll
 0002:000001d0       __imp__sf_debug_set_chart_event_scope 100161d0     sf_runtime:sf_runtime.dll
 0002:000001d4       __imp__sf_debug_set_chart_state_info 100161d4     sf_runtime:sf_runtime.dll
 0002:000001d8       __imp__sf_debug_set_chart_substate_count 100161d8     sf_runtime:sf_runtime.dll
 0002:000001dc       __imp__sf_debug_set_chart_decomposition 100161dc     sf_runtime:sf_runtime.dll
 0002:000001e0       __imp__sf_debug_set_chart_substate_index 100161e0     sf_runtime:sf_runtime.dll
 0002:000001e4       __imp__sf_debug_set_chart_state_substate_count 100161e4     sf_runtime:sf_runtime.dll
 0002:000001e8       __imp__sf_debug_cv_init_chart 100161e8     sf_runtime:sf_runtime.dll
 0002:000001ec       __imp__sf_debug_cv_init_state 100161ec     sf_runtime:sf_runtime.dll
 0002:000001f0       __imp__sf_debug_set_chart_data_compiled_props 100161f0     sf_runtime:sf_runtime.dll
 0002:000001f4       __imp__sf_debug_set_instance_data_value_ptr 100161f4     sf_runtime:sf_runtime.dll
 0002:000001f8       __imp__sf_debug_reset_current_state_configuration 100161f8     sf_runtime:sf_runtime.dll
 0002:000001fc       __imp__sim_mode_is_rtw_gen 100161fc     sf_runtime:sf_runtime.dll
 0002:00000200       __imp__sim_mode_is_external 10016200     sf_runtime:sf_runtime.dll
 0002:00000204       __imp__sf_is_chart_inlinable 10016204     sf_runtime:sf_runtime.dll
 0002:00000208       __imp__sf_rtw_info_uint_prop 10016208     sf_runtime:sf_runtime.dll
 0002:0000020c       __imp__sf_update_buildInfo 1001620c     sf_runtime:sf_runtime.dll
 0002:00000210       __imp__sf_mark_chart_expressionable_inputs 10016210     sf_runtime:sf_runtime.dll
 0002:00000214       __imp__sf_set_rtw_dwork_info 10016214     sf_runtime:sf_runtime.dll
 0002:00000218       __imp__sf_mex_import       10016218     sf_runtime:sf_runtime.dll
 0002:0000021c       __imp__sf_debug_get_animation 1001621c     sf_runtime:sf_runtime.dll
 0002:00000220       __imp__sf_debug_terminate  10016220     sf_runtime:sf_runtime.dll
 0002:00000224       __imp__sf_debug_call       10016224     sf_runtime:sf_runtime.dll
 0002:00000228       __imp__sf_debug_animate    10016228     sf_runtime:sf_runtime.dll
 0002:0000022c       __imp__sf_mex_getcell      1001622c     sf_runtime:sf_runtime.dll
 0002:00000230       __imp__sf_mex_decode_encoded_mx_struct_array 10016230     sf_runtime:sf_runtime.dll
 0002:00000234       __imp__sf_mex_createcellmatrix 10016234     sf_runtime:sf_runtime.dll
 0002:00000238       __imp__sf_mex_setcell      10016238     sf_runtime:sf_runtime.dll
 0002:0000023c       __imp__sf_mex_dup          1001623c     sf_runtime:sf_runtime.dll
 0002:00000240       __imp__sf_mex_duplicatearraysafe 10016240     sf_runtime:sf_runtime.dll
 0002:00000244       __imp__sf_mex_destroy      10016244     sf_runtime:sf_runtime.dll
 0002:00000248       __imp__sf_mex_call_matlab  10016248     sf_runtime:sf_runtime.dll
 0002:0000024c       __imp__sf_mex_error_message 1001624c     sf_runtime:sf_runtime.dll
 0002:00000250       __imp__sf_mex_create       10016250     sf_runtime:sf_runtime.dll
 0002:00000254       __imp__sf_mex_assign       10016254     sf_runtime:sf_runtime.dll
 0002:00000258       __imp__sf_load_rtw_optimization_info 10016258     sf_runtime:sf_runtime.dll
 0002:0000025c       __imp__sf_debug_initialize_machine 1001625c     sf_runtime:sf_runtime.dll
 0002:00000260       __imp__sf_debug_set_machine_event_thresholds 10016260     sf_runtime:sf_runtime.dll
 0002:00000264       __imp__sf_debug_get_script_id 10016264     sf_runtime:sf_runtime.dll
 0002:00000268       __imp__sf_debug_set_machine_data_thresholds 10016268     sf_runtime:sf_runtime.dll
 0002:0000026c       __imp__sf_mark_chart_reusable_outputs 1001626c     sf_runtime:sf_runtime.dll
 0002:00000270       \177sf_runtime_NULL_THUNK_DATA 10016270     sf_runtime:sf_runtime.dll
 0002:00000274       ___xc_a                    10016274     MSVCRT:cinitexe.obj
 0002:00000278       ___xc_z                    10016278     MSVCRT:cinitexe.obj
 0002:0000027c       ___xi_a                    1001627c     MSVCRT:cinitexe.obj
 0002:00000288       ___xi_z                    10016288     MSVCRT:cinitexe.obj
 0002:00000290       __real@41d03e6194000000    10016290     testBradImitateSmile_sfun.obj
 0002:00000298       __real@41dd50ceb6800000    10016298     testBradImitateSmile_sfun.obj
 0002:000002a0       __real@41ec5f6b07e00000    100162a0     testBradImitateSmile_sfun.obj
 0002:000002a8       __real@41958e81f0000000    100162a8     testBradImitateSmile_sfun.obj
 0002:000002b0       __real@41d187d0c8400000    100162b0     testBradImitateSmile_sfun.obj
 0002:000002b8       __real@41cff744e8000000    100162b8     testBradImitateSmile_sfun.obj
 0002:000002c0       __real@41b7e1066f000000    100162c0     testBradImitateSmile_sfun.obj
 0002:000002c8       __real@41c845d7be800000    100162c8     testBradImitateSmile_sfun.obj
 0002:000002d0       __real@41edb06d3f800000    100162d0     testBradImitateSmile_sfun.obj
 0002:000002d8       __real@41e1ee9687c00000    100162d8     testBradImitateSmile_sfun.obj
 0002:000002e0       __real@41ed183b78c00000    100162e0     testBradImitateSmile_sfun.obj
 0002:000002e8       __real@41ed497c62c00000    100162e8     testBradImitateSmile_sfun.obj
 0002:000002f0       __real@0000000000000000    100162f0     testBradImitateSmile_sfun.obj
 0002:000002f8       __real@41a2a6cf2e000000    100162f8     testBradImitateSmile_sfun.obj
 0002:00000300       __real@41da744bcd800000    10016300     testBradImitateSmile_sfun.obj
 0002:00000308       __real@41b53c332e000000    10016308     testBradImitateSmile_sfun.obj
 0002:00000310       __real@41ee711134800000    10016310     testBradImitateSmile_sfun.obj
 0002:00000318       __real@41c490300a000000    10016318     c3_testBradImitateSmile.obj
 0002:00000320       __real@41e02621e2200000    10016320     c3_testBradImitateSmile.obj
 0002:00000328       __real@41ede21619200000    10016328     c3_testBradImitateSmile.obj
 0002:00000330       __real@41df18014f400000    10016330     c3_testBradImitateSmile.obj
 0002:00000338       __real@4024000000000000    10016338     c3_testBradImitateSmile.obj
 0002:00000340       __real@3ff0000000000000    10016340     c3_testBradImitateSmile.obj
 0002:00000348       __real@4010000000000000    10016348     c4_testBradImitateSmile.obj
 0002:00000350       __real@4051000000000000    10016350     c4_testBradImitateSmile.obj
 0002:00000358       __real@4070000000000000    10016358     c4_testBradImitateSmile.obj
 0002:00000360       __real@4020000000000000    10016360     c4_testBradImitateSmile.obj
 0002:00000368       __real@401c000000000000    10016368     c4_testBradImitateSmile.obj
 0002:00000370       __real@4018000000000000    10016370     c4_testBradImitateSmile.obj
 0002:00000378       __real@4014000000000000    10016378     c4_testBradImitateSmile.obj
 0002:00000380       __real@4008000000000000    10016380     c4_testBradImitateSmile.obj
 0002:00000388       __real@4000000000000000    10016388     c4_testBradImitateSmile.obj
 0002:00000390       __real@4062600000000000    10016390     c4_testBradImitateSmile.obj
 0002:00000398       __real@4064800000000000    10016398     c4_testBradImitateSmile.obj
 0002:000003a0       __real@406be00000000000    100163a0     c4_testBradImitateSmile.obj
 0002:000003a8       __real@406c200000000000    100163a8     c4_testBradImitateSmile.obj
 0002:000003b0       __real@4055c00000000000    100163b0     c4_testBradImitateSmile.obj
 0002:000003b8       __real@41ef3fa57e400000    100163b8     c4_testBradImitateSmile.obj
 0002:000003c0       __real@41e733dc1b400000    100163c0     c4_testBradImitateSmile.obj
 0002:000003c8       __real@41c73aaeaa000000    100163c8     c4_testBradImitateSmile.obj
 0002:000003d0       __real@41dd7f13f7400000    100163d0     c4_testBradImitateSmile.obj
 0002:000003d8       _DYNAMIC_DIMENSION_DEF     100163d8     testBradImitateSmile_sfun_registry.obj
 0002:000003e8       __ssBadLevel2InputAccessMsg 100163e8     testBradImitateSmile_sfun_registry.obj
 0002:00000570       __ssBadLevel2DirectFeedMsg 10016570     testBradImitateSmile_sfun_registry.obj
 0002:000006b0       __ssBadLevel2DirectFeedSolutionMsg 100166b0     testBradImitateSmile_sfun_registry.obj
 0002:00000720       __ssBadLevel2ZeroDirectFeedMsg 10016720     testBradImitateSmile_sfun_registry.obj
 0002:00000860       __ssBadLevel2ZeroDirectFeedMsg2 10016860     testBradImitateSmile_sfun_registry.obj
 0002:00000948       __real@bff0000000000000    10016948     testBradImitateSmile_sfun_registry.obj
 0002:00000950       __real@4153d65940000000    10016950     testBradImitateSmile_sfun_registry.obj
 0002:00000958       __real@41a1c7206a000000    10016958     lib_affectiveChar_input_sfun:lib_affectiveChar_input_sfun.obj
 0002:00000960       __real@41e9b074ec000000    10016960     lib_affectiveChar_input_sfun:lib_affectiveChar_input_sfun.obj
 0002:00000968       __real@41dcf9d228c00000    10016968     lib_affectiveChar_input_sfun:lib_affectiveChar_input_sfun.obj
 0002:00000970       __real@41dd6372d6800000    10016970     lib_affectiveChar_input_sfun:lib_affectiveChar_input_sfun.obj
 0002:00000978       __real@41d819d628800000    10016978     lib_affectiveChar_input_sfun:c6_lib_affectiveChar_input.obj
 0002:00000980       __real@41c835552b000000    10016980     lib_affectiveChar_input_sfun:c6_lib_affectiveChar_input.obj
 0002:00000988       __real@41ee0178be800000    10016988     lib_affectiveChar_input_sfun:c6_lib_affectiveChar_input.obj
 0002:00000990       __real@41ee0e9885800000    10016990     lib_affectiveChar_input_sfun:c6_lib_affectiveChar_input.obj
 0002:00000998       __pDefaultRawDllMain       10016998     MSVCRT:crtdll.obj
 0002:00000998       __pRawDllMain              10016998     MSVCRT:crtdll.obj
 0002:000009a4       ?ProcessDetach@NativeDll@<CrtImplementationDetails>@@0IB 100169a4     MSVCRT:tncleanup.obj
 0002:000009a8       ?ProcessAttach@NativeDll@<CrtImplementationDetails>@@0IB 100169a8     MSVCRT:tncleanup.obj
 0002:000009ac       ?ThreadAttach@NativeDll@<CrtImplementationDetails>@@0IB 100169ac     MSVCRT:tncleanup.obj
 0002:000009b0       ?ThreadDetach@NativeDll@<CrtImplementationDetails>@@0IB 100169b0     MSVCRT:tncleanup.obj
 0002:000009b4       ?ProcessVerifier@NativeDll@<CrtImplementationDetails>@@0IB 100169b4     MSVCRT:tncleanup.obj
 0002:000009b8       __load_config_used         100169b8     MSVCRT:loadcfg.obj
 0002:00000a00       ___safe_se_handler_table   10016a00     <linker-defined>
 0002:00000a04       ___rtc_iaa                 10016a04     MSVCRT:_initsect_.obj
 0002:00000a08       ___rtc_izz                 10016a08     MSVCRT:_initsect_.obj
 0002:00000a0c       ___rtc_taa                 10016a0c     MSVCRT:_initsect_.obj
 0002:00000a10       ___rtc_tzz                 10016a10     MSVCRT:_initsect_.obj
 0002:00000a7c       __IMPORT_DESCRIPTOR_sf_runtime 10016a7c     sf_runtime:sf_runtime.dll
 0002:00000a90       __IMPORT_DESCRIPTOR_libmx  10016a90     libmx:libmx.dll
 0002:00000aa4       __IMPORT_DESCRIPTOR_libmex 10016aa4     libmex:libmex.dll
 0002:00000ab8       __IMPORT_DESCRIPTOR_libut  10016ab8     libut:libut.dll
 0002:00000acc       __IMPORT_DESCRIPTOR_MSVCR100 10016acc     MSVCRT:MSVCR100.dll
 0002:00000ae0       __IMPORT_DESCRIPTOR_KERNEL32 10016ae0     kernel32:KERNEL32.dll
 0002:00000af4       __NULL_IMPORT_DESCRIPTOR   10016af4     sf_runtime:sf_runtime.dll
 0003:000046bc       _DYNAMIC_DIMENSION         1001c6bc     testBradImitateSmile_sfun_registry.obj
 0003:000058c0       ___security_cookie         1001d8c0     MSVCRT:gs_cookie.obj
 0003:000058c4       ___security_cookie_complement 1001d8c4     MSVCRT:gs_cookie.obj
 0003:000058d0       ___native_dllmain_reason   1001d8d0     MSVCRT:natstart.obj
 0003:000058d4       ___native_vcclrit_reason   1001d8d4     MSVCRT:natstart.obj
 0003:000059d0       _sfGlobalDebugInstanceStruct 1001d9d0     testBradImitateSmile_sfun_registry.obj
 0003:00005d14       ?__type_info_root_node@@3U__type_info_node@@A 1001dd14     MSVCRT:tncleanup.obj
 0003:00005d1c       __testBradImitateSmileMachineNumber_ 1001dd1c     <common>
 0003:00005d20       __lib_affectiveChar_inputMachineNumber_ 1001dd20     <common>
 0003:00005d24       ___native_startup_state    1001dd24     <common>
 0003:00005d28       ___native_startup_lock     1001dd28     <common>
 0003:00005d2c       ___onexitend               1001dd2c     <common>
 0003:00005d30       ___onexitbegin             1001dd30     <common>
 0003:00005d34       ___sse2_available          1001dd34     <common>
 0003:00005d38       ___dyn_tls_init_callback   1001dd38     <common>

 entry point at        0001:000144c7

 Static symbols

 0001:00000e30       _get_sim_state_c3_testBradImitateSmile 10001e30 f   c3_testBradImitateSmile.obj
 0001:00000fc0       _sf_get_sim_state_info_c3_testBradImitateSmile 10001fc0 f   c3_testBradImitateSmile.obj
 0001:00001140       _set_sim_state_c3_testBradImitateSmile 10002140 f   c3_testBradImitateSmile.obj
 0001:00001290       _c3_update_debugger_state_c3_testBradImitateSmile 10002290 f   c3_testBradImitateSmile.obj
 0001:00001420       _c3_c_emlrt_marshallIn     10002420 f   c3_testBradImitateSmile.obj
 0001:00001470       _c3_d_emlrt_marshallIn     10002470 f   c3_testBradImitateSmile.obj
 0001:000014c0       _c3_e_emlrt_marshallIn     100024c0 f   c3_testBradImitateSmile.obj
 0001:00001520       _c3_f_emlrt_marshallIn     10002520 f   c3_testBradImitateSmile.obj
 0001:000015c0       _mdlProcessParameters_c3_testBradImitateSmile 100025c0 f   c3_testBradImitateSmile.obj
 0001:00001670       _initialize_params_c3_testBradImitateSmile 10002670 f   c3_testBradImitateSmile.obj
 0001:00001680       _mdlSetWorkWidths_c3_testBradImitateSmile 10002680 f   c3_testBradImitateSmile.obj
 0001:00001a10       _sf_get_instance_specialization 10002a10 f   c3_testBradImitateSmile.obj
 0001:00001a20       _mdlStart_c3_testBradImitateSmile 10002a20 f   c3_testBradImitateSmile.obj
 0001:00001bc0       _init_dsm_address_info     10002bc0 f   c3_testBradImitateSmile.obj
 0001:00001bd0       _chart_debug_initialization 10002bd0 f   c3_testBradImitateSmile.obj
 0001:00001f20       _init_script_number_translation 10002f20 f   c3_testBradImitateSmile.obj
 0001:00001f30       _c3_d_sf_marshallOut       10002f30 f   c3_testBradImitateSmile.obj
 0001:00001fb0       _sf_opaque_initialize_c3_testBradImitateSmile 10002fb0 f   c3_testBradImitateSmile.obj
 0001:00001fe0       _initialize_c3_testBradImitateSmile 10002fe0 f   c3_testBradImitateSmile.obj
 0001:00002050       _sf_opaque_enable_c3_testBradImitateSmile 10003050 f   c3_testBradImitateSmile.obj
 0001:00002070       _enable_c3_testBradImitateSmile 10003070 f   c3_testBradImitateSmile.obj
 0001:000020b0       _sf_opaque_disable_c3_testBradImitateSmile 100030b0 f   c3_testBradImitateSmile.obj
 0001:000020d0       _disable_c3_testBradImitateSmile 100030d0 f   c3_testBradImitateSmile.obj
 0001:00002110       _sf_opaque_gateway_c3_testBradImitateSmile 10003110 f   c3_testBradImitateSmile.obj
 0001:00002130       _sf_gateway_c3_testBradImitateSmile 10003130 f   c3_testBradImitateSmile.obj
 0001:000025e0       _c3_set_sim_state_side_effects_c3_testBradImitateSmile 100035e0 f   c3_testBradImitateSmile.obj
 0001:00002630       _sf_opaque_get_sim_state_c3_testBradImitateSmile 10003630 f   c3_testBradImitateSmile.obj
 0001:00002650       _sf_opaque_set_sim_state_c3_testBradImitateSmile 10003650 f   c3_testBradImitateSmile.obj
 0001:00002670       _sf_opaque_terminate_c3_testBradImitateSmile 10003670 f   c3_testBradImitateSmile.obj
 0001:00002700       _finalize_c3_testBradImitateSmile 10003700 f   c3_testBradImitateSmile.obj
 0001:00002730       _sf_opaque_init_subchart_simstructs 10003730 f   c3_testBradImitateSmile.obj
 0001:00002750       _initSimStructsc3_testBradImitateSmile 10003750 f   c3_testBradImitateSmile.obj
 0001:00002780       _mdlRTW_c3_testBradImitateSmile 10003780 f   c3_testBradImitateSmile.obj
 0001:00002810       _c4_info_helper            10003810 f   c4_testBradImitateSmile.obj
 0001:00002a00       _c4_emlrt_marshallOut      10003a00 f   c4_testBradImitateSmile.obj
 0001:00002a60       _c4_b_emlrt_marshallOut    10003a60 f   c4_testBradImitateSmile.obj
 0001:00002b10       _c4_c4_testBradImitateSmile 10003b10 f   c4_testBradImitateSmile.obj
 0001:000037c0       _c4_b_sf_marshallOut       100047c0 f   c4_testBradImitateSmile.obj
 0001:00003840       _c4_b_sf_marshallIn        10004840 f   c4_testBradImitateSmile.obj
 0001:000038c0       _c4_b_emlrt_marshallIn     100048c0 f   c4_testBradImitateSmile.obj
 0001:00003910       _c4_c_sf_marshallOut       10004910 f   c4_testBradImitateSmile.obj
 0001:00003990       _c4_c_sf_marshallIn        10004990 f   c4_testBradImitateSmile.obj
 0001:00003a10       _c4_c_emlrt_marshallIn     10004a10 f   c4_testBradImitateSmile.obj
 0001:00003ac0       _c4_enter_atomic_c4_testBradImitateSmile 10004ac0 f   c4_testBradImitateSmile.obj
 0001:00003b70       _c4_enter_internal_c4_testBradImitateSmile 10004b70 f   c4_testBradImitateSmile.obj
 0001:00003cd0       _c4_exit_internal_c4_testBradImitateSmile 10004cd0 f   c4_testBradImitateSmile.obj
 0001:00004110       _c4_initc4_testBradImitateSmile 10005110 f   c4_testBradImitateSmile.obj
 0001:00004260       _c4_sendBMLc4_testBradImitateSmile 10005260 f   c4_testBradImitateSmile.obj
 0001:00004550       _c4_sf_marshallOut         10005550 f   c4_testBradImitateSmile.obj
 0001:00004680       _c4_sf_marshallIn          10005680 f   c4_testBradImitateSmile.obj
 0001:00004770       _c4_emlrt_marshallIn       10005770 f   c4_testBradImitateSmile.obj
 0001:00004800       _c4_idlePosec4_testBradImitateSmile 10005800 f   c4_testBradImitateSmile.obj
 0001:00006e50       _c4_encStr2Arr             10007e50 f   c4_testBradImitateSmile.obj
 0001:000073e0       _c4_b_encStr2Arr           100083e0 f   c4_testBradImitateSmile.obj
 0001:00007960       _c4_c_encStr2Arr           10008960 f   c4_testBradImitateSmile.obj
 0001:00007ef0       _c4_d_encStr2Arr           10008ef0 f   c4_testBradImitateSmile.obj
 0001:00008480       _c4_e_encStr2Arr           10009480 f   c4_testBradImitateSmile.obj
 0001:00008a10       _c4_f_encStr2Arr           10009a10 f   c4_testBradImitateSmile.obj
 0001:00008fa0       _c4_g_encStr2Arr           10009fa0 f   c4_testBradImitateSmile.obj
 0001:00009520       _c4_d_sf_marshallOut       1000a520 f   c4_testBradImitateSmile.obj
 0001:00009650       _c4_d_sf_marshallIn        1000a650 f   c4_testBradImitateSmile.obj
 0001:00009730       _c4_d_emlrt_marshallIn     1000a730 f   c4_testBradImitateSmile.obj
 0001:000097c0       _c4_e_sf_marshallOut       1000a7c0 f   c4_testBradImitateSmile.obj
 0001:000098e0       _c4_f_sf_marshallOut       1000a8e0 f   c4_testBradImitateSmile.obj
 0001:00009a10       _c4_g_sf_marshallOut       1000aa10 f   c4_testBradImitateSmile.obj
 0001:00009b40       _c4_h_sf_marshallOut       1000ab40 f   c4_testBradImitateSmile.obj
 0001:00009c70       _c4_i_sf_marshallOut       1000ac70 f   c4_testBradImitateSmile.obj
 0001:00009d80       _c4_j_sf_marshallOut       1000ad80 f   c4_testBradImitateSmile.obj
 0001:00009eb0       _c4_k_sf_marshallOut       1000aeb0 f   c4_testBradImitateSmile.obj
 0001:00009fe0       _c4_l_sf_marshallOut       1000afe0 f   c4_testBradImitateSmile.obj
 0001:0000a110       _c4_m_sf_marshallOut       1000b110 f   c4_testBradImitateSmile.obj
 0001:0000a240       _c4_n_sf_marshallOut       1000b240 f   c4_testBradImitateSmile.obj
 0001:0000a370       _c4_o_sf_marshallOut       1000b370 f   c4_testBradImitateSmile.obj
 0001:0000a480       _c4_p_sf_marshallOut       1000b480 f   c4_testBradImitateSmile.obj
 0001:0000a5b0       _c4_sendBML                1000b5b0 f   c4_testBradImitateSmile.obj
 0001:0000a5d0       _c4_b_sendBML              1000b5d0 f   c4_testBradImitateSmile.obj
 0001:0000a6b0       _c4_updateDataWrittenToVector 1000b6b0 f   c4_testBradImitateSmile.obj
 0001:0000a700       _c4_errorIfDataNotWrittenToFcn 1000b700 f   c4_testBradImitateSmile.obj
 0001:0000ab10       _get_sim_state_c4_testBradImitateSmile 1000bb10 f   c4_testBradImitateSmile.obj
 0001:0000ac20       _sf_get_sim_state_info_c4_testBradImitateSmile 1000bc20 f   c4_testBradImitateSmile.obj
 0001:0000ada0       _set_sim_state_c4_testBradImitateSmile 1000bda0 f   c4_testBradImitateSmile.obj
 0001:0000ae90       _c4_update_debugger_state_c4_testBradImitateSmile 1000be90 f   c4_testBradImitateSmile.obj
 0001:0000b180       _c4_f_emlrt_marshallIn     1000c180 f   c4_testBradImitateSmile.obj
 0001:0000b1d0       _c4_g_emlrt_marshallIn     1000c1d0 f   c4_testBradImitateSmile.obj
 0001:0000b220       _c4_h_emlrt_marshallIn     1000c220 f   c4_testBradImitateSmile.obj
 0001:0000b280       _c4_i_emlrt_marshallIn     1000c280 f   c4_testBradImitateSmile.obj
 0001:0000b320       _mdlProcessParameters_c4_testBradImitateSmile 1000c320 f   c4_testBradImitateSmile.obj
 0001:0000b3d0       _initialize_params_c4_testBradImitateSmile 1000c3d0 f   c4_testBradImitateSmile.obj
 0001:0000b3e0       _mdlSetWorkWidths_c4_testBradImitateSmile 1000c3e0 f   c4_testBradImitateSmile.obj
 0001:0000b760       _sf_get_instance_specialization 1000c760 f   c4_testBradImitateSmile.obj
 0001:0000b770       _mdlStart_c4_testBradImitateSmile 1000c770 f   c4_testBradImitateSmile.obj
 0001:0000b910       _init_dsm_address_info     1000c910 f   c4_testBradImitateSmile.obj
 0001:0000b920       _chart_debug_initialization 1000c920 f   c4_testBradImitateSmile.obj
 0001:0000c7f0       _init_script_number_translation 1000d7f0 f   c4_testBradImitateSmile.obj
 0001:0000c830       _sf_opaque_initialize_c4_testBradImitateSmile 1000d830 f   c4_testBradImitateSmile.obj
 0001:0000c860       _initialize_c4_testBradImitateSmile 1000d860 f   c4_testBradImitateSmile.obj
 0001:0000c870       _sf_opaque_enable_c4_testBradImitateSmile 1000d870 f   c4_testBradImitateSmile.obj
 0001:0000c890       _enable_c4_testBradImitateSmile 1000d890 f   c4_testBradImitateSmile.obj
 0001:0000c8a0       _sf_opaque_disable_c4_testBradImitateSmile 1000d8a0 f   c4_testBradImitateSmile.obj
 0001:0000c8c0       _disable_c4_testBradImitateSmile 1000d8c0 f   c4_testBradImitateSmile.obj
 0001:0000c8d0       _sf_opaque_gateway_c4_testBradImitateSmile 1000d8d0 f   c4_testBradImitateSmile.obj
 0001:0000c8f0       _sf_gateway_c4_testBradImitateSmile 1000d8f0 f   c4_testBradImitateSmile.obj
 0001:0000c910       _c4_set_sim_state_side_effects_c4_testBradImitateSmile 1000d910 f   c4_testBradImitateSmile.obj
 0001:0000c9a0       _sf_opaque_get_sim_state_c4_testBradImitateSmile 1000d9a0 f   c4_testBradImitateSmile.obj
 0001:0000c9b0       _sf_opaque_set_sim_state_c4_testBradImitateSmile 1000d9b0 f   c4_testBradImitateSmile.obj
 0001:0000c9c0       _sf_opaque_terminate_c4_testBradImitateSmile 1000d9c0 f   c4_testBradImitateSmile.obj
 0001:0000ca50       _finalize_c4_testBradImitateSmile 1000da50 f   c4_testBradImitateSmile.obj
 0001:0000ca70       _sf_opaque_init_subchart_simstructs 1000da70 f   c4_testBradImitateSmile.obj
 0001:0000ca90       _initSimStructsc4_testBradImitateSmile 1000da90 f   c4_testBradImitateSmile.obj
 0001:0000caa0       _mdlRTW_c4_testBradImitateSmile 1000daa0 f   c4_testBradImitateSmile.obj
 0001:0000d410       _getChartInfoFromSimStruct 1000e410 f   testBradImitateSmile_sfun_registry.obj
 0001:0000e510       __ssFatalError             1000f510 f   testBradImitateSmile_sfun_registry.obj
 0001:00010870       _ProcessMexSfunctionCmdLineCall 10011870 f   testBradImitateSmile_sfun_registry.obj
 0001:00010990       _sf_debug_api_wrapper      10011990 f   testBradImitateSmile_sfun_registry.obj
 0001:000109c0       _mdlStart                  100119c0 f   testBradImitateSmile_sfun_registry.obj
 0001:000109e0       _mdl_start_processing      100119e0 f   testBradImitateSmile_sfun_registry.obj
 0001:00010a50       _mdlTerminate              10011a50 f   testBradImitateSmile_sfun_registry.obj
 0001:00010a70       _mdl_terminate_processing  10011a70 f   testBradImitateSmile_sfun_registry.obj
 0001:00010ae0       _mdlInitializeSampleTimes  10011ae0 f   testBradImitateSmile_sfun_registry.obj
 0001:00010b00       _mdlZeroCrossings          10011b00 f   testBradImitateSmile_sfun_registry.obj
 0001:00010b20       _mdl_zeroCrossings_processing 10011b20 f   testBradImitateSmile_sfun_registry.obj
 0001:00010b50       _mdlDerivatives            10011b50 f   testBradImitateSmile_sfun_registry.obj
 0001:00010b70       _mdl_derivatives_processing 10011b70 f   testBradImitateSmile_sfun_registry.obj
 0001:00010bb0       _mdlInitializeConditions   10011bb0 f   testBradImitateSmile_sfun_registry.obj
 0001:00010bd0       _mdl_initialize_conditions_processing 10011bd0 f   testBradImitateSmile_sfun_registry.obj
 0001:00010c10       _mdlEnable                 10011c10 f   testBradImitateSmile_sfun_registry.obj
 0001:00010c30       _mdl_enable_processing     10011c30 f   testBradImitateSmile_sfun_registry.obj
 0001:00010c60       _mdlDisable                10011c60 f   testBradImitateSmile_sfun_registry.obj
 0001:00010c80       _mdl_disable_processing    10011c80 f   testBradImitateSmile_sfun_registry.obj
 0001:00010cb0       _mdlOutputs                10011cb0 f   testBradImitateSmile_sfun_registry.obj
 0001:00010cd0       _mdl_outputs_processing    10011cd0 f   testBradImitateSmile_sfun_registry.obj
 0001:00010da0       _mdl_outputs_continuous_legacy 10011da0 f   testBradImitateSmile_sfun_registry.obj
 0001:00010e70       _mdlGetTimeOfNextVarHit    10011e70 f   testBradImitateSmile_sfun_registry.obj
 0001:00010eb0       __ProcessMexSfunctionCmdLineCall 10011eb0 f   testBradImitateSmile_sfun_registry.obj
 0001:000114d0       _mdlSetWorkWidths          100124d0 f   testBradImitateSmile_sfun_registry.obj
 0001:000114f0       _mdlProcessParameters      100124f0 f   testBradImitateSmile_sfun_registry.obj
 0001:00011510       _mdlInitializeSizes        10012510 f   testBradImitateSmile_sfun_registry.obj
 0001:00011530       _mdlExtModeExec            10012530 f   testBradImitateSmile_sfun_registry.obj
 0001:00011550       _mdl_ext_mode_exec_processing 10012550 f   testBradImitateSmile_sfun_registry.obj
 0001:00011590       _mdlRTW                    10012590 f   testBradImitateSmile_sfun_registry.obj
 0001:000115c0       __CreateSimStruct          100125c0 f   testBradImitateSmile_sfun_registry.obj
 0001:000116f0       __RegNumInputPortsCB       100126f0 f   testBradImitateSmile_sfun_registry.obj
 0001:00011750       __RegNumOutputPortsCB      10012750 f   testBradImitateSmile_sfun_registry.obj
 0001:00012850       _get_sim_state_c6_lib_affectiveChar_input 10013850 f   lib_affectiveChar_input_sfun:c6_lib_affectiveChar_input.obj
 0001:00012970       _sf_get_sim_state_info_c6_lib_affectiveChar_input 10013970 f   lib_affectiveChar_input_sfun:c6_lib_affectiveChar_input.obj
 0001:00012af0       _set_sim_state_c6_lib_affectiveChar_input 10013af0 f   lib_affectiveChar_input_sfun:c6_lib_affectiveChar_input.obj
 0001:00012bb0       _c6_update_debugger_state_c6_lib_affectiveChar_input 10013bb0 f   lib_affectiveChar_input_sfun:c6_lib_affectiveChar_input.obj
 0001:00012bc0       _c6_emlrt_marshallIn       10013bc0 f   lib_affectiveChar_input_sfun:c6_lib_affectiveChar_input.obj
 0001:00012c10       _c6_b_emlrt_marshallIn     10013c10 f   lib_affectiveChar_input_sfun:c6_lib_affectiveChar_input.obj
 0001:00012c60       _c6_d_emlrt_marshallIn     10013c60 f   lib_affectiveChar_input_sfun:c6_lib_affectiveChar_input.obj
 0001:00012cb0       _c6_e_emlrt_marshallIn     10013cb0 f   lib_affectiveChar_input_sfun:c6_lib_affectiveChar_input.obj
 0001:00012d60       _mdlProcessParameters_c6_lib_affectiveChar_input 10013d60 f   lib_affectiveChar_input_sfun:c6_lib_affectiveChar_input.obj
 0001:00012e10       _initialize_params_c6_lib_affectiveChar_input 10013e10 f   lib_affectiveChar_input_sfun:c6_lib_affectiveChar_input.obj
 0001:00012e20       _mdlSetWorkWidths_c6_lib_affectiveChar_input 10013e20 f   lib_affectiveChar_input_sfun:c6_lib_affectiveChar_input.obj
 0001:000131a0       _sf_get_instance_specialization 100141a0 f   lib_affectiveChar_input_sfun:c6_lib_affectiveChar_input.obj
 0001:000131b0       _mdlStart_c6_lib_affectiveChar_input 100141b0 f   lib_affectiveChar_input_sfun:c6_lib_affectiveChar_input.obj
 0001:00013350       _init_dsm_address_info     10014350 f   lib_affectiveChar_input_sfun:c6_lib_affectiveChar_input.obj
 0001:00013360       _chart_debug_initialization 10014360 f   lib_affectiveChar_input_sfun:c6_lib_affectiveChar_input.obj
 0001:000137e0       _init_script_number_translation 100147e0 f   lib_affectiveChar_input_sfun:c6_lib_affectiveChar_input.obj
 0001:000137f0       _c6_sf_marshallOut         100147f0 f   lib_affectiveChar_input_sfun:c6_lib_affectiveChar_input.obj
 0001:00013870       _c6_sf_marshallIn          10014870 f   lib_affectiveChar_input_sfun:c6_lib_affectiveChar_input.obj
 0001:000138f0       _sf_opaque_initialize_c6_lib_affectiveChar_input 100148f0 f   lib_affectiveChar_input_sfun:c6_lib_affectiveChar_input.obj
 0001:00013920       _initialize_c6_lib_affectiveChar_input 10014920 f   lib_affectiveChar_input_sfun:c6_lib_affectiveChar_input.obj
 0001:00013950       _sf_opaque_enable_c6_lib_affectiveChar_input 10014950 f   lib_affectiveChar_input_sfun:c6_lib_affectiveChar_input.obj
 0001:00013970       _enable_c6_lib_affectiveChar_input 10014970 f   lib_affectiveChar_input_sfun:c6_lib_affectiveChar_input.obj
 0001:00013990       _sf_opaque_disable_c6_lib_affectiveChar_input 10014990 f   lib_affectiveChar_input_sfun:c6_lib_affectiveChar_input.obj
 0001:000139b0       _disable_c6_lib_affectiveChar_input 100149b0 f   lib_affectiveChar_input_sfun:c6_lib_affectiveChar_input.obj
 0001:000139d0       _sf_opaque_gateway_c6_lib_affectiveChar_input 100149d0 f   lib_affectiveChar_input_sfun:c6_lib_affectiveChar_input.obj
 0001:000139f0       _sf_gateway_c6_lib_affectiveChar_input 100149f0 f   lib_affectiveChar_input_sfun:c6_lib_affectiveChar_input.obj
 0001:00013ee0       _sf_opaque_get_sim_state_c6_lib_affectiveChar_input 10014ee0 f   lib_affectiveChar_input_sfun:c6_lib_affectiveChar_input.obj
 0001:00013f00       _sf_opaque_set_sim_state_c6_lib_affectiveChar_input 10014f00 f   lib_affectiveChar_input_sfun:c6_lib_affectiveChar_input.obj
 0001:00013f20       _sf_opaque_terminate_c6_lib_affectiveChar_input 10014f20 f   lib_affectiveChar_input_sfun:c6_lib_affectiveChar_input.obj
 0001:00013fb0       _finalize_c6_lib_affectiveChar_input 10014fb0 f   lib_affectiveChar_input_sfun:c6_lib_affectiveChar_input.obj
 0001:00013fc0       _sf_opaque_init_subchart_simstructs 10014fc0 f   lib_affectiveChar_input_sfun:c6_lib_affectiveChar_input.obj
 0001:00013fe0       _initSimStructsc6_lib_affectiveChar_input 10014fe0 f   lib_affectiveChar_input_sfun:c6_lib_affectiveChar_input.obj
 0001:00013ff0       _mdlRTW_c6_lib_affectiveChar_input 10014ff0 f   lib_affectiveChar_input_sfun:c6_lib_affectiveChar_input.obj
 0001:00014159       _pre_c_init                10015159 f   MSVCRT:crtdll.obj
 0001:000143b1       ___DllMainCRTStartup       100153b1 f   MSVCRT:crtdll.obj
