 ARP_01_lib_TruthTables_sfun

 Timestamp is 55637224 (Mon May 25 12:04:04 2015)

 Preferred load address is 10000000

 Start         Length     Name                   Class
 0001:00000000 0000e214H .text                   CODE
 0002:00000000 00000200H .idata$5                DATA
 0002:00000200 00000004H .CRT$XCA                DATA
 0002:00000204 00000004H .CRT$XCZ                DATA
 0002:00000208 00000004H .CRT$XIA                DATA
 0002:0000020c 00000004H .CRT$XIAA               DATA
 0002:00000210 00000004H .CRT$XIC                DATA
 0002:00000214 00000004H .CRT$XIZ                DATA
 0002:00000218 00000698H .rdata                  DATA
 0002:000008b0 00000004H .rdata$sxdata           DATA
 0002:000008b4 00000004H .rtc$IAA                DATA
 0002:000008b8 00000004H .rtc$IZZ                DATA
 0002:000008bc 00000004H .rtc$TAA                DATA
 0002:000008c0 00000004H .rtc$TZZ                DATA
 0002:000008c8 00000064H .xdata$x                DATA
 0002:0000092c 00000078H .idata$2                DATA
 0002:000009a4 00000014H .idata$3                DATA
 0002:000009b8 00000200H .idata$4                DATA
 0002:00000bb8 00000ad0H .idata$6                DATA
 0002:00001690 00000061H .edata                  DATA
 0003:00000000 000054e0H .data                   DATA
 0003:000054e0 00000458H .bss                    DATA

  Address         Publics by Value              Rva+Base       Lib:Object

 0000:00000000       __except_list              00000000     <absolute>
 0000:00000001       ___safe_se_handler_count   00000001     <absolute>
 0000:00009876       __fltused                  00009876     <absolute>
 0000:00009876       __ldused                   00009876     <absolute>
 0000:00000000       ___ImageBase               10000000     <linker-defined>
 0001:00000000       _ARP_01_lib_TruthTables_initializer 10001000 f   ARP_01_lib_TruthTables_sfun.obj
 0001:00000010       _ARP_01_lib_TruthTables_terminator 10001010 f   ARP_01_lib_TruthTables_sfun.obj
 0001:00000020       _sf_ARP_01_lib_TruthTables_method_dispatcher 10001020 f   ARP_01_lib_TruthTables_sfun.obj
 0001:00000050       _sf_ARP_01_lib_TruthTables_process_check_sum_call 10001050 f   ARP_01_lib_TruthTables_sfun.obj
 0001:00000400       _sf_ARP_01_lib_TruthTables_autoinheritance_info 10001400 f   ARP_01_lib_TruthTables_sfun.obj
 0001:00000520       _sf_ARP_01_lib_TruthTables_get_eml_resolved_functions_info 10001520 f   ARP_01_lib_TruthTables_sfun.obj
 0001:00000610       _sf_ARP_01_lib_TruthTables_third_party_uses_info 10001610 f   ARP_01_lib_TruthTables_sfun.obj
 0001:00000740       _sf_ARP_01_lib_TruthTables_updateBuildInfo_args_info 10001740 f   ARP_01_lib_TruthTables_sfun.obj
 0001:00000870       _ARP_01_lib_TruthTables_debug_initialize 10001870 f   ARP_01_lib_TruthTables_sfun.obj
 0001:000008d0       _ARP_01_lib_TruthTables_register_exported_symbols 100018d0 f   ARP_01_lib_TruthTables_sfun.obj
 0001:000008e0       _load_ARP_01_lib_TruthTables_optimization_info 100018e0 f   ARP_01_lib_TruthTables_sfun.obj
 0001:00000920       _unload_ARP_01_lib_TruthTables_optimization_info 10001920 f   ARP_01_lib_TruthTables_sfun.obj
 0001:00000960       _sf_c3_ARP_01_lib_TruthTables_get_eml_resolved_functions_info 10001960 f   c3_ARP_01_lib_TruthTables.obj
 0001:00000c60       _sf_c3_ARP_01_lib_TruthTables_get_check_sum 10001c60 f   c3_ARP_01_lib_TruthTables.obj
 0001:00000cc0       _sf_c3_ARP_01_lib_TruthTables_get_autoinheritance_info 10001cc0 f   c3_ARP_01_lib_TruthTables.obj
 0001:00000dc0       _sf_c3_ARP_01_lib_TruthTables_third_party_uses_info 10001dc0 f   c3_ARP_01_lib_TruthTables.obj
 0001:00000de0       _sf_c3_ARP_01_lib_TruthTables_updateBuildInfo_args_info 10001de0 f   c3_ARP_01_lib_TruthTables.obj
 0001:00000e00       _sf_internal_get_sim_state_c3_ARP_01_lib_TruthTables 10001e00 f   c3_ARP_01_lib_TruthTables.obj
 0001:00001040       _sf_internal_set_sim_state_c3_ARP_01_lib_TruthTables 10002040 f   c3_ARP_01_lib_TruthTables.obj
 0001:00001330       _c3_ARP_01_lib_TruthTables_method_dispatcher 10002330 f   c3_ARP_01_lib_TruthTables.obj
 0001:00008a20       _sf_process_check_sum_call 10009a20 f   ARP_01_lib_TruthTables_sfun_registry.obj
 0001:00008a50       _sf_process_autoinheritance_call 10009a50 f   ARP_01_lib_TruthTables_sfun_registry.obj
 0001:00008b90       _sf_process_get_third_party_uses_info_call 10009b90 f   ARP_01_lib_TruthTables_sfun_registry.obj
 0001:00008cd0       _sf_process_get_updateBuildInfo_args_info_call 10009cd0 f   ARP_01_lib_TruthTables_sfun_registry.obj
 0001:00008e10       _sf_process_get_eml_resolved_functions_info_call 10009e10 f   ARP_01_lib_TruthTables_sfun_registry.obj
 0001:00008f30       _sf_mex_unlock_call        10009f30 f   ARP_01_lib_TruthTables_sfun_registry.obj
 0001:00008fc0       _sf_machine_global_initializer_called 10009fc0 f   ARP_01_lib_TruthTables_sfun_registry.obj
 0001:00008fe0       _sf_machine_global_method_dispatcher 10009fe0 f   ARP_01_lib_TruthTables_sfun_registry.obj
 0001:00009020       _sf_machine_global_terminator 1000a020 f   ARP_01_lib_TruthTables_sfun_registry.obj
 0001:00009060       _sf_register_machine_exported_symbols 1000a060 f   ARP_01_lib_TruthTables_sfun_registry.obj
 0001:00009080       _callCustomFcn             1000a080 f   ARP_01_lib_TruthTables_sfun_registry.obj
 0001:00009090       _sf_machine_global_initializer 1000a090 f   ARP_01_lib_TruthTables_sfun_registry.obj
 0001:00009100       _mdlGetSimState            1000a100 f   ARP_01_lib_TruthTables_sfun_registry.obj
 0001:00009160       _mdlSetSimState            1000a160 f   ARP_01_lib_TruthTables_sfun_registry.obj
 0001:00009190       __ssSetStateAbsTol         1000a190 f   ARP_01_lib_TruthTables_sfun_registry.obj
 0001:00009230       __ssGetAbsTol              1000a230 f   ARP_01_lib_TruthTables_sfun_registry.obj
 0001:00009280       __ssSetInputPortMatrixDimensions 1000a280 f   ARP_01_lib_TruthTables_sfun_registry.obj
 0001:00009330       __ssSetOutputPortMatrixDimensions 1000a330 f   ARP_01_lib_TruthTables_sfun_registry.obj
 0001:000093e0       __ssSetInputPortVectorDimension 1000a3e0 f   ARP_01_lib_TruthTables_sfun_registry.obj
 0001:00009460       __ssSetOutputPortVectorDimension 1000a460 f   ARP_01_lib_TruthTables_sfun_registry.obj
 0001:000094e0       _ssIsRunTimeParamTunable   1000a4e0 f   ARP_01_lib_TruthTables_sfun_registry.obj
 0001:00009540       _ssGetSFuncBlockHandle     1000a540 f   ARP_01_lib_TruthTables_sfun_registry.obj
 0001:00009590       __ssGetCurrentInputPortWidth 1000a590 f   ARP_01_lib_TruthTables_sfun_registry.obj
 0001:00009660       __ssGetCurrentOutputPortWidth 1000a660 f   ARP_01_lib_TruthTables_sfun_registry.obj
 0001:00009730       __ssGetCallSystemNumFcnCallDestinations 1000a730 f   ARP_01_lib_TruthTables_sfun_registry.obj
 0001:00009790       _ssWarning                 1000a790 f   ARP_01_lib_TruthTables_sfun_registry.obj
 0001:00009870       _ssGetIsZeroCrossControlDisabled 1000a870 f   ARP_01_lib_TruthTables_sfun_registry.obj
 0001:000098d0       _ssSetIsInputPortUsedForContZcSignal 1000a8d0 f   ARP_01_lib_TruthTables_sfun_registry.obj
 0001:00009920       _ssSetZcSignalIsZcElementDisc 1000a920 f   ARP_01_lib_TruthTables_sfun_registry.obj
 0001:000099a0       _ssSetZcSignalName         1000a9a0 f   ARP_01_lib_TruthTables_sfun_registry.obj
 0001:000099f0       _ssSetZcSignalWidth        1000a9f0 f   ARP_01_lib_TruthTables_sfun_registry.obj
 0001:00009a40       _ssSetZcSignalZcEventType  1000aa40 f   ARP_01_lib_TruthTables_sfun_registry.obj
 0001:00009a90       _ssSetZcSignalType         1000aa90 f   ARP_01_lib_TruthTables_sfun_registry.obj
 0001:00009ae0       _ssSetZcSignalZcTol        1000aae0 f   ARP_01_lib_TruthTables_sfun_registry.obj
 0001:00009b30       _ssSetZcSignalNeedsEventNotification 1000ab30 f   ARP_01_lib_TruthTables_sfun_registry.obj
 0001:00009b80       _ssCreateAndAddZcSignalInfo 1000ab80 f   ARP_01_lib_TruthTables_sfun_registry.obj
 0001:00009be0       _ssCloneAndAddZcSignalInfo 1000abe0 f   ARP_01_lib_TruthTables_sfun_registry.obj
 0001:00009c40       _ssGetNumZcSignals         1000ac40 f   ARP_01_lib_TruthTables_sfun_registry.obj
 0001:00009ca0       _ssGetZcSignalVector       1000aca0 f   ARP_01_lib_TruthTables_sfun_registry.obj
 0001:00009d00       _ssGetZcSignalZcEvents     1000ad00 f   ARP_01_lib_TruthTables_sfun_registry.obj
 0001:00009d60       _ssGetZcSignalName         1000ad60 f   ARP_01_lib_TruthTables_sfun_registry.obj
 0001:00009dc0       _ssGetZcSignalWidth        1000adc0 f   ARP_01_lib_TruthTables_sfun_registry.obj
 0001:00009e20       _ssGetZcSignalZcEventType  1000ae20 f   ARP_01_lib_TruthTables_sfun_registry.obj
 0001:00009e80       _ssGetZcSignalType         1000ae80 f   ARP_01_lib_TruthTables_sfun_registry.obj
 0001:00009ee0       _ssGetZcSignalZcTol        1000aee0 f   ARP_01_lib_TruthTables_sfun_registry.obj
 0001:00009f40       _ssGetZcSignalNeedsEventNotification 1000af40 f   ARP_01_lib_TruthTables_sfun_registry.obj
 0001:00009fa0       _ssGetZcSignalIsZcElementDisc 1000afa0 f   ARP_01_lib_TruthTables_sfun_registry.obj
 0001:0000a020       _ssGetIsInputPortElementContinuous 1000b020 f   ARP_01_lib_TruthTables_sfun_registry.obj
 0001:0000a0a0       __ssGetInputPortSignalPtrsFcn 1000b0a0 f   ARP_01_lib_TruthTables_sfun_registry.obj
 0001:0000a2a0       __ssGetInputPortSignalFcn  1000b2a0 f   ARP_01_lib_TruthTables_sfun_registry.obj
 0001:0000a430       __ssSetInputPortDirectFeedThroughFcn 1000b430 f   ARP_01_lib_TruthTables_sfun_registry.obj
 0001:0000a560       __ssSetInputPortReusableFcn 1000b560 f   ARP_01_lib_TruthTables_sfun_registry.obj
 0001:0000a5f0       __ssSetOutputPortReusableFcn 1000b5f0 f   ARP_01_lib_TruthTables_sfun_registry.obj
 0001:0000a680       _ssGetDTypeIdFromMxArray   1000b680 f   ARP_01_lib_TruthTables_sfun_registry.obj
 0001:0000a770       _ssWriteRTWStr             1000b770 f   ARP_01_lib_TruthTables_sfun_registry.obj
 0001:0000a7b0       _ssWriteRTWMxVectParam     1000b7b0 f   ARP_01_lib_TruthTables_sfun_registry.obj
 0001:0000a7f0       _ssWriteRTWMx2dMatParam    1000b7f0 f   ARP_01_lib_TruthTables_sfun_registry.obj
 0001:0000a830       _ssWriteRTWNameValuePair   1000b830 f   ARP_01_lib_TruthTables_sfun_registry.obj
 0001:0000aba0       _ssWriteRTWParameters      1000bba0 f   ARP_01_lib_TruthTables_sfun_registry.obj
 0001:0000af40       _ssWriteRTWParamSettings   1000bf40 f   ARP_01_lib_TruthTables_sfun_registry.obj
 0001:0000b3f0       _ssWriteRTWWorkVect        1000c3f0 f   ARP_01_lib_TruthTables_sfun_registry.obj
 0001:0000b780       _mexFunction               1000c780 f   ARP_01_lib_TruthTables_sfun_registry.obj
 0001:0000d4d0       _ProcessMexSfunctionEveryCall 1000e4d0 f   ARP_01_lib_TruthTables_sfun_registry.obj
 0001:0000d5ee       _sf_debug_set_machine_data_thresholds 1000e5ee f   sf_runtime:sf_runtime.dll
 0001:0000d5f4       _sf_debug_set_machine_event_thresholds 1000e5f4 f   sf_runtime:sf_runtime.dll
 0001:0000d5fa       _sf_debug_initialize_machine 1000e5fa f   sf_runtime:sf_runtime.dll
 0001:0000d600       _sf_load_rtw_optimization_info 1000e600 f   sf_runtime:sf_runtime.dll
 0001:0000d606       _sf_mex_emlrtNameCapturePostProcessR2012a 1000e606 f   sf_runtime:sf_runtime.dll
 0001:0000d60c       _sf_mex_assign             1000e60c f   sf_runtime:sf_runtime.dll
 0001:0000d612       _sf_mex_createstruct       1000e612 f   sf_runtime:sf_runtime.dll
 0001:0000d618       _sf_mex_destroy            1000e618 f   sf_runtime:sf_runtime.dll
 0001:0000d61e       _sf_mex_duplicatearraysafe 1000e61e f   sf_runtime:sf_runtime.dll
 0001:0000d624       _sf_mex_createcellmatrix   1000e624 f   sf_runtime:sf_runtime.dll
 0001:0000d62a       _sf_mex_addfield           1000e62a f   sf_runtime:sf_runtime.dll
 0001:0000d630       _sf_mex_create             1000e630 f   sf_runtime:sf_runtime.dll
 0001:0000d636       _sf_mex_error_message      1000e636 f   sf_runtime:sf_runtime.dll
 0001:0000d63c       _sf_mex_call_matlab        1000e63c f   sf_runtime:sf_runtime.dll
 0001:0000d642       _sf_mex_setcell            1000e642 f   sf_runtime:sf_runtime.dll
 0001:0000d648       _sf_mex_decode_encoded_mx_struct_array 1000e648 f   sf_runtime:sf_runtime.dll
 0001:0000d64e       _sf_mex_getcell            1000e64e f   sf_runtime:sf_runtime.dll
 0001:0000d654       _sf_mex_dup                1000e654 f   sf_runtime:sf_runtime.dll
 0001:0000d65a       _sf_mex_import             1000e65a f   sf_runtime:sf_runtime.dll
 0001:0000d660       _sf_set_rtw_dwork_info     1000e660 f   sf_runtime:sf_runtime.dll
 0001:0000d666       _sf_update_buildInfo       1000e666 f   sf_runtime:sf_runtime.dll
 0001:0000d66c       _sf_rtw_info_uint_prop     1000e66c f   sf_runtime:sf_runtime.dll
 0001:0000d672       _sf_is_chart_inlinable     1000e672 f   sf_runtime:sf_runtime.dll
 0001:0000d678       _sim_mode_is_external      1000e678 f   sf_runtime:sf_runtime.dll
 0001:0000d67e       _sim_mode_is_rtw_gen       1000e67e f   sf_runtime:sf_runtime.dll
 0001:0000d684       _sf_debug_reset_current_state_configuration 1000e684 f   sf_runtime:sf_runtime.dll
 0001:0000d68a       _sf_debug_set_instance_data_value_ptr 1000e68a f   sf_runtime:sf_runtime.dll
 0001:0000d690       _sf_debug_set_chart_data_compiled_props 1000e690 f   sf_runtime:sf_runtime.dll
 0001:0000d696       _cv_script_init_fcn        1000e696 f   sf_runtime:sf_runtime.dll
 0001:0000d69c       _cv_script_init_script     1000e69c f   sf_runtime:sf_runtime.dll
 0001:0000d6a2       _cv_eml_init_if            1000e6a2 f   sf_runtime:sf_runtime.dll
 0001:0000d6a8       _cv_eml_init_fcn           1000e6a8 f   sf_runtime:sf_runtime.dll
 0001:0000d6ae       _cv_eml_init_script        1000e6ae f   sf_runtime:sf_runtime.dll
 0001:0000d6b4       _sf_debug_cv_init_state    1000e6b4 f   sf_runtime:sf_runtime.dll
 0001:0000d6ba       _sf_debug_cv_init_chart    1000e6ba f   sf_runtime:sf_runtime.dll
 0001:0000d6c0       _sf_debug_set_chart_decomposition 1000e6c0 f   sf_runtime:sf_runtime.dll
 0001:0000d6c6       _sf_debug_set_chart_substate_count 1000e6c6 f   sf_runtime:sf_runtime.dll
 0001:0000d6cc       _sf_debug_set_chart_state_info 1000e6cc f   sf_runtime:sf_runtime.dll
 0001:0000d6d2       _sf_debug_set_chart_data_props 1000e6d2 f   sf_runtime:sf_runtime.dll
 0001:0000d6d8       _sf_debug_set_chart_event_thresholds 1000e6d8 f   sf_runtime:sf_runtime.dll
 0001:0000d6de       _sf_debug_set_chart_disable_implicit_casting 1000e6de f   sf_runtime:sf_runtime.dll
 0001:0000d6e4       _sf_debug_initialize_chart 1000e6e4 f   sf_runtime:sf_runtime.dll
 0001:0000d6ea       _sf_debug_set_script_translation 1000e6ea f   sf_runtime:sf_runtime.dll
 0001:0000d6f0       _sf_debug_get_script_id    1000e6f0 f   sf_runtime:sf_runtime.dll
 0001:0000d6f6       _sf_get_time               1000e6f6 f   sf_runtime:sf_runtime.dll
 0001:0000d6fc       _sf_debug_check_for_state_inconsistency 1000e6fc f   sf_runtime:sf_runtime.dll
 0001:0000d702       _sf_debug_symbol_scope_pop 1000e702 f   sf_runtime:sf_runtime.dll
 0001:0000d708       _sf_debug_call             1000e708 f   sf_runtime:sf_runtime.dll
 0001:0000d70e       _sf_debug_symbol_scope_push 1000e70e f   sf_runtime:sf_runtime.dll
 0001:0000d714       _sf_clear_rtw_identifier   1000e714 f   sf_runtime:sf_runtime.dll
 0001:0000d71a       _sf_debug_terminate        1000e71a f   sf_runtime:sf_runtime.dll
 0001:0000d720       _sf_debug_create_debug_instance_struct 1000e720 f   sf_runtime:sf_runtime.dll
 0001:0000d726       _sf_debug_api              1000e726 f   sf_runtime:sf_runtime.dll
 0001:0000d72c       _callMdlMethodAndReportError 1000e72c f   sf_runtime:sf_runtime.dll
 0001:0000d732       _call_sf_machine_global_method_dispatcher 1000e732 f   sf_runtime:sf_runtime.dll
 0001:0000d738       _sf_clear_error_manager_info 1000e738 f   sf_runtime:sf_runtime.dll
 0001:0000d73e       _sf_mex_error_direct_call  1000e73e f   sf_runtime:sf_runtime.dll
 0001:0000d744       _mxGetScalar               1000e744 f   libmx:libmx.dll
 0001:0000d74a       _mxGetPr                   1000e74a f   libmx:libmx.dll
 0001:0000d750       _mxCreateDoubleMatrix_730  1000e750 f   libmx:libmx.dll
 0001:0000d756       _mxGetString_730           1000e756 f   libmx:libmx.dll
 0001:0000d75c       _mxIsChar                  1000e75c f   libmx:libmx.dll
 0001:0000d762       _mxDestroyArray            1000e762 f   libmx:libmx.dll
 0001:0000d768       _mxDuplicateArray          1000e768 f   libmx:libmx.dll
 0001:0000d76e       _mxSetField_730            1000e76e f   libmx:libmx.dll
 0001:0000d774       _mxCreateString            1000e774 f   libmx:libmx.dll
 0001:0000d77a       _mxCreateStructMatrix_730  1000e77a f   libmx:libmx.dll
 0001:0000d780       _mxCreateCellMatrix_730    1000e780 f   libmx:libmx.dll
 0001:0000d786       _mxCreateDoubleScalar      1000e786 f   libmx:libmx.dll
 0001:0000d78c       _mxGetClassID              1000e78c f   libmx:libmx.dll
 0001:0000d792       _mxIsNumeric               1000e792 f   libmx:libmx.dll
 0001:0000d798       _mxIsComplex               1000e798 f   libmx:libmx.dll
 0001:0000d79e       _mxGetN                    1000e79e f   libmx:libmx.dll
 0001:0000d7a4       _mxGetM                    1000e7a4 f   libmx:libmx.dll
 0001:0000d7aa       _mxCalloc                  1000e7aa f   libmx:libmx.dll
 0001:0000d7b0       _mexMakeArrayPersistent    1000e7b0 f   libmex:libmex.dll
 0001:0000d7b6       _mexUnlock                 1000e7b6 f   libmex:libmex.dll
 0001:0000d7bc       _mexIsLocked               1000e7bc f   libmex:libmex.dll
 0001:0000d7c2       _mexWarnMsgTxt             1000e7c2 f   libmex:libmex.dll
 0001:0000d7c8       _mexCallMATLAB             1000e7c8 f   libmex:libmex.dll
 0001:0000d7ce       _mexErrMsgTxt              1000e7ce f   libmex:libmex.dll
 0001:0000d7d4       _mexLock                   1000e7d4 f   libmex:libmex.dll
 0001:0000d7da       _utMalloc                  1000e7da f   libut:libut.dll
 0001:0000d7e0       _utFree                    1000e7e0 f   libut:libut.dll
 0001:0000d7e6       _strcmp                    1000e7e6 f   MSVCRT:MSVCR100.dll
 0001:0000d7f0       @__security_check_cookie@4 1000e7f0 f   MSVCRT:secchk.obj
 0001:0000d800       _strlen                    1000e800 f   MSVCRT:MSVCR100.dll
 0001:0000d806       _memset                    1000e806 f   MSVCRT:MSVCR100.dll
 0001:0000d810       __alloca_probe             1000e810     MSVCRT:chkstk.obj
 0001:0000d810       __chkstk                   1000e810 f   MSVCRT:chkstk.obj
 0001:0000d83c       _free                      1000e83c f   MSVCRT:MSVCR100.dll
 0001:0000d842       _sprintf                   1000e842 f   MSVCRT:MSVCR100.dll
 0001:0000d848       _malloc                    1000e848 f   MSVCRT:MSVCR100.dll
 0001:0000d84e       _strcat                    1000e84e f   MSVCRT:MSVCR100.dll
 0001:0000d860       __ftol2_sse                1000e860 f   MSVCRT:ftol2.obj
 0001:0000d869       __ftol2_pentium4           1000e869 f   MSVCRT:ftol2.obj
 0001:0000d87c       __ftol2_sse_excpt          1000e87c f   MSVCRT:ftol2.obj
 0001:0000d896       __ftol2                    1000e896 f   MSVCRT:ftol2.obj
 0001:0000d90c       _memcpy                    1000e90c f   MSVCRT:MSVCR100.dll
 0001:0000d912       _NtCurrentTeb              1000e912 f i MSVCRT:crtdll.obj
 0001:0000d967       __CRT_INIT@12              1000e967 f   MSVCRT:crtdll.obj
 0001:0000dc87       __DllMainCRTStartup@12     1000ec87 f   MSVCRT:crtdll.obj
 0001:0000dcaa       ___report_gsfailure        1000ecaa f   MSVCRT:gs_report.obj
 0001:0000ddb0       ___sse2_available_init     1000edb0 f   MSVCRT:cpu_disp.obj
 0001:0000ddc0       ___clean_type_info_names   1000edc0 f   MSVCRT:tncleanup.obj
 0001:0000ddcc       __onexit                   1000edcc f   MSVCRT:atonexit.obj
 0001:0000de6d       _atexit                    1000ee6d f   MSVCRT:atonexit.obj
 0001:0000de84       __RTC_Initialize           1000ee84 f   MSVCRT:_initsect_.obj
 0001:0000deaa       __RTC_Terminate            1000eeaa f   MSVCRT:_initsect_.obj
 0001:0000ded0       __malloc_crt               1000eed0 f   MSVCRT:MSVCR100.dll
 0001:0000ded6       __encoded_null             1000eed6 f   MSVCRT:MSVCR100.dll
 0001:0000dee0       __ValidateImageBase        1000eee0 f   MSVCRT:pesect.obj
 0001:0000df20       __FindPESection            1000ef20 f   MSVCRT:pesect.obj
 0001:0000df70       __IsNonwritableInCurrentImage 1000ef70 f   MSVCRT:pesect.obj
 0001:0000e02c       __initterm                 1000f02c f   MSVCRT:MSVCR100.dll
 0001:0000e032       __initterm_e               1000f032 f   MSVCRT:MSVCR100.dll
 0001:0000e038       __amsg_exit                1000f038 f   MSVCRT:MSVCR100.dll
 0001:0000e03e       ___CppXcptFilter           1000f03e f   MSVCRT:MSVCR100.dll
 0001:0000e044       _DllMain@12                1000f044 f   MSVCRT:dllmain.obj
 0001:0000e070       __SEH_prolog4              1000f070 f   MSVCRT:sehprolg4.obj
 0001:0000e0b5       __SEH_epilog4              1000f0b5 f   MSVCRT:sehprolg4.obj
 0001:0000e0c9       __except_handler4          1000f0c9 f   MSVCRT:chandler4gs.obj
 0001:0000e0ee       ___security_init_cookie    1000f0ee f   MSVCRT:gs_support.obj
 0001:0000e18a       __crt_debugger_hook        1000f18a f   MSVCRT:MSVCR100.dll
 0001:0000e190       ___clean_type_info_names_internal 1000f190 f   MSVCRT:MSVCR100.dll
 0001:0000e196       __unlock                   1000f196 f   MSVCRT:MSVCR100.dll
 0001:0000e19c       ___dllonexit               1000f19c f   MSVCRT:MSVCR100.dll
 0001:0000e1a2       __lock                     1000f1a2 f   MSVCRT:MSVCR100.dll
 0001:0000e1a8       __except_handler4_common   1000f1a8 f   MSVCRT:MSVCR100.dll
 0001:0000e1ae       _EncodePointer@4           1000f1ae f   kernel32:KERNEL32.dll
 0001:0000e1b4       _DecodePointer@4           1000f1b4 f   kernel32:KERNEL32.dll
 0001:0000e1ba       _InterlockedExchange@8     1000f1ba f   kernel32:KERNEL32.dll
 0001:0000e1c0       _Sleep@4                   1000f1c0 f   kernel32:KERNEL32.dll
 0001:0000e1c6       _InterlockedCompareExchange@12 1000f1c6 f   kernel32:KERNEL32.dll
 0001:0000e1cc       _TerminateProcess@8        1000f1cc f   kernel32:KERNEL32.dll
 0001:0000e1d2       _GetCurrentProcess@0       1000f1d2 f   kernel32:KERNEL32.dll
 0001:0000e1d8       _UnhandledExceptionFilter@4 1000f1d8 f   kernel32:KERNEL32.dll
 0001:0000e1de       _SetUnhandledExceptionFilter@4 1000f1de f   kernel32:KERNEL32.dll
 0001:0000e1e4       _IsDebuggerPresent@0       1000f1e4 f   kernel32:KERNEL32.dll
 0001:0000e1ea       _IsProcessorFeaturePresent@4 1000f1ea f   kernel32:KERNEL32.dll
 0001:0000e1f0       _DisableThreadLibraryCalls@4 1000f1f0 f   kernel32:KERNEL32.dll
 0001:0000e1f6       _QueryPerformanceCounter@4 1000f1f6 f   kernel32:KERNEL32.dll
 0001:0000e1fc       _GetTickCount@0            1000f1fc f   kernel32:KERNEL32.dll
 0001:0000e202       _GetCurrentThreadId@0      1000f202 f   kernel32:KERNEL32.dll
 0001:0000e208       _GetCurrentProcessId@0     1000f208 f   kernel32:KERNEL32.dll
 0001:0000e20e       _GetSystemTimeAsFileTime@4 1000f20e f   kernel32:KERNEL32.dll
 0002:00000000       __imp__GetSystemTimeAsFileTime@4 10010000     kernel32:KERNEL32.dll
 0002:00000004       __imp__GetCurrentProcessId@0 10010004     kernel32:KERNEL32.dll
 0002:00000008       __imp__GetCurrentThreadId@0 10010008     kernel32:KERNEL32.dll
 0002:0000000c       __imp__GetTickCount@0      1001000c     kernel32:KERNEL32.dll
 0002:00000010       __imp__QueryPerformanceCounter@4 10010010     kernel32:KERNEL32.dll
 0002:00000014       __imp__DisableThreadLibraryCalls@4 10010014     kernel32:KERNEL32.dll
 0002:00000018       __imp__IsProcessorFeaturePresent@4 10010018     kernel32:KERNEL32.dll
 0002:0000001c       __imp__IsDebuggerPresent@0 1001001c     kernel32:KERNEL32.dll
 0002:00000020       __imp__SetUnhandledExceptionFilter@4 10010020     kernel32:KERNEL32.dll
 0002:00000024       __imp__UnhandledExceptionFilter@4 10010024     kernel32:KERNEL32.dll
 0002:00000028       __imp__GetCurrentProcess@0 10010028     kernel32:KERNEL32.dll
 0002:0000002c       __imp__TerminateProcess@8  1001002c     kernel32:KERNEL32.dll
 0002:00000030       __imp__InterlockedCompareExchange@12 10010030     kernel32:KERNEL32.dll
 0002:00000034       __imp__Sleep@4             10010034     kernel32:KERNEL32.dll
 0002:00000038       __imp__InterlockedExchange@8 10010038     kernel32:KERNEL32.dll
 0002:0000003c       __imp__DecodePointer@4     1001003c     kernel32:KERNEL32.dll
 0002:00000040       __imp__EncodePointer@4     10010040     kernel32:KERNEL32.dll
 0002:00000044       \177KERNEL32_NULL_THUNK_DATA 10010044     kernel32:KERNEL32.dll
 0002:00000048       __imp___except_handler4_common 10010048     MSVCRT:MSVCR100.dll
 0002:0000004c       __imp___onexit             1001004c     MSVCRT:MSVCR100.dll
 0002:00000050       __imp___lock               10010050     MSVCRT:MSVCR100.dll
 0002:00000054       __imp____dllonexit         10010054     MSVCRT:MSVCR100.dll
 0002:00000058       __imp___unlock             10010058     MSVCRT:MSVCR100.dll
 0002:0000005c       __imp____clean_type_info_names_internal 1001005c     MSVCRT:MSVCR100.dll
 0002:00000060       __imp___crt_debugger_hook  10010060     MSVCRT:MSVCR100.dll
 0002:00000064       __imp____CppXcptFilter     10010064     MSVCRT:MSVCR100.dll
 0002:00000068       __imp___amsg_exit          10010068     MSVCRT:MSVCR100.dll
 0002:0000006c       __imp___initterm_e         1001006c     MSVCRT:MSVCR100.dll
 0002:00000070       __imp___initterm           10010070     MSVCRT:MSVCR100.dll
 0002:00000074       __imp___encoded_null       10010074     MSVCRT:MSVCR100.dll
 0002:00000078       __imp___malloc_crt         10010078     MSVCRT:MSVCR100.dll
 0002:0000007c       __imp__memcpy              1001007c     MSVCRT:MSVCR100.dll
 0002:00000080       __imp__strcat              10010080     MSVCRT:MSVCR100.dll
 0002:00000084       __imp__malloc              10010084     MSVCRT:MSVCR100.dll
 0002:00000088       __imp__sprintf             10010088     MSVCRT:MSVCR100.dll
 0002:0000008c       __imp__free                1001008c     MSVCRT:MSVCR100.dll
 0002:00000090       __imp__memset              10010090     MSVCRT:MSVCR100.dll
 0002:00000094       __imp__strlen              10010094     MSVCRT:MSVCR100.dll
 0002:00000098       __imp__strcmp              10010098     MSVCRT:MSVCR100.dll
 0002:0000009c       \177MSVCR100_NULL_THUNK_DATA 1001009c     MSVCRT:MSVCR100.dll
 0002:000000a0       __imp__mexLock             100100a0     libmex:libmex.dll
 0002:000000a4       __imp__mexErrMsgTxt        100100a4     libmex:libmex.dll
 0002:000000a8       __imp__mexCallMATLAB       100100a8     libmex:libmex.dll
 0002:000000ac       __imp__mexWarnMsgTxt       100100ac     libmex:libmex.dll
 0002:000000b0       __imp__mexIsLocked         100100b0     libmex:libmex.dll
 0002:000000b4       __imp__mexUnlock           100100b4     libmex:libmex.dll
 0002:000000b8       __imp__mexMakeArrayPersistent 100100b8     libmex:libmex.dll
 0002:000000bc       \177libmex_NULL_THUNK_DATA 100100bc     libmex:libmex.dll
 0002:000000c0       __imp__mxCalloc            100100c0     libmx:libmx.dll
 0002:000000c4       __imp__mxGetM              100100c4     libmx:libmx.dll
 0002:000000c8       __imp__mxGetN              100100c8     libmx:libmx.dll
 0002:000000cc       __imp__mxIsComplex         100100cc     libmx:libmx.dll
 0002:000000d0       __imp__mxIsNumeric         100100d0     libmx:libmx.dll
 0002:000000d4       __imp__mxGetClassID        100100d4     libmx:libmx.dll
 0002:000000d8       __imp__mxCreateDoubleScalar 100100d8     libmx:libmx.dll
 0002:000000dc       __imp__mxCreateCellMatrix_730 100100dc     libmx:libmx.dll
 0002:000000e0       __imp__mxCreateStructMatrix_730 100100e0     libmx:libmx.dll
 0002:000000e4       __imp__mxGetScalar         100100e4     libmx:libmx.dll
 0002:000000e8       __imp__mxGetPr             100100e8     libmx:libmx.dll
 0002:000000ec       __imp__mxCreateDoubleMatrix_730 100100ec     libmx:libmx.dll
 0002:000000f0       __imp__mxGetString_730     100100f0     libmx:libmx.dll
 0002:000000f4       __imp__mxIsChar            100100f4     libmx:libmx.dll
 0002:000000f8       __imp__mxDestroyArray      100100f8     libmx:libmx.dll
 0002:000000fc       __imp__mxDuplicateArray    100100fc     libmx:libmx.dll
 0002:00000100       __imp__mxSetField_730      10010100     libmx:libmx.dll
 0002:00000104       __imp__mxCreateString      10010104     libmx:libmx.dll
 0002:00000108       \177libmx_NULL_THUNK_DATA  10010108     libmx:libmx.dll
 0002:0000010c       __imp__utMalloc            1001010c     libut:libut.dll
 0002:00000110       __imp__utFree              10010110     libut:libut.dll
 0002:00000114       \177libut_NULL_THUNK_DATA  10010114     libut:libut.dll
 0002:00000118       __imp__call_sf_machine_global_method_dispatcher 10010118     sf_runtime:sf_runtime.dll
 0002:0000011c       __imp__callMdlMethodAndReportError 1001011c     sf_runtime:sf_runtime.dll
 0002:00000120       __imp__sf_debug_api        10010120     sf_runtime:sf_runtime.dll
 0002:00000124       __imp__sf_debug_create_debug_instance_struct 10010124     sf_runtime:sf_runtime.dll
 0002:00000128       __imp__sf_debug_terminate  10010128     sf_runtime:sf_runtime.dll
 0002:0000012c       __imp__sf_clear_rtw_identifier 1001012c     sf_runtime:sf_runtime.dll
 0002:00000130       __imp__sf_debug_symbol_scope_push 10010130     sf_runtime:sf_runtime.dll
 0002:00000134       __imp__sf_clear_error_manager_info 10010134     sf_runtime:sf_runtime.dll
 0002:00000138       __imp__sf_debug_symbol_scope_pop 10010138     sf_runtime:sf_runtime.dll
 0002:0000013c       __imp__sf_debug_check_for_state_inconsistency 1001013c     sf_runtime:sf_runtime.dll
 0002:00000140       __imp__sf_get_time         10010140     sf_runtime:sf_runtime.dll
 0002:00000144       __imp__sf_debug_get_script_id 10010144     sf_runtime:sf_runtime.dll
 0002:00000148       __imp__sf_debug_set_script_translation 10010148     sf_runtime:sf_runtime.dll
 0002:0000014c       __imp__sf_debug_initialize_chart 1001014c     sf_runtime:sf_runtime.dll
 0002:00000150       __imp__sf_debug_set_chart_disable_implicit_casting 10010150     sf_runtime:sf_runtime.dll
 0002:00000154       __imp__sf_mex_error_direct_call 10010154     sf_runtime:sf_runtime.dll
 0002:00000158       __imp__sf_debug_call       10010158     sf_runtime:sf_runtime.dll
 0002:0000015c       __imp__sf_debug_set_chart_event_thresholds 1001015c     sf_runtime:sf_runtime.dll
 0002:00000160       __imp__sf_debug_set_chart_data_props 10010160     sf_runtime:sf_runtime.dll
 0002:00000164       __imp__sf_debug_set_chart_state_info 10010164     sf_runtime:sf_runtime.dll
 0002:00000168       __imp__sf_debug_set_chart_substate_count 10010168     sf_runtime:sf_runtime.dll
 0002:0000016c       __imp__sf_debug_set_chart_decomposition 1001016c     sf_runtime:sf_runtime.dll
 0002:00000170       __imp__sf_debug_cv_init_chart 10010170     sf_runtime:sf_runtime.dll
 0002:00000174       __imp__sf_debug_cv_init_state 10010174     sf_runtime:sf_runtime.dll
 0002:00000178       __imp__cv_eml_init_script  10010178     sf_runtime:sf_runtime.dll
 0002:0000017c       __imp__cv_eml_init_fcn     1001017c     sf_runtime:sf_runtime.dll
 0002:00000180       __imp__cv_eml_init_if      10010180     sf_runtime:sf_runtime.dll
 0002:00000184       __imp__cv_script_init_script 10010184     sf_runtime:sf_runtime.dll
 0002:00000188       __imp__cv_script_init_fcn  10010188     sf_runtime:sf_runtime.dll
 0002:0000018c       __imp__sf_debug_set_chart_data_compiled_props 1001018c     sf_runtime:sf_runtime.dll
 0002:00000190       __imp__sf_debug_set_instance_data_value_ptr 10010190     sf_runtime:sf_runtime.dll
 0002:00000194       __imp__sf_debug_reset_current_state_configuration 10010194     sf_runtime:sf_runtime.dll
 0002:00000198       __imp__sim_mode_is_rtw_gen 10010198     sf_runtime:sf_runtime.dll
 0002:0000019c       __imp__sim_mode_is_external 1001019c     sf_runtime:sf_runtime.dll
 0002:000001a0       __imp__sf_is_chart_inlinable 100101a0     sf_runtime:sf_runtime.dll
 0002:000001a4       __imp__sf_rtw_info_uint_prop 100101a4     sf_runtime:sf_runtime.dll
 0002:000001a8       __imp__sf_update_buildInfo 100101a8     sf_runtime:sf_runtime.dll
 0002:000001ac       __imp__sf_set_rtw_dwork_info 100101ac     sf_runtime:sf_runtime.dll
 0002:000001b0       __imp__sf_mex_import       100101b0     sf_runtime:sf_runtime.dll
 0002:000001b4       __imp__sf_mex_dup          100101b4     sf_runtime:sf_runtime.dll
 0002:000001b8       __imp__sf_mex_getcell      100101b8     sf_runtime:sf_runtime.dll
 0002:000001bc       __imp__sf_mex_decode_encoded_mx_struct_array 100101bc     sf_runtime:sf_runtime.dll
 0002:000001c0       __imp__sf_mex_setcell      100101c0     sf_runtime:sf_runtime.dll
 0002:000001c4       __imp__sf_mex_call_matlab  100101c4     sf_runtime:sf_runtime.dll
 0002:000001c8       __imp__sf_mex_error_message 100101c8     sf_runtime:sf_runtime.dll
 0002:000001cc       __imp__sf_mex_create       100101cc     sf_runtime:sf_runtime.dll
 0002:000001d0       __imp__sf_mex_addfield     100101d0     sf_runtime:sf_runtime.dll
 0002:000001d4       __imp__sf_mex_createcellmatrix 100101d4     sf_runtime:sf_runtime.dll
 0002:000001d8       __imp__sf_mex_duplicatearraysafe 100101d8     sf_runtime:sf_runtime.dll
 0002:000001dc       __imp__sf_mex_destroy      100101dc     sf_runtime:sf_runtime.dll
 0002:000001e0       __imp__sf_mex_createstruct 100101e0     sf_runtime:sf_runtime.dll
 0002:000001e4       __imp__sf_mex_assign       100101e4     sf_runtime:sf_runtime.dll
 0002:000001e8       __imp__sf_mex_emlrtNameCapturePostProcessR2012a 100101e8     sf_runtime:sf_runtime.dll
 0002:000001ec       __imp__sf_load_rtw_optimization_info 100101ec     sf_runtime:sf_runtime.dll
 0002:000001f0       __imp__sf_debug_initialize_machine 100101f0     sf_runtime:sf_runtime.dll
 0002:000001f4       __imp__sf_debug_set_machine_event_thresholds 100101f4     sf_runtime:sf_runtime.dll
 0002:000001f8       __imp__sf_debug_set_machine_data_thresholds 100101f8     sf_runtime:sf_runtime.dll
 0002:000001fc       \177sf_runtime_NULL_THUNK_DATA 100101fc     sf_runtime:sf_runtime.dll
 0002:00000200       ___xc_a                    10010200     MSVCRT:cinitexe.obj
 0002:00000204       ___xc_z                    10010204     MSVCRT:cinitexe.obj
 0002:00000208       ___xi_a                    10010208     MSVCRT:cinitexe.obj
 0002:00000214       ___xi_z                    10010214     MSVCRT:cinitexe.obj
 0002:00000218       __real@41c3b15f1f000000    10010218     ARP_01_lib_TruthTables_sfun.obj
 0002:00000220       __real@41da3f02fd000000    10010220     ARP_01_lib_TruthTables_sfun.obj
 0002:00000228       __real@41e28834d7200000    10010228     ARP_01_lib_TruthTables_sfun.obj
 0002:00000230       __real@41e4c6dd64c00000    10010230     ARP_01_lib_TruthTables_sfun.obj
 0002:00000238       __real@41d187d0c8400000    10010238     ARP_01_lib_TruthTables_sfun.obj
 0002:00000240       __real@41cff744e8000000    10010240     ARP_01_lib_TruthTables_sfun.obj
 0002:00000248       __real@41b7e1066f000000    10010248     ARP_01_lib_TruthTables_sfun.obj
 0002:00000250       __real@41c845d7be800000    10010250     ARP_01_lib_TruthTables_sfun.obj
 0002:00000258       __real@4157ce4ec0000000    10010258     ARP_01_lib_TruthTables_sfun.obj
 0002:00000260       __real@41e836f582800000    10010260     ARP_01_lib_TruthTables_sfun.obj
 0002:00000268       __real@41e678b93b000000    10010268     ARP_01_lib_TruthTables_sfun.obj
 0002:00000270       __real@41b5effa81000000    10010270     ARP_01_lib_TruthTables_sfun.obj
 0002:00000278       __real@0000000000000000    10010278     ARP_01_lib_TruthTables_sfun.obj
 0002:00000280       __real@41e28a4d99600000    10010280     ARP_01_lib_TruthTables_sfun.obj
 0002:00000288       __real@41ce18e876800000    10010288     ARP_01_lib_TruthTables_sfun.obj
 0002:00000290       __real@41ed83e935a00000    10010290     ARP_01_lib_TruthTables_sfun.obj
 0002:00000298       __real@41b01bc5b8000000    10010298     ARP_01_lib_TruthTables_sfun.obj
 0002:000002a0       __real@41bd798ed9000000    100102a0     c3_ARP_01_lib_TruthTables.obj
 0002:000002a8       __real@41e91981a4e00000    100102a8     c3_ARP_01_lib_TruthTables.obj
 0002:000002b0       __real@41ea05e29f000000    100102b0     c3_ARP_01_lib_TruthTables.obj
 0002:000002b8       __real@41d6586d22c00000    100102b8     c3_ARP_01_lib_TruthTables.obj
 0002:000002c0       __real@3ff0000000000000    100102c0     c3_ARP_01_lib_TruthTables.obj
 0002:000002c8       _DYNAMIC_DIMENSION_DEF     100102c8     ARP_01_lib_TruthTables_sfun_registry.obj
 0002:000002d8       __ssBadLevel2InputAccessMsg 100102d8     ARP_01_lib_TruthTables_sfun_registry.obj
 0002:00000460       __ssBadLevel2DirectFeedMsg 10010460     ARP_01_lib_TruthTables_sfun_registry.obj
 0002:000005a0       __ssBadLevel2DirectFeedSolutionMsg 100105a0     ARP_01_lib_TruthTables_sfun_registry.obj
 0002:00000610       __ssBadLevel2ZeroDirectFeedMsg 10010610     ARP_01_lib_TruthTables_sfun_registry.obj
 0002:00000750       __ssBadLevel2ZeroDirectFeedMsg2 10010750     ARP_01_lib_TruthTables_sfun_registry.obj
 0002:00000838       __real@bff0000000000000    10010838     ARP_01_lib_TruthTables_sfun_registry.obj
 0002:00000840       __real@4153d65940000000    10010840     ARP_01_lib_TruthTables_sfun_registry.obj
 0002:00000848       __pRawDllMain              10010848     MSVCRT:crtdll.obj
 0002:00000848       __pDefaultRawDllMain       10010848     MSVCRT:crtdll.obj
 0002:00000854       ?ProcessDetach@NativeDll@<CrtImplementationDetails>@@0IB 10010854     MSVCRT:tncleanup.obj
 0002:00000858       ?ProcessAttach@NativeDll@<CrtImplementationDetails>@@0IB 10010858     MSVCRT:tncleanup.obj
 0002:0000085c       ?ThreadAttach@NativeDll@<CrtImplementationDetails>@@0IB 1001085c     MSVCRT:tncleanup.obj
 0002:00000860       ?ThreadDetach@NativeDll@<CrtImplementationDetails>@@0IB 10010860     MSVCRT:tncleanup.obj
 0002:00000864       ?ProcessVerifier@NativeDll@<CrtImplementationDetails>@@0IB 10010864     MSVCRT:tncleanup.obj
 0002:00000868       __load_config_used         10010868     MSVCRT:loadcfg.obj
 0002:000008b0       ___safe_se_handler_table   100108b0     <linker-defined>
 0002:000008b4       ___rtc_iaa                 100108b4     MSVCRT:_initsect_.obj
 0002:000008b8       ___rtc_izz                 100108b8     MSVCRT:_initsect_.obj
 0002:000008bc       ___rtc_taa                 100108bc     MSVCRT:_initsect_.obj
 0002:000008c0       ___rtc_tzz                 100108c0     MSVCRT:_initsect_.obj
 0002:0000092c       __IMPORT_DESCRIPTOR_sf_runtime 1001092c     sf_runtime:sf_runtime.dll
 0002:00000940       __IMPORT_DESCRIPTOR_libmx  10010940     libmx:libmx.dll
 0002:00000954       __IMPORT_DESCRIPTOR_libmex 10010954     libmex:libmex.dll
 0002:00000968       __IMPORT_DESCRIPTOR_libut  10010968     libut:libut.dll
 0002:0000097c       __IMPORT_DESCRIPTOR_MSVCR100 1001097c     MSVCRT:MSVCR100.dll
 0002:00000990       __IMPORT_DESCRIPTOR_KERNEL32 10010990     kernel32:KERNEL32.dll
 0002:000009a4       __NULL_IMPORT_DESCRIPTOR   100109a4     sf_runtime:sf_runtime.dll
 0003:00004934       _DYNAMIC_DIMENSION         10016934     ARP_01_lib_TruthTables_sfun_registry.obj
 0003:000054c0       ___security_cookie         100174c0     MSVCRT:gs_cookie.obj
 0003:000054c4       ___security_cookie_complement 100174c4     MSVCRT:gs_cookie.obj
 0003:000054d0       ___native_dllmain_reason   100174d0     MSVCRT:natstart.obj
 0003:000054d4       ___native_vcclrit_reason   100174d4     MSVCRT:natstart.obj
 0003:000055e0       _sfGlobalDebugInstanceStruct 100175e0     ARP_01_lib_TruthTables_sfun_registry.obj
 0003:00005914       ?__type_info_root_node@@3U__type_info_node@@A 10017914     MSVCRT:tncleanup.obj
 0003:0000591c       __ARP_01_lib_TruthTablesMachineNumber_ 1001791c     <common>
 0003:00005920       ___native_startup_state    10017920     <common>
 0003:00005924       ___native_startup_lock     10017924     <common>
 0003:00005928       ___onexitend               10017928     <common>
 0003:0000592c       ___onexitbegin             1001792c     <common>
 0003:00005930       ___sse2_available          10017930     <common>
 0003:00005934       ___dyn_tls_init_callback   10017934     <common>

 entry point at        0001:0000dc87

 Static symbols

 0001:000009c0       _c3_info_helper            100019c0 f   c3_ARP_01_lib_TruthTables.obj
 0001:00000bb0       _c3_emlrt_marshallOut      10001bb0 f   c3_ARP_01_lib_TruthTables.obj
 0001:00000c10       _c3_b_emlrt_marshallOut    10001c10 f   c3_ARP_01_lib_TruthTables.obj
 0001:00000ee0       _get_sim_state_c3_ARP_01_lib_TruthTables 10001ee0 f   c3_ARP_01_lib_TruthTables.obj
 0001:00000fa0       _sf_get_sim_state_info_c3_ARP_01_lib_TruthTables 10001fa0 f   c3_ARP_01_lib_TruthTables.obj
 0001:00001120       _set_sim_state_c3_ARP_01_lib_TruthTables 10002120 f   c3_ARP_01_lib_TruthTables.obj
 0001:000011e0       _c3_update_debugger_state_c3_ARP_01_lib_TruthTables 100021e0 f   c3_ARP_01_lib_TruthTables.obj
 0001:000011f0       _c3_f_emlrt_marshallIn     100021f0 f   c3_ARP_01_lib_TruthTables.obj
 0001:00001240       _c3_g_emlrt_marshallIn     10002240 f   c3_ARP_01_lib_TruthTables.obj
 0001:00001290       _c3_h_emlrt_marshallIn     10002290 f   c3_ARP_01_lib_TruthTables.obj
 0001:000012f0       _c3_i_emlrt_marshallIn     100022f0 f   c3_ARP_01_lib_TruthTables.obj
 0001:00001390       _mdlProcessParameters_c3_ARP_01_lib_TruthTables 10002390 f   c3_ARP_01_lib_TruthTables.obj
 0001:00001440       _initialize_params_c3_ARP_01_lib_TruthTables 10002440 f   c3_ARP_01_lib_TruthTables.obj
 0001:00001450       _mdlSetWorkWidths_c3_ARP_01_lib_TruthTables 10002450 f   c3_ARP_01_lib_TruthTables.obj
 0001:00001730       _sf_get_instance_specialization 10002730 f   c3_ARP_01_lib_TruthTables.obj
 0001:00001740       _mdlStart_c3_ARP_01_lib_TruthTables 10002740 f   c3_ARP_01_lib_TruthTables.obj
 0001:000018e0       _init_dsm_address_info     100028e0 f   c3_ARP_01_lib_TruthTables.obj
 0001:000018f0       _chart_debug_initialization 100028f0 f   c3_ARP_01_lib_TruthTables.obj
 0001:00008210       _init_script_number_translation 10009210 f   c3_ARP_01_lib_TruthTables.obj
 0001:00008250       _c3_sf_marshallOut         10009250 f   c3_ARP_01_lib_TruthTables.obj
 0001:00008370       _c3_sf_marshallIn          10009370 f   c3_ARP_01_lib_TruthTables.obj
 0001:00008440       _c3_emlrt_marshallIn       10009440 f   c3_ARP_01_lib_TruthTables.obj
 0001:000084d0       _c3_b_sf_marshallOut       100094d0 f   c3_ARP_01_lib_TruthTables.obj
 0001:00008550       _c3_b_sf_marshallIn        10009550 f   c3_ARP_01_lib_TruthTables.obj
 0001:000085d0       _c3_b_emlrt_marshallIn     100095d0 f   c3_ARP_01_lib_TruthTables.obj
 0001:00008620       _sf_opaque_initialize_c3_ARP_01_lib_TruthTables 10009620 f   c3_ARP_01_lib_TruthTables.obj
 0001:00008650       _initialize_c3_ARP_01_lib_TruthTables 10009650 f   c3_ARP_01_lib_TruthTables.obj
 0001:000086a0       _sf_opaque_enable_c3_ARP_01_lib_TruthTables 100096a0 f   c3_ARP_01_lib_TruthTables.obj
 0001:000086c0       _enable_c3_ARP_01_lib_TruthTables 100096c0 f   c3_ARP_01_lib_TruthTables.obj
 0001:000086e0       _sf_opaque_disable_c3_ARP_01_lib_TruthTables 100096e0 f   c3_ARP_01_lib_TruthTables.obj
 0001:00008700       _disable_c3_ARP_01_lib_TruthTables 10009700 f   c3_ARP_01_lib_TruthTables.obj
 0001:00008720       _sf_opaque_gateway_c3_ARP_01_lib_TruthTables 10009720 f   c3_ARP_01_lib_TruthTables.obj
 0001:00008740       _sf_gateway_c3_ARP_01_lib_TruthTables 10009740 f   c3_ARP_01_lib_TruthTables.obj
 0001:000088b0       _c3_set_sim_state_side_effects_c3_ARP_01_lib_TruthTables 100098b0 f   c3_ARP_01_lib_TruthTables.obj
 0001:000088d0       _sf_opaque_get_sim_state_c3_ARP_01_lib_TruthTables 100098d0 f   c3_ARP_01_lib_TruthTables.obj
 0001:000088f0       _sf_opaque_set_sim_state_c3_ARP_01_lib_TruthTables 100098f0 f   c3_ARP_01_lib_TruthTables.obj
 0001:00008910       _sf_opaque_terminate_c3_ARP_01_lib_TruthTables 10009910 f   c3_ARP_01_lib_TruthTables.obj
 0001:000089a0       _finalize_c3_ARP_01_lib_TruthTables 100099a0 f   c3_ARP_01_lib_TruthTables.obj
 0001:000089c0       _sf_opaque_init_subchart_simstructs 100099c0 f   c3_ARP_01_lib_TruthTables.obj
 0001:000089e0       _initSimStructsc3_ARP_01_lib_TruthTables 100099e0 f   c3_ARP_01_lib_TruthTables.obj
 0001:000089f0       _mdlRTW_c3_ARP_01_lib_TruthTables 100099f0 f   c3_ARP_01_lib_TruthTables.obj
 0001:00009130       _getChartInfoFromSimStruct 1000a130 f   ARP_01_lib_TruthTables_sfun_registry.obj
 0001:0000a230       __ssFatalError             1000b230 f   ARP_01_lib_TruthTables_sfun_registry.obj
 0001:0000c590       _ProcessMexSfunctionCmdLineCall 1000d590 f   ARP_01_lib_TruthTables_sfun_registry.obj
 0001:0000c6b0       _sf_debug_api_wrapper      1000d6b0 f   ARP_01_lib_TruthTables_sfun_registry.obj
 0001:0000c6e0       _mdlStart                  1000d6e0 f   ARP_01_lib_TruthTables_sfun_registry.obj
 0001:0000c700       _mdl_start_processing      1000d700 f   ARP_01_lib_TruthTables_sfun_registry.obj
 0001:0000c770       _mdlTerminate              1000d770 f   ARP_01_lib_TruthTables_sfun_registry.obj
 0001:0000c790       _mdl_terminate_processing  1000d790 f   ARP_01_lib_TruthTables_sfun_registry.obj
 0001:0000c800       _mdlInitializeSampleTimes  1000d800 f   ARP_01_lib_TruthTables_sfun_registry.obj
 0001:0000c820       _mdlZeroCrossings          1000d820 f   ARP_01_lib_TruthTables_sfun_registry.obj
 0001:0000c840       _mdl_zeroCrossings_processing 1000d840 f   ARP_01_lib_TruthTables_sfun_registry.obj
 0001:0000c870       _mdlDerivatives            1000d870 f   ARP_01_lib_TruthTables_sfun_registry.obj
 0001:0000c890       _mdl_derivatives_processing 1000d890 f   ARP_01_lib_TruthTables_sfun_registry.obj
 0001:0000c8d0       _mdlInitializeConditions   1000d8d0 f   ARP_01_lib_TruthTables_sfun_registry.obj
 0001:0000c8f0       _mdl_initialize_conditions_processing 1000d8f0 f   ARP_01_lib_TruthTables_sfun_registry.obj
 0001:0000c930       _mdlEnable                 1000d930 f   ARP_01_lib_TruthTables_sfun_registry.obj
 0001:0000c950       _mdl_enable_processing     1000d950 f   ARP_01_lib_TruthTables_sfun_registry.obj
 0001:0000c980       _mdlDisable                1000d980 f   ARP_01_lib_TruthTables_sfun_registry.obj
 0001:0000c9a0       _mdl_disable_processing    1000d9a0 f   ARP_01_lib_TruthTables_sfun_registry.obj
 0001:0000c9d0       _mdlOutputs                1000d9d0 f   ARP_01_lib_TruthTables_sfun_registry.obj
 0001:0000c9f0       _mdl_outputs_processing    1000d9f0 f   ARP_01_lib_TruthTables_sfun_registry.obj
 0001:0000cac0       _mdl_outputs_continuous_legacy 1000dac0 f   ARP_01_lib_TruthTables_sfun_registry.obj
 0001:0000cb90       _mdlGetTimeOfNextVarHit    1000db90 f   ARP_01_lib_TruthTables_sfun_registry.obj
 0001:0000cbd0       __ProcessMexSfunctionCmdLineCall 1000dbd0 f   ARP_01_lib_TruthTables_sfun_registry.obj
 0001:0000d1f0       _mdlSetWorkWidths          1000e1f0 f   ARP_01_lib_TruthTables_sfun_registry.obj
 0001:0000d210       _mdlProcessParameters      1000e210 f   ARP_01_lib_TruthTables_sfun_registry.obj
 0001:0000d230       _mdlInitializeSizes        1000e230 f   ARP_01_lib_TruthTables_sfun_registry.obj
 0001:0000d250       _mdlExtModeExec            1000e250 f   ARP_01_lib_TruthTables_sfun_registry.obj
 0001:0000d270       _mdl_ext_mode_exec_processing 1000e270 f   ARP_01_lib_TruthTables_sfun_registry.obj
 0001:0000d2b0       _mdlRTW                    1000e2b0 f   ARP_01_lib_TruthTables_sfun_registry.obj
 0001:0000d2e0       __CreateSimStruct          1000e2e0 f   ARP_01_lib_TruthTables_sfun_registry.obj
 0001:0000d410       __RegNumInputPortsCB       1000e410 f   ARP_01_lib_TruthTables_sfun_registry.obj
 0001:0000d470       __RegNumOutputPortsCB      1000e470 f   ARP_01_lib_TruthTables_sfun_registry.obj
 0001:0000d919       _pre_c_init                1000e919 f   MSVCRT:crtdll.obj
 0001:0000db71       ___DllMainCRTStartup       1000eb71 f   MSVCRT:crtdll.obj
