 ARP_02_RPSsmile_Glove2_sfun

 Timestamp is 550a07a5 (Wed Mar 18 16:17:57 2015)

 Preferred load address is 10000000

 Start         Length     Name                   Class
 0001:00000000 00059d84H .text                   CODE
 0002:00000000 00000294H .idata$5                DATA
 0002:00000294 00000004H .CRT$XCA                DATA
 0002:00000298 00000004H .CRT$XCZ                DATA
 0002:0000029c 00000004H .CRT$XIA                DATA
 0002:000002a0 00000004H .CRT$XIAA               DATA
 0002:000002a4 00000004H .CRT$XIC                DATA
 0002:000002a8 00000004H .CRT$XIZ                DATA
 0002:000002b0 000008c0H .rdata                  DATA
 0002:00000b70 00000004H .rdata$sxdata           DATA
 0002:00000b74 00000004H .rtc$IAA                DATA
 0002:00000b78 00000004H .rtc$IZZ                DATA
 0002:00000b7c 00000004H .rtc$TAA                DATA
 0002:00000b80 00000004H .rtc$TZZ                DATA
 0002:00000b88 00000064H .xdata$x                DATA
 0002:00000bec 0000008cH .idata$2                DATA
 0002:00000c78 00000014H .idata$3                DATA
 0002:00000c8c 00000294H .idata$4                DATA
 0002:00000f20 00000ef6H .idata$6                DATA
 0002:00001e20 00000061H .edata                  DATA
 0003:00000000 00018380H .data                   DATA
 0003:00018380 000004a0H .bss                    DATA

  Address         Publics by Value              Rva+Base       Lib:Object

 0000:00000000       __except_list              00000000     <absolute>
 0000:00000001       ___safe_se_handler_count   00000001     <absolute>
 0000:00009876       __ldused                   00009876     <absolute>
 0000:00009876       __fltused                  00009876     <absolute>
 0000:00000000       ___ImageBase               10000000     <linker-defined>
 0001:00000000       _ARP_02_RPSsmile_Glove2_initializer 10001000 f   ARP_02_RPSsmile_Glove2_sfun.obj
 0001:00000010       _ARP_02_RPSsmile_Glove2_terminator 10001010 f   ARP_02_RPSsmile_Glove2_sfun.obj
 0001:00000020       _sf_ARP_02_RPSsmile_Glove2_method_dispatcher 10001020 f   ARP_02_RPSsmile_Glove2_sfun.obj
 0001:00000090       _sf_ARP_02_RPSsmile_Glove2_process_check_sum_call 10001090 f   ARP_02_RPSsmile_Glove2_sfun.obj
 0001:00000460       _sf_ARP_02_RPSsmile_Glove2_autoinheritance_info 10001460 f   ARP_02_RPSsmile_Glove2_sfun.obj
 0001:00000600       _sf_ARP_02_RPSsmile_Glove2_get_eml_resolved_functions_info 10001600 f   ARP_02_RPSsmile_Glove2_sfun.obj
 0001:00000750       _sf_ARP_02_RPSsmile_Glove2_third_party_uses_info 10001750 f   ARP_02_RPSsmile_Glove2_sfun.obj
 0001:000008e0       _sf_ARP_02_RPSsmile_Glove2_updateBuildInfo_args_info 100018e0 f   ARP_02_RPSsmile_Glove2_sfun.obj
 0001:00000a70       _ARP_02_RPSsmile_Glove2_debug_initialize 10001a70 f   ARP_02_RPSsmile_Glove2_sfun.obj
 0001:00000ad0       _ARP_02_RPSsmile_Glove2_register_exported_symbols 10001ad0 f   ARP_02_RPSsmile_Glove2_sfun.obj
 0001:00000ae0       _load_ARP_02_RPSsmile_Glove2_optimization_info 10001ae0 f   ARP_02_RPSsmile_Glove2_sfun.obj
 0001:00000b20       _unload_ARP_02_RPSsmile_Glove2_optimization_info 10001b20 f   ARP_02_RPSsmile_Glove2_sfun.obj
 0001:00000b50       _sf_c1_ARP_02_RPSsmile_Glove2_get_eml_resolved_functions_info 10001b50 f   c1_ARP_02_RPSsmile_Glove2.obj
 0001:000057e0       _sf_c1_ARP_02_RPSsmile_Glove2_get_check_sum 100067e0 f   c1_ARP_02_RPSsmile_Glove2.obj
 0001:00005840       _sf_c1_ARP_02_RPSsmile_Glove2_get_autoinheritance_info 10006840 f   c1_ARP_02_RPSsmile_Glove2.obj
 0001:000075f0       _sf_c1_ARP_02_RPSsmile_Glove2_third_party_uses_info 100085f0 f   c1_ARP_02_RPSsmile_Glove2.obj
 0001:00007610       _sf_c1_ARP_02_RPSsmile_Glove2_updateBuildInfo_args_info 10008610 f   c1_ARP_02_RPSsmile_Glove2.obj
 0001:00007630       _sf_internal_get_sim_state_c1_ARP_02_RPSsmile_Glove2 10008630 f   c1_ARP_02_RPSsmile_Glove2.obj
 0001:00008b90       _sf_internal_set_sim_state_c1_ARP_02_RPSsmile_Glove2 10009b90 f   c1_ARP_02_RPSsmile_Glove2.obj
 0001:0000b6b0       _c1_ARP_02_RPSsmile_Glove2_method_dispatcher 1000c6b0 f   c1_ARP_02_RPSsmile_Glove2.obj
 0001:0004f200       _sf_c2_ARP_02_RPSsmile_Glove2_get_eml_resolved_functions_info 10050200 f   c2_ARP_02_RPSsmile_Glove2.obj
 0001:0004f500       _sf_c2_ARP_02_RPSsmile_Glove2_get_check_sum 10050500 f   c2_ARP_02_RPSsmile_Glove2.obj
 0001:0004f560       _sf_c2_ARP_02_RPSsmile_Glove2_get_autoinheritance_info 10050560 f   c2_ARP_02_RPSsmile_Glove2.obj
 0001:0004fd70       _sf_c2_ARP_02_RPSsmile_Glove2_third_party_uses_info 10050d70 f   c2_ARP_02_RPSsmile_Glove2.obj
 0001:0004fd90       _sf_c2_ARP_02_RPSsmile_Glove2_updateBuildInfo_args_info 10050d90 f   c2_ARP_02_RPSsmile_Glove2.obj
 0001:0004fdb0       _sf_internal_get_sim_state_c2_ARP_02_RPSsmile_Glove2 10050db0 f   c2_ARP_02_RPSsmile_Glove2.obj
 0001:0004fff0       _sf_internal_set_sim_state_c2_ARP_02_RPSsmile_Glove2 10050ff0 f   c2_ARP_02_RPSsmile_Glove2.obj
 0001:00050200       _c2_ARP_02_RPSsmile_Glove2_method_dispatcher 10051200 f   c2_ARP_02_RPSsmile_Glove2.obj
 0001:000525a0       _sf_c3_ARP_02_RPSsmile_Glove2_get_eml_resolved_functions_info 100535a0 f   c3_ARP_02_RPSsmile_Glove2.obj
 0001:000525f0       _sf_c3_ARP_02_RPSsmile_Glove2_get_check_sum 100535f0 f   c3_ARP_02_RPSsmile_Glove2.obj
 0001:00052650       _sf_c3_ARP_02_RPSsmile_Glove2_get_autoinheritance_info 10053650 f   c3_ARP_02_RPSsmile_Glove2.obj
 0001:00052960       _sf_c3_ARP_02_RPSsmile_Glove2_third_party_uses_info 10053960 f   c3_ARP_02_RPSsmile_Glove2.obj
 0001:00052980       _sf_c3_ARP_02_RPSsmile_Glove2_updateBuildInfo_args_info 10053980 f   c3_ARP_02_RPSsmile_Glove2.obj
 0001:000529a0       _sf_internal_get_sim_state_c3_ARP_02_RPSsmile_Glove2 100539a0 f   c3_ARP_02_RPSsmile_Glove2.obj
 0001:00052c40       _sf_internal_set_sim_state_c3_ARP_02_RPSsmile_Glove2 10053c40 f   c3_ARP_02_RPSsmile_Glove2.obj
 0001:00052f30       _c3_ARP_02_RPSsmile_Glove2_method_dispatcher 10053f30 f   c3_ARP_02_RPSsmile_Glove2.obj
 0001:000544b0       _sf_process_check_sum_call 100554b0 f   ARP_02_RPSsmile_Glove2_sfun_registry.obj
 0001:000544e0       _sf_process_autoinheritance_call 100554e0 f   ARP_02_RPSsmile_Glove2_sfun_registry.obj
 0001:00054620       _sf_process_get_third_party_uses_info_call 10055620 f   ARP_02_RPSsmile_Glove2_sfun_registry.obj
 0001:00054760       _sf_process_get_updateBuildInfo_args_info_call 10055760 f   ARP_02_RPSsmile_Glove2_sfun_registry.obj
 0001:000548a0       _sf_process_get_eml_resolved_functions_info_call 100558a0 f   ARP_02_RPSsmile_Glove2_sfun_registry.obj
 0001:000549c0       _sf_mex_unlock_call        100559c0 f   ARP_02_RPSsmile_Glove2_sfun_registry.obj
 0001:00054a50       _sf_machine_global_initializer_called 10055a50 f   ARP_02_RPSsmile_Glove2_sfun_registry.obj
 0001:00054a70       _sf_machine_global_method_dispatcher 10055a70 f   ARP_02_RPSsmile_Glove2_sfun_registry.obj
 0001:00054ab0       _sf_machine_global_terminator 10055ab0 f   ARP_02_RPSsmile_Glove2_sfun_registry.obj
 0001:00054af0       _sf_register_machine_exported_symbols 10055af0 f   ARP_02_RPSsmile_Glove2_sfun_registry.obj
 0001:00054b10       _callCustomFcn             10055b10 f   ARP_02_RPSsmile_Glove2_sfun_registry.obj
 0001:00054b20       _sf_machine_global_initializer 10055b20 f   ARP_02_RPSsmile_Glove2_sfun_registry.obj
 0001:00054b90       _mdlGetSimState            10055b90 f   ARP_02_RPSsmile_Glove2_sfun_registry.obj
 0001:00054bf0       _mdlSetSimState            10055bf0 f   ARP_02_RPSsmile_Glove2_sfun_registry.obj
 0001:00054c20       __ssSetStateAbsTol         10055c20 f   ARP_02_RPSsmile_Glove2_sfun_registry.obj
 0001:00054cc0       __ssGetAbsTol              10055cc0 f   ARP_02_RPSsmile_Glove2_sfun_registry.obj
 0001:00054d10       __ssSetInputPortMatrixDimensions 10055d10 f   ARP_02_RPSsmile_Glove2_sfun_registry.obj
 0001:00054dc0       __ssSetOutputPortMatrixDimensions 10055dc0 f   ARP_02_RPSsmile_Glove2_sfun_registry.obj
 0001:00054e70       __ssSetInputPortVectorDimension 10055e70 f   ARP_02_RPSsmile_Glove2_sfun_registry.obj
 0001:00054ef0       __ssSetOutputPortVectorDimension 10055ef0 f   ARP_02_RPSsmile_Glove2_sfun_registry.obj
 0001:00054f70       _ssIsRunTimeParamTunable   10055f70 f   ARP_02_RPSsmile_Glove2_sfun_registry.obj
 0001:00054fd0       _ssGetSFuncBlockHandle     10055fd0 f   ARP_02_RPSsmile_Glove2_sfun_registry.obj
 0001:00055020       __ssGetCurrentInputPortWidth 10056020 f   ARP_02_RPSsmile_Glove2_sfun_registry.obj
 0001:000550f0       __ssGetCurrentOutputPortWidth 100560f0 f   ARP_02_RPSsmile_Glove2_sfun_registry.obj
 0001:000551c0       __ssGetCallSystemNumFcnCallDestinations 100561c0 f   ARP_02_RPSsmile_Glove2_sfun_registry.obj
 0001:00055220       _ssWarning                 10056220 f   ARP_02_RPSsmile_Glove2_sfun_registry.obj
 0001:00055300       _ssGetIsZeroCrossControlDisabled 10056300 f   ARP_02_RPSsmile_Glove2_sfun_registry.obj
 0001:00055360       _ssSetIsInputPortUsedForContZcSignal 10056360 f   ARP_02_RPSsmile_Glove2_sfun_registry.obj
 0001:000553b0       _ssSetZcSignalIsZcElementDisc 100563b0 f   ARP_02_RPSsmile_Glove2_sfun_registry.obj
 0001:00055430       _ssSetZcSignalName         10056430 f   ARP_02_RPSsmile_Glove2_sfun_registry.obj
 0001:00055480       _ssSetZcSignalWidth        10056480 f   ARP_02_RPSsmile_Glove2_sfun_registry.obj
 0001:000554d0       _ssSetZcSignalZcEventType  100564d0 f   ARP_02_RPSsmile_Glove2_sfun_registry.obj
 0001:00055520       _ssSetZcSignalType         10056520 f   ARP_02_RPSsmile_Glove2_sfun_registry.obj
 0001:00055570       _ssSetZcSignalZcTol        10056570 f   ARP_02_RPSsmile_Glove2_sfun_registry.obj
 0001:000555c0       _ssSetZcSignalNeedsEventNotification 100565c0 f   ARP_02_RPSsmile_Glove2_sfun_registry.obj
 0001:00055610       _ssCreateAndAddZcSignalInfo 10056610 f   ARP_02_RPSsmile_Glove2_sfun_registry.obj
 0001:00055670       _ssCloneAndAddZcSignalInfo 10056670 f   ARP_02_RPSsmile_Glove2_sfun_registry.obj
 0001:000556d0       _ssGetNumZcSignals         100566d0 f   ARP_02_RPSsmile_Glove2_sfun_registry.obj
 0001:00055730       _ssGetZcSignalVector       10056730 f   ARP_02_RPSsmile_Glove2_sfun_registry.obj
 0001:00055790       _ssGetZcSignalZcEvents     10056790 f   ARP_02_RPSsmile_Glove2_sfun_registry.obj
 0001:000557f0       _ssGetZcSignalName         100567f0 f   ARP_02_RPSsmile_Glove2_sfun_registry.obj
 0001:00055850       _ssGetZcSignalWidth        10056850 f   ARP_02_RPSsmile_Glove2_sfun_registry.obj
 0001:000558b0       _ssGetZcSignalZcEventType  100568b0 f   ARP_02_RPSsmile_Glove2_sfun_registry.obj
 0001:00055910       _ssGetZcSignalType         10056910 f   ARP_02_RPSsmile_Glove2_sfun_registry.obj
 0001:00055970       _ssGetZcSignalZcTol        10056970 f   ARP_02_RPSsmile_Glove2_sfun_registry.obj
 0001:000559d0       _ssGetZcSignalNeedsEventNotification 100569d0 f   ARP_02_RPSsmile_Glove2_sfun_registry.obj
 0001:00055a30       _ssGetZcSignalIsZcElementDisc 10056a30 f   ARP_02_RPSsmile_Glove2_sfun_registry.obj
 0001:00055ab0       _ssGetIsInputPortElementContinuous 10056ab0 f   ARP_02_RPSsmile_Glove2_sfun_registry.obj
 0001:00055b30       __ssGetInputPortSignalPtrsFcn 10056b30 f   ARP_02_RPSsmile_Glove2_sfun_registry.obj
 0001:00055d30       __ssGetInputPortSignalFcn  10056d30 f   ARP_02_RPSsmile_Glove2_sfun_registry.obj
 0001:00055ec0       __ssSetInputPortDirectFeedThroughFcn 10056ec0 f   ARP_02_RPSsmile_Glove2_sfun_registry.obj
 0001:00055ff0       __ssSetInputPortReusableFcn 10056ff0 f   ARP_02_RPSsmile_Glove2_sfun_registry.obj
 0001:00056080       __ssSetOutputPortReusableFcn 10057080 f   ARP_02_RPSsmile_Glove2_sfun_registry.obj
 0001:00056110       _ssGetDTypeIdFromMxArray   10057110 f   ARP_02_RPSsmile_Glove2_sfun_registry.obj
 0001:00056200       _ssWriteRTWStr             10057200 f   ARP_02_RPSsmile_Glove2_sfun_registry.obj
 0001:00056240       _ssWriteRTWMxVectParam     10057240 f   ARP_02_RPSsmile_Glove2_sfun_registry.obj
 0001:00056280       _ssWriteRTWMx2dMatParam    10057280 f   ARP_02_RPSsmile_Glove2_sfun_registry.obj
 0001:000562c0       _ssWriteRTWNameValuePair   100572c0 f   ARP_02_RPSsmile_Glove2_sfun_registry.obj
 0001:00056630       _ssWriteRTWParameters      10057630 f   ARP_02_RPSsmile_Glove2_sfun_registry.obj
 0001:000569d0       _ssWriteRTWParamSettings   100579d0 f   ARP_02_RPSsmile_Glove2_sfun_registry.obj
 0001:00056e80       _ssWriteRTWWorkVect        10057e80 f   ARP_02_RPSsmile_Glove2_sfun_registry.obj
 0001:00057210       _mexFunction               10058210 f   ARP_02_RPSsmile_Glove2_sfun_registry.obj
 0001:00058f60       _ProcessMexSfunctionEveryCall 10059f60 f   ARP_02_RPSsmile_Glove2_sfun_registry.obj
 0001:0005907e       _sf_debug_set_machine_data_thresholds 1005a07e f   sf_runtime:sf_runtime.dll
 0001:00059084       _sf_debug_set_machine_event_thresholds 1005a084 f   sf_runtime:sf_runtime.dll
 0001:0005908a       _sf_debug_initialize_machine 1005a08a f   sf_runtime:sf_runtime.dll
 0001:00059090       _sf_load_rtw_optimization_info 1005a090 f   sf_runtime:sf_runtime.dll
 0001:00059096       _sf_mex_emlrtNameCapturePostProcessR2012a 1005a096 f   sf_runtime:sf_runtime.dll
 0001:0005909c       _sf_mex_assign             1005a09c f   sf_runtime:sf_runtime.dll
 0001:000590a2       _sf_mex_createstruct       1005a0a2 f   sf_runtime:sf_runtime.dll
 0001:000590a8       _sf_mex_destroy            1005a0a8 f   sf_runtime:sf_runtime.dll
 0001:000590ae       _sf_mex_duplicatearraysafe 1005a0ae f   sf_runtime:sf_runtime.dll
 0001:000590b4       _sf_mex_createcellmatrix   1005a0b4 f   sf_runtime:sf_runtime.dll
 0001:000590ba       _sf_mex_addfield           1005a0ba f   sf_runtime:sf_runtime.dll
 0001:000590c0       _sf_mex_create             1005a0c0 f   sf_runtime:sf_runtime.dll
 0001:000590c6       _sf_mex_error_message      1005a0c6 f   sf_runtime:sf_runtime.dll
 0001:000590cc       _sf_mex_call_matlab        1005a0cc f   sf_runtime:sf_runtime.dll
 0001:000590d2       _sf_mex_setcell            1005a0d2 f   sf_runtime:sf_runtime.dll
 0001:000590d8       _sf_mex_decode_encoded_mx_struct_array 1005a0d8 f   sf_runtime:sf_runtime.dll
 0001:000590de       _sf_mex_getcell            1005a0de f   sf_runtime:sf_runtime.dll
 0001:000590e4       _sf_mex_dup                1005a0e4 f   sf_runtime:sf_runtime.dll
 0001:000590ea       _sf_debug_animate          1005a0ea f   sf_runtime:sf_runtime.dll
 0001:000590f0       _sf_debug_call             1005a0f0 f   sf_runtime:sf_runtime.dll
 0001:000590f6       _sf_debug_set_honor_breakpoints 1005a0f6 f   sf_runtime:sf_runtime.dll
 0001:000590fc       _sf_debug_set_animation    1005a0fc f   sf_runtime:sf_runtime.dll
 0001:00059102       _sf_debug_get_animation    1005a102 f   sf_runtime:sf_runtime.dll
 0001:00059108       _sf_mex_import             1005a108 f   sf_runtime:sf_runtime.dll
 0001:0005910e       _sf_set_rtw_dwork_info     1005a10e f   sf_runtime:sf_runtime.dll
 0001:00059114       _sf_mark_chart_reusable_outputs 1005a114 f   sf_runtime:sf_runtime.dll
 0001:0005911a       _sf_mark_chart_expressionable_inputs 1005a11a f   sf_runtime:sf_runtime.dll
 0001:00059120       _sf_mark_output_events_with_multiple_callers 1005a120 f   sf_runtime:sf_runtime.dll
 0001:00059126       _sf_update_buildInfo       1005a126 f   sf_runtime:sf_runtime.dll
 0001:0005912c       _sf_rtw_info_uint_prop     1005a12c f   sf_runtime:sf_runtime.dll
 0001:00059132       _sf_is_chart_inlinable     1005a132 f   sf_runtime:sf_runtime.dll
 0001:00059138       _sim_mode_is_external      1005a138 f   sf_runtime:sf_runtime.dll
 0001:0005913e       _sim_mode_is_rtw_gen       1005a13e f   sf_runtime:sf_runtime.dll
 0001:00059144       _sf_debug_reset_current_state_configuration 1005a144 f   sf_runtime:sf_runtime.dll
 0001:0005914a       _sf_debug_set_instance_data_value_ptr 1005a14a f   sf_runtime:sf_runtime.dll
 0001:00059150       _sf_debug_set_chart_data_compiled_props 1005a150 f   sf_runtime:sf_runtime.dll
 0001:00059156       _cv_eml_init_mcdc          1005a156 f   sf_runtime:sf_runtime.dll
 0001:0005915c       _cv_script_init_fcn        1005a15c f   sf_runtime:sf_runtime.dll
 0001:00059162       _cv_script_init_script     1005a162 f   sf_runtime:sf_runtime.dll
 0001:00059168       _cv_eml_init_if            1005a168 f   sf_runtime:sf_runtime.dll
 0001:0005916e       _cv_eml_init_fcn           1005a16e f   sf_runtime:sf_runtime.dll
 0001:00059174       _cv_eml_init_script        1005a174 f   sf_runtime:sf_runtime.dll
 0001:0005917a       _sf_debug_cv_init_trans    1005a17a f   sf_runtime:sf_runtime.dll
 0001:00059180       _sf_debug_cv_init_state    1005a180 f   sf_runtime:sf_runtime.dll
 0001:00059186       _sf_debug_cv_init_chart    1005a186 f   sf_runtime:sf_runtime.dll
 0001:0005918c       _sf_debug_set_chart_state_substate_index 1005a18c f   sf_runtime:sf_runtime.dll
 0001:00059192       _sf_debug_set_chart_state_substate_count 1005a192 f   sf_runtime:sf_runtime.dll
 0001:00059198       _sf_debug_set_chart_substate_index 1005a198 f   sf_runtime:sf_runtime.dll
 0001:0005919e       _sf_debug_set_chart_decomposition 1005a19e f   sf_runtime:sf_runtime.dll
 0001:000591a4       _sf_debug_set_chart_substate_count 1005a1a4 f   sf_runtime:sf_runtime.dll
 0001:000591aa       _sf_debug_set_chart_state_info 1005a1aa f   sf_runtime:sf_runtime.dll
 0001:000591b0       _sf_debug_set_chart_event_scope 1005a1b0 f   sf_runtime:sf_runtime.dll
 0001:000591b6       _sf_debug_set_chart_data_props 1005a1b6 f   sf_runtime:sf_runtime.dll
 0001:000591bc       _sf_debug_set_chart_event_thresholds 1005a1bc f   sf_runtime:sf_runtime.dll
 0001:000591c2       _sf_debug_set_chart_disable_implicit_casting 1005a1c2 f   sf_runtime:sf_runtime.dll
 0001:000591c8       _sf_debug_initialize_chart 1005a1c8 f   sf_runtime:sf_runtime.dll
 0001:000591ce       _sf_debug_set_script_translation 1005a1ce f   sf_runtime:sf_runtime.dll
 0001:000591d4       _sf_debug_get_script_id    1005a1d4 f   sf_runtime:sf_runtime.dll
 0001:000591da       _sf_get_time               1005a1da f   sf_runtime:sf_runtime.dll
 0001:000591e0       _sf_call_output_fcn_enable 1005a1e0 f   sf_runtime:sf_runtime.dll
 0001:000591e6       _sf_call_output_fcn_disable 1005a1e6 f   sf_runtime:sf_runtime.dll
 0001:000591ec       _sf_debug_check_for_state_inconsistency 1005a1ec f   sf_runtime:sf_runtime.dll
 0001:000591f2       _sf_debug_symbol_scope_pop 1005a1f2 f   sf_runtime:sf_runtime.dll
 0001:000591f8       _sf_debug_data_range_wrapper 1005a1f8 f   sf_runtime:sf_runtime.dll
 0001:000591fe       _sf_debug_symbol_scope_push 1005a1fe f   sf_runtime:sf_runtime.dll
 0001:00059204       _sf_mex_sub                1005a204 f   sf_runtime:sf_runtime.dll
 0001:0005920a       _cv_eml_eval               1005a20a f   sf_runtime:sf_runtime.dll
 0001:00059210       _cv_eval_point             1005a210 f   sf_runtime:sf_runtime.dll
 0001:00059216       _sf_mex_call_debug         1005a216 f   sf_runtime:sf_runtime.dll
 0001:0005921c       _sf_mex_printf             1005a21c f   sf_runtime:sf_runtime.dll
 0001:00059222       _sf_debug_unset_instance_data_value_ptr 1005a222 f   sf_runtime:sf_runtime.dll
 0001:00059228       _sf_call_output_fcn_call   1005a228 f   sf_runtime:sf_runtime.dll
 0001:0005922e       _sf_debug_symbol_scope_add_importable 1005a22e f   sf_runtime:sf_runtime.dll
 0001:00059234       _sf_debug_symbol_scope_add_eml_importable 1005a234 f   sf_runtime:sf_runtime.dll
 0001:0005923a       _sf_debug_symbol_scope_push_eml 1005a23a f   sf_runtime:sf_runtime.dll
 0001:00059240       _cv_script_eval            1005a240 f   sf_runtime:sf_runtime.dll
 0001:00059246       _sf_debug_symbol_scope_add_eml 1005a246 f   sf_runtime:sf_runtime.dll
 0001:0005924c       _eml_debug_line_call       1005a24c f   sf_runtime:sf_runtime.dll
 0001:00059252       _sf_debug_temporal_threshold 1005a252 f   sf_runtime:sf_runtime.dll
 0001:00059258       _sf_debug_eml_data_array_bounds_error_check 1005a258 f   sf_runtime:sf_runtime.dll
 0001:0005925e       _sf_debug_read_before_write_check 1005a25e f   sf_runtime:sf_runtime.dll
 0001:00059264       _sf_debug_integer_check    1005a264 f   sf_runtime:sf_runtime.dll
 0001:0005926a       _sf_clear_rtw_identifier   1005a26a f   sf_runtime:sf_runtime.dll
 0001:00059270       _sf_debug_terminate        1005a270 f   sf_runtime:sf_runtime.dll
 0001:00059276       _sf_debug_create_debug_instance_struct 1005a276 f   sf_runtime:sf_runtime.dll
 0001:0005927c       _sf_debug_api              1005a27c f   sf_runtime:sf_runtime.dll
 0001:00059282       _callMdlMethodAndReportError 1005a282 f   sf_runtime:sf_runtime.dll
 0001:00059288       _call_sf_machine_global_method_dispatcher 1005a288 f   sf_runtime:sf_runtime.dll
 0001:0005928e       _sf_clear_error_manager_info 1005a28e f   sf_runtime:sf_runtime.dll
 0001:00059294       _sf_mex_error_direct_call  1005a294 f   sf_runtime:sf_runtime.dll
 0001:0005929a       _mxGetScalar               1005a29a f   libmx:libmx.dll
 0001:000592a0       _mxGetPr                   1005a2a0 f   libmx:libmx.dll
 0001:000592a6       _mxCreateDoubleMatrix_730  1005a2a6 f   libmx:libmx.dll
 0001:000592ac       _mxGetString_730           1005a2ac f   libmx:libmx.dll
 0001:000592b2       _mxIsChar                  1005a2b2 f   libmx:libmx.dll
 0001:000592b8       _mxDestroyArray            1005a2b8 f   libmx:libmx.dll
 0001:000592be       _mxDuplicateArray          1005a2be f   libmx:libmx.dll
 0001:000592c4       _mxCreateDoubleScalar      1005a2c4 f   libmx:libmx.dll
 0001:000592ca       _mxSetField_730            1005a2ca f   libmx:libmx.dll
 0001:000592d0       _mxCreateString            1005a2d0 f   libmx:libmx.dll
 0001:000592d6       _mxCreateStructMatrix_730  1005a2d6 f   libmx:libmx.dll
 0001:000592dc       _mxCreateCellMatrix_730    1005a2dc f   libmx:libmx.dll
 0001:000592e2       _mxIsEmpty                 1005a2e2 f   libmx:libmx.dll
 0001:000592e8       _mxGetClassID              1005a2e8 f   libmx:libmx.dll
 0001:000592ee       _mxIsNumeric               1005a2ee f   libmx:libmx.dll
 0001:000592f4       _mxIsComplex               1005a2f4 f   libmx:libmx.dll
 0001:000592fa       _mxGetN                    1005a2fa f   libmx:libmx.dll
 0001:00059300       _mxGetM                    1005a300 f   libmx:libmx.dll
 0001:00059306       _mxCalloc                  1005a306 f   libmx:libmx.dll
 0001:0005930c       _mexMakeArrayPersistent    1005a30c f   libmex:libmex.dll
 0001:00059312       _mexUnlock                 1005a312 f   libmex:libmex.dll
 0001:00059318       _mexIsLocked               1005a318 f   libmex:libmex.dll
 0001:0005931e       _mexWarnMsgTxt             1005a31e f   libmex:libmex.dll
 0001:00059324       _mexCallMATLAB             1005a324 f   libmex:libmex.dll
 0001:0005932a       _mexErrMsgTxt              1005a32a f   libmex:libmex.dll
 0001:00059330       _mexLock                   1005a330 f   libmex:libmex.dll
 0001:00059336       _utMalloc                  1005a336 f   libut:libut.dll
 0001:0005933c       _utFree                    1005a33c f   libut:libut.dll
 0001:00059342       _muDoubleScalarFloor       1005a342 f   libmwmathutil:libmwmathutil.dll
 0001:00059348       _muDoubleScalarRound       1005a348 f   libmwmathutil:libmwmathutil.dll
 0001:0005934e       _strcmp                    1005a34e f   MSVCRT:MSVCR100.dll
 0001:00059360       @__security_check_cookie@4 1005a360 f   MSVCRT:secchk.obj
 0001:00059370       _strlen                    1005a370 f   MSVCRT:MSVCR100.dll
 0001:00059376       _memset                    1005a376 f   MSVCRT:MSVCR100.dll
 0001:00059380       __chkstk                   1005a380 f   MSVCRT:chkstk.obj
 0001:00059380       __alloca_probe             1005a380     MSVCRT:chkstk.obj
 0001:000593b0       __ftol2_sse                1005a3b0 f   MSVCRT:ftol2.obj
 0001:000593b9       __ftol2_pentium4           1005a3b9 f   MSVCRT:ftol2.obj
 0001:000593cc       __ftol2_sse_excpt          1005a3cc f   MSVCRT:ftol2.obj
 0001:000593e6       __ftol2                    1005a3e6 f   MSVCRT:ftol2.obj
 0001:0005945c       _free                      1005a45c f   MSVCRT:MSVCR100.dll
 0001:00059462       _sprintf                   1005a462 f   MSVCRT:MSVCR100.dll
 0001:00059468       _malloc                    1005a468 f   MSVCRT:MSVCR100.dll
 0001:0005946e       _strcat                    1005a46e f   MSVCRT:MSVCR100.dll
 0001:00059474       _memcpy                    1005a474 f   MSVCRT:MSVCR100.dll
 0001:0005947a       _NtCurrentTeb              1005a47a f i MSVCRT:crtdll.obj
 0001:000594cf       __CRT_INIT@12              1005a4cf f   MSVCRT:crtdll.obj
 0001:000597ef       __DllMainCRTStartup@12     1005a7ef f   MSVCRT:crtdll.obj
 0001:00059812       ___report_gsfailure        1005a812 f   MSVCRT:gs_report.obj
 0001:00059918       ___sse2_available_init     1005a918 f   MSVCRT:cpu_disp.obj
 0001:00059928       ___clean_type_info_names   1005a928 f   MSVCRT:tncleanup.obj
 0001:00059934       __onexit                   1005a934 f   MSVCRT:atonexit.obj
 0001:000599d5       _atexit                    1005a9d5 f   MSVCRT:atonexit.obj
 0001:000599ec       __RTC_Initialize           1005a9ec f   MSVCRT:_initsect_.obj
 0001:00059a12       __RTC_Terminate            1005aa12 f   MSVCRT:_initsect_.obj
 0001:00059a38       __malloc_crt               1005aa38 f   MSVCRT:MSVCR100.dll
 0001:00059a3e       __encoded_null             1005aa3e f   MSVCRT:MSVCR100.dll
 0001:00059a50       __ValidateImageBase        1005aa50 f   MSVCRT:pesect.obj
 0001:00059a90       __FindPESection            1005aa90 f   MSVCRT:pesect.obj
 0001:00059ae0       __IsNonwritableInCurrentImage 1005aae0 f   MSVCRT:pesect.obj
 0001:00059b9c       __initterm                 1005ab9c f   MSVCRT:MSVCR100.dll
 0001:00059ba2       __initterm_e               1005aba2 f   MSVCRT:MSVCR100.dll
 0001:00059ba8       __amsg_exit                1005aba8 f   MSVCRT:MSVCR100.dll
 0001:00059bae       ___CppXcptFilter           1005abae f   MSVCRT:MSVCR100.dll
 0001:00059bb4       _DllMain@12                1005abb4 f   MSVCRT:dllmain.obj
 0001:00059be0       __SEH_prolog4              1005abe0 f   MSVCRT:sehprolg4.obj
 0001:00059c25       __SEH_epilog4              1005ac25 f   MSVCRT:sehprolg4.obj
 0001:00059c39       __except_handler4          1005ac39 f   MSVCRT:chandler4gs.obj
 0001:00059c5e       ___security_init_cookie    1005ac5e f   MSVCRT:gs_support.obj
 0001:00059cfa       __crt_debugger_hook        1005acfa f   MSVCRT:MSVCR100.dll
 0001:00059d00       ___clean_type_info_names_internal 1005ad00 f   MSVCRT:MSVCR100.dll
 0001:00059d06       __unlock                   1005ad06 f   MSVCRT:MSVCR100.dll
 0001:00059d0c       ___dllonexit               1005ad0c f   MSVCRT:MSVCR100.dll
 0001:00059d12       __lock                     1005ad12 f   MSVCRT:MSVCR100.dll
 0001:00059d18       __except_handler4_common   1005ad18 f   MSVCRT:MSVCR100.dll
 0001:00059d1e       _EncodePointer@4           1005ad1e f   kernel32:KERNEL32.dll
 0001:00059d24       _DecodePointer@4           1005ad24 f   kernel32:KERNEL32.dll
 0001:00059d2a       _InterlockedExchange@8     1005ad2a f   kernel32:KERNEL32.dll
 0001:00059d30       _Sleep@4                   1005ad30 f   kernel32:KERNEL32.dll
 0001:00059d36       _InterlockedCompareExchange@12 1005ad36 f   kernel32:KERNEL32.dll
 0001:00059d3c       _TerminateProcess@8        1005ad3c f   kernel32:KERNEL32.dll
 0001:00059d42       _GetCurrentProcess@0       1005ad42 f   kernel32:KERNEL32.dll
 0001:00059d48       _UnhandledExceptionFilter@4 1005ad48 f   kernel32:KERNEL32.dll
 0001:00059d4e       _SetUnhandledExceptionFilter@4 1005ad4e f   kernel32:KERNEL32.dll
 0001:00059d54       _IsDebuggerPresent@0       1005ad54 f   kernel32:KERNEL32.dll
 0001:00059d5a       _IsProcessorFeaturePresent@4 1005ad5a f   kernel32:KERNEL32.dll
 0001:00059d60       _DisableThreadLibraryCalls@4 1005ad60 f   kernel32:KERNEL32.dll
 0001:00059d66       _QueryPerformanceCounter@4 1005ad66 f   kernel32:KERNEL32.dll
 0001:00059d6c       _GetTickCount@0            1005ad6c f   kernel32:KERNEL32.dll
 0001:00059d72       _GetCurrentThreadId@0      1005ad72 f   kernel32:KERNEL32.dll
 0001:00059d78       _GetCurrentProcessId@0     1005ad78 f   kernel32:KERNEL32.dll
 0001:00059d7e       _GetSystemTimeAsFileTime@4 1005ad7e f   kernel32:KERNEL32.dll
 0002:00000000       __imp__GetCurrentProcessId@0 1005b000     kernel32:KERNEL32.dll
 0002:00000004       __imp__GetCurrentThreadId@0 1005b004     kernel32:KERNEL32.dll
 0002:00000008       __imp__GetTickCount@0      1005b008     kernel32:KERNEL32.dll
 0002:0000000c       __imp__QueryPerformanceCounter@4 1005b00c     kernel32:KERNEL32.dll
 0002:00000010       __imp__DisableThreadLibraryCalls@4 1005b010     kernel32:KERNEL32.dll
 0002:00000014       __imp__IsProcessorFeaturePresent@4 1005b014     kernel32:KERNEL32.dll
 0002:00000018       __imp__IsDebuggerPresent@0 1005b018     kernel32:KERNEL32.dll
 0002:0000001c       __imp__SetUnhandledExceptionFilter@4 1005b01c     kernel32:KERNEL32.dll
 0002:00000020       __imp__UnhandledExceptionFilter@4 1005b020     kernel32:KERNEL32.dll
 0002:00000024       __imp__GetCurrentProcess@0 1005b024     kernel32:KERNEL32.dll
 0002:00000028       __imp__TerminateProcess@8  1005b028     kernel32:KERNEL32.dll
 0002:0000002c       __imp__InterlockedCompareExchange@12 1005b02c     kernel32:KERNEL32.dll
 0002:00000030       __imp__Sleep@4             1005b030     kernel32:KERNEL32.dll
 0002:00000034       __imp__InterlockedExchange@8 1005b034     kernel32:KERNEL32.dll
 0002:00000038       __imp__DecodePointer@4     1005b038     kernel32:KERNEL32.dll
 0002:0000003c       __imp__EncodePointer@4     1005b03c     kernel32:KERNEL32.dll
 0002:00000040       __imp__GetSystemTimeAsFileTime@4 1005b040     kernel32:KERNEL32.dll
 0002:00000044       \177KERNEL32_NULL_THUNK_DATA 1005b044     kernel32:KERNEL32.dll
 0002:00000048       __imp___except_handler4_common 1005b048     MSVCRT:MSVCR100.dll
 0002:0000004c       __imp___onexit             1005b04c     MSVCRT:MSVCR100.dll
 0002:00000050       __imp___lock               1005b050     MSVCRT:MSVCR100.dll
 0002:00000054       __imp____dllonexit         1005b054     MSVCRT:MSVCR100.dll
 0002:00000058       __imp___unlock             1005b058     MSVCRT:MSVCR100.dll
 0002:0000005c       __imp____clean_type_info_names_internal 1005b05c     MSVCRT:MSVCR100.dll
 0002:00000060       __imp___crt_debugger_hook  1005b060     MSVCRT:MSVCR100.dll
 0002:00000064       __imp____CppXcptFilter     1005b064     MSVCRT:MSVCR100.dll
 0002:00000068       __imp___amsg_exit          1005b068     MSVCRT:MSVCR100.dll
 0002:0000006c       __imp___initterm_e         1005b06c     MSVCRT:MSVCR100.dll
 0002:00000070       __imp___initterm           1005b070     MSVCRT:MSVCR100.dll
 0002:00000074       __imp___encoded_null       1005b074     MSVCRT:MSVCR100.dll
 0002:00000078       __imp___malloc_crt         1005b078     MSVCRT:MSVCR100.dll
 0002:0000007c       __imp__memcpy              1005b07c     MSVCRT:MSVCR100.dll
 0002:00000080       __imp__strcat              1005b080     MSVCRT:MSVCR100.dll
 0002:00000084       __imp__malloc              1005b084     MSVCRT:MSVCR100.dll
 0002:00000088       __imp__sprintf             1005b088     MSVCRT:MSVCR100.dll
 0002:0000008c       __imp__free                1005b08c     MSVCRT:MSVCR100.dll
 0002:00000090       __imp__memset              1005b090     MSVCRT:MSVCR100.dll
 0002:00000094       __imp__strlen              1005b094     MSVCRT:MSVCR100.dll
 0002:00000098       __imp__strcmp              1005b098     MSVCRT:MSVCR100.dll
 0002:0000009c       \177MSVCR100_NULL_THUNK_DATA 1005b09c     MSVCRT:MSVCR100.dll
 0002:000000a0       __imp__mexErrMsgTxt        1005b0a0     libmex:libmex.dll
 0002:000000a4       __imp__mexUnlock           1005b0a4     libmex:libmex.dll
 0002:000000a8       __imp__mexIsLocked         1005b0a8     libmex:libmex.dll
 0002:000000ac       __imp__mexLock             1005b0ac     libmex:libmex.dll
 0002:000000b0       __imp__mexMakeArrayPersistent 1005b0b0     libmex:libmex.dll
 0002:000000b4       __imp__mexCallMATLAB       1005b0b4     libmex:libmex.dll
 0002:000000b8       __imp__mexWarnMsgTxt       1005b0b8     libmex:libmex.dll
 0002:000000bc       \177libmex_NULL_THUNK_DATA 1005b0bc     libmex:libmex.dll
 0002:000000c0       __imp__muDoubleScalarRound 1005b0c0     libmwmathutil:libmwmathutil.dll
 0002:000000c4       __imp__muDoubleScalarFloor 1005b0c4     libmwmathutil:libmwmathutil.dll
 0002:000000c8       \177libmwmathutil_NULL_THUNK_DATA 1005b0c8     libmwmathutil:libmwmathutil.dll
 0002:000000cc       __imp__mxCalloc            1005b0cc     libmx:libmx.dll
 0002:000000d0       __imp__mxGetM              1005b0d0     libmx:libmx.dll
 0002:000000d4       __imp__mxGetN              1005b0d4     libmx:libmx.dll
 0002:000000d8       __imp__mxIsComplex         1005b0d8     libmx:libmx.dll
 0002:000000dc       __imp__mxIsNumeric         1005b0dc     libmx:libmx.dll
 0002:000000e0       __imp__mxGetClassID        1005b0e0     libmx:libmx.dll
 0002:000000e4       __imp__mxIsEmpty           1005b0e4     libmx:libmx.dll
 0002:000000e8       __imp__mxCreateCellMatrix_730 1005b0e8     libmx:libmx.dll
 0002:000000ec       __imp__mxCreateStructMatrix_730 1005b0ec     libmx:libmx.dll
 0002:000000f0       __imp__mxCreateString      1005b0f0     libmx:libmx.dll
 0002:000000f4       __imp__mxSetField_730      1005b0f4     libmx:libmx.dll
 0002:000000f8       __imp__mxCreateDoubleScalar 1005b0f8     libmx:libmx.dll
 0002:000000fc       __imp__mxDuplicateArray    1005b0fc     libmx:libmx.dll
 0002:00000100       __imp__mxDestroyArray      1005b100     libmx:libmx.dll
 0002:00000104       __imp__mxIsChar            1005b104     libmx:libmx.dll
 0002:00000108       __imp__mxGetString_730     1005b108     libmx:libmx.dll
 0002:0000010c       __imp__mxCreateDoubleMatrix_730 1005b10c     libmx:libmx.dll
 0002:00000110       __imp__mxGetPr             1005b110     libmx:libmx.dll
 0002:00000114       __imp__mxGetScalar         1005b114     libmx:libmx.dll
 0002:00000118       \177libmx_NULL_THUNK_DATA  1005b118     libmx:libmx.dll
 0002:0000011c       __imp__utMalloc            1005b11c     libut:libut.dll
 0002:00000120       __imp__utFree              1005b120     libut:libut.dll
 0002:00000124       \177libut_NULL_THUNK_DATA  1005b124     libut:libut.dll
 0002:00000128       __imp__sf_debug_symbol_scope_push_eml 1005b128     sf_runtime:sf_runtime.dll
 0002:0000012c       __imp__cv_script_eval      1005b12c     sf_runtime:sf_runtime.dll
 0002:00000130       __imp__sf_debug_symbol_scope_add_eml 1005b130     sf_runtime:sf_runtime.dll
 0002:00000134       __imp__eml_debug_line_call 1005b134     sf_runtime:sf_runtime.dll
 0002:00000138       __imp__sf_debug_temporal_threshold 1005b138     sf_runtime:sf_runtime.dll
 0002:0000013c       __imp__sf_debug_eml_data_array_bounds_error_check 1005b13c     sf_runtime:sf_runtime.dll
 0002:00000140       __imp__sf_debug_read_before_write_check 1005b140     sf_runtime:sf_runtime.dll
 0002:00000144       __imp__sf_debug_integer_check 1005b144     sf_runtime:sf_runtime.dll
 0002:00000148       __imp__sf_debug_unset_instance_data_value_ptr 1005b148     sf_runtime:sf_runtime.dll
 0002:0000014c       __imp__sf_debug_terminate  1005b14c     sf_runtime:sf_runtime.dll
 0002:00000150       __imp__sf_debug_create_debug_instance_struct 1005b150     sf_runtime:sf_runtime.dll
 0002:00000154       __imp__sf_debug_api        1005b154     sf_runtime:sf_runtime.dll
 0002:00000158       __imp__callMdlMethodAndReportError 1005b158     sf_runtime:sf_runtime.dll
 0002:0000015c       __imp__call_sf_machine_global_method_dispatcher 1005b15c     sf_runtime:sf_runtime.dll
 0002:00000160       __imp__sf_clear_error_manager_info 1005b160     sf_runtime:sf_runtime.dll
 0002:00000164       __imp__sf_mex_error_direct_call 1005b164     sf_runtime:sf_runtime.dll
 0002:00000168       __imp__sf_debug_animate    1005b168     sf_runtime:sf_runtime.dll
 0002:0000016c       __imp__sf_mex_printf       1005b16c     sf_runtime:sf_runtime.dll
 0002:00000170       __imp__sf_mex_call_debug   1005b170     sf_runtime:sf_runtime.dll
 0002:00000174       __imp__cv_eval_point       1005b174     sf_runtime:sf_runtime.dll
 0002:00000178       __imp__cv_eml_eval         1005b178     sf_runtime:sf_runtime.dll
 0002:0000017c       __imp__sf_debug_symbol_scope_add_eml_importable 1005b17c     sf_runtime:sf_runtime.dll
 0002:00000180       __imp__sf_debug_symbol_scope_push 1005b180     sf_runtime:sf_runtime.dll
 0002:00000184       __imp__sf_debug_data_range_wrapper 1005b184     sf_runtime:sf_runtime.dll
 0002:00000188       __imp__sf_debug_symbol_scope_pop 1005b188     sf_runtime:sf_runtime.dll
 0002:0000018c       __imp__sf_debug_check_for_state_inconsistency 1005b18c     sf_runtime:sf_runtime.dll
 0002:00000190       __imp__sf_call_output_fcn_disable 1005b190     sf_runtime:sf_runtime.dll
 0002:00000194       __imp__sf_call_output_fcn_enable 1005b194     sf_runtime:sf_runtime.dll
 0002:00000198       __imp__sf_get_time         1005b198     sf_runtime:sf_runtime.dll
 0002:0000019c       __imp__sf_debug_get_script_id 1005b19c     sf_runtime:sf_runtime.dll
 0002:000001a0       __imp__sf_debug_set_script_translation 1005b1a0     sf_runtime:sf_runtime.dll
 0002:000001a4       __imp__sf_debug_initialize_chart 1005b1a4     sf_runtime:sf_runtime.dll
 0002:000001a8       __imp__sf_debug_set_chart_disable_implicit_casting 1005b1a8     sf_runtime:sf_runtime.dll
 0002:000001ac       __imp__sf_debug_set_chart_event_thresholds 1005b1ac     sf_runtime:sf_runtime.dll
 0002:000001b0       __imp__sf_debug_set_chart_data_props 1005b1b0     sf_runtime:sf_runtime.dll
 0002:000001b4       __imp__sf_debug_set_chart_event_scope 1005b1b4     sf_runtime:sf_runtime.dll
 0002:000001b8       __imp__sf_debug_set_chart_state_info 1005b1b8     sf_runtime:sf_runtime.dll
 0002:000001bc       __imp__sf_debug_set_chart_substate_count 1005b1bc     sf_runtime:sf_runtime.dll
 0002:000001c0       __imp__sf_debug_set_chart_decomposition 1005b1c0     sf_runtime:sf_runtime.dll
 0002:000001c4       __imp__sf_debug_set_chart_substate_index 1005b1c4     sf_runtime:sf_runtime.dll
 0002:000001c8       __imp__sf_debug_set_chart_state_substate_count 1005b1c8     sf_runtime:sf_runtime.dll
 0002:000001cc       __imp__sf_debug_set_chart_state_substate_index 1005b1cc     sf_runtime:sf_runtime.dll
 0002:000001d0       __imp__sf_debug_cv_init_chart 1005b1d0     sf_runtime:sf_runtime.dll
 0002:000001d4       __imp__sf_debug_cv_init_state 1005b1d4     sf_runtime:sf_runtime.dll
 0002:000001d8       __imp__sf_debug_symbol_scope_add_importable 1005b1d8     sf_runtime:sf_runtime.dll
 0002:000001dc       __imp__sf_mex_sub          1005b1dc     sf_runtime:sf_runtime.dll
 0002:000001e0       __imp__sf_call_output_fcn_call 1005b1e0     sf_runtime:sf_runtime.dll
 0002:000001e4       __imp__sf_debug_cv_init_trans 1005b1e4     sf_runtime:sf_runtime.dll
 0002:000001e8       __imp__cv_eml_init_script  1005b1e8     sf_runtime:sf_runtime.dll
 0002:000001ec       __imp__cv_eml_init_fcn     1005b1ec     sf_runtime:sf_runtime.dll
 0002:000001f0       __imp__cv_eml_init_if      1005b1f0     sf_runtime:sf_runtime.dll
 0002:000001f4       __imp__cv_script_init_script 1005b1f4     sf_runtime:sf_runtime.dll
 0002:000001f8       __imp__cv_script_init_fcn  1005b1f8     sf_runtime:sf_runtime.dll
 0002:000001fc       __imp__cv_eml_init_mcdc    1005b1fc     sf_runtime:sf_runtime.dll
 0002:00000200       __imp__sf_debug_set_chart_data_compiled_props 1005b200     sf_runtime:sf_runtime.dll
 0002:00000204       __imp__sf_debug_set_instance_data_value_ptr 1005b204     sf_runtime:sf_runtime.dll
 0002:00000208       __imp__sf_debug_reset_current_state_configuration 1005b208     sf_runtime:sf_runtime.dll
 0002:0000020c       __imp__sim_mode_is_rtw_gen 1005b20c     sf_runtime:sf_runtime.dll
 0002:00000210       __imp__sim_mode_is_external 1005b210     sf_runtime:sf_runtime.dll
 0002:00000214       __imp__sf_is_chart_inlinable 1005b214     sf_runtime:sf_runtime.dll
 0002:00000218       __imp__sf_rtw_info_uint_prop 1005b218     sf_runtime:sf_runtime.dll
 0002:0000021c       __imp__sf_update_buildInfo 1005b21c     sf_runtime:sf_runtime.dll
 0002:00000220       __imp__sf_mark_output_events_with_multiple_callers 1005b220     sf_runtime:sf_runtime.dll
 0002:00000224       __imp__sf_mark_chart_expressionable_inputs 1005b224     sf_runtime:sf_runtime.dll
 0002:00000228       __imp__sf_mark_chart_reusable_outputs 1005b228     sf_runtime:sf_runtime.dll
 0002:0000022c       __imp__sf_set_rtw_dwork_info 1005b22c     sf_runtime:sf_runtime.dll
 0002:00000230       __imp__sf_mex_import       1005b230     sf_runtime:sf_runtime.dll
 0002:00000234       __imp__sf_debug_get_animation 1005b234     sf_runtime:sf_runtime.dll
 0002:00000238       __imp__sf_debug_set_animation 1005b238     sf_runtime:sf_runtime.dll
 0002:0000023c       __imp__sf_debug_set_honor_breakpoints 1005b23c     sf_runtime:sf_runtime.dll
 0002:00000240       __imp__sf_debug_call       1005b240     sf_runtime:sf_runtime.dll
 0002:00000244       __imp__sf_mex_dup          1005b244     sf_runtime:sf_runtime.dll
 0002:00000248       __imp__sf_mex_getcell      1005b248     sf_runtime:sf_runtime.dll
 0002:0000024c       __imp__sf_mex_decode_encoded_mx_struct_array 1005b24c     sf_runtime:sf_runtime.dll
 0002:00000250       __imp__sf_mex_setcell      1005b250     sf_runtime:sf_runtime.dll
 0002:00000254       __imp__sf_mex_call_matlab  1005b254     sf_runtime:sf_runtime.dll
 0002:00000258       __imp__sf_mex_error_message 1005b258     sf_runtime:sf_runtime.dll
 0002:0000025c       __imp__sf_mex_create       1005b25c     sf_runtime:sf_runtime.dll
 0002:00000260       __imp__sf_mex_addfield     1005b260     sf_runtime:sf_runtime.dll
 0002:00000264       __imp__sf_mex_createcellmatrix 1005b264     sf_runtime:sf_runtime.dll
 0002:00000268       __imp__sf_mex_duplicatearraysafe 1005b268     sf_runtime:sf_runtime.dll
 0002:0000026c       __imp__sf_mex_destroy      1005b26c     sf_runtime:sf_runtime.dll
 0002:00000270       __imp__sf_mex_createstruct 1005b270     sf_runtime:sf_runtime.dll
 0002:00000274       __imp__sf_mex_assign       1005b274     sf_runtime:sf_runtime.dll
 0002:00000278       __imp__sf_mex_emlrtNameCapturePostProcessR2012a 1005b278     sf_runtime:sf_runtime.dll
 0002:0000027c       __imp__sf_load_rtw_optimization_info 1005b27c     sf_runtime:sf_runtime.dll
 0002:00000280       __imp__sf_debug_initialize_machine 1005b280     sf_runtime:sf_runtime.dll
 0002:00000284       __imp__sf_debug_set_machine_event_thresholds 1005b284     sf_runtime:sf_runtime.dll
 0002:00000288       __imp__sf_clear_rtw_identifier 1005b288     sf_runtime:sf_runtime.dll
 0002:0000028c       __imp__sf_debug_set_machine_data_thresholds 1005b28c     sf_runtime:sf_runtime.dll
 0002:00000290       \177sf_runtime_NULL_THUNK_DATA 1005b290     sf_runtime:sf_runtime.dll
 0002:00000294       ___xc_a                    1005b294     MSVCRT:cinitexe.obj
 0002:00000298       ___xc_z                    1005b298     MSVCRT:cinitexe.obj
 0002:0000029c       ___xi_a                    1005b29c     MSVCRT:cinitexe.obj
 0002:000002a8       ___xi_z                    1005b2a8     MSVCRT:cinitexe.obj
 0002:000002b0       __real@41c33cebc2800000    1005b2b0     ARP_02_RPSsmile_Glove2_sfun.obj
 0002:000002b8       __real@41c45fb6fd800000    1005b2b8     ARP_02_RPSsmile_Glove2_sfun.obj
 0002:000002c0       __real@41d3d891e9000000    1005b2c0     ARP_02_RPSsmile_Glove2_sfun.obj
 0002:000002c8       __real@41d3deda9e000000    1005b2c8     ARP_02_RPSsmile_Glove2_sfun.obj
 0002:000002d0       __real@41b0fb04df000000    1005b2d0     ARP_02_RPSsmile_Glove2_sfun.obj
 0002:000002d8       __real@41da14ed17400000    1005b2d8     ARP_02_RPSsmile_Glove2_sfun.obj
 0002:000002e0       __real@41d47f2e8cc00000    1005b2e0     ARP_02_RPSsmile_Glove2_sfun.obj
 0002:000002e8       __real@41eb0e6e75400000    1005b2e8     ARP_02_RPSsmile_Glove2_sfun.obj
 0002:000002f0       __real@41ed2d63cc200000    1005b2f0     ARP_02_RPSsmile_Glove2_sfun.obj
 0002:000002f8       __real@41ed4a8a57200000    1005b2f8     ARP_02_RPSsmile_Glove2_sfun.obj
 0002:00000300       __real@41dfbba45c400000    1005b300     ARP_02_RPSsmile_Glove2_sfun.obj
 0002:00000308       __real@41e8bd9dd2e00000    1005b308     ARP_02_RPSsmile_Glove2_sfun.obj
 0002:00000310       __real@0000000000000000    1005b310     ARP_02_RPSsmile_Glove2_sfun.obj
 0002:00000318       __real@41e5b253e8c00000    1005b318     ARP_02_RPSsmile_Glove2_sfun.obj
 0002:00000320       __real@41e91f3cad600000    1005b320     ARP_02_RPSsmile_Glove2_sfun.obj
 0002:00000328       __real@41e34673b1200000    1005b328     ARP_02_RPSsmile_Glove2_sfun.obj
 0002:00000330       __real@41a3566bc4000000    1005b330     ARP_02_RPSsmile_Glove2_sfun.obj
 0002:00000338       __real@41e266f76d000000    1005b338     c1_ARP_02_RPSsmile_Glove2.obj
 0002:00000340       __real@41e293062aa00000    1005b340     c1_ARP_02_RPSsmile_Glove2.obj
 0002:00000348       __real@41b80026d6000000    1005b348     c1_ARP_02_RPSsmile_Glove2.obj
 0002:00000350       __real@41dadaa351000000    1005b350     c1_ARP_02_RPSsmile_Glove2.obj
 0002:00000358       __real@4024000000000000    1005b358     c1_ARP_02_RPSsmile_Glove2.obj
 0002:00000360       __real@3ff0000000000000    1005b360     c1_ARP_02_RPSsmile_Glove2.obj
 0002:00000368       __real@4008000000000000    1005b368     c1_ARP_02_RPSsmile_Glove2.obj
 0002:00000370       __real@4000000000000000    1005b370     c1_ARP_02_RPSsmile_Glove2.obj
 0002:00000378       __real@4020000000000000    1005b378     c1_ARP_02_RPSsmile_Glove2.obj
 0002:00000380       __real@4010000000000000    1005b380     c1_ARP_02_RPSsmile_Glove2.obj
 0002:00000388       __real@4031000000000000    1005b388     c1_ARP_02_RPSsmile_Glove2.obj
 0002:00000390       __real@4014000000000000    1005b390     c1_ARP_02_RPSsmile_Glove2.obj
 0002:00000398       __real@4032000000000000    1005b398     c1_ARP_02_RPSsmile_Glove2.obj
 0002:000003a0       __real@4057800000000000    1005b3a0     c1_ARP_02_RPSsmile_Glove2.obj
 0002:000003a8       __real@4070000000000000    1005b3a8     c1_ARP_02_RPSsmile_Glove2.obj
 0002:000003b0       __real@4018000000000000    1005b3b0     c1_ARP_02_RPSsmile_Glove2.obj
 0002:000003b8       __real@4022000000000000    1005b3b8     c1_ARP_02_RPSsmile_Glove2.obj
 0002:000003c0       __real@4056000000000000    1005b3c0     c1_ARP_02_RPSsmile_Glove2.obj
 0002:000003c8       __real@4055800000000000    1005b3c8     c1_ARP_02_RPSsmile_Glove2.obj
 0002:000003d0       __real@3defffffffffffff    1005b3d0     c1_ARP_02_RPSsmile_Glove2.obj
 0002:000003d8       __real@3e00000000200000    1005b3d8     c1_ARP_02_RPSsmile_Glove2.obj
 0002:000003e0       __real@40b5710000000000    1005b3e0     c1_ARP_02_RPSsmile_Glove2.obj
 0002:000003e8       __real@4030000000000000    1005b3e8     c1_ARP_02_RPSsmile_Glove2.obj
 0002:000003f0       __real@4054400000000000    1005b3f0     c1_ARP_02_RPSsmile_Glove2.obj
 0002:000003f8       __real@4064200000000000    1005b3f8     c1_ARP_02_RPSsmile_Glove2.obj
 0002:00000400       __real@4063a00000000000    1005b400     c1_ARP_02_RPSsmile_Glove2.obj
 0002:00000408       __real@4057000000000000    1005b408     c1_ARP_02_RPSsmile_Glove2.obj
 0002:00000410       __real@4056400000000000    1005b410     c1_ARP_02_RPSsmile_Glove2.obj
 0002:00000418       __real@4053800000000000    1005b418     c1_ARP_02_RPSsmile_Glove2.obj
 0002:00000420       __real@4051000000000000    1005b420     c1_ARP_02_RPSsmile_Glove2.obj
 0002:00000428       __real@401c000000000000    1005b428     c1_ARP_02_RPSsmile_Glove2.obj
 0002:00000430       __real@4062600000000000    1005b430     c1_ARP_02_RPSsmile_Glove2.obj
 0002:00000438       __real@4064800000000000    1005b438     c1_ARP_02_RPSsmile_Glove2.obj
 0002:00000440       __real@406be00000000000    1005b440     c1_ARP_02_RPSsmile_Glove2.obj
 0002:00000448       __real@406c200000000000    1005b448     c1_ARP_02_RPSsmile_Glove2.obj
 0002:00000450       __real@4055c00000000000    1005b450     c1_ARP_02_RPSsmile_Glove2.obj
 0002:00000458       __real@402e000000000000    1005b458     c1_ARP_02_RPSsmile_Glove2.obj
 0002:00000460       __real@402c000000000000    1005b460     c1_ARP_02_RPSsmile_Glove2.obj
 0002:00000468       __real@402a000000000000    1005b468     c1_ARP_02_RPSsmile_Glove2.obj
 0002:00000470       __real@4028000000000000    1005b470     c1_ARP_02_RPSsmile_Glove2.obj
 0002:00000478       __real@4026000000000000    1005b478     c1_ARP_02_RPSsmile_Glove2.obj
 0002:00000480       __real@405d800000000000    1005b480     c1_ARP_02_RPSsmile_Glove2.obj
 0002:00000488       __real@405dc00000000000    1005b488     c1_ARP_02_RPSsmile_Glove2.obj
 0002:00000490       __real@405d000000000000    1005b490     c1_ARP_02_RPSsmile_Glove2.obj
 0002:00000498       __real@405e000000000000    1005b498     c1_ARP_02_RPSsmile_Glove2.obj
 0002:000004a0       __real@405e400000000000    1005b4a0     c1_ARP_02_RPSsmile_Glove2.obj
 0002:000004a8       __real@405e800000000000    1005b4a8     c1_ARP_02_RPSsmile_Glove2.obj
 0002:000004b0       __real@405ec00000000000    1005b4b0     c1_ARP_02_RPSsmile_Glove2.obj
 0002:000004b8       __real@4060a00000000000    1005b4b8     c1_ARP_02_RPSsmile_Glove2.obj
 0002:000004c0       __real@4061200000000000    1005b4c0     c1_ARP_02_RPSsmile_Glove2.obj
 0002:000004c8       __real@4061400000000000    1005b4c8     c1_ARP_02_RPSsmile_Glove2.obj
 0002:000004d0       __real@4061000000000000    1005b4d0     c1_ARP_02_RPSsmile_Glove2.obj
 0002:000004d8       __real@4060e00000000000    1005b4d8     c1_ARP_02_RPSsmile_Glove2.obj
 0002:000004e0       __real@4060600000000000    1005b4e0     c1_ARP_02_RPSsmile_Glove2.obj
 0002:000004e8       __real@4060c00000000000    1005b4e8     c1_ARP_02_RPSsmile_Glove2.obj
 0002:000004f0       __real@4061c00000000000    1005b4f0     c1_ARP_02_RPSsmile_Glove2.obj
 0002:000004f8       __real@4056c00000000000    1005b4f8     c1_ARP_02_RPSsmile_Glove2.obj
 0002:00000500       __real@4057400000000000    1005b500     c1_ARP_02_RPSsmile_Glove2.obj
 0002:00000508       __real@4057c00000000000    1005b508     c1_ARP_02_RPSsmile_Glove2.obj
 0002:00000510       __real@4058400000000000    1005b510     c1_ARP_02_RPSsmile_Glove2.obj
 0002:00000518       __real@41f0000000000000    1005b518     c1_ARP_02_RPSsmile_Glove2.obj
 0002:00000520       __real@3ca0000000000000    1005b520     c1_ARP_02_RPSsmile_Glove2.obj
 0002:00000528       __real@4190000000000000    1005b528     c1_ARP_02_RPSsmile_Glove2.obj
 0002:00000530       __real@406c800000000000    1005b530     c1_ARP_02_RPSsmile_Glove2.obj
 0002:00000538       __real@4078d00000000000    1005b538     c1_ARP_02_RPSsmile_Glove2.obj
 0002:00000540       __real@4083880000000000    1005b540     c1_ARP_02_RPSsmile_Glove2.obj
 0002:00000548       __real@41ed3bfe59800000    1005b548     c2_ARP_02_RPSsmile_Glove2.obj
 0002:00000550       __real@419da584fc000000    1005b550     c2_ARP_02_RPSsmile_Glove2.obj
 0002:00000558       __real@41e3856f02e00000    1005b558     c2_ARP_02_RPSsmile_Glove2.obj
 0002:00000560       __real@41a27472c2000000    1005b560     c2_ARP_02_RPSsmile_Glove2.obj
 0002:00000568       __real@41e1718ddc600000    1005b568     c3_ARP_02_RPSsmile_Glove2.obj
 0002:00000570       __real@41e3672189400000    1005b570     c3_ARP_02_RPSsmile_Glove2.obj
 0002:00000578       __real@41d6704ccd800000    1005b578     c3_ARP_02_RPSsmile_Glove2.obj
 0002:00000580       __real@41e8f197c6600000    1005b580     c3_ARP_02_RPSsmile_Glove2.obj
 0002:00000588       _DYNAMIC_DIMENSION_DEF     1005b588     ARP_02_RPSsmile_Glove2_sfun_registry.obj
 0002:00000598       __ssBadLevel2InputAccessMsg 1005b598     ARP_02_RPSsmile_Glove2_sfun_registry.obj
 0002:00000720       __ssBadLevel2DirectFeedMsg 1005b720     ARP_02_RPSsmile_Glove2_sfun_registry.obj
 0002:00000860       __ssBadLevel2DirectFeedSolutionMsg 1005b860     ARP_02_RPSsmile_Glove2_sfun_registry.obj
 0002:000008d0       __ssBadLevel2ZeroDirectFeedMsg 1005b8d0     ARP_02_RPSsmile_Glove2_sfun_registry.obj
 0002:00000a10       __ssBadLevel2ZeroDirectFeedMsg2 1005ba10     ARP_02_RPSsmile_Glove2_sfun_registry.obj
 0002:00000af8       __real@bff0000000000000    1005baf8     ARP_02_RPSsmile_Glove2_sfun_registry.obj
 0002:00000b00       __real@4153d65940000000    1005bb00     ARP_02_RPSsmile_Glove2_sfun_registry.obj
 0002:00000b08       __pRawDllMain              1005bb08     MSVCRT:crtdll.obj
 0002:00000b08       __pDefaultRawDllMain       1005bb08     MSVCRT:crtdll.obj
 0002:00000b14       ?ProcessDetach@NativeDll@<CrtImplementationDetails>@@0IB 1005bb14     MSVCRT:tncleanup.obj
 0002:00000b18       ?ProcessAttach@NativeDll@<CrtImplementationDetails>@@0IB 1005bb18     MSVCRT:tncleanup.obj
 0002:00000b1c       ?ThreadAttach@NativeDll@<CrtImplementationDetails>@@0IB 1005bb1c     MSVCRT:tncleanup.obj
 0002:00000b20       ?ThreadDetach@NativeDll@<CrtImplementationDetails>@@0IB 1005bb20     MSVCRT:tncleanup.obj
 0002:00000b24       ?ProcessVerifier@NativeDll@<CrtImplementationDetails>@@0IB 1005bb24     MSVCRT:tncleanup.obj
 0002:00000b28       __load_config_used         1005bb28     MSVCRT:loadcfg.obj
 0002:00000b70       ___safe_se_handler_table   1005bb70     <linker-defined>
 0002:00000b74       ___rtc_iaa                 1005bb74     MSVCRT:_initsect_.obj
 0002:00000b78       ___rtc_izz                 1005bb78     MSVCRT:_initsect_.obj
 0002:00000b7c       ___rtc_taa                 1005bb7c     MSVCRT:_initsect_.obj
 0002:00000b80       ___rtc_tzz                 1005bb80     MSVCRT:_initsect_.obj
 0002:00000bec       __IMPORT_DESCRIPTOR_sf_runtime 1005bbec     sf_runtime:sf_runtime.dll
 0002:00000c00       __IMPORT_DESCRIPTOR_libmx  1005bc00     libmx:libmx.dll
 0002:00000c14       __IMPORT_DESCRIPTOR_libmex 1005bc14     libmex:libmex.dll
 0002:00000c28       __IMPORT_DESCRIPTOR_libut  1005bc28     libut:libut.dll
 0002:00000c3c       __IMPORT_DESCRIPTOR_libmwmathutil 1005bc3c     libmwmathutil:libmwmathutil.dll
 0002:00000c50       __IMPORT_DESCRIPTOR_MSVCR100 1005bc50     MSVCRT:MSVCR100.dll
 0002:00000c64       __IMPORT_DESCRIPTOR_KERNEL32 1005bc64     kernel32:KERNEL32.dll
 0002:00000c78       __NULL_IMPORT_DESCRIPTOR   1005bc78     sf_runtime:sf_runtime.dll
 0003:000177dc       _DYNAMIC_DIMENSION         100747dc     ARP_02_RPSsmile_Glove2_sfun_registry.obj
 0003:00018368       ___security_cookie         10075368     MSVCRT:gs_cookie.obj
 0003:0001836c       ___security_cookie_complement 1007536c     MSVCRT:gs_cookie.obj
 0003:00018370       ___native_dllmain_reason   10075370     MSVCRT:natstart.obj
 0003:00018374       ___native_vcclrit_reason   10075374     MSVCRT:natstart.obj
 0003:000184c8       _sfGlobalDebugInstanceStruct 100754c8     ARP_02_RPSsmile_Glove2_sfun_registry.obj
 0003:000187fc       ?__type_info_root_node@@3U__type_info_node@@A 100757fc     MSVCRT:tncleanup.obj
 0003:00018804       __ARP_02_RPSsmile_Glove2MachineNumber_ 10075804     <common>
 0003:00018808       ___native_startup_state    10075808     <common>
 0003:0001880c       ___native_startup_lock     1007580c     <common>
 0003:00018810       ___onexitend               10075810     <common>
 0003:00018814       ___onexitbegin             10075814     <common>
 0003:00018818       ___sse2_available          10075818     <common>
 0003:0001881c       ___dyn_tls_init_callback   1007581c     <common>

 entry point at        0001:000597ef

 Static symbols

 0001:00000bb0       _c1_info_helper            10001bb0 f   c1_ARP_02_RPSsmile_Glove2.obj
 0001:00005730       _c1_emlrt_marshallOut      10006730 f   c1_ARP_02_RPSsmile_Glove2.obj
 0001:00005790       _c1_b_emlrt_marshallOut    10006790 f   c1_ARP_02_RPSsmile_Glove2.obj
 0001:00007710       _get_sim_state_c1_ARP_02_RPSsmile_Glove2 10008710 f   c1_ARP_02_RPSsmile_Glove2.obj
 0001:00008ae0       _sf_get_sim_state_info_c1_ARP_02_RPSsmile_Glove2 10009ae0 f   c1_ARP_02_RPSsmile_Glove2.obj
 0001:00008c70       _set_sim_state_c1_ARP_02_RPSsmile_Glove2 10009c70 f   c1_ARP_02_RPSsmile_Glove2.obj
 0001:00009590       _c1_update_debugger_state_c1_ARP_02_RPSsmile_Glove2 1000a590 f   c1_ARP_02_RPSsmile_Glove2.obj
 0001:0000b080       _c1_b_emlrt_marshallIn     1000c080 f   c1_ARP_02_RPSsmile_Glove2.obj
 0001:0000b0d0       _c1_c_emlrt_marshallIn     1000c0d0 f   c1_ARP_02_RPSsmile_Glove2.obj
 0001:0000b120       _c1_h_emlrt_marshallIn     1000c120 f   c1_ARP_02_RPSsmile_Glove2.obj
 0001:0000b170       _c1_i_emlrt_marshallIn     1000c170 f   c1_ARP_02_RPSsmile_Glove2.obj
 0001:0000b1c0       _c1_j_emlrt_marshallIn     1000c1c0 f   c1_ARP_02_RPSsmile_Glove2.obj
 0001:0000b210       _c1_k_emlrt_marshallIn     1000c210 f   c1_ARP_02_RPSsmile_Glove2.obj
 0001:0000b290       _c1_l_emlrt_marshallIn     1000c290 f   c1_ARP_02_RPSsmile_Glove2.obj
 0001:0000b2e0       _c1_m_emlrt_marshallIn     1000c2e0 f   c1_ARP_02_RPSsmile_Glove2.obj
 0001:0000b360       _c1_n_emlrt_marshallIn     1000c360 f   c1_ARP_02_RPSsmile_Glove2.obj
 0001:0000b3b0       _c1_o_emlrt_marshallIn     1000c3b0 f   c1_ARP_02_RPSsmile_Glove2.obj
 0001:0000b480       _c1_p_emlrt_marshallIn     1000c480 f   c1_ARP_02_RPSsmile_Glove2.obj
 0001:0000b4d0       _c1_q_emlrt_marshallIn     1000c4d0 f   c1_ARP_02_RPSsmile_Glove2.obj
 0001:0000b570       _c1_r_emlrt_marshallIn     1000c570 f   c1_ARP_02_RPSsmile_Glove2.obj
 0001:0000b5c0       _c1_s_emlrt_marshallIn     1000c5c0 f   c1_ARP_02_RPSsmile_Glove2.obj
 0001:0000b610       _c1_t_emlrt_marshallIn     1000c610 f   c1_ARP_02_RPSsmile_Glove2.obj
 0001:0000b670       _c1_u_emlrt_marshallIn     1000c670 f   c1_ARP_02_RPSsmile_Glove2.obj
 0001:0000b710       _mdlProcessParameters_c1_ARP_02_RPSsmile_Glove2 1000c710 f   c1_ARP_02_RPSsmile_Glove2.obj
 0001:0000b7c0       _initialize_params_c1_ARP_02_RPSsmile_Glove2 1000c7c0 f   c1_ARP_02_RPSsmile_Glove2.obj
 0001:0000b7d0       _mdlSetWorkWidths_c1_ARP_02_RPSsmile_Glove2 1000c7d0 f   c1_ARP_02_RPSsmile_Glove2.obj
 0001:0000bb90       _sf_get_instance_specialization 1000cb90 f   c1_ARP_02_RPSsmile_Glove2.obj
 0001:0000bba0       _mdlStart_c1_ARP_02_RPSsmile_Glove2 1000cba0 f   c1_ARP_02_RPSsmile_Glove2.obj
 0001:0000bd40       _init_dsm_address_info     1000cd40 f   c1_ARP_02_RPSsmile_Glove2.obj
 0001:0000bd50       _chart_debug_initialization 1000cd50 f   c1_ARP_02_RPSsmile_Glove2.obj
 0001:00015480       _init_script_number_translation 10016480 f   c1_ARP_02_RPSsmile_Glove2.obj
 0001:000154c0       _c1_sf_marshallOut         100164c0 f   c1_ARP_02_RPSsmile_Glove2.obj
 0001:000155f0       _c1_sf_marshallIn          100165f0 f   c1_ARP_02_RPSsmile_Glove2.obj
 0001:000156c0       _c1_emlrt_marshallIn       100166c0 f   c1_ARP_02_RPSsmile_Glove2.obj
 0001:00015750       _c1_b_sf_marshallOut       10016750 f   c1_ARP_02_RPSsmile_Glove2.obj
 0001:000157d0       _c1_b_sf_marshallIn        100167d0 f   c1_ARP_02_RPSsmile_Glove2.obj
 0001:00015850       _sf_opaque_initialize_c1_ARP_02_RPSsmile_Glove2 10016850 f   c1_ARP_02_RPSsmile_Glove2.obj
 0001:00015880       _initialize_c1_ARP_02_RPSsmile_Glove2 10016880 f   c1_ARP_02_RPSsmile_Glove2.obj
 0001:00015b60       _sf_opaque_enable_c1_ARP_02_RPSsmile_Glove2 10016b60 f   c1_ARP_02_RPSsmile_Glove2.obj
 0001:00015b80       _enable_c1_ARP_02_RPSsmile_Glove2 10016b80 f   c1_ARP_02_RPSsmile_Glove2.obj
 0001:00015bd0       _sf_opaque_disable_c1_ARP_02_RPSsmile_Glove2 10016bd0 f   c1_ARP_02_RPSsmile_Glove2.obj
 0001:00015bf0       _disable_c1_ARP_02_RPSsmile_Glove2 10016bf0 f   c1_ARP_02_RPSsmile_Glove2.obj
 0001:00015c40       _sf_opaque_gateway_c1_ARP_02_RPSsmile_Glove2 10016c40 f   c1_ARP_02_RPSsmile_Glove2.obj
 0001:00015c60       _sf_gateway_c1_ARP_02_RPSsmile_Glove2 10016c60 f   c1_ARP_02_RPSsmile_Glove2.obj
 0001:000164e0       _c1_set_sim_state_side_effects_c1_ARP_02_RPSsmile_Glove2 100174e0 f   c1_ARP_02_RPSsmile_Glove2.obj
 0001:00016de0       _c1_chartstep_c1_ARP_02_RPSsmile_Glove2 10017de0 f   c1_ARP_02_RPSsmile_Glove2.obj
 0001:000199a0       _c1_stateGame              1001a9a0 f   c1_ARP_02_RPSsmile_Glove2.obj
 0001:0001c2a0       _c1_stateStart             1001d2a0 f   c1_ARP_02_RPSsmile_Glove2.obj
 0001:0001c5d0       _c1_enter_atomic_stateReady 1001d5d0 f   c1_ARP_02_RPSsmile_Glove2.obj
 0001:0001c8b0       _c1_stateReady             1001d8b0 f   c1_ARP_02_RPSsmile_Glove2.obj
 0001:0001ce50       _c1_stateIfSmile           1001de50 f   c1_ARP_02_RPSsmile_Glove2.obj
 0001:0001de70       _c1_enter_atomic_statePoseReady 1001ee70 f   c1_ARP_02_RPSsmile_Glove2.obj
 0001:0001e720       _c1_statePoseReady         1001f720 f   c1_ARP_02_RPSsmile_Glove2.obj
 0001:0001ed00       _c1_stateHeadNeutral2      1001fd00 f   c1_ARP_02_RPSsmile_Glove2.obj
 0001:0001fb70       _c1_statePoseSmile         10020b70 f   c1_ARP_02_RPSsmile_Glove2.obj
 0001:00020290       _c1_stateSmile             10021290 f   c1_ARP_02_RPSsmile_Glove2.obj
 0001:00020830       _c1_enter_atomic_stateWristRotate 10021830 f   c1_ARP_02_RPSsmile_Glove2.obj
 0001:00020c80       _c1_stateWristRotate       10021c80 f   c1_ARP_02_RPSsmile_Glove2.obj
 0001:00020f20       _c1_stateNeckBack          10021f20 f   c1_ARP_02_RPSsmile_Glove2.obj
 0001:00021650       _c1_stateRandomHand        10022650 f   c1_ARP_02_RPSsmile_Glove2.obj
 0001:00024720       _c1_statePoseRock          10025720 f   c1_ARP_02_RPSsmile_Glove2.obj
 0001:00024ce0       _c1_statePoseFingersCLose  10025ce0 f   c1_ARP_02_RPSsmile_Glove2.obj
 0001:00025d90       _c1_statePosePaper         10026d90 f   c1_ARP_02_RPSsmile_Glove2.obj
 0001:00026350       _c1_stateReadUserHand      10027350 f   c1_ARP_02_RPSsmile_Glove2.obj
 0001:00027450       _c1_statePoseScissors      10028450 f   c1_ARP_02_RPSsmile_Glove2.obj
 0001:00027a10       _c1_stateShowHands         10028a10 f   c1_ARP_02_RPSsmile_Glove2.obj
 0001:00027da0       _c1_statePoseReturnFinger  10028da0 f   c1_ARP_02_RPSsmile_Glove2.obj
 0001:000283b0       _c1_enter_atomic_statePoseReturnWrist 100293b0 f   c1_ARP_02_RPSsmile_Glove2.obj
 0001:00028820       _c1_stateUserWin           10029820 f   c1_ARP_02_RPSsmile_Glove2.obj
 0001:00028c90       _c1_stateNoWin             10029c90 f   c1_ARP_02_RPSsmile_Glove2.obj
 0001:00029100       _c1_stateRandom1           1002a100 f   c1_ARP_02_RPSsmile_Glove2.obj
 0001:00029b90       _c1_stateHeadNeutral1      1002ab90 f   c1_ARP_02_RPSsmile_Glove2.obj
 0001:0002a3a0       _c1_statePoseSmileWin      1002b3a0 f   c1_ARP_02_RPSsmile_Glove2.obj
 0001:0002a790       _c1_stateShowResult        1002b790 f   c1_ARP_02_RPSsmile_Glove2.obj
 0001:0002b030       _c1_stateIdleGaze          1002c030 f   c1_ARP_02_RPSsmile_Glove2.obj
 0001:0002c070       _c1_enter_atomic_stateInitial 1002d070 f   c1_ARP_02_RPSsmile_Glove2.obj
 0001:0002c560       _c1_stateInitial           1002d560 f   c1_ARP_02_RPSsmile_Glove2.obj
 0001:0002de00       _c1_encStr2Arr             1002ee00 f   c1_ARP_02_RPSsmile_Glove2.obj
 0001:0002e350       _c1_b_encStr2Arr           1002f350 f   c1_ARP_02_RPSsmile_Glove2.obj
 0001:0002e890       _c1_c_encStr2Arr           1002f890 f   c1_ARP_02_RPSsmile_Glove2.obj
 0001:0002edc0       _c1_randi                  1002fdc0 f   c1_ARP_02_RPSsmile_Glove2.obj
 0001:0002eef0       _c1_rand                   1002fef0 f   c1_ARP_02_RPSsmile_Glove2.obj
 0001:0002ef10       _c1_eml_rand               1002ff10 f   c1_ARP_02_RPSsmile_Glove2.obj
 0001:0002f290       _c1_eml_rand_mt19937ar     10030290 f   c1_ARP_02_RPSsmile_Glove2.obj
 0001:0002f2f0       _c1_b_randi                100302f0 f   c1_ARP_02_RPSsmile_Glove2.obj
 0001:0002f340       _c1_c_randi                10030340 f   c1_ARP_02_RPSsmile_Glove2.obj
 0001:0002f380       _c1_d_randi                10030380 f   c1_ARP_02_RPSsmile_Glove2.obj
 0001:0002f3d0       _c1_c_sf_marshallOut       100303d0 f   c1_ARP_02_RPSsmile_Glove2.obj
 0001:0002f450       _c1_c_sf_marshallIn        10030450 f   c1_ARP_02_RPSsmile_Glove2.obj
 0001:0002f4d0       _c1_d_emlrt_marshallIn     100304d0 f   c1_ARP_02_RPSsmile_Glove2.obj
 0001:0002f520       _c1_d_sf_marshallOut       10030520 f   c1_ARP_02_RPSsmile_Glove2.obj
 0001:0002f650       _c1_d_sf_marshallIn        10030650 f   c1_ARP_02_RPSsmile_Glove2.obj
 0001:0002f720       _c1_e_emlrt_marshallIn     10030720 f   c1_ARP_02_RPSsmile_Glove2.obj
 0001:0002f7b0       _c1_e_sf_marshallOut       100307b0 f   c1_ARP_02_RPSsmile_Glove2.obj
 0001:0002f8b0       _c1_f_sf_marshallOut       100308b0 f   c1_ARP_02_RPSsmile_Glove2.obj
 0001:0002f9d0       _c1_g_sf_marshallOut       100309d0 f   c1_ARP_02_RPSsmile_Glove2.obj
 0001:0002fad0       _c1_h_sf_marshallOut       10030ad0 f   c1_ARP_02_RPSsmile_Glove2.obj
 0001:0002fbf0       _c1_i_sf_marshallOut       10030bf0 f   c1_ARP_02_RPSsmile_Glove2.obj
 0001:0002fcf0       _c1_j_sf_marshallOut       10030cf0 f   c1_ARP_02_RPSsmile_Glove2.obj
 0001:0002fe00       _c1_handPoseSB             10030e00 f   c1_ARP_02_RPSsmile_Glove2.obj
 0001:00031d00       _c1_d_encStr2Arr           10032d00 f   c1_ARP_02_RPSsmile_Glove2.obj
 0001:00032230       _c1_e_encStr2Arr           10033230 f   c1_ARP_02_RPSsmile_Glove2.obj
 0001:00032760       _c1_f_encStr2Arr           10033760 f   c1_ARP_02_RPSsmile_Glove2.obj
 0001:00032c90       _c1_g_encStr2Arr           10033c90 f   c1_ARP_02_RPSsmile_Glove2.obj
 0001:000331c0       _c1_h_encStr2Arr           100341c0 f   c1_ARP_02_RPSsmile_Glove2.obj
 0001:000336f0       _c1_k_sf_marshallOut       100346f0 f   c1_ARP_02_RPSsmile_Glove2.obj
 0001:00033810       _c1_l_sf_marshallOut       10034810 f   c1_ARP_02_RPSsmile_Glove2.obj
 0001:00033930       _c1_m_sf_marshallOut       10034930 f   c1_ARP_02_RPSsmile_Glove2.obj
 0001:00033a50       _c1_n_sf_marshallOut       10034a50 f   c1_ARP_02_RPSsmile_Glove2.obj
 0001:00033b70       _c1_o_sf_marshallOut       10034b70 f   c1_ARP_02_RPSsmile_Glove2.obj
 0001:00033c50       _c1_p_sf_marshallOut       10034c50 f   c1_ARP_02_RPSsmile_Glove2.obj
 0001:00033d70       _c1_q_sf_marshallOut       10034d70 f   c1_ARP_02_RPSsmile_Glove2.obj
 0001:00033e50       _c1_r_sf_marshallOut       10034e50 f   c1_ARP_02_RPSsmile_Glove2.obj
 0001:00033f70       _c1_s_sf_marshallOut       10034f70 f   c1_ARP_02_RPSsmile_Glove2.obj
 0001:00034070       _c1_t_sf_marshallOut       10035070 f   c1_ARP_02_RPSsmile_Glove2.obj
 0001:00034180       _c1_u_sf_marshallOut       10035180 f   c1_ARP_02_RPSsmile_Glove2.obj
 0001:00034280       _c1_v_sf_marshallOut       10035280 f   c1_ARP_02_RPSsmile_Glove2.obj
 0001:000343a0       _c1_idlePose               100353a0 f   c1_ARP_02_RPSsmile_Glove2.obj
 0001:000369e0       _c1_i_encStr2Arr           100379e0 f   c1_ARP_02_RPSsmile_Glove2.obj
 0001:00036f20       _c1_j_encStr2Arr           10037f20 f   c1_ARP_02_RPSsmile_Glove2.obj
 0001:00037460       _c1_k_encStr2Arr           10038460 f   c1_ARP_02_RPSsmile_Glove2.obj
 0001:000379a0       _c1_l_encStr2Arr           100389a0 f   c1_ARP_02_RPSsmile_Glove2.obj
 0001:00037f00       _c1_m_encStr2Arr           10038f00 f   c1_ARP_02_RPSsmile_Glove2.obj
 0001:00038430       _c1_n_encStr2Arr           10039430 f   c1_ARP_02_RPSsmile_Glove2.obj
 0001:00038980       _c1_o_encStr2Arr           10039980 f   c1_ARP_02_RPSsmile_Glove2.obj
 0001:00038ea0       _c1_w_sf_marshallOut       10039ea0 f   c1_ARP_02_RPSsmile_Glove2.obj
 0001:00038fb0       _c1_x_sf_marshallOut       10039fb0 f   c1_ARP_02_RPSsmile_Glove2.obj
 0001:000390c0       _c1_y_sf_marshallOut       1003a0c0 f   c1_ARP_02_RPSsmile_Glove2.obj
 0001:000391d0       _c1_ab_sf_marshallOut      1003a1d0 f   c1_ARP_02_RPSsmile_Glove2.obj
 0001:000392f0       _c1_bb_sf_marshallOut      1003a2f0 f   c1_ARP_02_RPSsmile_Glove2.obj
 0001:000393f0       _c1_cb_sf_marshallOut      1003a3f0 f   c1_ARP_02_RPSsmile_Glove2.obj
 0001:00039510       _c1_db_sf_marshallOut      1003a510 f   c1_ARP_02_RPSsmile_Glove2.obj
 0001:00039630       _c1_eb_sf_marshallOut      1003a630 f   c1_ARP_02_RPSsmile_Glove2.obj
 0001:00039740       _c1_fb_sf_marshallOut      1003a740 f   c1_ARP_02_RPSsmile_Glove2.obj
 0001:00039860       _c1_gb_sf_marshallOut      1003a860 f   c1_ARP_02_RPSsmile_Glove2.obj
 0001:00039980       _c1_hb_sf_marshallOut      1003a980 f   c1_ARP_02_RPSsmile_Glove2.obj
 0001:00039a90       _c1_ib_sf_marshallOut      1003aa90 f   c1_ARP_02_RPSsmile_Glove2.obj
 0001:00039ba0       _c1_boredGaze              1003aba0 f   c1_ARP_02_RPSsmile_Glove2.obj
 0001:0003df60       _c1_p_encStr2Arr           1003ef60 f   c1_ARP_02_RPSsmile_Glove2.obj
 0001:0003e4b0       _c1_q_encStr2Arr           1003f4b0 f   c1_ARP_02_RPSsmile_Glove2.obj
 0001:0003e9e0       _c1_r_encStr2Arr           1003f9e0 f   c1_ARP_02_RPSsmile_Glove2.obj
 0001:0003ef10       _c1_s_encStr2Arr           1003ff10 f   c1_ARP_02_RPSsmile_Glove2.obj
 0001:0003f450       _c1_t_encStr2Arr           10040450 f   c1_ARP_02_RPSsmile_Glove2.obj
 0001:0003f980       _c1_u_encStr2Arr           10040980 f   c1_ARP_02_RPSsmile_Glove2.obj
 0001:0003fec0       _c1_v_encStr2Arr           10040ec0 f   c1_ARP_02_RPSsmile_Glove2.obj
 0001:000403f0       _c1_w_encStr2Arr           100413f0 f   c1_ARP_02_RPSsmile_Glove2.obj
 0001:00040910       _c1_x_encStr2Arr           10041910 f   c1_ARP_02_RPSsmile_Glove2.obj
 0001:00040e60       _c1_y_encStr2Arr           10041e60 f   c1_ARP_02_RPSsmile_Glove2.obj
 0001:00041390       _c1_ab_encStr2Arr          10042390 f   c1_ARP_02_RPSsmile_Glove2.obj
 0001:000418c0       _c1_bb_encStr2Arr          100428c0 f   c1_ARP_02_RPSsmile_Glove2.obj
 0001:00041df0       _c1_cb_encStr2Arr          10042df0 f   c1_ARP_02_RPSsmile_Glove2.obj
 0001:00042340       _c1_db_encStr2Arr          10043340 f   c1_ARP_02_RPSsmile_Glove2.obj
 0001:00042870       _c1_eb_encStr2Arr          10043870 f   c1_ARP_02_RPSsmile_Glove2.obj
 0001:00042da0       _c1_fb_encStr2Arr          10043da0 f   c1_ARP_02_RPSsmile_Glove2.obj
 0001:000432c0       _c1_gb_encStr2Arr          100442c0 f   c1_ARP_02_RPSsmile_Glove2.obj
 0001:000437e0       _c1_hb_encStr2Arr          100447e0 f   c1_ARP_02_RPSsmile_Glove2.obj
 0001:00043d00       _c1_jb_sf_marshallOut      10044d00 f   c1_ARP_02_RPSsmile_Glove2.obj
 0001:00043e10       _c1_kb_sf_marshallOut      10044e10 f   c1_ARP_02_RPSsmile_Glove2.obj
 0001:00043f30       _c1_lb_sf_marshallOut      10044f30 f   c1_ARP_02_RPSsmile_Glove2.obj
 0001:00044040       _c1_mb_sf_marshallOut      10045040 f   c1_ARP_02_RPSsmile_Glove2.obj
 0001:00044160       _c1_nb_sf_marshallOut      10045160 f   c1_ARP_02_RPSsmile_Glove2.obj
 0001:00044270       _c1_ob_sf_marshallOut      10045270 f   c1_ARP_02_RPSsmile_Glove2.obj
 0001:00044380       _c1_pb_sf_marshallOut      10045380 f   c1_ARP_02_RPSsmile_Glove2.obj
 0001:00044490       _c1_qb_sf_marshallOut      10045490 f   c1_ARP_02_RPSsmile_Glove2.obj
 0001:000445b0       _c1_rb_sf_marshallOut      100455b0 f   c1_ARP_02_RPSsmile_Glove2.obj
 0001:000446d0       _c1_sb_sf_marshallOut      100456d0 f   c1_ARP_02_RPSsmile_Glove2.obj
 0001:000447e0       _c1_tb_sf_marshallOut      100457e0 f   c1_ARP_02_RPSsmile_Glove2.obj
 0001:00044900       _c1_ub_sf_marshallOut      10045900 f   c1_ARP_02_RPSsmile_Glove2.obj
 0001:00044a10       _c1_vb_sf_marshallOut      10045a10 f   c1_ARP_02_RPSsmile_Glove2.obj
 0001:00044b20       _c1_wb_sf_marshallOut      10045b20 f   c1_ARP_02_RPSsmile_Glove2.obj
 0001:00044c30       _c1_xb_sf_marshallOut      10045c30 f   c1_ARP_02_RPSsmile_Glove2.obj
 0001:00044d50       _c1_yb_sf_marshallOut      10045d50 f   c1_ARP_02_RPSsmile_Glove2.obj
 0001:00044e60       _c1_ac_sf_marshallOut      10045e60 f   c1_ARP_02_RPSsmile_Glove2.obj
 0001:00044f80       _c1_bc_sf_marshallOut      10045f80 f   c1_ARP_02_RPSsmile_Glove2.obj
 0001:00045090       _c1_cc_sf_marshallOut      10046090 f   c1_ARP_02_RPSsmile_Glove2.obj
 0001:000451b0       _c1_dc_sf_marshallOut      100461b0 f   c1_ARP_02_RPSsmile_Glove2.obj
 0001:000452d0       _c1_ec_sf_marshallOut      100462d0 f   c1_ARP_02_RPSsmile_Glove2.obj
 0001:000453f0       _c1_fc_sf_marshallOut      100463f0 f   c1_ARP_02_RPSsmile_Glove2.obj
 0001:00045510       _c1_gc_sf_marshallOut      10046510 f   c1_ARP_02_RPSsmile_Glove2.obj
 0001:00045630       _c1_hc_sf_marshallOut      10046630 f   c1_ARP_02_RPSsmile_Glove2.obj
 0001:00045740       _c1_ic_sf_marshallOut      10046740 f   c1_ARP_02_RPSsmile_Glove2.obj
 0001:00045860       _c1_jc_sf_marshallOut      10046860 f   c1_ARP_02_RPSsmile_Glove2.obj
 0001:00045980       _c1_kc_sf_marshallOut      10046980 f   c1_ARP_02_RPSsmile_Glove2.obj
 0001:00045aa0       _c1_lc_sf_marshallOut      10046aa0 f   c1_ARP_02_RPSsmile_Glove2.obj
 0001:00045bb0       _c1_mc_sf_marshallOut      10046bb0 f   c1_ARP_02_RPSsmile_Glove2.obj
 0001:00045cd0       _c1_nc_sf_marshallOut      10046cd0 f   c1_ARP_02_RPSsmile_Glove2.obj
 0001:00045df0       _c1_boredPoseS             10046df0 f   c1_ARP_02_RPSsmile_Glove2.obj
 0001:0004a1a0       _c1_ib_encStr2Arr          1004b1a0 f   c1_ARP_02_RPSsmile_Glove2.obj
 0001:0004a6c0       _c1_jb_encStr2Arr          1004b6c0 f   c1_ARP_02_RPSsmile_Glove2.obj
 0001:0004ac10       _c1_kb_encStr2Arr          1004bc10 f   c1_ARP_02_RPSsmile_Glove2.obj
 0001:0004b140       _c1_lb_encStr2Arr          1004c140 f   c1_ARP_02_RPSsmile_Glove2.obj
 0001:0004b670       _c1_mb_encStr2Arr          1004c670 f   c1_ARP_02_RPSsmile_Glove2.obj
 0001:0004bb90       _c1_nb_encStr2Arr          1004cb90 f   c1_ARP_02_RPSsmile_Glove2.obj
 0001:0004c0c0       _c1_ob_encStr2Arr          1004d0c0 f   c1_ARP_02_RPSsmile_Glove2.obj
 0001:0004c5f0       _c1_pb_encStr2Arr          1004d5f0 f   c1_ARP_02_RPSsmile_Glove2.obj
 0001:0004cb20       _c1_qb_encStr2Arr          1004db20 f   c1_ARP_02_RPSsmile_Glove2.obj
 0001:0004d060       _c1_rb_encStr2Arr          1004e060 f   c1_ARP_02_RPSsmile_Glove2.obj
 0001:0004d580       _c1_sb_encStr2Arr          1004e580 f   c1_ARP_02_RPSsmile_Glove2.obj
 0001:0004dad0       _c1_oc_sf_marshallOut      1004ead0 f   c1_ARP_02_RPSsmile_Glove2.obj
 0001:0004dbd0       _c1_pc_sf_marshallOut      1004ebd0 f   c1_ARP_02_RPSsmile_Glove2.obj
 0001:0004dcf0       _c1_qc_sf_marshallOut      1004ecf0 f   c1_ARP_02_RPSsmile_Glove2.obj
 0001:0004ddf0       _c1_rc_sf_marshallOut      1004edf0 f   c1_ARP_02_RPSsmile_Glove2.obj
 0001:0004df10       _c1_sc_sf_marshallOut      1004ef10 f   c1_ARP_02_RPSsmile_Glove2.obj
 0001:0004dff0       _c1_tc_sf_marshallOut      1004eff0 f   c1_ARP_02_RPSsmile_Glove2.obj
 0001:0004e110       _c1_uc_sf_marshallOut      1004f110 f   c1_ARP_02_RPSsmile_Glove2.obj
 0001:0004e220       _c1_vc_sf_marshallOut      1004f220 f   c1_ARP_02_RPSsmile_Glove2.obj
 0001:0004e340       _c1_updateDataWrittenToVector 1004f340 f   c1_ARP_02_RPSsmile_Glove2.obj
 0001:0004e390       _c1_errorIfDataNotWrittenToFcn 1004f390 f   c1_ARP_02_RPSsmile_Glove2.obj
 0001:0004e410       _c1_b_twister_state_vector 1004f410 f   c1_ARP_02_RPSsmile_Glove2.obj
 0001:0004e5f0       _c1_c_eml_rand_mt19937ar   1004f5f0 f   c1_ARP_02_RPSsmile_Glove2.obj
 0001:0004eff0       _c1_eml_error              1004fff0 f   c1_ARP_02_RPSsmile_Glove2.obj
 0001:0004f0b0       _sf_opaque_get_sim_state_c1_ARP_02_RPSsmile_Glove2 100500b0 f   c1_ARP_02_RPSsmile_Glove2.obj
 0001:0004f0d0       _sf_opaque_set_sim_state_c1_ARP_02_RPSsmile_Glove2 100500d0 f   c1_ARP_02_RPSsmile_Glove2.obj
 0001:0004f0f0       _sf_opaque_terminate_c1_ARP_02_RPSsmile_Glove2 100500f0 f   c1_ARP_02_RPSsmile_Glove2.obj
 0001:0004f180       _finalize_c1_ARP_02_RPSsmile_Glove2 10050180 f   c1_ARP_02_RPSsmile_Glove2.obj
 0001:0004f1a0       _sf_opaque_init_subchart_simstructs 100501a0 f   c1_ARP_02_RPSsmile_Glove2.obj
 0001:0004f1c0       _initSimStructsc1_ARP_02_RPSsmile_Glove2 100501c0 f   c1_ARP_02_RPSsmile_Glove2.obj
 0001:0004f1d0       _mdlRTW_c1_ARP_02_RPSsmile_Glove2 100501d0 f   c1_ARP_02_RPSsmile_Glove2.obj
 0001:0004f260       _c2_info_helper            10050260 f   c2_ARP_02_RPSsmile_Glove2.obj
 0001:0004f450       _c2_emlrt_marshallOut      10050450 f   c2_ARP_02_RPSsmile_Glove2.obj
 0001:0004f4b0       _c2_b_emlrt_marshallOut    100504b0 f   c2_ARP_02_RPSsmile_Glove2.obj
 0001:0004fe90       _get_sim_state_c2_ARP_02_RPSsmile_Glove2 10050e90 f   c2_ARP_02_RPSsmile_Glove2.obj
 0001:0004ff50       _sf_get_sim_state_info_c2_ARP_02_RPSsmile_Glove2 10050f50 f   c2_ARP_02_RPSsmile_Glove2.obj
 0001:000500d0       _set_sim_state_c2_ARP_02_RPSsmile_Glove2 100510d0 f   c2_ARP_02_RPSsmile_Glove2.obj
 0001:00050150       _c2_update_debugger_state_c2_ARP_02_RPSsmile_Glove2 10051150 f   c2_ARP_02_RPSsmile_Glove2.obj
 0001:00050160       _c2_c_emlrt_marshallIn     10051160 f   c2_ARP_02_RPSsmile_Glove2.obj
 0001:000501b0       _c2_d_emlrt_marshallIn     100511b0 f   c2_ARP_02_RPSsmile_Glove2.obj
 0001:00050260       _mdlProcessParameters_c2_ARP_02_RPSsmile_Glove2 10051260 f   c2_ARP_02_RPSsmile_Glove2.obj
 0001:00050310       _initialize_params_c2_ARP_02_RPSsmile_Glove2 10051310 f   c2_ARP_02_RPSsmile_Glove2.obj
 0001:00050320       _mdlSetWorkWidths_c2_ARP_02_RPSsmile_Glove2 10051320 f   c2_ARP_02_RPSsmile_Glove2.obj
 0001:00050760       _sf_get_instance_specialization 10051760 f   c2_ARP_02_RPSsmile_Glove2.obj
 0001:00050770       _mdlStart_c2_ARP_02_RPSsmile_Glove2 10051770 f   c2_ARP_02_RPSsmile_Glove2.obj
 0001:00050910       _init_dsm_address_info     10051910 f   c2_ARP_02_RPSsmile_Glove2.obj
 0001:00050920       _chart_debug_initialization 10051920 f   c2_ARP_02_RPSsmile_Glove2.obj
 0001:00051150       _init_script_number_translation 10052150 f   c2_ARP_02_RPSsmile_Glove2.obj
 0001:00051160       _c2_sf_marshallOut         10052160 f   c2_ARP_02_RPSsmile_Glove2.obj
 0001:000511e0       _sf_opaque_initialize_c2_ARP_02_RPSsmile_Glove2 100521e0 f   c2_ARP_02_RPSsmile_Glove2.obj
 0001:00051210       _initialize_c2_ARP_02_RPSsmile_Glove2 10052210 f   c2_ARP_02_RPSsmile_Glove2.obj
 0001:00051240       _sf_opaque_enable_c2_ARP_02_RPSsmile_Glove2 10052240 f   c2_ARP_02_RPSsmile_Glove2.obj
 0001:00051260       _enable_c2_ARP_02_RPSsmile_Glove2 10052260 f   c2_ARP_02_RPSsmile_Glove2.obj
 0001:00051280       _sf_opaque_disable_c2_ARP_02_RPSsmile_Glove2 10052280 f   c2_ARP_02_RPSsmile_Glove2.obj
 0001:000512a0       _disable_c2_ARP_02_RPSsmile_Glove2 100522a0 f   c2_ARP_02_RPSsmile_Glove2.obj
 0001:000512c0       _sf_opaque_gateway_c2_ARP_02_RPSsmile_Glove2 100522c0 f   c2_ARP_02_RPSsmile_Glove2.obj
 0001:000512e0       _sf_gateway_c2_ARP_02_RPSsmile_Glove2 100522e0 f   c2_ARP_02_RPSsmile_Glove2.obj
 0001:00052390       _c2_sf_marshallIn          10053390 f   c2_ARP_02_RPSsmile_Glove2.obj
 0001:00052410       _c2_emlrt_marshallIn       10053410 f   c2_ARP_02_RPSsmile_Glove2.obj
 0001:00052460       _sf_opaque_get_sim_state_c2_ARP_02_RPSsmile_Glove2 10053460 f   c2_ARP_02_RPSsmile_Glove2.obj
 0001:00052480       _sf_opaque_set_sim_state_c2_ARP_02_RPSsmile_Glove2 10053480 f   c2_ARP_02_RPSsmile_Glove2.obj
 0001:000524a0       _sf_opaque_terminate_c2_ARP_02_RPSsmile_Glove2 100534a0 f   c2_ARP_02_RPSsmile_Glove2.obj
 0001:00052530       _finalize_c2_ARP_02_RPSsmile_Glove2 10053530 f   c2_ARP_02_RPSsmile_Glove2.obj
 0001:00052540       _sf_opaque_init_subchart_simstructs 10053540 f   c2_ARP_02_RPSsmile_Glove2.obj
 0001:00052560       _initSimStructsc2_ARP_02_RPSsmile_Glove2 10053560 f   c2_ARP_02_RPSsmile_Glove2.obj
 0001:00052570       _mdlRTW_c2_ARP_02_RPSsmile_Glove2 10053570 f   c2_ARP_02_RPSsmile_Glove2.obj
 0001:00052a80       _get_sim_state_c3_ARP_02_RPSsmile_Glove2 10053a80 f   c3_ARP_02_RPSsmile_Glove2.obj
 0001:00052ba0       _sf_get_sim_state_info_c3_ARP_02_RPSsmile_Glove2 10053ba0 f   c3_ARP_02_RPSsmile_Glove2.obj
 0001:00052d20       _set_sim_state_c3_ARP_02_RPSsmile_Glove2 10053d20 f   c3_ARP_02_RPSsmile_Glove2.obj
 0001:00052de0       _c3_update_debugger_state_c3_ARP_02_RPSsmile_Glove2 10053de0 f   c3_ARP_02_RPSsmile_Glove2.obj
 0001:00052df0       _c3_emlrt_marshallIn       10053df0 f   c3_ARP_02_RPSsmile_Glove2.obj
 0001:00052e40       _c3_b_emlrt_marshallIn     10053e40 f   c3_ARP_02_RPSsmile_Glove2.obj
 0001:00052e90       _c3_d_emlrt_marshallIn     10053e90 f   c3_ARP_02_RPSsmile_Glove2.obj
 0001:00052ee0       _c3_e_emlrt_marshallIn     10053ee0 f   c3_ARP_02_RPSsmile_Glove2.obj
 0001:00052f90       _mdlProcessParameters_c3_ARP_02_RPSsmile_Glove2 10053f90 f   c3_ARP_02_RPSsmile_Glove2.obj
 0001:00053040       _initialize_params_c3_ARP_02_RPSsmile_Glove2 10054040 f   c3_ARP_02_RPSsmile_Glove2.obj
 0001:00053050       _mdlSetWorkWidths_c3_ARP_02_RPSsmile_Glove2 10054050 f   c3_ARP_02_RPSsmile_Glove2.obj
 0001:000533d0       _sf_get_instance_specialization 100543d0 f   c3_ARP_02_RPSsmile_Glove2.obj
 0001:000533e0       _mdlStart_c3_ARP_02_RPSsmile_Glove2 100543e0 f   c3_ARP_02_RPSsmile_Glove2.obj
 0001:00053580       _init_dsm_address_info     10054580 f   c3_ARP_02_RPSsmile_Glove2.obj
 0001:00053590       _chart_debug_initialization 10054590 f   c3_ARP_02_RPSsmile_Glove2.obj
 0001:00053aa0       _init_script_number_translation 10054aa0 f   c3_ARP_02_RPSsmile_Glove2.obj
 0001:00053ab0       _c3_sf_marshallOut         10054ab0 f   c3_ARP_02_RPSsmile_Glove2.obj
 0001:00053b30       _c3_sf_marshallIn          10054b30 f   c3_ARP_02_RPSsmile_Glove2.obj
 0001:00053bb0       _sf_opaque_initialize_c3_ARP_02_RPSsmile_Glove2 10054bb0 f   c3_ARP_02_RPSsmile_Glove2.obj
 0001:00053be0       _initialize_c3_ARP_02_RPSsmile_Glove2 10054be0 f   c3_ARP_02_RPSsmile_Glove2.obj
 0001:00053c10       _sf_opaque_enable_c3_ARP_02_RPSsmile_Glove2 10054c10 f   c3_ARP_02_RPSsmile_Glove2.obj
 0001:00053c30       _enable_c3_ARP_02_RPSsmile_Glove2 10054c30 f   c3_ARP_02_RPSsmile_Glove2.obj
 0001:00053c50       _sf_opaque_disable_c3_ARP_02_RPSsmile_Glove2 10054c50 f   c3_ARP_02_RPSsmile_Glove2.obj
 0001:00053c70       _disable_c3_ARP_02_RPSsmile_Glove2 10054c70 f   c3_ARP_02_RPSsmile_Glove2.obj
 0001:00053c90       _sf_opaque_gateway_c3_ARP_02_RPSsmile_Glove2 10054c90 f   c3_ARP_02_RPSsmile_Glove2.obj
 0001:00053cb0       _sf_gateway_c3_ARP_02_RPSsmile_Glove2 10054cb0 f   c3_ARP_02_RPSsmile_Glove2.obj
 0001:00054370       _sf_opaque_get_sim_state_c3_ARP_02_RPSsmile_Glove2 10055370 f   c3_ARP_02_RPSsmile_Glove2.obj
 0001:00054390       _sf_opaque_set_sim_state_c3_ARP_02_RPSsmile_Glove2 10055390 f   c3_ARP_02_RPSsmile_Glove2.obj
 0001:000543b0       _sf_opaque_terminate_c3_ARP_02_RPSsmile_Glove2 100553b0 f   c3_ARP_02_RPSsmile_Glove2.obj
 0001:00054440       _finalize_c3_ARP_02_RPSsmile_Glove2 10055440 f   c3_ARP_02_RPSsmile_Glove2.obj
 0001:00054450       _sf_opaque_init_subchart_simstructs 10055450 f   c3_ARP_02_RPSsmile_Glove2.obj
 0001:00054470       _initSimStructsc3_ARP_02_RPSsmile_Glove2 10055470 f   c3_ARP_02_RPSsmile_Glove2.obj
 0001:00054480       _mdlRTW_c3_ARP_02_RPSsmile_Glove2 10055480 f   c3_ARP_02_RPSsmile_Glove2.obj
 0001:00054bc0       _getChartInfoFromSimStruct 10055bc0 f   ARP_02_RPSsmile_Glove2_sfun_registry.obj
 0001:00055cc0       __ssFatalError             10056cc0 f   ARP_02_RPSsmile_Glove2_sfun_registry.obj
 0001:00058020       _ProcessMexSfunctionCmdLineCall 10059020 f   ARP_02_RPSsmile_Glove2_sfun_registry.obj
 0001:00058140       _sf_debug_api_wrapper      10059140 f   ARP_02_RPSsmile_Glove2_sfun_registry.obj
 0001:00058170       _mdlStart                  10059170 f   ARP_02_RPSsmile_Glove2_sfun_registry.obj
 0001:00058190       _mdl_start_processing      10059190 f   ARP_02_RPSsmile_Glove2_sfun_registry.obj
 0001:00058200       _mdlTerminate              10059200 f   ARP_02_RPSsmile_Glove2_sfun_registry.obj
 0001:00058220       _mdl_terminate_processing  10059220 f   ARP_02_RPSsmile_Glove2_sfun_registry.obj
 0001:00058290       _mdlInitializeSampleTimes  10059290 f   ARP_02_RPSsmile_Glove2_sfun_registry.obj
 0001:000582b0       _mdlZeroCrossings          100592b0 f   ARP_02_RPSsmile_Glove2_sfun_registry.obj
 0001:000582d0       _mdl_zeroCrossings_processing 100592d0 f   ARP_02_RPSsmile_Glove2_sfun_registry.obj
 0001:00058300       _mdlDerivatives            10059300 f   ARP_02_RPSsmile_Glove2_sfun_registry.obj
 0001:00058320       _mdl_derivatives_processing 10059320 f   ARP_02_RPSsmile_Glove2_sfun_registry.obj
 0001:00058360       _mdlInitializeConditions   10059360 f   ARP_02_RPSsmile_Glove2_sfun_registry.obj
 0001:00058380       _mdl_initialize_conditions_processing 10059380 f   ARP_02_RPSsmile_Glove2_sfun_registry.obj
 0001:000583c0       _mdlEnable                 100593c0 f   ARP_02_RPSsmile_Glove2_sfun_registry.obj
 0001:000583e0       _mdl_enable_processing     100593e0 f   ARP_02_RPSsmile_Glove2_sfun_registry.obj
 0001:00058410       _mdlDisable                10059410 f   ARP_02_RPSsmile_Glove2_sfun_registry.obj
 0001:00058430       _mdl_disable_processing    10059430 f   ARP_02_RPSsmile_Glove2_sfun_registry.obj
 0001:00058460       _mdlOutputs                10059460 f   ARP_02_RPSsmile_Glove2_sfun_registry.obj
 0001:00058480       _mdl_outputs_processing    10059480 f   ARP_02_RPSsmile_Glove2_sfun_registry.obj
 0001:00058550       _mdl_outputs_continuous_legacy 10059550 f   ARP_02_RPSsmile_Glove2_sfun_registry.obj
 0001:00058620       _mdlGetTimeOfNextVarHit    10059620 f   ARP_02_RPSsmile_Glove2_sfun_registry.obj
 0001:00058660       __ProcessMexSfunctionCmdLineCall 10059660 f   ARP_02_RPSsmile_Glove2_sfun_registry.obj
 0001:00058c80       _mdlSetWorkWidths          10059c80 f   ARP_02_RPSsmile_Glove2_sfun_registry.obj
 0001:00058ca0       _mdlProcessParameters      10059ca0 f   ARP_02_RPSsmile_Glove2_sfun_registry.obj
 0001:00058cc0       _mdlInitializeSizes        10059cc0 f   ARP_02_RPSsmile_Glove2_sfun_registry.obj
 0001:00058ce0       _mdlExtModeExec            10059ce0 f   ARP_02_RPSsmile_Glove2_sfun_registry.obj
 0001:00058d00       _mdl_ext_mode_exec_processing 10059d00 f   ARP_02_RPSsmile_Glove2_sfun_registry.obj
 0001:00058d40       _mdlRTW                    10059d40 f   ARP_02_RPSsmile_Glove2_sfun_registry.obj
 0001:00058d70       __CreateSimStruct          10059d70 f   ARP_02_RPSsmile_Glove2_sfun_registry.obj
 0001:00058ea0       __RegNumInputPortsCB       10059ea0 f   ARP_02_RPSsmile_Glove2_sfun_registry.obj
 0001:00058f00       __RegNumOutputPortsCB      10059f00 f   ARP_02_RPSsmile_Glove2_sfun_registry.obj
 0001:00059481       _pre_c_init                1005a481 f   MSVCRT:crtdll.obj
 0001:000596d9       ___DllMainCRTStartup       1005a6d9 f   MSVCRT:crtdll.obj
